
running 0 tests

test result: ok. 0 passed; 0 failed; 0 ignored; 0 measured; 15 filtered out; finished in 0.00s


running 0 tests

test result: ok. 0 passed; 0 failed; 0 ignored; 0 measured; 4 filtered out; finished in 0.00s


running 0 tests

test result: ok. 0 passed; 0 failed; 0 ignored; 0 measured; 3 filtered out; finished in 0.00s


running 0 tests

test result: ok. 0 passed; 0 failed; 0 ignored; 0 measured; 0 filtered out; finished in 0.00s


running 0 tests

test result: ok. 0 passed; 0 failed; 0 ignored; 0 measured; 12 filtered out; finished in 0.00s


running 0 tests

test result: ok. 0 passed; 0 failed; 0 ignored; 0 measured; 1 filtered out; finished in 0.00s


running 0 tests

test result: ok. 0 passed; 0 failed; 0 ignored; 0 measured; 1 filtered out; finished in 0.00s


running 0 tests

test result: ok. 0 passed; 0 failed; 0 ignored; 0 measured; 0 filtered out; finished in 0.00s


running 0 tests

test result: ok. 0 passed; 0 failed; 0 ignored; 0 measured; 1 filtered out; finished in 0.00s


running 0 tests

test result: ok. 0 passed; 0 failed; 0 ignored; 0 measured; 0 filtered out; finished in 0.00s


running 0 tests

test result: ok. 0 passed; 0 failed; 0 ignored; 0 measured; 6 filtered out; finished in 0.00s


running 0 tests

test result: ok. 0 passed; 0 failed; 0 ignored; 0 measured; 1 filtered out; finished in 0.00s


running 0 tests

test result: ok. 0 passed; 0 failed; 0 ignored; 0 measured; 6 filtered out; finished in 0.00s


running 0 tests

test result: ok. 0 passed; 0 failed; 0 ignored; 0 measured; 1 filtered out; finished in 0.00s


running 0 tests

test result: ok. 0 passed; 0 failed; 0 ignored; 0 measured; 0 filtered out; finished in 0.00s


running 0 tests

test result: ok. 0 passed; 0 failed; 0 ignored; 0 measured; 1 filtered out; finished in 0.00s


running 1 test
New ADTS configuration found
Mpeg4 CrcAbsent AacLC Freq16000 private_bit=0 Mono Original home=0
ADTS Frame buffer_fullness=255 blocks=1 buf=458
filling data 458
DecoderError { code: 8199, message: "The channel configuration (either number or arrangement) is not supported." }
ADTS Frame buffer_fullness=255 blocks=1 buf=396
filling data 396
DecoderError { code: 8199, message: "The channel configuration (either number or arrangement) is not supported." }
ADTS Frame buffer_fullness=255 blocks=1 buf=396
filling data 396
DecoderError { code: 8199, message: "The channel configuration (either number or arrangement) is not supported." }
ADTS Frame buffer_fullness=255 blocks=1 buf=451
filling data 451
DecoderError { code: 8199, message: "The channel configuration (either number or arrangement) is not supported." }
ADTS Frame buffer_fullness=255 blocks=1 buf=451
filling data 451
DecoderError { code: 8199, message: "The channel configuration (either number or arrangement) is not supported." }
ADTS Frame buffer_fullness=255 blocks=1 buf=473
filling data 473
DecoderError { code: 8199, message: "The channel configuration (either number or arrangement) is not supported." }
ADTS Frame buffer_fullness=255 blocks=1 buf=490
filling data 490
DecoderError { code: 8199, message: "The channel configuration (either number or arrangement) is not supported." }
ADTS Frame buffer_fullness=255 blocks=1 buf=489
filling data 489
DecoderError { code: 8199, message: "The channel configuration (either number or arrangement) is not supported." }
ADTS Frame buffer_fullness=255 blocks=1 buf=474
filling data 474
DecoderError { code: 8199, message: "The channel configuration (either number or arrangement) is not supported." }
ADTS Frame buffer_fullness=255 blocks=1 buf=512
filling data 512
DecoderError { code: 8199, message: "The channel configuration (either number or arrangement) is not supported." }
ADTS Frame buffer_fullness=255 blocks=1 buf=537
filling data 537
DecoderError { code: 8199, message: "The channel configuration (either number or arrangement) is not supported." }
ADTS Frame buffer_fullness=255 blocks=1 buf=478
filling data 478
DecoderError { code: 8199, message: "The channel configuration (either number or arrangement) is not supported." }
ADTS Frame buffer_fullness=255 blocks=1 buf=502
filling data 502
DecoderError { code: 8199, message: "The channel configuration (either number or arrangement) is not supported." }
ADTS Frame buffer_fullness=255 blocks=1 buf=485
filling data 485
DecoderError { code: 8199, message: "The channel configuration (either number or arrangement) is not supported." }
ADTS Frame buffer_fullness=255 blocks=1 buf=492
filling data 492
DecoderError { code: 8199, message: "The channel configuration (either number or arrangement) is not supported." }
ADTS Frame buffer_fullness=255 blocks=1 buf=460
filling data 460
DecoderError { code: 8199, message: "The channel configuration (either number or arrangement) is not supported." }
ADTS Frame buffer_fullness=255 blocks=1 buf=441
filling data 441
DecoderError { code: 8199, message: "The channel configuration (either number or arrangement) is not supported." }
ADTS Frame buffer_fullness=255 blocks=1 buf=438
filling data 438
DecoderError { code: 8199, message: "The channel configuration (either number or arrangement) is not supported." }
ADTS Frame buffer_fullness=255 blocks=1 buf=429
filling data 429
DecoderError { code: 8199, message: "The channel configuration (either number or arrangement) is not supported." }
ADTS Frame buffer_fullness=255 blocks=1 buf=430
filling data 430
DecoderError { code: 8199, message: "The channel configuration (either number or arrangement) is not supported." }
ADTS Frame buffer_fullness=255 blocks=1 buf=441
filling data 441
DecoderError { code: 8199, message: "The channel configuration (either number or arrangement) is not supported." }
ADTS Frame buffer_fullness=255 blocks=1 buf=424
filling data 424
DecoderError { code: 8199, message: "The channel configuration (either number or arrangement) is not supported." }
ADTS Frame buffer_fullness=255 blocks=1 buf=419
filling data 419
DecoderError { code: 8199, message: "The channel configuration (either number or arrangement) is not supported." }
ADTS Frame buffer_fullness=255 blocks=1 buf=472
filling data 472
DecoderError { code: 8199, message: "The channel configuration (either number or arrangement) is not supported." }
ADTS Frame buffer_fullness=255 blocks=1 buf=508
filling data 508
DecoderError { code: 8199, message: "The channel configuration (either number or arrangement) is not supported." }
ADTS Frame buffer_fullness=255 blocks=1 buf=540
filling data 540
DecoderError { code: 8199, message: "The channel configuration (either number or arrangement) is not supported." }
ADTS Frame buffer_fullness=255 blocks=1 buf=554
filling data 554
DecoderError { code: 8199, message: "The channel configuration (either number or arrangement) is not supported." }
ADTS Frame buffer_fullness=255 blocks=1 buf=647
filling data 647
DecoderError { code: 8199, message: "The channel configuration (either number or arrangement) is not supported." }
ADTS Frame buffer_fullness=255 blocks=1 buf=606
filling data 606
DecoderError { code: 8199, message: "The channel configuration (either number or arrangement) is not supported." }
ADTS Frame buffer_fullness=255 blocks=1 buf=617
filling data 617
DecoderError { code: 8199, message: "The channel configuration (either number or arrangement) is not supported." }
ADTS Frame buffer_fullness=255 blocks=1 buf=540
filling data 540
DecoderError { code: 8199, message: "The channel configuration (either number or arrangement) is not supported." }
ADTS Frame buffer_fullness=255 blocks=1 buf=532
filling data 532
DecoderError { code: 8199, message: "The channel configuration (either number or arrangement) is not supported." }
ADTS Frame buffer_fullness=255 blocks=1 buf=506
filling data 506
DecoderError { code: 8199, message: "The channel configuration (either number or arrangement) is not supported." }
ADTS Frame buffer_fullness=255 blocks=1 buf=466
filling data 466
DecoderError { code: 8199, message: "The channel configuration (either number or arrangement) is not supported." }
ADTS Frame buffer_fullness=255 blocks=1 buf=456
filling data 456
DecoderError { code: 8199, message: "The channel configuration (either number or arrangement) is not supported." }
ADTS Frame buffer_fullness=255 blocks=1 buf=473
filling data 473
DecoderError { code: 8199, message: "The channel configuration (either number or arrangement) is not supported." }
ADTS Frame buffer_fullness=255 blocks=1 buf=460
filling data 460
DecoderError { code: 8199, message: "The channel configuration (either number or arrangement) is not supported." }
ADTS Frame buffer_fullness=255 blocks=1 buf=473
filling data 473
DecoderError { code: 8199, message: "The channel configuration (either number or arrangement) is not supported." }
ADTS Frame buffer_fullness=255 blocks=1 buf=471
filling data 471
DecoderError { code: 8199, message: "The channel configuration (either number or arrangement) is not supported." }
ADTS Frame buffer_fullness=255 blocks=1 buf=457
filling data 457
DecoderError { code: 8199, message: "The channel configuration (either number or arrangement) is not supported." }
ADTS Frame buffer_fullness=255 blocks=1 buf=520
filling data 520
DecoderError { code: 8199, message: "The channel configuration (either number or arrangement) is not supported." }
ADTS Frame buffer_fullness=255 blocks=1 buf=521
filling data 521
DecoderError { code: 8199, message: "The channel configuration (either number or arrangement) is not supported." }
ADTS Frame buffer_fullness=255 blocks=1 buf=527
filling data 527
DecoderError { code: 8199, message: "The channel configuration (either number or arrangement) is not supported." }
ADTS Frame buffer_fullness=255 blocks=1 buf=509
filling data 509
DecoderError { code: 8199, message: "The channel configuration (either number or arrangement) is not supported." }
ADTS Frame buffer_fullness=255 blocks=1 buf=504
filling data 504
DecoderError { code: 8199, message: "The channel configuration (either number or arrangement) is not supported." }
ADTS Frame buffer_fullness=255 blocks=1 buf=506
filling data 506
DecoderError { code: 8199, message: "The channel configuration (either number or arrangement) is not supported." }
ADTS Frame buffer_fullness=255 blocks=1 buf=514
filling data 514
DecoderError { code: 8199, message: "The channel configuration (either number or arrangement) is not supported." }
ADTS Frame buffer_fullness=255 blocks=1 buf=517
filling data 517
DecoderError { code: 8199, message: "The channel configuration (either number or arrangement) is not supported." }
ADTS Frame buffer_fullness=255 blocks=1 buf=576
filling data 576
DecoderError { code: 8199, message: "The channel configuration (either number or arrangement) is not supported." }
ADTS Frame buffer_fullness=255 blocks=1 buf=519
filling data 519
DecoderError { code: 8199, message: "The channel configuration (either number or arrangement) is not supported." }
ADTS Frame buffer_fullness=255 blocks=1 buf=454
filling data 454
DecoderError { code: 8199, message: "The channel configuration (either number or arrangement) is not supported." }
ADTS Frame buffer_fullness=255 blocks=1 buf=442
filling data 442
DecoderError { code: 8199, message: "The channel configuration (either number or arrangement) is not supported." }
ADTS Frame buffer_fullness=255 blocks=1 buf=436
filling data 436
DecoderError { code: 8199, message: "The channel configuration (either number or arrangement) is not supported." }
ADTS Frame buffer_fullness=255 blocks=1 buf=428
filling data 428
DecoderError { code: 8199, message: "The channel configuration (either number or arrangement) is not supported." }
ADTS Frame buffer_fullness=255 blocks=1 buf=442
filling data 442
DecoderError { code: 8199, message: "The channel configuration (either number or arrangement) is not supported." }
ADTS Frame buffer_fullness=255 blocks=1 buf=475
filling data 475
DecoderError { code: 8199, message: "The channel configuration (either number or arrangement) is not supported." }
ADTS Frame buffer_fullness=255 blocks=1 buf=525
filling data 525
DecoderError { code: 8199, message: "The channel configuration (either number or arrangement) is not supported." }
ADTS Frame buffer_fullness=255 blocks=1 buf=590
filling data 590
DecoderError { code: 8199, message: "The channel configuration (either number or arrangement) is not supported." }
ADTS Frame buffer_fullness=255 blocks=1 buf=609
filling data 609
DecoderError { code: 8199, message: "The channel configuration (either number or arrangement) is not supported." }
ADTS Frame buffer_fullness=255 blocks=1 buf=649
filling data 649
DecoderError { code: 8199, message: "The channel configuration (either number or arrangement) is not supported." }
ADTS Frame buffer_fullness=255 blocks=1 buf=673
filling data 673
DecoderError { code: 8199, message: "The channel configuration (either number or arrangement) is not supported." }
ADTS Frame buffer_fullness=255 blocks=1 buf=652
filling data 652
DecoderError { code: 8199, message: "The channel configuration (either number or arrangement) is not supported." }
ADTS Frame buffer_fullness=255 blocks=1 buf=545
filling data 545
DecoderError { code: 8199, message: "The channel configuration (either number or arrangement) is not supported." }
ADTS Frame buffer_fullness=255 blocks=1 buf=538
filling data 538
DecoderError { code: 8199, message: "The channel configuration (either number or arrangement) is not supported." }
ADTS Frame buffer_fullness=255 blocks=1 buf=550
filling data 550
DecoderError { code: 8199, message: "The channel configuration (either number or arrangement) is not supported." }
ADTS Frame buffer_fullness=255 blocks=1 buf=507
filling data 507
DecoderError { code: 8199, message: "The channel configuration (either number or arrangement) is not supported." }
ADTS Frame buffer_fullness=255 blocks=1 buf=488
filling data 488
DecoderError { code: 8199, message: "The channel configuration (either number or arrangement) is not supported." }
ADTS Frame buffer_fullness=255 blocks=1 buf=440
filling data 440
DecoderError { code: 8199, message: "The channel configuration (either number or arrangement) is not supported." }
ADTS Frame buffer_fullness=255 blocks=1 buf=511
filling data 511
DecoderError { code: 8199, message: "The channel configuration (either number or arrangement) is not supported." }
ADTS Frame buffer_fullness=255 blocks=1 buf=598
filling data 598
DecoderError { code: 8199, message: "The channel configuration (either number or arrangement) is not supported." }
ADTS Frame buffer_fullness=255 blocks=1 buf=613
filling data 613
DecoderError { code: 8199, message: "The channel configuration (either number or arrangement) is not supported." }
ADTS Frame buffer_fullness=255 blocks=1 buf=561
filling data 561
DecoderError { code: 8199, message: "The channel configuration (either number or arrangement) is not supported." }
ADTS Frame buffer_fullness=255 blocks=1 buf=529
filling data 529
DecoderError { code: 8199, message: "The channel configuration (either number or arrangement) is not supported." }
ADTS Frame buffer_fullness=255 blocks=1 buf=607
filling data 607
DecoderError { code: 8199, message: "The channel configuration (either number or arrangement) is not supported." }
ADTS Frame buffer_fullness=255 blocks=1 buf=605
filling data 605
DecoderError { code: 8199, message: "The channel configuration (either number or arrangement) is not supported." }
ADTS Frame buffer_fullness=255 blocks=1 buf=596
filling data 596
DecoderError { code: 8199, message: "The channel configuration (either number or arrangement) is not supported." }
ADTS Frame buffer_fullness=255 blocks=1 buf=660
filling data 660
DecoderError { code: 8199, message: "The channel configuration (either number or arrangement) is not supported." }
ADTS Frame buffer_fullness=255 blocks=1 buf=633
filling data 633
DecoderError { code: 8199, message: "The channel configuration (either number or arrangement) is not supported." }
ADTS Frame buffer_fullness=255 blocks=1 buf=629
filling data 629
DecoderError { code: 8199, message: "The channel configuration (either number or arrangement) is not supported." }
ADTS Frame buffer_fullness=255 blocks=1 buf=616
filling data 616
DecoderError { code: 8199, message: "The channel configuration (either number or arrangement) is not supported." }
ADTS Frame buffer_fullness=255 blocks=1 buf=627
filling data 627
DecoderError { code: 8199, message: "The channel configuration (either number or arrangement) is not supported." }
ADTS Frame buffer_fullness=255 blocks=1 buf=636
filling data 636
DecoderError { code: 8199, message: "The channel configuration (either number or arrangement) is not supported." }
ADTS Frame buffer_fullness=255 blocks=1 buf=621
filling data 621
DecoderError { code: 8199, message: "The channel configuration (either number or arrangement) is not supported." }
ADTS Frame buffer_fullness=255 blocks=1 buf=614
filling data 614
DecoderError { code: 8199, message: "The channel configuration (either number or arrangement) is not supported." }
ADTS Frame buffer_fullness=255 blocks=1 buf=608
filling data 608
DecoderError { code: 8199, message: "The channel configuration (either number or arrangement) is not supported." }
ADTS Frame buffer_fullness=255 blocks=1 buf=646
filling data 646
DecoderError { code: 8199, message: "The channel configuration (either number or arrangement) is not supported." }
ADTS Frame buffer_fullness=255 blocks=1 buf=682
filling data 682
DecoderError { code: 8199, message: "The channel configuration (either number or arrangement) is not supported." }
ADTS Frame buffer_fullness=255 blocks=1 buf=587
filling data 587
DecoderError { code: 8199, message: "The channel configuration (either number or arrangement) is not supported." }
ADTS Frame buffer_fullness=255 blocks=1 buf=561
filling data 561
DecoderError { code: 8199, message: "The channel configuration (either number or arrangement) is not supported." }
ADTS Frame buffer_fullness=255 blocks=1 buf=569
filling data 569
DecoderError { code: 8199, message: "The channel configuration (either number or arrangement) is not supported." }
ADTS Frame buffer_fullness=255 blocks=1 buf=672
filling data 672
DecoderError { code: 8199, message: "The channel configuration (either number or arrangement) is not supported." }
ADTS Frame buffer_fullness=255 blocks=1 buf=639
filling data 639
DecoderError { code: 8199, message: "The channel configuration (either number or arrangement) is not supported." }
ADTS Frame buffer_fullness=255 blocks=1 buf=654
filling data 654
DecoderError { code: 8199, message: "The channel configuration (either number or arrangement) is not supported." }
ADTS Frame buffer_fullness=255 blocks=1 buf=724
filling data 724
DecoderError { code: 8199, message: "The channel configuration (either number or arrangement) is not supported." }
ADTS Frame buffer_fullness=255 blocks=1 buf=641
filling data 641
DecoderError { code: 8199, message: "The channel configuration (either number or arrangement) is not supported." }
ADTS Frame buffer_fullness=255 blocks=1 buf=599
filling data 599
DecoderError { code: 8199, message: "The channel configuration (either number or arrangement) is not supported." }
ADTS Frame buffer_fullness=255 blocks=1 buf=533
filling data 533
DecoderError { code: 8199, message: "The channel configuration (either number or arrangement) is not supported." }
ADTS Frame buffer_fullness=255 blocks=1 buf=538
filling data 538
DecoderError { code: 8199, message: "The channel configuration (either number or arrangement) is not supported." }
ADTS Frame buffer_fullness=255 blocks=1 buf=558
filling data 558
DecoderError { code: 8199, message: "The channel configuration (either number or arrangement) is not supported." }
ADTS Frame buffer_fullness=255 blocks=1 buf=560
filling data 560
DecoderError { code: 8199, message: "The channel configuration (either number or arrangement) is not supported." }
ADTS Frame buffer_fullness=255 blocks=1 buf=565
filling data 565
DecoderError { code: 8199, message: "The channel configuration (either number or arrangement) is not supported." }
ADTS Frame buffer_fullness=255 blocks=1 buf=599
filling data 599
DecoderError { code: 8199, message: "The channel configuration (either number or arrangement) is not supported." }
ADTS Frame buffer_fullness=255 blocks=1 buf=811
filling data 811
DecoderError { code: 8199, message: "The channel configuration (either number or arrangement) is not supported." }
ADTS Frame buffer_fullness=255 blocks=1 buf=669
filling data 669
DecoderError { code: 8199, message: "The channel configuration (either number or arrangement) is not supported." }
ADTS Frame buffer_fullness=255 blocks=1 buf=626
filling data 626
DecoderError { code: 8199, message: "The channel configuration (either number or arrangement) is not supported." }
ADTS Frame buffer_fullness=255 blocks=1 buf=581
filling data 581
DecoderError { code: 8199, message: "The channel configuration (either number or arrangement) is not supported." }
ADTS Frame buffer_fullness=255 blocks=1 buf=593
filling data 593
DecoderError { code: 8199, message: "The channel configuration (either number or arrangement) is not supported." }
ADTS Frame buffer_fullness=255 blocks=1 buf=575
filling data 575
DecoderError { code: 8199, message: "The channel configuration (either number or arrangement) is not supported." }
ADTS Frame buffer_fullness=255 blocks=1 buf=541
filling data 541
DecoderError { code: 8199, message: "The channel configuration (either number or arrangement) is not supported." }
ADTS Frame buffer_fullness=255 blocks=1 buf=542
filling data 542
DecoderError { code: 8199, message: "The channel configuration (either number or arrangement) is not supported." }
ADTS Frame buffer_fullness=255 blocks=1 buf=561
filling data 561
DecoderError { code: 8199, message: "The channel configuration (either number or arrangement) is not supported." }
ADTS Frame buffer_fullness=255 blocks=1 buf=504
filling data 504
DecoderError { code: 8199, message: "The channel configuration (either number or arrangement) is not supported." }
ADTS Frame buffer_fullness=255 blocks=1 buf=500
filling data 500
DecoderError { code: 8199, message: "The channel configuration (either number or arrangement) is not supported." }
ADTS Frame buffer_fullness=255 blocks=1 buf=492
filling data 492
DecoderError { code: 8199, message: "The channel configuration (either number or arrangement) is not supported." }
ADTS Frame buffer_fullness=255 blocks=1 buf=480
filling data 480
DecoderError { code: 8199, message: "The channel configuration (either number or arrangement) is not supported." }
ADTS Frame buffer_fullness=255 blocks=1 buf=488
filling data 488
DecoderError { code: 8199, message: "The channel configuration (either number or arrangement) is not supported." }
ADTS Frame buffer_fullness=255 blocks=1 buf=479
filling data 479
DecoderError { code: 8199, message: "The channel configuration (either number or arrangement) is not supported." }
ADTS Frame buffer_fullness=255 blocks=1 buf=649
filling data 649
DecoderError { code: 8199, message: "The channel configuration (either number or arrangement) is not supported." }
ADTS Frame buffer_fullness=255 blocks=1 buf=681
filling data 681
DecoderError { code: 8199, message: "The channel configuration (either number or arrangement) is not supported." }
ADTS Frame buffer_fullness=255 blocks=1 buf=708
filling data 708
DecoderError { code: 8199, message: "The channel configuration (either number or arrangement) is not supported." }
ADTS Frame buffer_fullness=255 blocks=1 buf=701
filling data 701
DecoderError { code: 8199, message: "The channel configuration (either number or arrangement) is not supported." }
ADTS Frame buffer_fullness=255 blocks=1 buf=730
filling data 730
DecoderError { code: 8199, message: "The channel configuration (either number or arrangement) is not supported." }
ADTS Frame buffer_fullness=255 blocks=1 buf=711
filling data 711
DecoderError { code: 8199, message: "The channel configuration (either number or arrangement) is not supported." }
ADTS Frame buffer_fullness=255 blocks=1 buf=641
filling data 641
DecoderError { code: 8199, message: "The channel configuration (either number or arrangement) is not supported." }
ADTS Frame buffer_fullness=255 blocks=1 buf=495
filling data 495
DecoderError { code: 8199, message: "The channel configuration (either number or arrangement) is not supported." }
ADTS Frame buffer_fullness=255 blocks=1 buf=473
filling data 473
DecoderError { code: 8199, message: "The channel configuration (either number or arrangement) is not supported." }
ADTS Frame buffer_fullness=255 blocks=1 buf=459
filling data 459
DecoderError { code: 8199, message: "The channel configuration (either number or arrangement) is not supported." }
ADTS Frame buffer_fullness=255 blocks=1 buf=503
filling data 503
DecoderError { code: 8199, message: "The channel configuration (either number or arrangement) is not supported." }
ADTS Frame buffer_fullness=255 blocks=1 buf=514
filling data 514
DecoderError { code: 8199, message: "The channel configuration (either number or arrangement) is not supported." }
ADTS Frame buffer_fullness=255 blocks=1 buf=538
filling data 538
DecoderError { code: 8199, message: "The channel configuration (either number or arrangement) is not supported." }
ADTS Frame buffer_fullness=255 blocks=1 buf=557
filling data 557
DecoderError { code: 8199, message: "The channel configuration (either number or arrangement) is not supported." }
ADTS Frame buffer_fullness=255 blocks=1 buf=556
filling data 556
DecoderError { code: 8199, message: "The channel configuration (either number or arrangement) is not supported." }
ADTS Frame buffer_fullness=255 blocks=1 buf=656
filling data 656
DecoderError { code: 8199, message: "The channel configuration (either number or arrangement) is not supported." }
ADTS Frame buffer_fullness=255 blocks=1 buf=628
filling data 628
DecoderError { code: 8199, message: "The channel configuration (either number or arrangement) is not supported." }
ADTS Frame buffer_fullness=255 blocks=1 buf=598
filling data 598
DecoderError { code: 8199, message: "The channel configuration (either number or arrangement) is not supported." }
ADTS Frame buffer_fullness=255 blocks=1 buf=548
filling data 548
DecoderError { code: 8199, message: "The channel configuration (either number or arrangement) is not supported." }
ADTS Frame buffer_fullness=255 blocks=1 buf=619
filling data 619
DecoderError { code: 8199, message: "The channel configuration (either number or arrangement) is not supported." }
ADTS Frame buffer_fullness=255 blocks=1 buf=565
filling data 565
DecoderError { code: 8199, message: "The channel configuration (either number or arrangement) is not supported." }
ADTS Frame buffer_fullness=255 blocks=1 buf=541
filling data 541
DecoderError { code: 8199, message: "The channel configuration (either number or arrangement) is not supported." }
ADTS Frame buffer_fullness=255 blocks=1 buf=526
filling data 526
DecoderError { code: 8199, message: "The channel configuration (either number or arrangement) is not supported." }
ADTS Frame buffer_fullness=255 blocks=1 buf=503
filling data 503
DecoderError { code: 8199, message: "The channel configuration (either number or arrangement) is not supported." }
ADTS Frame buffer_fullness=255 blocks=1 buf=474
filling data 474
DecoderError { code: 8199, message: "The channel configuration (either number or arrangement) is not supported." }
ADTS Frame buffer_fullness=255 blocks=1 buf=450
filling data 450
DecoderError { code: 8199, message: "The channel configuration (either number or arrangement) is not supported." }
ADTS Frame buffer_fullness=255 blocks=1 buf=495
filling data 495
DecoderError { code: 8199, message: "The channel configuration (either number or arrangement) is not supported." }
ADTS Frame buffer_fullness=255 blocks=1 buf=504
filling data 504
DecoderError { code: 8199, message: "The channel configuration (either number or arrangement) is not supported." }
ADTS Frame buffer_fullness=255 blocks=1 buf=534
filling data 534
DecoderError { code: 8199, message: "The channel configuration (either number or arrangement) is not supported." }
ADTS Frame buffer_fullness=255 blocks=1 buf=483
filling data 483
DecoderError { code: 8199, message: "The channel configuration (either number or arrangement) is not supported." }
ADTS Frame buffer_fullness=255 blocks=1 buf=469
filling data 469
DecoderError { code: 8199, message: "The channel configuration (either number or arrangement) is not supported." }
ADTS Frame buffer_fullness=255 blocks=1 buf=463
filling data 463
DecoderError { code: 8199, message: "The channel configuration (either number or arrangement) is not supported." }
ADTS Frame buffer_fullness=255 blocks=1 buf=436
filling data 436
DecoderError { code: 8199, message: "The channel configuration (either number or arrangement) is not supported." }
ADTS Frame buffer_fullness=255 blocks=1 buf=470
filling data 470
DecoderError { code: 8199, message: "The channel configuration (either number or arrangement) is not supported." }
ADTS Frame buffer_fullness=255 blocks=1 buf=523
filling data 523
DecoderError { code: 8199, message: "The channel configuration (either number or arrangement) is not supported." }
ADTS Frame buffer_fullness=255 blocks=1 buf=486
filling data 486
DecoderError { code: 8199, message: "The channel configuration (either number or arrangement) is not supported." }
ADTS Frame buffer_fullness=255 blocks=1 buf=459
filling data 459
DecoderError { code: 8199, message: "The channel configuration (either number or arrangement) is not supported." }
ADTS Frame buffer_fullness=255 blocks=1 buf=522
filling data 522
DecoderError { code: 8199, message: "The channel configuration (either number or arrangement) is not supported." }
ADTS Frame buffer_fullness=255 blocks=1 buf=489
filling data 489
DecoderError { code: 8199, message: "The channel configuration (either number or arrangement) is not supported." }
ADTS Frame buffer_fullness=255 blocks=1 buf=496
filling data 496
DecoderError { code: 8199, message: "The channel configuration (either number or arrangement) is not supported." }
ADTS Frame buffer_fullness=255 blocks=1 buf=525
filling data 525
DecoderError { code: 8199, message: "The channel configuration (either number or arrangement) is not supported." }
ADTS Frame buffer_fullness=255 blocks=1 buf=512
filling data 512
DecoderError { code: 8199, message: "The channel configuration (either number or arrangement) is not supported." }
ADTS Frame buffer_fullness=255 blocks=1 buf=517
filling data 517
DecoderError { code: 8199, message: "The channel configuration (either number or arrangement) is not supported." }
ADTS Frame buffer_fullness=255 blocks=1 buf=751
filling data 751
DecoderError { code: 8199, message: "The channel configuration (either number or arrangement) is not supported." }
ADTS Frame buffer_fullness=255 blocks=1 buf=688
filling data 688
DecoderError { code: 8199, message: "The channel configuration (either number or arrangement) is not supported." }
ADTS Frame buffer_fullness=255 blocks=1 buf=553
filling data 553
DecoderError { code: 8199, message: "The channel configuration (either number or arrangement) is not supported." }
ADTS Frame buffer_fullness=255 blocks=1 buf=521
filling data 521
DecoderError { code: 8199, message: "The channel configuration (either number or arrangement) is not supported." }
ADTS Frame buffer_fullness=255 blocks=1 buf=479
filling data 479
DecoderError { code: 8199, message: "The channel configuration (either number or arrangement) is not supported." }
ADTS Frame buffer_fullness=255 blocks=1 buf=540
filling data 540
DecoderError { code: 8199, message: "The channel configuration (either number or arrangement) is not supported." }
ADTS Frame buffer_fullness=255 blocks=1 buf=489
filling data 489
DecoderError { code: 8199, message: "The channel configuration (either number or arrangement) is not supported." }
ADTS Frame buffer_fullness=255 blocks=1 buf=489
filling data 489
DecoderError { code: 8199, message: "The channel configuration (either number or arrangement) is not supported." }
ADTS Frame buffer_fullness=255 blocks=1 buf=483
filling data 483
DecoderError { code: 8199, message: "The channel configuration (either number or arrangement) is not supported." }
ADTS Frame buffer_fullness=255 blocks=1 buf=473
filling data 473
DecoderError { code: 8199, message: "The channel configuration (either number or arrangement) is not supported." }
ADTS Frame buffer_fullness=255 blocks=1 buf=423
filling data 423
DecoderError { code: 8199, message: "The channel configuration (either number or arrangement) is not supported." }
ADTS Frame buffer_fullness=255 blocks=1 buf=427
filling data 427
DecoderError { code: 8199, message: "The channel configuration (either number or arrangement) is not supported." }
ADTS Frame buffer_fullness=255 blocks=1 buf=419
filling data 419
DecoderError { code: 8199, message: "The channel configuration (either number or arrangement) is not supported." }
ADTS Frame buffer_fullness=255 blocks=1 buf=420
filling data 420
DecoderError { code: 8199, message: "The channel configuration (either number or arrangement) is not supported." }
ADTS Frame buffer_fullness=255 blocks=1 buf=418
filling data 418
DecoderError { code: 8199, message: "The channel configuration (either number or arrangement) is not supported." }
ADTS Frame buffer_fullness=255 blocks=1 buf=430
filling data 430
DecoderError { code: 8199, message: "The channel configuration (either number or arrangement) is not supported." }
ADTS Frame buffer_fullness=255 blocks=1 buf=418
filling data 418
DecoderError { code: 8199, message: "The channel configuration (either number or arrangement) is not supported." }
ADTS Frame buffer_fullness=255 blocks=1 buf=424
filling data 424
DecoderError { code: 8199, message: "The channel configuration (either number or arrangement) is not supported." }
ADTS Frame buffer_fullness=255 blocks=1 buf=473
filling data 473
DecoderError { code: 8199, message: "The channel configuration (either number or arrangement) is not supported." }
ADTS Frame buffer_fullness=255 blocks=1 buf=485
filling data 485
DecoderError { code: 8199, message: "The channel configuration (either number or arrangement) is not supported." }
ADTS Frame buffer_fullness=255 blocks=1 buf=474
filling data 474
DecoderError { code: 8199, message: "The channel configuration (either number or arrangement) is not supported." }
ADTS Frame buffer_fullness=255 blocks=1 buf=458
filling data 458
DecoderError { code: 8199, message: "The channel configuration (either number or arrangement) is not supported." }
ADTS Frame buffer_fullness=255 blocks=1 buf=485
filling data 485
DecoderError { code: 8199, message: "The channel configuration (either number or arrangement) is not supported." }
ADTS Frame buffer_fullness=255 blocks=1 buf=478
filling data 478
DecoderError { code: 8199, message: "The channel configuration (either number or arrangement) is not supported." }
ADTS Frame buffer_fullness=255 blocks=1 buf=464
filling data 464
DecoderError { code: 8199, message: "The channel configuration (either number or arrangement) is not supported." }
ADTS Frame buffer_fullness=255 blocks=1 buf=475
filling data 475
DecoderError { code: 8199, message: "The channel configuration (either number or arrangement) is not supported." }
ADTS Frame buffer_fullness=255 blocks=1 buf=490
filling data 490
DecoderError { code: 8199, message: "The channel configuration (either number or arrangement) is not supported." }
ADTS Frame buffer_fullness=255 blocks=1 buf=495
filling data 495
DecoderError { code: 8199, message: "The channel configuration (either number or arrangement) is not supported." }
ADTS Frame buffer_fullness=255 blocks=1 buf=467
filling data 467
DecoderError { code: 8199, message: "The channel configuration (either number or arrangement) is not supported." }
ADTS Frame buffer_fullness=255 blocks=1 buf=467
filling data 467
DecoderError { code: 8199, message: "The channel configuration (either number or arrangement) is not supported." }
ADTS Frame buffer_fullness=255 blocks=1 buf=458
filling data 458
DecoderError { code: 8199, message: "The channel configuration (either number or arrangement) is not supported." }
ADTS Frame buffer_fullness=255 blocks=1 buf=477
filling data 477
DecoderError { code: 8199, message: "The channel configuration (either number or arrangement) is not supported." }
ADTS Frame buffer_fullness=255 blocks=1 buf=482
filling data 482
DecoderError { code: 8199, message: "The channel configuration (either number or arrangement) is not supported." }
ADTS Frame buffer_fullness=255 blocks=1 buf=465
filling data 465
DecoderError { code: 8199, message: "The channel configuration (either number or arrangement) is not supported." }
ADTS Frame buffer_fullness=255 blocks=1 buf=513
filling data 513
DecoderError { code: 8199, message: "The channel configuration (either number or arrangement) is not supported." }
ADTS Frame buffer_fullness=255 blocks=1 buf=624
filling data 624
DecoderError { code: 8199, message: "The channel configuration (either number or arrangement) is not supported." }
ADTS Frame buffer_fullness=255 blocks=1 buf=636
filling data 636
DecoderError { code: 8199, message: "The channel configuration (either number or arrangement) is not supported." }
ADTS Frame buffer_fullness=255 blocks=1 buf=650
filling data 650
DecoderError { code: 8199, message: "The channel configuration (either number or arrangement) is not supported." }
ADTS Frame buffer_fullness=255 blocks=1 buf=689
filling data 689
DecoderError { code: 8199, message: "The channel configuration (either number or arrangement) is not supported." }
ADTS Frame buffer_fullness=255 blocks=1 buf=639
filling data 639
DecoderError { code: 8199, message: "The channel configuration (either number or arrangement) is not supported." }
ADTS Frame buffer_fullness=255 blocks=1 buf=706
filling data 706
DecoderError { code: 8199, message: "The channel configuration (either number or arrangement) is not supported." }
ADTS Frame buffer_fullness=255 blocks=1 buf=607
filling data 607
DecoderError { code: 8199, message: "The channel configuration (either number or arrangement) is not supported." }
ADTS Frame buffer_fullness=255 blocks=1 buf=541
filling data 541
DecoderError { code: 8199, message: "The channel configuration (either number or arrangement) is not supported." }
ADTS Frame buffer_fullness=255 blocks=1 buf=495
filling data 495
DecoderError { code: 8199, message: "The channel configuration (either number or arrangement) is not supported." }
ADTS Frame buffer_fullness=255 blocks=1 buf=530
filling data 530
DecoderError { code: 8199, message: "The channel configuration (either number or arrangement) is not supported." }
ADTS Frame buffer_fullness=255 blocks=1 buf=500
filling data 500
DecoderError { code: 8199, message: "The channel configuration (either number or arrangement) is not supported." }
ADTS Frame buffer_fullness=255 blocks=1 buf=478
filling data 478
DecoderError { code: 8199, message: "The channel configuration (either number or arrangement) is not supported." }
ADTS Frame buffer_fullness=255 blocks=1 buf=512
filling data 512
DecoderError { code: 8199, message: "The channel configuration (either number or arrangement) is not supported." }
ADTS Frame buffer_fullness=255 blocks=1 buf=804
filling data 804
DecoderError { code: 8199, message: "The channel configuration (either number or arrangement) is not supported." }
ADTS Frame buffer_fullness=255 blocks=1 buf=558
filling data 558
DecoderError { code: 8199, message: "The channel configuration (either number or arrangement) is not supported." }
ADTS Frame buffer_fullness=255 blocks=1 buf=609
filling data 609
DecoderError { code: 8199, message: "The channel configuration (either number or arrangement) is not supported." }
ADTS Frame buffer_fullness=255 blocks=1 buf=679
filling data 679
DecoderError { code: 8199, message: "The channel configuration (either number or arrangement) is not supported." }
ADTS Frame buffer_fullness=255 blocks=1 buf=574
filling data 574
DecoderError { code: 8199, message: "The channel configuration (either number or arrangement) is not supported." }
ADTS Frame buffer_fullness=255 blocks=1 buf=556
filling data 556
DecoderError { code: 8199, message: "The channel configuration (either number or arrangement) is not supported." }
ADTS Frame buffer_fullness=255 blocks=1 buf=490
filling data 490
DecoderError { code: 8199, message: "The channel configuration (either number or arrangement) is not supported." }
ADTS Frame buffer_fullness=255 blocks=1 buf=498
filling data 498
DecoderError { code: 8199, message: "The channel configuration (either number or arrangement) is not supported." }
ADTS Frame buffer_fullness=255 blocks=1 buf=451
filling data 451
DecoderError { code: 8199, message: "The channel configuration (either number or arrangement) is not supported." }
ADTS Frame buffer_fullness=255 blocks=1 buf=842
filling data 842
DecoderError { code: 8199, message: "The channel configuration (either number or arrangement) is not supported." }
ADTS Frame buffer_fullness=255 blocks=1 buf=702
filling data 702
DecoderError { code: 8199, message: "The channel configuration (either number or arrangement) is not supported." }
ADTS Frame buffer_fullness=255 blocks=1 buf=566
filling data 566
DecoderError { code: 8199, message: "The channel configuration (either number or arrangement) is not supported." }
ADTS Frame buffer_fullness=255 blocks=1 buf=535
filling data 535
DecoderError { code: 8199, message: "The channel configuration (either number or arrangement) is not supported." }
ADTS Frame buffer_fullness=255 blocks=1 buf=494
filling data 494
DecoderError { code: 8199, message: "The channel configuration (either number or arrangement) is not supported." }
ADTS Frame buffer_fullness=255 blocks=1 buf=486
filling data 486
DecoderError { code: 8199, message: "The channel configuration (either number or arrangement) is not supported." }
ADTS Frame buffer_fullness=255 blocks=1 buf=458
filling data 458
DecoderError { code: 8199, message: "The channel configuration (either number or arrangement) is not supported." }
ADTS Frame buffer_fullness=255 blocks=1 buf=495
filling data 495
DecoderError { code: 8199, message: "The channel configuration (either number or arrangement) is not supported." }
ADTS Frame buffer_fullness=255 blocks=1 buf=464
filling data 464
DecoderError { code: 8199, message: "The channel configuration (either number or arrangement) is not supported." }
ADTS Frame buffer_fullness=255 blocks=1 buf=492
filling data 492
DecoderError { code: 8199, message: "The channel configuration (either number or arrangement) is not supported." }
ADTS Frame buffer_fullness=255 blocks=1 buf=497
filling data 497
DecoderError { code: 8199, message: "The channel configuration (either number or arrangement) is not supported." }
ADTS Frame buffer_fullness=255 blocks=1 buf=529
filling data 529
DecoderError { code: 8199, message: "The channel configuration (either number or arrangement) is not supported." }
ADTS Frame buffer_fullness=255 blocks=1 buf=545
filling data 545
DecoderError { code: 8199, message: "The channel configuration (either number or arrangement) is not supported." }
ADTS Frame buffer_fullness=255 blocks=1 buf=648
filling data 648
DecoderError { code: 8199, message: "The channel configuration (either number or arrangement) is not supported." }
ADTS Frame buffer_fullness=255 blocks=1 buf=577
filling data 577
DecoderError { code: 8199, message: "The channel configuration (either number or arrangement) is not supported." }
ADTS Frame buffer_fullness=255 blocks=1 buf=650
filling data 650
DecoderError { code: 8199, message: "The channel configuration (either number or arrangement) is not supported." }
ADTS Frame buffer_fullness=255 blocks=1 buf=682
filling data 682
DecoderError { code: 8199, message: "The channel configuration (either number or arrangement) is not supported." }
ADTS Frame buffer_fullness=255 blocks=1 buf=690
filling data 690
DecoderError { code: 8199, message: "The channel configuration (either number or arrangement) is not supported." }
ADTS Frame buffer_fullness=255 blocks=1 buf=643
filling data 643
DecoderError { code: 8199, message: "The channel configuration (either number or arrangement) is not supported." }
ADTS Frame buffer_fullness=255 blocks=1 buf=581
filling data 581
DecoderError { code: 8199, message: "The channel configuration (either number or arrangement) is not supported." }
ADTS Frame buffer_fullness=255 blocks=1 buf=496
filling data 496
DecoderError { code: 8199, message: "The channel configuration (either number or arrangement) is not supported." }
ADTS Frame buffer_fullness=255 blocks=1 buf=474
filling data 474
DecoderError { code: 8199, message: "The channel configuration (either number or arrangement) is not supported." }
ADTS Frame buffer_fullness=255 blocks=1 buf=455
filling data 455
DecoderError { code: 8199, message: "The channel configuration (either number or arrangement) is not supported." }
ADTS Frame buffer_fullness=255 blocks=1 buf=465
filling data 465
DecoderError { code: 8199, message: "The channel configuration (either number or arrangement) is not supported." }
ADTS Frame buffer_fullness=255 blocks=1 buf=443
filling data 443
DecoderError { code: 8199, message: "The channel configuration (either number or arrangement) is not supported." }
ADTS Frame buffer_fullness=255 blocks=1 buf=477
filling data 477
DecoderError { code: 8199, message: "The channel configuration (either number or arrangement) is not supported." }
ADTS Frame buffer_fullness=255 blocks=1 buf=469
filling data 469
DecoderError { code: 8199, message: "The channel configuration (either number or arrangement) is not supported." }
ADTS Frame buffer_fullness=255 blocks=1 buf=472
filling data 472
DecoderError { code: 8199, message: "The channel configuration (either number or arrangement) is not supported." }
ADTS Frame buffer_fullness=255 blocks=1 buf=489
filling data 489
DecoderError { code: 8199, message: "The channel configuration (either number or arrangement) is not supported." }
ADTS Frame buffer_fullness=255 blocks=1 buf=523
filling data 523
DecoderError { code: 8199, message: "The channel configuration (either number or arrangement) is not supported." }
ADTS Frame buffer_fullness=255 blocks=1 buf=515
filling data 515
DecoderError { code: 8199, message: "The channel configuration (either number or arrangement) is not supported." }
ADTS Frame buffer_fullness=255 blocks=1 buf=560
filling data 560
DecoderError { code: 8199, message: "The channel configuration (either number or arrangement) is not supported." }
ADTS Frame buffer_fullness=255 blocks=1 buf=483
filling data 483
DecoderError { code: 8199, message: "The channel configuration (either number or arrangement) is not supported." }
ADTS Frame buffer_fullness=255 blocks=1 buf=490
filling data 490
DecoderError { code: 8199, message: "The channel configuration (either number or arrangement) is not supported." }
ADTS Frame buffer_fullness=255 blocks=1 buf=467
filling data 467
DecoderError { code: 8199, message: "The channel configuration (either number or arrangement) is not supported." }
ADTS Frame buffer_fullness=255 blocks=1 buf=487
filling data 487
DecoderError { code: 8199, message: "The channel configuration (either number or arrangement) is not supported." }
ADTS Frame buffer_fullness=255 blocks=1 buf=442
filling data 442
DecoderError { code: 8199, message: "The channel configuration (either number or arrangement) is not supported." }
ADTS Frame buffer_fullness=255 blocks=1 buf=484
filling data 484
DecoderError { code: 8199, message: "The channel configuration (either number or arrangement) is not supported." }
ADTS Frame buffer_fullness=255 blocks=1 buf=538
filling data 538
DecoderError { code: 8199, message: "The channel configuration (either number or arrangement) is not supported." }
ADTS Frame buffer_fullness=255 blocks=1 buf=606
filling data 606
DecoderError { code: 8199, message: "The channel configuration (either number or arrangement) is not supported." }
ADTS Frame buffer_fullness=255 blocks=1 buf=540
filling data 540
DecoderError { code: 8199, message: "The channel configuration (either number or arrangement) is not supported." }
ADTS Frame buffer_fullness=255 blocks=1 buf=569
filling data 569
DecoderError { code: 8199, message: "The channel configuration (either number or arrangement) is not supported." }
ADTS Frame buffer_fullness=255 blocks=1 buf=486
filling data 486
DecoderError { code: 8199, message: "The channel configuration (either number or arrangement) is not supported." }
ADTS Frame buffer_fullness=255 blocks=1 buf=468
filling data 468
DecoderError { code: 8199, message: "The channel configuration (either number or arrangement) is not supported." }
ADTS Frame buffer_fullness=255 blocks=1 buf=474
filling data 474
DecoderError { code: 8199, message: "The channel configuration (either number or arrangement) is not supported." }
ADTS Frame buffer_fullness=255 blocks=1 buf=523
filling data 523
DecoderError { code: 8199, message: "The channel configuration (either number or arrangement) is not supported." }
ADTS Frame buffer_fullness=255 blocks=1 buf=567
filling data 567
DecoderError { code: 8199, message: "The channel configuration (either number or arrangement) is not supported." }
ADTS Frame buffer_fullness=255 blocks=1 buf=656
filling data 656
DecoderError { code: 8199, message: "The channel configuration (either number or arrangement) is not supported." }
ADTS Frame buffer_fullness=255 blocks=1 buf=597
filling data 597
DecoderError { code: 8199, message: "The channel configuration (either number or arrangement) is not supported." }
ADTS Frame buffer_fullness=255 blocks=1 buf=655
filling data 655
DecoderError { code: 8199, message: "The channel configuration (either number or arrangement) is not supported." }
ADTS Frame buffer_fullness=255 blocks=1 buf=643
filling data 643
DecoderError { code: 8199, message: "The channel configuration (either number or arrangement) is not supported." }
ADTS Frame buffer_fullness=255 blocks=1 buf=533
filling data 533
DecoderError { code: 8199, message: "The channel configuration (either number or arrangement) is not supported." }
ADTS Frame buffer_fullness=255 blocks=1 buf=590
filling data 590
DecoderError { code: 8199, message: "The channel configuration (either number or arrangement) is not supported." }
ADTS Frame buffer_fullness=255 blocks=1 buf=557
filling data 557
DecoderError { code: 8199, message: "The channel configuration (either number or arrangement) is not supported." }
ADTS Frame buffer_fullness=255 blocks=1 buf=525
filling data 525
DecoderError { code: 8199, message: "The channel configuration (either number or arrangement) is not supported." }
ADTS Frame buffer_fullness=255 blocks=1 buf=602
filling data 602
DecoderError { code: 8199, message: "The channel configuration (either number or arrangement) is not supported." }
ADTS Frame buffer_fullness=255 blocks=1 buf=636
filling data 636
DecoderError { code: 8199, message: "The channel configuration (either number or arrangement) is not supported." }
ADTS Frame buffer_fullness=255 blocks=1 buf=592
filling data 592
DecoderError { code: 8199, message: "The channel configuration (either number or arrangement) is not supported." }
ADTS Frame buffer_fullness=255 blocks=1 buf=570
filling data 570
DecoderError { code: 8199, message: "The channel configuration (either number or arrangement) is not supported." }
ADTS Frame buffer_fullness=255 blocks=1 buf=600
filling data 600
DecoderError { code: 8199, message: "The channel configuration (either number or arrangement) is not supported." }
ADTS Frame buffer_fullness=255 blocks=1 buf=583
filling data 583
DecoderError { code: 8199, message: "The channel configuration (either number or arrangement) is not supported." }
ADTS Frame buffer_fullness=255 blocks=1 buf=536
filling data 536
DecoderError { code: 8199, message: "The channel configuration (either number or arrangement) is not supported." }
ADTS Frame buffer_fullness=255 blocks=1 buf=530
filling data 530
DecoderError { code: 8199, message: "The channel configuration (either number or arrangement) is not supported." }
ADTS Frame buffer_fullness=255 blocks=1 buf=745
filling data 745
DecoderError { code: 8199, message: "The channel configuration (either number or arrangement) is not supported." }
ADTS Frame buffer_fullness=255 blocks=1 buf=567
filling data 567
DecoderError { code: 8199, message: "The channel configuration (either number or arrangement) is not supported." }
ADTS Frame buffer_fullness=255 blocks=1 buf=519
filling data 519
DecoderError { code: 8199, message: "The channel configuration (either number or arrangement) is not supported." }
ADTS Frame buffer_fullness=255 blocks=1 buf=475
filling data 475
DecoderError { code: 8199, message: "The channel configuration (either number or arrangement) is not supported." }
ADTS Frame buffer_fullness=255 blocks=1 buf=428
filling data 428
DecoderError { code: 8199, message: "The channel configuration (either number or arrangement) is not supported." }
ADTS Frame buffer_fullness=255 blocks=1 buf=468
filling data 468
DecoderError { code: 8199, message: "The channel configuration (either number or arrangement) is not supported." }
ADTS Frame buffer_fullness=255 blocks=1 buf=476
filling data 476
DecoderError { code: 8199, message: "The channel configuration (either number or arrangement) is not supported." }
ADTS Frame buffer_fullness=255 blocks=1 buf=780
filling data 780
DecoderError { code: 8199, message: "The channel configuration (either number or arrangement) is not supported." }
ADTS Frame buffer_fullness=255 blocks=1 buf=525
filling data 525
DecoderError { code: 8199, message: "The channel configuration (either number or arrangement) is not supported." }
ADTS Frame buffer_fullness=255 blocks=1 buf=599
filling data 599
DecoderError { code: 8199, message: "The channel configuration (either number or arrangement) is not supported." }
ADTS Frame buffer_fullness=255 blocks=1 buf=529
filling data 529
DecoderError { code: 8199, message: "The channel configuration (either number or arrangement) is not supported." }
ADTS Frame buffer_fullness=255 blocks=1 buf=513
filling data 513
DecoderError { code: 8199, message: "The channel configuration (either number or arrangement) is not supported." }
ADTS Frame buffer_fullness=255 blocks=1 buf=495
filling data 495
DecoderError { code: 8199, message: "The channel configuration (either number or arrangement) is not supported." }
ADTS Frame buffer_fullness=255 blocks=1 buf=533
filling data 533
DecoderError { code: 8199, message: "The channel configuration (either number or arrangement) is not supported." }
ADTS Frame buffer_fullness=255 blocks=1 buf=529
filling data 529
DecoderError { code: 8199, message: "The channel configuration (either number or arrangement) is not supported." }
ADTS Frame buffer_fullness=255 blocks=1 buf=611
filling data 611
DecoderError { code: 8199, message: "The channel configuration (either number or arrangement) is not supported." }
ADTS Frame buffer_fullness=255 blocks=1 buf=657
filling data 657
DecoderError { code: 8199, message: "The channel configuration (either number or arrangement) is not supported." }
ADTS Frame buffer_fullness=255 blocks=1 buf=688
filling data 688
DecoderError { code: 8199, message: "The channel configuration (either number or arrangement) is not supported." }
ADTS Frame buffer_fullness=255 blocks=1 buf=648
filling data 648
DecoderError { code: 8199, message: "The channel configuration (either number or arrangement) is not supported." }
ADTS Frame buffer_fullness=255 blocks=1 buf=503
filling data 503
DecoderError { code: 8199, message: "The channel configuration (either number or arrangement) is not supported." }
ADTS Frame buffer_fullness=255 blocks=1 buf=499
filling data 499
DecoderError { code: 8199, message: "The channel configuration (either number or arrangement) is not supported." }
ADTS Frame buffer_fullness=255 blocks=1 buf=549
filling data 549
DecoderError { code: 8199, message: "The channel configuration (either number or arrangement) is not supported." }
ADTS Frame buffer_fullness=255 blocks=1 buf=510
filling data 510
DecoderError { code: 8199, message: "The channel configuration (either number or arrangement) is not supported." }
ADTS Frame buffer_fullness=255 blocks=1 buf=508
filling data 508
DecoderError { code: 8199, message: "The channel configuration (either number or arrangement) is not supported." }
ADTS Frame buffer_fullness=255 blocks=1 buf=823
filling data 823
DecoderError { code: 8199, message: "The channel configuration (either number or arrangement) is not supported." }
ADTS Frame buffer_fullness=255 blocks=1 buf=533
filling data 533
DecoderError { code: 8199, message: "The channel configuration (either number or arrangement) is not supported." }
ADTS Frame buffer_fullness=255 blocks=1 buf=519
filling data 519
DecoderError { code: 8199, message: "The channel configuration (either number or arrangement) is not supported." }
ADTS Frame buffer_fullness=255 blocks=1 buf=536
filling data 536
DecoderError { code: 8199, message: "The channel configuration (either number or arrangement) is not supported." }
ADTS Frame buffer_fullness=255 blocks=1 buf=437
filling data 437
DecoderError { code: 8199, message: "The channel configuration (either number or arrangement) is not supported." }
ADTS Frame buffer_fullness=255 blocks=1 buf=565
filling data 565
DecoderError { code: 8199, message: "The channel configuration (either number or arrangement) is not supported." }
ADTS Frame buffer_fullness=255 blocks=1 buf=593
filling data 593
DecoderError { code: 8199, message: "The channel configuration (either number or arrangement) is not supported." }
ADTS Frame buffer_fullness=255 blocks=1 buf=499
filling data 499
DecoderError { code: 8199, message: "The channel configuration (either number or arrangement) is not supported." }
ADTS Frame buffer_fullness=255 blocks=1 buf=535
filling data 535
DecoderError { code: 8199, message: "The channel configuration (either number or arrangement) is not supported." }
ADTS Frame buffer_fullness=255 blocks=1 buf=506
filling data 506
DecoderError { code: 8199, message: "The channel configuration (either number or arrangement) is not supported." }
ADTS Frame buffer_fullness=255 blocks=1 buf=493
filling data 493
DecoderError { code: 8199, message: "The channel configuration (either number or arrangement) is not supported." }
ADTS Frame buffer_fullness=255 blocks=1 buf=448
filling data 448
DecoderError { code: 8199, message: "The channel configuration (either number or arrangement) is not supported." }
ADTS Frame buffer_fullness=255 blocks=1 buf=445
filling data 445
DecoderError { code: 8199, message: "The channel configuration (either number or arrangement) is not supported." }
ADTS Frame buffer_fullness=255 blocks=1 buf=484
filling data 484
DecoderError { code: 8199, message: "The channel configuration (either number or arrangement) is not supported." }
ADTS Frame buffer_fullness=255 blocks=1 buf=491
filling data 491
DecoderError { code: 8199, message: "The channel configuration (either number or arrangement) is not supported." }
ADTS Frame buffer_fullness=255 blocks=1 buf=516
filling data 516
DecoderError { code: 8199, message: "The channel configuration (either number or arrangement) is not supported." }
ADTS Frame buffer_fullness=255 blocks=1 buf=537
filling data 537
DecoderError { code: 8199, message: "The channel configuration (either number or arrangement) is not supported." }
ADTS Frame buffer_fullness=255 blocks=1 buf=546
filling data 546
DecoderError { code: 8199, message: "The channel configuration (either number or arrangement) is not supported." }
ADTS Frame buffer_fullness=255 blocks=1 buf=580
filling data 580
DecoderError { code: 8199, message: "The channel configuration (either number or arrangement) is not supported." }
ADTS Frame buffer_fullness=255 blocks=1 buf=594
filling data 594
DecoderError { code: 8199, message: "The channel configuration (either number or arrangement) is not supported." }
ADTS Frame buffer_fullness=255 blocks=1 buf=621
filling data 621
DecoderError { code: 8199, message: "The channel configuration (either number or arrangement) is not supported." }
ADTS Frame buffer_fullness=255 blocks=1 buf=555
filling data 555
DecoderError { code: 8199, message: "The channel configuration (either number or arrangement) is not supported." }
ADTS Frame buffer_fullness=255 blocks=1 buf=557
filling data 557
DecoderError { code: 8199, message: "The channel configuration (either number or arrangement) is not supported." }
ADTS Frame buffer_fullness=255 blocks=1 buf=563
filling data 563
DecoderError { code: 8199, message: "The channel configuration (either number or arrangement) is not supported." }
ADTS Frame buffer_fullness=255 blocks=1 buf=574
filling data 574
DecoderError { code: 8199, message: "The channel configuration (either number or arrangement) is not supported." }
ADTS Frame buffer_fullness=255 blocks=1 buf=548
filling data 548
DecoderError { code: 8199, message: "The channel configuration (either number or arrangement) is not supported." }
ADTS Frame buffer_fullness=255 blocks=1 buf=588
filling data 588
DecoderError { code: 8199, message: "The channel configuration (either number or arrangement) is not supported." }
ADTS Frame buffer_fullness=255 blocks=1 buf=524
filling data 524
DecoderError { code: 8199, message: "The channel configuration (either number or arrangement) is not supported." }
ADTS Frame buffer_fullness=255 blocks=1 buf=527
filling data 527
DecoderError { code: 8199, message: "The channel configuration (either number or arrangement) is not supported." }
ADTS Frame buffer_fullness=255 blocks=1 buf=533
filling data 533
DecoderError { code: 8199, message: "The channel configuration (either number or arrangement) is not supported." }
ADTS Frame buffer_fullness=255 blocks=1 buf=588
filling data 588
DecoderError { code: 8199, message: "The channel configuration (either number or arrangement) is not supported." }
ADTS Frame buffer_fullness=255 blocks=1 buf=605
filling data 605
DecoderError { code: 8199, message: "The channel configuration (either number or arrangement) is not supported." }
ADTS Frame buffer_fullness=255 blocks=1 buf=569
filling data 569
DecoderError { code: 8199, message: "The channel configuration (either number or arrangement) is not supported." }
ADTS Frame buffer_fullness=255 blocks=1 buf=553
filling data 553
DecoderError { code: 8199, message: "The channel configuration (either number or arrangement) is not supported." }
ADTS Frame buffer_fullness=255 blocks=1 buf=531
filling data 531
DecoderError { code: 8199, message: "The channel configuration (either number or arrangement) is not supported." }
ADTS Frame buffer_fullness=255 blocks=1 buf=566
filling data 566
DecoderError { code: 8199, message: "The channel configuration (either number or arrangement) is not supported." }
ADTS Frame buffer_fullness=255 blocks=1 buf=605
filling data 605
DecoderError { code: 8199, message: "The channel configuration (either number or arrangement) is not supported." }
ADTS Frame buffer_fullness=255 blocks=1 buf=654
filling data 654
DecoderError { code: 8199, message: "The channel configuration (either number or arrangement) is not supported." }
ADTS Frame buffer_fullness=255 blocks=1 buf=668
filling data 668
DecoderError { code: 8199, message: "The channel configuration (either number or arrangement) is not supported." }
ADTS Frame buffer_fullness=255 blocks=1 buf=615
filling data 615
DecoderError { code: 8199, message: "The channel configuration (either number or arrangement) is not supported." }
ADTS Frame buffer_fullness=255 blocks=1 buf=609
filling data 609
DecoderError { code: 8199, message: "The channel configuration (either number or arrangement) is not supported." }
ADTS Frame buffer_fullness=255 blocks=1 buf=625
filling data 625
DecoderError { code: 8199, message: "The channel configuration (either number or arrangement) is not supported." }
ADTS Frame buffer_fullness=255 blocks=1 buf=515
filling data 515
DecoderError { code: 8199, message: "The channel configuration (either number or arrangement) is not supported." }
ADTS Frame buffer_fullness=255 blocks=1 buf=594
filling data 594
DecoderError { code: 8199, message: "The channel configuration (either number or arrangement) is not supported." }
ADTS Frame buffer_fullness=255 blocks=1 buf=607
filling data 607
DecoderError { code: 8199, message: "The channel configuration (either number or arrangement) is not supported." }
ADTS Frame buffer_fullness=255 blocks=1 buf=597
filling data 597
DecoderError { code: 8199, message: "The channel configuration (either number or arrangement) is not supported." }
ADTS Frame buffer_fullness=255 blocks=1 buf=571
filling data 571
DecoderError { code: 8199, message: "The channel configuration (either number or arrangement) is not supported." }
ADTS Frame buffer_fullness=255 blocks=1 buf=522
filling data 522
DecoderError { code: 8199, message: "The channel configuration (either number or arrangement) is not supported." }
ADTS Frame buffer_fullness=255 blocks=1 buf=546
filling data 546
DecoderError { code: 8199, message: "The channel configuration (either number or arrangement) is not supported." }
ADTS Frame buffer_fullness=255 blocks=1 buf=615
filling data 615
DecoderError { code: 8199, message: "The channel configuration (either number or arrangement) is not supported." }
ADTS Frame buffer_fullness=255 blocks=1 buf=538
filling data 538
DecoderError { code: 8199, message: "The channel configuration (either number or arrangement) is not supported." }
ADTS Frame buffer_fullness=255 blocks=1 buf=481
filling data 481
DecoderError { code: 8199, message: "The channel configuration (either number or arrangement) is not supported." }
ADTS Frame buffer_fullness=255 blocks=1 buf=491
filling data 491
DecoderError { code: 8199, message: "The channel configuration (either number or arrangement) is not supported." }
ADTS Frame buffer_fullness=255 blocks=1 buf=513
filling data 513
DecoderError { code: 8199, message: "The channel configuration (either number or arrangement) is not supported." }
ADTS Frame buffer_fullness=255 blocks=1 buf=518
filling data 518
DecoderError { code: 8199, message: "The channel configuration (either number or arrangement) is not supported." }
ADTS Frame buffer_fullness=255 blocks=1 buf=515
filling data 515
DecoderError { code: 8199, message: "The channel configuration (either number or arrangement) is not supported." }
ADTS Frame buffer_fullness=255 blocks=1 buf=599
filling data 599
DecoderError { code: 8199, message: "The channel configuration (either number or arrangement) is not supported." }
ADTS Frame buffer_fullness=255 blocks=1 buf=589
filling data 589
DecoderError { code: 8199, message: "The channel configuration (either number or arrangement) is not supported." }
ADTS Frame buffer_fullness=255 blocks=1 buf=481
filling data 481
DecoderError { code: 8199, message: "The channel configuration (either number or arrangement) is not supported." }
ADTS Frame buffer_fullness=255 blocks=1 buf=525
filling data 525
DecoderError { code: 8199, message: "The channel configuration (either number or arrangement) is not supported." }
ADTS Frame buffer_fullness=255 blocks=1 buf=524
filling data 524
DecoderError { code: 8199, message: "The channel configuration (either number or arrangement) is not supported." }
ADTS Frame buffer_fullness=255 blocks=1 buf=514
filling data 514
DecoderError { code: 8199, message: "The channel configuration (either number or arrangement) is not supported." }
ADTS Frame buffer_fullness=255 blocks=1 buf=520
filling data 520
DecoderError { code: 8199, message: "The channel configuration (either number or arrangement) is not supported." }
ADTS Frame buffer_fullness=255 blocks=1 buf=522
filling data 522
DecoderError { code: 8199, message: "The channel configuration (either number or arrangement) is not supported." }
ADTS Frame buffer_fullness=255 blocks=1 buf=541
filling data 541
DecoderError { code: 8199, message: "The channel configuration (either number or arrangement) is not supported." }
ADTS Frame buffer_fullness=255 blocks=1 buf=509
filling data 509
DecoderError { code: 8199, message: "The channel configuration (either number or arrangement) is not supported." }
ADTS Frame buffer_fullness=255 blocks=1 buf=554
filling data 554
DecoderError { code: 8199, message: "The channel configuration (either number or arrangement) is not supported." }
ADTS Frame buffer_fullness=255 blocks=1 buf=547
filling data 547
DecoderError { code: 8199, message: "The channel configuration (either number or arrangement) is not supported." }
ADTS Frame buffer_fullness=255 blocks=1 buf=501
filling data 501
DecoderError { code: 8199, message: "The channel configuration (either number or arrangement) is not supported." }
ADTS Frame buffer_fullness=255 blocks=1 buf=482
filling data 482
DecoderError { code: 8199, message: "The channel configuration (either number or arrangement) is not supported." }
ADTS Frame buffer_fullness=255 blocks=1 buf=550
filling data 550
DecoderError { code: 8199, message: "The channel configuration (either number or arrangement) is not supported." }
ADTS Frame buffer_fullness=255 blocks=1 buf=619
filling data 619
DecoderError { code: 8199, message: "The channel configuration (either number or arrangement) is not supported." }
ADTS Frame buffer_fullness=255 blocks=1 buf=648
filling data 648
DecoderError { code: 8199, message: "The channel configuration (either number or arrangement) is not supported." }
ADTS Frame buffer_fullness=255 blocks=1 buf=664
filling data 664
DecoderError { code: 8199, message: "The channel configuration (either number or arrangement) is not supported." }
ADTS Frame buffer_fullness=255 blocks=1 buf=682
filling data 682
DecoderError { code: 8199, message: "The channel configuration (either number or arrangement) is not supported." }
ADTS Frame buffer_fullness=255 blocks=1 buf=607
filling data 607
DecoderError { code: 8199, message: "The channel configuration (either number or arrangement) is not supported." }
ADTS Frame buffer_fullness=255 blocks=1 buf=535
filling data 535
DecoderError { code: 8199, message: "The channel configuration (either number or arrangement) is not supported." }
ADTS Frame buffer_fullness=255 blocks=1 buf=582
filling data 582
DecoderError { code: 8199, message: "The channel configuration (either number or arrangement) is not supported." }
ADTS Frame buffer_fullness=255 blocks=1 buf=495
filling data 495
DecoderError { code: 8199, message: "The channel configuration (either number or arrangement) is not supported." }
ADTS Frame buffer_fullness=255 blocks=1 buf=482
filling data 482
DecoderError { code: 8199, message: "The channel configuration (either number or arrangement) is not supported." }
ADTS Frame buffer_fullness=255 blocks=1 buf=495
filling data 495
DecoderError { code: 8199, message: "The channel configuration (either number or arrangement) is not supported." }
ADTS Frame buffer_fullness=255 blocks=1 buf=490
filling data 490
DecoderError { code: 8199, message: "The channel configuration (either number or arrangement) is not supported." }
ADTS Frame buffer_fullness=255 blocks=1 buf=506
filling data 506
DecoderError { code: 8199, message: "The channel configuration (either number or arrangement) is not supported." }
ADTS Frame buffer_fullness=255 blocks=1 buf=528
filling data 528
DecoderError { code: 8199, message: "The channel configuration (either number or arrangement) is not supported." }
ADTS Frame buffer_fullness=255 blocks=1 buf=548
filling data 548
DecoderError { code: 8199, message: "The channel configuration (either number or arrangement) is not supported." }
ADTS Frame buffer_fullness=255 blocks=1 buf=524
filling data 524
DecoderError { code: 8199, message: "The channel configuration (either number or arrangement) is not supported." }
ADTS Frame buffer_fullness=255 blocks=1 buf=485
filling data 485
DecoderError { code: 8199, message: "The channel configuration (either number or arrangement) is not supported." }
ADTS Frame buffer_fullness=255 blocks=1 buf=492
filling data 492
DecoderError { code: 8199, message: "The channel configuration (either number or arrangement) is not supported." }
ADTS Frame buffer_fullness=255 blocks=1 buf=466
filling data 466
DecoderError { code: 8199, message: "The channel configuration (either number or arrangement) is not supported." }
ADTS Frame buffer_fullness=255 blocks=1 buf=461
filling data 461
DecoderError { code: 8199, message: "The channel configuration (either number or arrangement) is not supported." }
ADTS Frame buffer_fullness=255 blocks=1 buf=446
filling data 446
DecoderError { code: 8199, message: "The channel configuration (either number or arrangement) is not supported." }
ADTS Frame buffer_fullness=255 blocks=1 buf=469
filling data 469
DecoderError { code: 8199, message: "The channel configuration (either number or arrangement) is not supported." }
ADTS Frame buffer_fullness=255 blocks=1 buf=445
filling data 445
DecoderError { code: 8199, message: "The channel configuration (either number or arrangement) is not supported." }
ADTS Frame buffer_fullness=255 blocks=1 buf=496
filling data 496
DecoderError { code: 8199, message: "The channel configuration (either number or arrangement) is not supported." }
ADTS Frame buffer_fullness=255 blocks=1 buf=462
filling data 462
DecoderError { code: 8199, message: "The channel configuration (either number or arrangement) is not supported." }
ADTS Frame buffer_fullness=255 blocks=1 buf=479
filling data 479
DecoderError { code: 8199, message: "The channel configuration (either number or arrangement) is not supported." }
ADTS Frame buffer_fullness=255 blocks=1 buf=507
filling data 507
DecoderError { code: 8199, message: "The channel configuration (either number or arrangement) is not supported." }
ADTS Frame buffer_fullness=255 blocks=1 buf=445
filling data 445
DecoderError { code: 8199, message: "The channel configuration (either number or arrangement) is not supported." }
ADTS Frame buffer_fullness=255 blocks=1 buf=484
filling data 484
DecoderError { code: 8199, message: "The channel configuration (either number or arrangement) is not supported." }
ADTS Frame buffer_fullness=255 blocks=1 buf=471
filling data 471
DecoderError { code: 8199, message: "The channel configuration (either number or arrangement) is not supported." }
ADTS Frame buffer_fullness=255 blocks=1 buf=508
filling data 508
DecoderError { code: 8199, message: "The channel configuration (either number or arrangement) is not supported." }
ADTS Frame buffer_fullness=255 blocks=1 buf=480
filling data 480
DecoderError { code: 8199, message: "The channel configuration (either number or arrangement) is not supported." }
ADTS Frame buffer_fullness=255 blocks=1 buf=472
filling data 472
DecoderError { code: 8199, message: "The channel configuration (either number or arrangement) is not supported." }
ADTS Frame buffer_fullness=255 blocks=1 buf=472
filling data 472
DecoderError { code: 8199, message: "The channel configuration (either number or arrangement) is not supported." }
ADTS Frame buffer_fullness=255 blocks=1 buf=477
filling data 477
DecoderError { code: 8199, message: "The channel configuration (either number or arrangement) is not supported." }
ADTS Frame buffer_fullness=255 blocks=1 buf=463
filling data 463
DecoderError { code: 8199, message: "The channel configuration (either number or arrangement) is not supported." }
ADTS Frame buffer_fullness=255 blocks=1 buf=479
filling data 479
DecoderError { code: 8199, message: "The channel configuration (either number or arrangement) is not supported." }
ADTS Frame buffer_fullness=255 blocks=1 buf=469
filling data 469
DecoderError { code: 8199, message: "The channel configuration (either number or arrangement) is not supported." }
ADTS Frame buffer_fullness=255 blocks=1 buf=487
filling data 487
DecoderError { code: 8199, message: "The channel configuration (either number or arrangement) is not supported." }
ADTS Frame buffer_fullness=255 blocks=1 buf=433
filling data 433
DecoderError { code: 8199, message: "The channel configuration (either number or arrangement) is not supported." }
ADTS Frame buffer_fullness=255 blocks=1 buf=461
filling data 461
DecoderError { code: 8199, message: "The channel configuration (either number or arrangement) is not supported." }
ADTS Frame buffer_fullness=255 blocks=1 buf=425
filling data 425
DecoderError { code: 8199, message: "The channel configuration (either number or arrangement) is not supported." }
ADTS Frame buffer_fullness=255 blocks=1 buf=493
filling data 493
DecoderError { code: 8199, message: "The channel configuration (either number or arrangement) is not supported." }
ADTS Frame buffer_fullness=255 blocks=1 buf=500
filling data 500
DecoderError { code: 8199, message: "The channel configuration (either number or arrangement) is not supported." }
ADTS Frame buffer_fullness=255 blocks=1 buf=479
filling data 479
DecoderError { code: 8199, message: "The channel configuration (either number or arrangement) is not supported." }
ADTS Frame buffer_fullness=255 blocks=1 buf=465
filling data 465
DecoderError { code: 8199, message: "The channel configuration (either number or arrangement) is not supported." }
ADTS Frame buffer_fullness=255 blocks=1 buf=470
filling data 470
DecoderError { code: 8199, message: "The channel configuration (either number or arrangement) is not supported." }
ADTS Frame buffer_fullness=255 blocks=1 buf=466
filling data 466
DecoderError { code: 8199, message: "The channel configuration (either number or arrangement) is not supported." }
ADTS Frame buffer_fullness=255 blocks=1 buf=496
filling data 496
DecoderError { code: 8199, message: "The channel configuration (either number or arrangement) is not supported." }
ADTS Frame buffer_fullness=255 blocks=1 buf=475
filling data 475
DecoderError { code: 8199, message: "The channel configuration (either number or arrangement) is not supported." }
ADTS Frame buffer_fullness=255 blocks=1 buf=528
filling data 528
DecoderError { code: 8199, message: "The channel configuration (either number or arrangement) is not supported." }
ADTS Frame buffer_fullness=255 blocks=1 buf=545
filling data 545
DecoderError { code: 8199, message: "The channel configuration (either number or arrangement) is not supported." }
ADTS Frame buffer_fullness=255 blocks=1 buf=493
filling data 493
DecoderError { code: 8199, message: "The channel configuration (either number or arrangement) is not supported." }
ADTS Frame buffer_fullness=255 blocks=1 buf=562
filling data 562
DecoderError { code: 8199, message: "The channel configuration (either number or arrangement) is not supported." }
ADTS Frame buffer_fullness=255 blocks=1 buf=512
filling data 512
DecoderError { code: 8199, message: "The channel configuration (either number or arrangement) is not supported." }
ADTS Frame buffer_fullness=255 blocks=1 buf=483
filling data 483
DecoderError { code: 8199, message: "The channel configuration (either number or arrangement) is not supported." }
ADTS Frame buffer_fullness=255 blocks=1 buf=510
filling data 510
DecoderError { code: 8199, message: "The channel configuration (either number or arrangement) is not supported." }
ADTS Frame buffer_fullness=255 blocks=1 buf=464
filling data 464
DecoderError { code: 8199, message: "The channel configuration (either number or arrangement) is not supported." }
ADTS Frame buffer_fullness=255 blocks=1 buf=495
filling data 495
DecoderError { code: 8199, message: "The channel configuration (either number or arrangement) is not supported." }
ADTS Frame buffer_fullness=255 blocks=1 buf=472
filling data 472
DecoderError { code: 8199, message: "The channel configuration (either number or arrangement) is not supported." }
ADTS Frame buffer_fullness=255 blocks=1 buf=568
filling data 568
DecoderError { code: 8199, message: "The channel configuration (either number or arrangement) is not supported." }
ADTS Frame buffer_fullness=255 blocks=1 buf=561
filling data 561
DecoderError { code: 8199, message: "The channel configuration (either number or arrangement) is not supported." }
ADTS Frame buffer_fullness=255 blocks=1 buf=570
filling data 570
DecoderError { code: 8199, message: "The channel configuration (either number or arrangement) is not supported." }
ADTS Frame buffer_fullness=255 blocks=1 buf=502
filling data 502
DecoderError { code: 8199, message: "The channel configuration (either number or arrangement) is not supported." }
ADTS Frame buffer_fullness=255 blocks=1 buf=505
filling data 505
DecoderError { code: 8199, message: "The channel configuration (either number or arrangement) is not supported." }
ADTS Frame buffer_fullness=255 blocks=1 buf=466
filling data 466
DecoderError { code: 8199, message: "The channel configuration (either number or arrangement) is not supported." }
ADTS Frame buffer_fullness=255 blocks=1 buf=477
filling data 477
DecoderError { code: 8199, message: "The channel configuration (either number or arrangement) is not supported." }
ADTS Frame buffer_fullness=255 blocks=1 buf=475
filling data 475
DecoderError { code: 8199, message: "The channel configuration (either number or arrangement) is not supported." }
ADTS Frame buffer_fullness=255 blocks=1 buf=462
filling data 462
DecoderError { code: 8199, message: "The channel configuration (either number or arrangement) is not supported." }
ADTS Frame buffer_fullness=255 blocks=1 buf=451
filling data 451
DecoderError { code: 8199, message: "The channel configuration (either number or arrangement) is not supported." }
ADTS Frame buffer_fullness=255 blocks=1 buf=493
filling data 493
DecoderError { code: 8199, message: "The channel configuration (either number or arrangement) is not supported." }
ADTS Frame buffer_fullness=255 blocks=1 buf=485
filling data 485
DecoderError { code: 8199, message: "The channel configuration (either number or arrangement) is not supported." }
ADTS Frame buffer_fullness=255 blocks=1 buf=456
filling data 456
DecoderError { code: 8199, message: "The channel configuration (either number or arrangement) is not supported." }
ADTS Frame buffer_fullness=255 blocks=1 buf=475
filling data 475
DecoderError { code: 8199, message: "The channel configuration (either number or arrangement) is not supported." }
ADTS Frame buffer_fullness=255 blocks=1 buf=473
filling data 473
DecoderError { code: 8199, message: "The channel configuration (either number or arrangement) is not supported." }
ADTS Frame buffer_fullness=255 blocks=1 buf=482
filling data 482
DecoderError { code: 8199, message: "The channel configuration (either number or arrangement) is not supported." }
ADTS Frame buffer_fullness=255 blocks=1 buf=466
filling data 466
DecoderError { code: 8199, message: "The channel configuration (either number or arrangement) is not supported." }
ADTS Frame buffer_fullness=255 blocks=1 buf=473
filling data 473
DecoderError { code: 8199, message: "The channel configuration (either number or arrangement) is not supported." }
ADTS Frame buffer_fullness=255 blocks=1 buf=487
filling data 487
DecoderError { code: 8199, message: "The channel configuration (either number or arrangement) is not supported." }
ADTS Frame buffer_fullness=255 blocks=1 buf=451
filling data 451
DecoderError { code: 8199, message: "The channel configuration (either number or arrangement) is not supported." }
ADTS Frame buffer_fullness=255 blocks=1 buf=490
filling data 490
DecoderError { code: 8199, message: "The channel configuration (either number or arrangement) is not supported." }
ADTS Frame buffer_fullness=255 blocks=1 buf=459
filling data 459
DecoderError { code: 8199, message: "The channel configuration (either number or arrangement) is not supported." }
ADTS Frame buffer_fullness=255 blocks=1 buf=480
filling data 480
DecoderError { code: 8199, message: "The channel configuration (either number or arrangement) is not supported." }
ADTS Frame buffer_fullness=255 blocks=1 buf=516
filling data 516
DecoderError { code: 8199, message: "The channel configuration (either number or arrangement) is not supported." }
ADTS Frame buffer_fullness=255 blocks=1 buf=506
filling data 506
DecoderError { code: 8199, message: "The channel configuration (either number or arrangement) is not supported." }
ADTS Frame buffer_fullness=255 blocks=1 buf=479
filling data 479
DecoderError { code: 8199, message: "The channel configuration (either number or arrangement) is not supported." }
ADTS Frame buffer_fullness=255 blocks=1 buf=455
filling data 455
DecoderError { code: 8199, message: "The channel configuration (either number or arrangement) is not supported." }
ADTS Frame buffer_fullness=255 blocks=1 buf=457
filling data 457
DecoderError { code: 8199, message: "The channel configuration (either number or arrangement) is not supported." }
ADTS Frame buffer_fullness=255 blocks=1 buf=462
filling data 462
DecoderError { code: 8199, message: "The channel configuration (either number or arrangement) is not supported." }
ADTS Frame buffer_fullness=255 blocks=1 buf=463
filling data 463
DecoderError { code: 8199, message: "The channel configuration (either number or arrangement) is not supported." }
ADTS Frame buffer_fullness=255 blocks=1 buf=470
filling data 470
DecoderError { code: 8199, message: "The channel configuration (either number or arrangement) is not supported." }
ADTS Frame buffer_fullness=255 blocks=1 buf=472
filling data 472
DecoderError { code: 8199, message: "The channel configuration (either number or arrangement) is not supported." }
ADTS Frame buffer_fullness=255 blocks=1 buf=468
filling data 468
DecoderError { code: 8199, message: "The channel configuration (either number or arrangement) is not supported." }
ADTS Frame buffer_fullness=255 blocks=1 buf=473
filling data 473
DecoderError { code: 8199, message: "The channel configuration (either number or arrangement) is not supported." }
ADTS Frame buffer_fullness=255 blocks=1 buf=500
filling data 500
DecoderError { code: 8199, message: "The channel configuration (either number or arrangement) is not supported." }
ADTS Frame buffer_fullness=255 blocks=1 buf=474
filling data 474
DecoderError { code: 8199, message: "The channel configuration (either number or arrangement) is not supported." }
ADTS Frame buffer_fullness=255 blocks=1 buf=467
filling data 467
DecoderError { code: 8199, message: "The channel configuration (either number or arrangement) is not supported." }
ADTS Frame buffer_fullness=255 blocks=1 buf=446
filling data 446
DecoderError { code: 8199, message: "The channel configuration (either number or arrangement) is not supported." }
ADTS Frame buffer_fullness=255 blocks=1 buf=467
filling data 467
DecoderError { code: 8199, message: "The channel configuration (either number or arrangement) is not supported." }
ADTS Frame buffer_fullness=255 blocks=1 buf=488
filling data 488
DecoderError { code: 8199, message: "The channel configuration (either number or arrangement) is not supported." }
ADTS Frame buffer_fullness=255 blocks=1 buf=478
filling data 478
DecoderError { code: 8199, message: "The channel configuration (either number or arrangement) is not supported." }
ADTS Frame buffer_fullness=255 blocks=1 buf=511
filling data 511
DecoderError { code: 8199, message: "The channel configuration (either number or arrangement) is not supported." }
ADTS Frame buffer_fullness=255 blocks=1 buf=440
filling data 440
DecoderError { code: 8199, message: "The channel configuration (either number or arrangement) is not supported." }
ADTS Frame buffer_fullness=255 blocks=1 buf=444
filling data 444
DecoderError { code: 8199, message: "The channel configuration (either number or arrangement) is not supported." }
ADTS Frame buffer_fullness=255 blocks=1 buf=625
filling data 625
DecoderError { code: 8199, message: "The channel configuration (either number or arrangement) is not supported." }
ADTS Frame buffer_fullness=255 blocks=1 buf=654
filling data 654
DecoderError { code: 8199, message: "The channel configuration (either number or arrangement) is not supported." }
ADTS Frame buffer_fullness=255 blocks=1 buf=661
filling data 661
DecoderError { code: 8199, message: "The channel configuration (either number or arrangement) is not supported." }
ADTS Frame buffer_fullness=255 blocks=1 buf=576
filling data 576
DecoderError { code: 8199, message: "The channel configuration (either number or arrangement) is not supported." }
ADTS Frame buffer_fullness=255 blocks=1 buf=645
filling data 645
DecoderError { code: 8199, message: "The channel configuration (either number or arrangement) is not supported." }
ADTS Frame buffer_fullness=255 blocks=1 buf=621
filling data 621
DecoderError { code: 8199, message: "The channel configuration (either number or arrangement) is not supported." }
ADTS Frame buffer_fullness=255 blocks=1 buf=570
filling data 570
DecoderError { code: 8199, message: "The channel configuration (either number or arrangement) is not supported." }
ADTS Frame buffer_fullness=255 blocks=1 buf=537
filling data 537
DecoderError { code: 8199, message: "The channel configuration (either number or arrangement) is not supported." }
ADTS Frame buffer_fullness=255 blocks=1 buf=510
filling data 510
DecoderError { code: 8199, message: "The channel configuration (either number or arrangement) is not supported." }
ADTS Frame buffer_fullness=255 blocks=1 buf=487
filling data 487
DecoderError { code: 8199, message: "The channel configuration (either number or arrangement) is not supported." }
ADTS Frame buffer_fullness=255 blocks=1 buf=525
filling data 525
DecoderError { code: 8199, message: "The channel configuration (either number or arrangement) is not supported." }
ADTS Frame buffer_fullness=255 blocks=1 buf=758
filling data 758
DecoderError { code: 8199, message: "The channel configuration (either number or arrangement) is not supported." }
ADTS Frame buffer_fullness=255 blocks=1 buf=472
filling data 472
DecoderError { code: 8199, message: "The channel configuration (either number or arrangement) is not supported." }
ADTS Frame buffer_fullness=255 blocks=1 buf=516
filling data 516
DecoderError { code: 8199, message: "The channel configuration (either number or arrangement) is not supported." }
ADTS Frame buffer_fullness=255 blocks=1 buf=489
filling data 489
DecoderError { code: 8199, message: "The channel configuration (either number or arrangement) is not supported." }
ADTS Frame buffer_fullness=255 blocks=1 buf=469
filling data 469
DecoderError { code: 8199, message: "The channel configuration (either number or arrangement) is not supported." }
ADTS Frame buffer_fullness=255 blocks=1 buf=512
filling data 512
DecoderError { code: 8199, message: "The channel configuration (either number or arrangement) is not supported." }
ADTS Frame buffer_fullness=255 blocks=1 buf=584
filling data 584
DecoderError { code: 8199, message: "The channel configuration (either number or arrangement) is not supported." }
ADTS Frame buffer_fullness=255 blocks=1 buf=513
filling data 513
DecoderError { code: 8199, message: "The channel configuration (either number or arrangement) is not supported." }
ADTS Frame buffer_fullness=255 blocks=1 buf=507
filling data 507
DecoderError { code: 8199, message: "The channel configuration (either number or arrangement) is not supported." }
ADTS Frame buffer_fullness=255 blocks=1 buf=485
filling data 485
DecoderError { code: 8199, message: "The channel configuration (either number or arrangement) is not supported." }
ADTS Frame buffer_fullness=255 blocks=1 buf=452
filling data 452
DecoderError { code: 8199, message: "The channel configuration (either number or arrangement) is not supported." }
ADTS Frame buffer_fullness=255 blocks=1 buf=548
filling data 548
DecoderError { code: 8199, message: "The channel configuration (either number or arrangement) is not supported." }
ADTS Frame buffer_fullness=255 blocks=1 buf=583
filling data 583
DecoderError { code: 8199, message: "The channel configuration (either number or arrangement) is not supported." }
ADTS Frame buffer_fullness=255 blocks=1 buf=502
filling data 502
DecoderError { code: 8199, message: "The channel configuration (either number or arrangement) is not supported." }
ADTS Frame buffer_fullness=255 blocks=1 buf=546
filling data 546
DecoderError { code: 8199, message: "The channel configuration (either number or arrangement) is not supported." }
ADTS Frame buffer_fullness=255 blocks=1 buf=649
filling data 649
DecoderError { code: 8199, message: "The channel configuration (either number or arrangement) is not supported." }
ADTS Frame buffer_fullness=255 blocks=1 buf=704
filling data 704
DecoderError { code: 8199, message: "The channel configuration (either number or arrangement) is not supported." }
ADTS Frame buffer_fullness=255 blocks=1 buf=692
filling data 692
DecoderError { code: 8199, message: "The channel configuration (either number or arrangement) is not supported." }
ADTS Frame buffer_fullness=255 blocks=1 buf=519
filling data 519
DecoderError { code: 8199, message: "The channel configuration (either number or arrangement) is not supported." }
ADTS Frame buffer_fullness=255 blocks=1 buf=587
filling data 587
DecoderError { code: 8199, message: "The channel configuration (either number or arrangement) is not supported." }
ADTS Frame buffer_fullness=255 blocks=1 buf=628
filling data 628
DecoderError { code: 8199, message: "The channel configuration (either number or arrangement) is not supported." }
ADTS Frame buffer_fullness=255 blocks=1 buf=515
filling data 515
DecoderError { code: 8199, message: "The channel configuration (either number or arrangement) is not supported." }
ADTS Frame buffer_fullness=255 blocks=1 buf=486
filling data 486
DecoderError { code: 8199, message: "The channel configuration (either number or arrangement) is not supported." }
ADTS Frame buffer_fullness=255 blocks=1 buf=522
filling data 522
DecoderError { code: 8199, message: "The channel configuration (either number or arrangement) is not supported." }
ADTS Frame buffer_fullness=255 blocks=1 buf=468
filling data 468
DecoderError { code: 8199, message: "The channel configuration (either number or arrangement) is not supported." }
ADTS Frame buffer_fullness=255 blocks=1 buf=453
filling data 453
DecoderError { code: 8199, message: "The channel configuration (either number or arrangement) is not supported." }
ADTS Frame buffer_fullness=255 blocks=1 buf=446
filling data 446
DecoderError { code: 8199, message: "The channel configuration (either number or arrangement) is not supported." }
ADTS Frame buffer_fullness=255 blocks=1 buf=484
filling data 484
DecoderError { code: 8199, message: "The channel configuration (either number or arrangement) is not supported." }
ADTS Frame buffer_fullness=255 blocks=1 buf=482
filling data 482
DecoderError { code: 8199, message: "The channel configuration (either number or arrangement) is not supported." }
ADTS Frame buffer_fullness=255 blocks=1 buf=489
filling data 489
DecoderError { code: 8199, message: "The channel configuration (either number or arrangement) is not supported." }
ADTS Frame buffer_fullness=255 blocks=1 buf=601
filling data 601
DecoderError { code: 8199, message: "The channel configuration (either number or arrangement) is not supported." }
ADTS Frame buffer_fullness=255 blocks=1 buf=648
filling data 648
DecoderError { code: 8199, message: "The channel configuration (either number or arrangement) is not supported." }
ADTS Frame buffer_fullness=255 blocks=1 buf=587
filling data 587
DecoderError { code: 8199, message: "The channel configuration (either number or arrangement) is not supported." }
ADTS Frame buffer_fullness=255 blocks=1 buf=570
filling data 570
DecoderError { code: 8199, message: "The channel configuration (either number or arrangement) is not supported." }
ADTS Frame buffer_fullness=255 blocks=1 buf=575
filling data 575
DecoderError { code: 8199, message: "The channel configuration (either number or arrangement) is not supported." }
ADTS Frame buffer_fullness=255 blocks=1 buf=542
filling data 542
DecoderError { code: 8199, message: "The channel configuration (either number or arrangement) is not supported." }
ADTS Frame buffer_fullness=255 blocks=1 buf=580
filling data 580
DecoderError { code: 8199, message: "The channel configuration (either number or arrangement) is not supported." }
ADTS Frame buffer_fullness=255 blocks=1 buf=568
filling data 568
DecoderError { code: 8199, message: "The channel configuration (either number or arrangement) is not supported." }
ADTS Frame buffer_fullness=255 blocks=1 buf=504
filling data 504
DecoderError { code: 8199, message: "The channel configuration (either number or arrangement) is not supported." }
ADTS Frame buffer_fullness=255 blocks=1 buf=493
filling data 493
DecoderError { code: 8199, message: "The channel configuration (either number or arrangement) is not supported." }
ADTS Frame buffer_fullness=255 blocks=1 buf=474
filling data 474
DecoderError { code: 8199, message: "The channel configuration (either number or arrangement) is not supported." }
ADTS Frame buffer_fullness=255 blocks=1 buf=454
filling data 454
DecoderError { code: 8199, message: "The channel configuration (either number or arrangement) is not supported." }
ADTS Frame buffer_fullness=255 blocks=1 buf=450
filling data 450
DecoderError { code: 8199, message: "The channel configuration (either number or arrangement) is not supported." }
ADTS Frame buffer_fullness=255 blocks=1 buf=464
filling data 464
DecoderError { code: 8199, message: "The channel configuration (either number or arrangement) is not supported." }
ADTS Frame buffer_fullness=255 blocks=1 buf=463
filling data 463
DecoderError { code: 8199, message: "The channel configuration (either number or arrangement) is not supported." }
ADTS Frame buffer_fullness=255 blocks=1 buf=463
filling data 463
DecoderError { code: 8199, message: "The channel configuration (either number or arrangement) is not supported." }
ADTS Frame buffer_fullness=255 blocks=1 buf=520
filling data 520
DecoderError { code: 8199, message: "The channel configuration (either number or arrangement) is not supported." }
ADTS Frame buffer_fullness=255 blocks=1 buf=458
filling data 458
DecoderError { code: 8199, message: "The channel configuration (either number or arrangement) is not supported." }
ADTS Frame buffer_fullness=255 blocks=1 buf=465
filling data 465
DecoderError { code: 8199, message: "The channel configuration (either number or arrangement) is not supported." }
ADTS Frame buffer_fullness=255 blocks=1 buf=565
filling data 565
DecoderError { code: 8199, message: "The channel configuration (either number or arrangement) is not supported." }
ADTS Frame buffer_fullness=255 blocks=1 buf=547
filling data 547
DecoderError { code: 8199, message: "The channel configuration (either number or arrangement) is not supported." }
ADTS Frame buffer_fullness=255 blocks=1 buf=490
filling data 490
DecoderError { code: 8199, message: "The channel configuration (either number or arrangement) is not supported." }
ADTS Frame buffer_fullness=255 blocks=1 buf=491
filling data 491
DecoderError { code: 8199, message: "The channel configuration (either number or arrangement) is not supported." }
ADTS Frame buffer_fullness=255 blocks=1 buf=553
filling data 553
DecoderError { code: 8199, message: "The channel configuration (either number or arrangement) is not supported." }
ADTS Frame buffer_fullness=255 blocks=1 buf=588
filling data 588
DecoderError { code: 8199, message: "The channel configuration (either number or arrangement) is not supported." }
ADTS Frame buffer_fullness=255 blocks=1 buf=554
filling data 554
DecoderError { code: 8199, message: "The channel configuration (either number or arrangement) is not supported." }
ADTS Frame buffer_fullness=255 blocks=1 buf=553
filling data 553
DecoderError { code: 8199, message: "The channel configuration (either number or arrangement) is not supported." }
ADTS Frame buffer_fullness=255 blocks=1 buf=574
filling data 574
DecoderError { code: 8199, message: "The channel configuration (either number or arrangement) is not supported." }
ADTS Frame buffer_fullness=255 blocks=1 buf=564
filling data 564
DecoderError { code: 8199, message: "The channel configuration (either number or arrangement) is not supported." }
ADTS Frame buffer_fullness=255 blocks=1 buf=548
filling data 548
DecoderError { code: 8199, message: "The channel configuration (either number or arrangement) is not supported." }
ADTS Frame buffer_fullness=255 blocks=1 buf=538
filling data 538
DecoderError { code: 8199, message: "The channel configuration (either number or arrangement) is not supported." }
ADTS Frame buffer_fullness=255 blocks=1 buf=503
filling data 503
DecoderError { code: 8199, message: "The channel configuration (either number or arrangement) is not supported." }
ADTS Frame buffer_fullness=255 blocks=1 buf=511
filling data 511
DecoderError { code: 8199, message: "The channel configuration (either number or arrangement) is not supported." }
ADTS Frame buffer_fullness=255 blocks=1 buf=520
filling data 520
DecoderError { code: 8199, message: "The channel configuration (either number or arrangement) is not supported." }
ADTS Frame buffer_fullness=255 blocks=1 buf=471
filling data 471
DecoderError { code: 8199, message: "The channel configuration (either number or arrangement) is not supported." }
ADTS Frame buffer_fullness=255 blocks=1 buf=503
filling data 503
DecoderError { code: 8199, message: "The channel configuration (either number or arrangement) is not supported." }
ADTS Frame buffer_fullness=255 blocks=1 buf=545
filling data 545
DecoderError { code: 8199, message: "The channel configuration (either number or arrangement) is not supported." }
ADTS Frame buffer_fullness=255 blocks=1 buf=537
filling data 537
DecoderError { code: 8199, message: "The channel configuration (either number or arrangement) is not supported." }
ADTS Frame buffer_fullness=255 blocks=1 buf=505
filling data 505
DecoderError { code: 8199, message: "The channel configuration (either number or arrangement) is not supported." }
ADTS Frame buffer_fullness=255 blocks=1 buf=505
filling data 505
DecoderError { code: 8199, message: "The channel configuration (either number or arrangement) is not supported." }
ADTS Frame buffer_fullness=255 blocks=1 buf=440
filling data 440
DecoderError { code: 8199, message: "The channel configuration (either number or arrangement) is not supported." }
ADTS Frame buffer_fullness=255 blocks=1 buf=432
filling data 432
DecoderError { code: 8199, message: "The channel configuration (either number or arrangement) is not supported." }
ADTS Frame buffer_fullness=255 blocks=1 buf=515
filling data 515
DecoderError { code: 8199, message: "The channel configuration (either number or arrangement) is not supported." }
ADTS Frame buffer_fullness=255 blocks=1 buf=463
filling data 463
DecoderError { code: 8199, message: "The channel configuration (either number or arrangement) is not supported." }
ADTS Frame buffer_fullness=255 blocks=1 buf=477
filling data 477
DecoderError { code: 8199, message: "The channel configuration (either number or arrangement) is not supported." }
ADTS Frame buffer_fullness=255 blocks=1 buf=558
filling data 558
DecoderError { code: 8199, message: "The channel configuration (either number or arrangement) is not supported." }
ADTS Frame buffer_fullness=255 blocks=1 buf=539
filling data 539
DecoderError { code: 8199, message: "The channel configuration (either number or arrangement) is not supported." }
ADTS Frame buffer_fullness=255 blocks=1 buf=516
filling data 516
DecoderError { code: 8199, message: "The channel configuration (either number or arrangement) is not supported." }
ADTS Frame buffer_fullness=255 blocks=1 buf=510
filling data 510
DecoderError { code: 8199, message: "The channel configuration (either number or arrangement) is not supported." }
ADTS Frame buffer_fullness=255 blocks=1 buf=494
filling data 494
DecoderError { code: 8199, message: "The channel configuration (either number or arrangement) is not supported." }
ADTS Frame buffer_fullness=255 blocks=1 buf=630
filling data 630
DecoderError { code: 8199, message: "The channel configuration (either number or arrangement) is not supported." }
ADTS Frame buffer_fullness=255 blocks=1 buf=561
filling data 561
DecoderError { code: 8199, message: "The channel configuration (either number or arrangement) is not supported." }
ADTS Frame buffer_fullness=255 blocks=1 buf=567
filling data 567
DecoderError { code: 8199, message: "The channel configuration (either number or arrangement) is not supported." }
ADTS Frame buffer_fullness=255 blocks=1 buf=577
filling data 577
DecoderError { code: 8199, message: "The channel configuration (either number or arrangement) is not supported." }
ADTS Frame buffer_fullness=255 blocks=1 buf=620
filling data 620
DecoderError { code: 8199, message: "The channel configuration (either number or arrangement) is not supported." }
ADTS Frame buffer_fullness=255 blocks=1 buf=490
filling data 490
DecoderError { code: 8199, message: "The channel configuration (either number or arrangement) is not supported." }
ADTS Frame buffer_fullness=255 blocks=1 buf=498
filling data 498
DecoderError { code: 8199, message: "The channel configuration (either number or arrangement) is not supported." }
ADTS Frame buffer_fullness=255 blocks=1 buf=465
filling data 465
DecoderError { code: 8199, message: "The channel configuration (either number or arrangement) is not supported." }
ADTS Frame buffer_fullness=255 blocks=1 buf=475
filling data 475
DecoderError { code: 8199, message: "The channel configuration (either number or arrangement) is not supported." }
ADTS Frame buffer_fullness=255 blocks=1 buf=513
filling data 513
DecoderError { code: 8199, message: "The channel configuration (either number or arrangement) is not supported." }
ADTS Frame buffer_fullness=255 blocks=1 buf=522
filling data 522
DecoderError { code: 8199, message: "The channel configuration (either number or arrangement) is not supported." }
ADTS Frame buffer_fullness=255 blocks=1 buf=492
filling data 492
DecoderError { code: 8199, message: "The channel configuration (either number or arrangement) is not supported." }
ADTS Frame buffer_fullness=255 blocks=1 buf=497
filling data 497
DecoderError { code: 8199, message: "The channel configuration (either number or arrangement) is not supported." }
ADTS Frame buffer_fullness=255 blocks=1 buf=476
filling data 476
DecoderError { code: 8199, message: "The channel configuration (either number or arrangement) is not supported." }
ADTS Frame buffer_fullness=255 blocks=1 buf=497
filling data 497
DecoderError { code: 8199, message: "The channel configuration (either number or arrangement) is not supported." }
ADTS Frame buffer_fullness=255 blocks=1 buf=476
filling data 476
DecoderError { code: 8199, message: "The channel configuration (either number or arrangement) is not supported." }
ADTS Frame buffer_fullness=255 blocks=1 buf=459
filling data 459
DecoderError { code: 8199, message: "The channel configuration (either number or arrangement) is not supported." }
ADTS Frame buffer_fullness=255 blocks=1 buf=475
filling data 475
DecoderError { code: 8199, message: "The channel configuration (either number or arrangement) is not supported." }
ADTS Frame buffer_fullness=255 blocks=1 buf=479
filling data 479
DecoderError { code: 8199, message: "The channel configuration (either number or arrangement) is not supported." }
ADTS Frame buffer_fullness=255 blocks=1 buf=575
filling data 575
DecoderError { code: 8199, message: "The channel configuration (either number or arrangement) is not supported." }
ADTS Frame buffer_fullness=255 blocks=1 buf=519
filling data 519
DecoderError { code: 8199, message: "The channel configuration (either number or arrangement) is not supported." }
ADTS Frame buffer_fullness=255 blocks=1 buf=496
filling data 496
DecoderError { code: 8199, message: "The channel configuration (either number or arrangement) is not supported." }
ADTS Frame buffer_fullness=255 blocks=1 buf=538
filling data 538
DecoderError { code: 8199, message: "The channel configuration (either number or arrangement) is not supported." }
ADTS Frame buffer_fullness=255 blocks=1 buf=539
filling data 539
DecoderError { code: 8199, message: "The channel configuration (either number or arrangement) is not supported." }
ADTS Frame buffer_fullness=255 blocks=1 buf=551
filling data 551
DecoderError { code: 8199, message: "The channel configuration (either number or arrangement) is not supported." }
ADTS Frame buffer_fullness=255 blocks=1 buf=533
filling data 533
DecoderError { code: 8199, message: "The channel configuration (either number or arrangement) is not supported." }
ADTS Frame buffer_fullness=255 blocks=1 buf=458
filling data 458
DecoderError { code: 8199, message: "The channel configuration (either number or arrangement) is not supported." }
ADTS Frame buffer_fullness=255 blocks=1 buf=501
filling data 501
DecoderError { code: 8199, message: "The channel configuration (either number or arrangement) is not supported." }
ADTS Frame buffer_fullness=255 blocks=1 buf=517
filling data 517
DecoderError { code: 8199, message: "The channel configuration (either number or arrangement) is not supported." }
ADTS Frame buffer_fullness=255 blocks=1 buf=503
filling data 503
DecoderError { code: 8199, message: "The channel configuration (either number or arrangement) is not supported." }
ADTS Frame buffer_fullness=255 blocks=1 buf=442
filling data 442
DecoderError { code: 8199, message: "The channel configuration (either number or arrangement) is not supported." }
ADTS Frame buffer_fullness=255 blocks=1 buf=447
filling data 447
DecoderError { code: 8199, message: "The channel configuration (either number or arrangement) is not supported." }
ADTS Frame buffer_fullness=255 blocks=1 buf=478
filling data 478
DecoderError { code: 8199, message: "The channel configuration (either number or arrangement) is not supported." }
ADTS Frame buffer_fullness=255 blocks=1 buf=539
filling data 539
DecoderError { code: 8199, message: "The channel configuration (either number or arrangement) is not supported." }
ADTS Frame buffer_fullness=255 blocks=1 buf=512
filling data 512
DecoderError { code: 8199, message: "The channel configuration (either number or arrangement) is not supported." }
ADTS Frame buffer_fullness=255 blocks=1 buf=469
filling data 469
DecoderError { code: 8199, message: "The channel configuration (either number or arrangement) is not supported." }
ADTS Frame buffer_fullness=255 blocks=1 buf=503
filling data 503
DecoderError { code: 8199, message: "The channel configuration (either number or arrangement) is not supported." }
ADTS Frame buffer_fullness=255 blocks=1 buf=485
filling data 485
DecoderError { code: 8199, message: "The channel configuration (either number or arrangement) is not supported." }
ADTS Frame buffer_fullness=255 blocks=1 buf=482
filling data 482
DecoderError { code: 8199, message: "The channel configuration (either number or arrangement) is not supported." }
ADTS Frame buffer_fullness=255 blocks=1 buf=479
filling data 479
DecoderError { code: 8199, message: "The channel configuration (either number or arrangement) is not supported." }
ADTS Frame buffer_fullness=255 blocks=1 buf=488
filling data 488
DecoderError { code: 8199, message: "The channel configuration (either number or arrangement) is not supported." }
ADTS Frame buffer_fullness=255 blocks=1 buf=458
filling data 458
DecoderError { code: 8199, message: "The channel configuration (either number or arrangement) is not supported." }
ADTS Frame buffer_fullness=255 blocks=1 buf=465
filling data 465
DecoderError { code: 8199, message: "The channel configuration (either number or arrangement) is not supported." }
ADTS Frame buffer_fullness=255 blocks=1 buf=475
filling data 475
DecoderError { code: 8199, message: "The channel configuration (either number or arrangement) is not supported." }
ADTS Frame buffer_fullness=255 blocks=1 buf=450
filling data 450
DecoderError { code: 8199, message: "The channel configuration (either number or arrangement) is not supported." }
ADTS Frame buffer_fullness=255 blocks=1 buf=514
filling data 514
DecoderError { code: 8199, message: "The channel configuration (either number or arrangement) is not supported." }
ADTS Frame buffer_fullness=255 blocks=1 buf=569
filling data 569
DecoderError { code: 8199, message: "The channel configuration (either number or arrangement) is not supported." }
ADTS Frame buffer_fullness=255 blocks=1 buf=535
filling data 535
DecoderError { code: 8199, message: "The channel configuration (either number or arrangement) is not supported." }
ADTS Frame buffer_fullness=255 blocks=1 buf=642
filling data 642
DecoderError { code: 8199, message: "The channel configuration (either number or arrangement) is not supported." }
ADTS Frame buffer_fullness=255 blocks=1 buf=646
filling data 646
DecoderError { code: 8199, message: "The channel configuration (either number or arrangement) is not supported." }
ADTS Frame buffer_fullness=255 blocks=1 buf=625
filling data 625
DecoderError { code: 8199, message: "The channel configuration (either number or arrangement) is not supported." }
ADTS Frame buffer_fullness=255 blocks=1 buf=500
filling data 500
DecoderError { code: 8199, message: "The channel configuration (either number or arrangement) is not supported." }
ADTS Frame buffer_fullness=255 blocks=1 buf=436
filling data 436
DecoderError { code: 8199, message: "The channel configuration (either number or arrangement) is not supported." }
ADTS Frame buffer_fullness=255 blocks=1 buf=465
filling data 465
DecoderError { code: 8199, message: "The channel configuration (either number or arrangement) is not supported." }
ADTS Frame buffer_fullness=255 blocks=1 buf=436
filling data 436
DecoderError { code: 8199, message: "The channel configuration (either number or arrangement) is not supported." }
ADTS Frame buffer_fullness=255 blocks=1 buf=475
filling data 475
DecoderError { code: 8199, message: "The channel configuration (either number or arrangement) is not supported." }
ADTS Frame buffer_fullness=255 blocks=1 buf=464
filling data 464
DecoderError { code: 8199, message: "The channel configuration (either number or arrangement) is not supported." }
ADTS Frame buffer_fullness=255 blocks=1 buf=535
filling data 535
DecoderError { code: 8199, message: "The channel configuration (either number or arrangement) is not supported." }
ADTS Frame buffer_fullness=255 blocks=1 buf=502
filling data 502
DecoderError { code: 8199, message: "The channel configuration (either number or arrangement) is not supported." }
ADTS Frame buffer_fullness=255 blocks=1 buf=440
filling data 440
DecoderError { code: 8199, message: "The channel configuration (either number or arrangement) is not supported." }
ADTS Frame buffer_fullness=255 blocks=1 buf=432
filling data 432
DecoderError { code: 8199, message: "The channel configuration (either number or arrangement) is not supported." }
ADTS Frame buffer_fullness=255 blocks=1 buf=431
filling data 431
DecoderError { code: 8199, message: "The channel configuration (either number or arrangement) is not supported." }
ADTS Frame buffer_fullness=255 blocks=1 buf=432
filling data 432
DecoderError { code: 8199, message: "The channel configuration (either number or arrangement) is not supported." }
ADTS Frame buffer_fullness=255 blocks=1 buf=432
filling data 432
DecoderError { code: 8199, message: "The channel configuration (either number or arrangement) is not supported." }
ADTS Frame buffer_fullness=255 blocks=1 buf=444
filling data 444
DecoderError { code: 8199, message: "The channel configuration (either number or arrangement) is not supported." }
ADTS Frame buffer_fullness=255 blocks=1 buf=448
filling data 448
DecoderError { code: 8199, message: "The channel configuration (either number or arrangement) is not supported." }
ADTS Frame buffer_fullness=255 blocks=1 buf=448
filling data 448
DecoderError { code: 8199, message: "The channel configuration (either number or arrangement) is not supported." }
ADTS Frame buffer_fullness=255 blocks=1 buf=467
filling data 467
DecoderError { code: 8199, message: "The channel configuration (either number or arrangement) is not supported." }
ADTS Frame buffer_fullness=255 blocks=1 buf=429
filling data 429
DecoderError { code: 8199, message: "The channel configuration (either number or arrangement) is not supported." }
ADTS Frame buffer_fullness=255 blocks=1 buf=421
filling data 421
DecoderError { code: 8199, message: "The channel configuration (either number or arrangement) is not supported." }
ADTS Frame buffer_fullness=255 blocks=1 buf=492
filling data 492
DecoderError { code: 8199, message: "The channel configuration (either number or arrangement) is not supported." }
ADTS Frame buffer_fullness=255 blocks=1 buf=424
filling data 424
DecoderError { code: 8199, message: "The channel configuration (either number or arrangement) is not supported." }
ADTS Frame buffer_fullness=255 blocks=1 buf=490
filling data 490
DecoderError { code: 8199, message: "The channel configuration (either number or arrangement) is not supported." }
ADTS Frame buffer_fullness=255 blocks=1 buf=460
filling data 460
DecoderError { code: 8199, message: "The channel configuration (either number or arrangement) is not supported." }
ADTS Frame buffer_fullness=255 blocks=1 buf=468
filling data 468
DecoderError { code: 8199, message: "The channel configuration (either number or arrangement) is not supported." }
ADTS Frame buffer_fullness=255 blocks=1 buf=435
filling data 435
DecoderError { code: 8199, message: "The channel configuration (either number or arrangement) is not supported." }
ADTS Frame buffer_fullness=255 blocks=1 buf=503
filling data 503
DecoderError { code: 8199, message: "The channel configuration (either number or arrangement) is not supported." }
ADTS Frame buffer_fullness=255 blocks=1 buf=488
filling data 488
DecoderError { code: 8199, message: "The channel configuration (either number or arrangement) is not supported." }
ADTS Frame buffer_fullness=255 blocks=1 buf=498
filling data 498
DecoderError { code: 8199, message: "The channel configuration (either number or arrangement) is not supported." }
ADTS Frame buffer_fullness=255 blocks=1 buf=527
filling data 527
DecoderError { code: 8199, message: "The channel configuration (either number or arrangement) is not supported." }
ADTS Frame buffer_fullness=255 blocks=1 buf=496
filling data 496
DecoderError { code: 8199, message: "The channel configuration (either number or arrangement) is not supported." }
ADTS Frame buffer_fullness=255 blocks=1 buf=458
filling data 458
DecoderError { code: 8199, message: "The channel configuration (either number or arrangement) is not supported." }
ADTS Frame buffer_fullness=255 blocks=1 buf=471
filling data 471
DecoderError { code: 8199, message: "The channel configuration (either number or arrangement) is not supported." }
ADTS Frame buffer_fullness=255 blocks=1 buf=550
filling data 550
DecoderError { code: 8199, message: "The channel configuration (either number or arrangement) is not supported." }
ADTS Frame buffer_fullness=255 blocks=1 buf=573
filling data 573
DecoderError { code: 8199, message: "The channel configuration (either number or arrangement) is not supported." }
ADTS Frame buffer_fullness=255 blocks=1 buf=540
filling data 540
DecoderError { code: 8199, message: "The channel configuration (either number or arrangement) is not supported." }
ADTS Frame buffer_fullness=255 blocks=1 buf=497
filling data 497
DecoderError { code: 8199, message: "The channel configuration (either number or arrangement) is not supported." }
ADTS Frame buffer_fullness=255 blocks=1 buf=494
filling data 494
DecoderError { code: 8199, message: "The channel configuration (either number or arrangement) is not supported." }
ADTS Frame buffer_fullness=255 blocks=1 buf=474
filling data 474
DecoderError { code: 8199, message: "The channel configuration (either number or arrangement) is not supported." }
ADTS Frame buffer_fullness=255 blocks=1 buf=502
filling data 502
DecoderError { code: 8199, message: "The channel configuration (either number or arrangement) is not supported." }
ADTS Frame buffer_fullness=255 blocks=1 buf=599
filling data 599
DecoderError { code: 8199, message: "The channel configuration (either number or arrangement) is not supported." }
ADTS Frame buffer_fullness=255 blocks=1 buf=572
filling data 572
DecoderError { code: 8199, message: "The channel configuration (either number or arrangement) is not supported." }
ADTS Frame buffer_fullness=255 blocks=1 buf=636
filling data 636
DecoderError { code: 8199, message: "The channel configuration (either number or arrangement) is not supported." }
ADTS Frame buffer_fullness=255 blocks=1 buf=662
filling data 662
DecoderError { code: 8199, message: "The channel configuration (either number or arrangement) is not supported." }
ADTS Frame buffer_fullness=255 blocks=1 buf=660
filling data 660
DecoderError { code: 8199, message: "The channel configuration (either number or arrangement) is not supported." }
ADTS Frame buffer_fullness=255 blocks=1 buf=511
filling data 511
DecoderError { code: 8199, message: "The channel configuration (either number or arrangement) is not supported." }
ADTS Frame buffer_fullness=255 blocks=1 buf=501
filling data 501
DecoderError { code: 8199, message: "The channel configuration (either number or arrangement) is not supported." }
ADTS Frame buffer_fullness=255 blocks=1 buf=488
filling data 488
DecoderError { code: 8199, message: "The channel configuration (either number or arrangement) is not supported." }
ADTS Frame buffer_fullness=255 blocks=1 buf=494
filling data 494
DecoderError { code: 8199, message: "The channel configuration (either number or arrangement) is not supported." }
ADTS Frame buffer_fullness=255 blocks=1 buf=440
filling data 440
DecoderError { code: 8199, message: "The channel configuration (either number or arrangement) is not supported." }
ADTS Frame buffer_fullness=255 blocks=1 buf=502
filling data 502
DecoderError { code: 8199, message: "The channel configuration (either number or arrangement) is not supported." }
ADTS Frame buffer_fullness=255 blocks=1 buf=540
filling data 540
DecoderError { code: 8199, message: "The channel configuration (either number or arrangement) is not supported." }
ADTS Frame buffer_fullness=255 blocks=1 buf=586
filling data 586
DecoderError { code: 8199, message: "The channel configuration (either number or arrangement) is not supported." }
ADTS Frame buffer_fullness=255 blocks=1 buf=504
filling data 504
DecoderError { code: 8199, message: "The channel configuration (either number or arrangement) is not supported." }
ADTS Frame buffer_fullness=255 blocks=1 buf=491
filling data 491
DecoderError { code: 8199, message: "The channel configuration (either number or arrangement) is not supported." }
ADTS Frame buffer_fullness=255 blocks=1 buf=445
filling data 445
DecoderError { code: 8199, message: "The channel configuration (either number or arrangement) is not supported." }
ADTS Frame buffer_fullness=255 blocks=1 buf=434
filling data 434
DecoderError { code: 8199, message: "The channel configuration (either number or arrangement) is not supported." }
ADTS Frame buffer_fullness=255 blocks=1 buf=458
filling data 458
DecoderError { code: 8199, message: "The channel configuration (either number or arrangement) is not supported." }
ADTS Frame buffer_fullness=255 blocks=1 buf=433
filling data 433
DecoderError { code: 8199, message: "The channel configuration (either number or arrangement) is not supported." }
ADTS Frame buffer_fullness=255 blocks=1 buf=487
filling data 487
DecoderError { code: 8199, message: "The channel configuration (either number or arrangement) is not supported." }
ADTS Frame buffer_fullness=255 blocks=1 buf=492
filling data 492
DecoderError { code: 8199, message: "The channel configuration (either number or arrangement) is not supported." }
ADTS Frame buffer_fullness=255 blocks=1 buf=480
filling data 480
DecoderError { code: 8199, message: "The channel configuration (either number or arrangement) is not supported." }
ADTS Frame buffer_fullness=255 blocks=1 buf=659
filling data 659
DecoderError { code: 8199, message: "The channel configuration (either number or arrangement) is not supported." }
ADTS Frame buffer_fullness=255 blocks=1 buf=650
filling data 650
DecoderError { code: 8199, message: "The channel configuration (either number or arrangement) is not supported." }
ADTS Frame buffer_fullness=255 blocks=1 buf=660
filling data 660
DecoderError { code: 8199, message: "The channel configuration (either number or arrangement) is not supported." }
ADTS Frame buffer_fullness=255 blocks=1 buf=644
filling data 644
DecoderError { code: 8199, message: "The channel configuration (either number or arrangement) is not supported." }
ADTS Frame buffer_fullness=255 blocks=1 buf=663
filling data 663
DecoderError { code: 8199, message: "The channel configuration (either number or arrangement) is not supported." }
ADTS Frame buffer_fullness=255 blocks=1 buf=544
filling data 544
DecoderError { code: 8199, message: "The channel configuration (either number or arrangement) is not supported." }
ADTS Frame buffer_fullness=255 blocks=1 buf=581
filling data 581
DecoderError { code: 8199, message: "The channel configuration (either number or arrangement) is not supported." }
ADTS Frame buffer_fullness=255 blocks=1 buf=606
filling data 606
DecoderError { code: 8199, message: "The channel configuration (either number or arrangement) is not supported." }
ADTS Frame buffer_fullness=255 blocks=1 buf=503
filling data 503
DecoderError { code: 8199, message: "The channel configuration (either number or arrangement) is not supported." }
ADTS Frame buffer_fullness=255 blocks=1 buf=647
filling data 647
DecoderError { code: 8199, message: "The channel configuration (either number or arrangement) is not supported." }
ADTS Frame buffer_fullness=255 blocks=1 buf=590
filling data 590
DecoderError { code: 8199, message: "The channel configuration (either number or arrangement) is not supported." }
ADTS Frame buffer_fullness=255 blocks=1 buf=657
filling data 657
DecoderError { code: 8199, message: "The channel configuration (either number or arrangement) is not supported." }
ADTS Frame buffer_fullness=255 blocks=1 buf=519
filling data 519
DecoderError { code: 8199, message: "The channel configuration (either number or arrangement) is not supported." }
ADTS Frame buffer_fullness=255 blocks=1 buf=596
filling data 596
DecoderError { code: 8199, message: "The channel configuration (either number or arrangement) is not supported." }
ADTS Frame buffer_fullness=255 blocks=1 buf=552
filling data 552
DecoderError { code: 8199, message: "The channel configuration (either number or arrangement) is not supported." }
ADTS Frame buffer_fullness=255 blocks=1 buf=463
filling data 463
DecoderError { code: 8199, message: "The channel configuration (either number or arrangement) is not supported." }
ADTS Frame buffer_fullness=255 blocks=1 buf=465
filling data 465
DecoderError { code: 8199, message: "The channel configuration (either number or arrangement) is not supported." }
ADTS Frame buffer_fullness=255 blocks=1 buf=513
filling data 513
DecoderError { code: 8199, message: "The channel configuration (either number or arrangement) is not supported." }
ADTS Frame buffer_fullness=255 blocks=1 buf=466
filling data 466
DecoderError { code: 8199, message: "The channel configuration (either number or arrangement) is not supported." }
ADTS Frame buffer_fullness=255 blocks=1 buf=478
filling data 478
DecoderError { code: 8199, message: "The channel configuration (either number or arrangement) is not supported." }
ADTS Frame buffer_fullness=255 blocks=1 buf=464
filling data 464
DecoderError { code: 8199, message: "The channel configuration (either number or arrangement) is not supported." }
ADTS Frame buffer_fullness=255 blocks=1 buf=458
filling data 458
DecoderError { code: 8199, message: "The channel configuration (either number or arrangement) is not supported." }
ADTS Frame buffer_fullness=255 blocks=1 buf=441
filling data 441
DecoderError { code: 8199, message: "The channel configuration (either number or arrangement) is not supported." }
ADTS Frame buffer_fullness=255 blocks=1 buf=494
filling data 494
DecoderError { code: 8199, message: "The channel configuration (either number or arrangement) is not supported." }
ADTS Frame buffer_fullness=255 blocks=1 buf=501
filling data 501
DecoderError { code: 8199, message: "The channel configuration (either number or arrangement) is not supported." }
ADTS Frame buffer_fullness=255 blocks=1 buf=434
filling data 434
DecoderError { code: 8199, message: "The channel configuration (either number or arrangement) is not supported." }
ADTS Frame buffer_fullness=255 blocks=1 buf=440
filling data 440
DecoderError { code: 8199, message: "The channel configuration (either number or arrangement) is not supported." }
ADTS Frame buffer_fullness=255 blocks=1 buf=484
filling data 484
DecoderError { code: 8199, message: "The channel configuration (either number or arrangement) is not supported." }
ADTS Frame buffer_fullness=255 blocks=1 buf=432
filling data 432
DecoderError { code: 8199, message: "The channel configuration (either number or arrangement) is not supported." }
ADTS Frame buffer_fullness=255 blocks=1 buf=423
filling data 423
DecoderError { code: 8199, message: "The channel configuration (either number or arrangement) is not supported." }
ADTS Frame buffer_fullness=255 blocks=1 buf=435
filling data 435
DecoderError { code: 8199, message: "The channel configuration (either number or arrangement) is not supported." }
ADTS Frame buffer_fullness=255 blocks=1 buf=431
filling data 431
DecoderError { code: 8199, message: "The channel configuration (either number or arrangement) is not supported." }
ADTS Frame buffer_fullness=255 blocks=1 buf=474
filling data 474
DecoderError { code: 8199, message: "The channel configuration (either number or arrangement) is not supported." }
ADTS Frame buffer_fullness=255 blocks=1 buf=475
filling data 475
DecoderError { code: 8199, message: "The channel configuration (either number or arrangement) is not supported." }
ADTS Frame buffer_fullness=255 blocks=1 buf=428
filling data 428
DecoderError { code: 8199, message: "The channel configuration (either number or arrangement) is not supported." }
ADTS Frame buffer_fullness=255 blocks=1 buf=463
filling data 463
DecoderError { code: 8199, message: "The channel configuration (either number or arrangement) is not supported." }
ADTS Frame buffer_fullness=255 blocks=1 buf=473
filling data 473
DecoderError { code: 8199, message: "The channel configuration (either number or arrangement) is not supported." }
ADTS Frame buffer_fullness=255 blocks=1 buf=487
filling data 487
DecoderError { code: 8199, message: "The channel configuration (either number or arrangement) is not supported." }
ADTS Frame buffer_fullness=255 blocks=1 buf=457
filling data 457
DecoderError { code: 8199, message: "The channel configuration (either number or arrangement) is not supported." }
ADTS Frame buffer_fullness=255 blocks=1 buf=470
filling data 470
DecoderError { code: 8199, message: "The channel configuration (either number or arrangement) is not supported." }
ADTS Frame buffer_fullness=255 blocks=1 buf=487
filling data 487
DecoderError { code: 8199, message: "The channel configuration (either number or arrangement) is not supported." }
ADTS Frame buffer_fullness=255 blocks=1 buf=480
filling data 480
DecoderError { code: 8199, message: "The channel configuration (either number or arrangement) is not supported." }
ADTS Frame buffer_fullness=255 blocks=1 buf=494
filling data 494
DecoderError { code: 8199, message: "The channel configuration (either number or arrangement) is not supported." }
ADTS Frame buffer_fullness=255 blocks=1 buf=490
filling data 490
DecoderError { code: 8199, message: "The channel configuration (either number or arrangement) is not supported." }
ADTS Frame buffer_fullness=255 blocks=1 buf=460
filling data 460
DecoderError { code: 8199, message: "The channel configuration (either number or arrangement) is not supported." }
ADTS Frame buffer_fullness=255 blocks=1 buf=445
filling data 445
DecoderError { code: 8199, message: "The channel configuration (either number or arrangement) is not supported." }
ADTS Frame buffer_fullness=255 blocks=1 buf=433
filling data 433
DecoderError { code: 8199, message: "The channel configuration (either number or arrangement) is not supported." }
ADTS Frame buffer_fullness=255 blocks=1 buf=443
filling data 443
DecoderError { code: 8199, message: "The channel configuration (either number or arrangement) is not supported." }
ADTS Frame buffer_fullness=255 blocks=1 buf=495
filling data 495
DecoderError { code: 8199, message: "The channel configuration (either number or arrangement) is not supported." }
ADTS Frame buffer_fullness=255 blocks=1 buf=485
filling data 485
DecoderError { code: 8199, message: "The channel configuration (either number or arrangement) is not supported." }
ADTS Frame buffer_fullness=255 blocks=1 buf=455
filling data 455
DecoderError { code: 8199, message: "The channel configuration (either number or arrangement) is not supported." }
ADTS Frame buffer_fullness=255 blocks=1 buf=454
filling data 454
DecoderError { code: 8199, message: "The channel configuration (either number or arrangement) is not supported." }
ADTS Frame buffer_fullness=255 blocks=1 buf=620
filling data 620
DecoderError { code: 8199, message: "The channel configuration (either number or arrangement) is not supported." }
ADTS Frame buffer_fullness=255 blocks=1 buf=672
filling data 672
DecoderError { code: 8199, message: "The channel configuration (either number or arrangement) is not supported." }
ADTS Frame buffer_fullness=255 blocks=1 buf=665
filling data 665
DecoderError { code: 8199, message: "The channel configuration (either number or arrangement) is not supported." }
ADTS Frame buffer_fullness=255 blocks=1 buf=644
filling data 644
DecoderError { code: 8199, message: "The channel configuration (either number or arrangement) is not supported." }
ADTS Frame buffer_fullness=255 blocks=1 buf=765
filling data 765
DecoderError { code: 8199, message: "The channel configuration (either number or arrangement) is not supported." }
ADTS Frame buffer_fullness=255 blocks=1 buf=669
filling data 669
DecoderError { code: 8199, message: "The channel configuration (either number or arrangement) is not supported." }
ADTS Frame buffer_fullness=255 blocks=1 buf=570
filling data 570
DecoderError { code: 8199, message: "The channel configuration (either number or arrangement) is not supported." }
ADTS Frame buffer_fullness=255 blocks=1 buf=538
filling data 538
DecoderError { code: 8199, message: "The channel configuration (either number or arrangement) is not supported." }
ADTS Frame buffer_fullness=255 blocks=1 buf=630
filling data 630
DecoderError { code: 8199, message: "The channel configuration (either number or arrangement) is not supported." }
ADTS Frame buffer_fullness=255 blocks=1 buf=602
filling data 602
DecoderError { code: 8199, message: "The channel configuration (either number or arrangement) is not supported." }
ADTS Frame buffer_fullness=255 blocks=1 buf=512
filling data 512
DecoderError { code: 8199, message: "The channel configuration (either number or arrangement) is not supported." }
ADTS Frame buffer_fullness=255 blocks=1 buf=513
filling data 513
DecoderError { code: 8199, message: "The channel configuration (either number or arrangement) is not supported." }
ADTS Frame buffer_fullness=255 blocks=1 buf=607
filling data 607
DecoderError { code: 8199, message: "The channel configuration (either number or arrangement) is not supported." }
ADTS Frame buffer_fullness=255 blocks=1 buf=602
filling data 602
DecoderError { code: 8199, message: "The channel configuration (either number or arrangement) is not supported." }
ADTS Frame buffer_fullness=255 blocks=1 buf=675
filling data 675
DecoderError { code: 8199, message: "The channel configuration (either number or arrangement) is not supported." }
ADTS Frame buffer_fullness=255 blocks=1 buf=491
filling data 491
DecoderError { code: 8199, message: "The channel configuration (either number or arrangement) is not supported." }
ADTS Frame buffer_fullness=255 blocks=1 buf=568
filling data 568
DecoderError { code: 8199, message: "The channel configuration (either number or arrangement) is not supported." }
ADTS Frame buffer_fullness=255 blocks=1 buf=551
filling data 551
DecoderError { code: 8199, message: "The channel configuration (either number or arrangement) is not supported." }
ADTS Frame buffer_fullness=255 blocks=1 buf=484
filling data 484
DecoderError { code: 8199, message: "The channel configuration (either number or arrangement) is not supported." }
ADTS Frame buffer_fullness=255 blocks=1 buf=450
filling data 450
DecoderError { code: 8199, message: "The channel configuration (either number or arrangement) is not supported." }
ADTS Frame buffer_fullness=255 blocks=1 buf=448
filling data 448
DecoderError { code: 8199, message: "The channel configuration (either number or arrangement) is not supported." }
ADTS Frame buffer_fullness=255 blocks=1 buf=505
filling data 505
DecoderError { code: 8199, message: "The channel configuration (either number or arrangement) is not supported." }
ADTS Frame buffer_fullness=255 blocks=1 buf=450
filling data 450
DecoderError { code: 8199, message: "The channel configuration (either number or arrangement) is not supported." }
ADTS Frame buffer_fullness=255 blocks=1 buf=429
filling data 429
DecoderError { code: 8199, message: "The channel configuration (either number or arrangement) is not supported." }
ADTS Frame buffer_fullness=255 blocks=1 buf=460
filling data 460
DecoderError { code: 8199, message: "The channel configuration (either number or arrangement) is not supported." }
ADTS Frame buffer_fullness=255 blocks=1 buf=417
filling data 417
DecoderError { code: 8199, message: "The channel configuration (either number or arrangement) is not supported." }
ADTS Frame buffer_fullness=255 blocks=1 buf=454
filling data 454
DecoderError { code: 8199, message: "The channel configuration (either number or arrangement) is not supported." }
ADTS Frame buffer_fullness=255 blocks=1 buf=440
filling data 440
DecoderError { code: 8199, message: "The channel configuration (either number or arrangement) is not supported." }
ADTS Frame buffer_fullness=255 blocks=1 buf=468
filling data 468
DecoderError { code: 8199, message: "The channel configuration (either number or arrangement) is not supported." }
ADTS Frame buffer_fullness=255 blocks=1 buf=485
filling data 485
DecoderError { code: 8199, message: "The channel configuration (either number or arrangement) is not supported." }
ADTS Frame buffer_fullness=255 blocks=1 buf=530
filling data 530
DecoderError { code: 8199, message: "The channel configuration (either number or arrangement) is not supported." }
ADTS Frame buffer_fullness=255 blocks=1 buf=521
filling data 521
DecoderError { code: 8199, message: "The channel configuration (either number or arrangement) is not supported." }
ADTS Frame buffer_fullness=255 blocks=1 buf=477
filling data 477
DecoderError { code: 8199, message: "The channel configuration (either number or arrangement) is not supported." }
ADTS Frame buffer_fullness=255 blocks=1 buf=482
filling data 482
DecoderError { code: 8199, message: "The channel configuration (either number or arrangement) is not supported." }
ADTS Frame buffer_fullness=255 blocks=1 buf=440
filling data 440
DecoderError { code: 8199, message: "The channel configuration (either number or arrangement) is not supported." }
ADTS Frame buffer_fullness=255 blocks=1 buf=533
filling data 533
DecoderError { code: 8199, message: "The channel configuration (either number or arrangement) is not supported." }
ADTS Frame buffer_fullness=255 blocks=1 buf=444
filling data 444
DecoderError { code: 8199, message: "The channel configuration (either number or arrangement) is not supported." }
ADTS Frame buffer_fullness=255 blocks=1 buf=432
filling data 432
DecoderError { code: 8199, message: "The channel configuration (either number or arrangement) is not supported." }
ADTS Frame buffer_fullness=255 blocks=1 buf=434
filling data 434
DecoderError { code: 8199, message: "The channel configuration (either number or arrangement) is not supported." }
ADTS Frame buffer_fullness=255 blocks=1 buf=516
filling data 516
DecoderError { code: 8199, message: "The channel configuration (either number or arrangement) is not supported." }
ADTS Frame buffer_fullness=255 blocks=1 buf=437
filling data 437
DecoderError { code: 8199, message: "The channel configuration (either number or arrangement) is not supported." }
ADTS Frame buffer_fullness=255 blocks=1 buf=471
filling data 471
DecoderError { code: 8199, message: "The channel configuration (either number or arrangement) is not supported." }
ADTS Frame buffer_fullness=255 blocks=1 buf=486
filling data 486
DecoderError { code: 8199, message: "The channel configuration (either number or arrangement) is not supported." }
ADTS Frame buffer_fullness=255 blocks=1 buf=486
filling data 486
DecoderError { code: 8199, message: "The channel configuration (either number or arrangement) is not supported." }
ADTS Frame buffer_fullness=255 blocks=1 buf=441
filling data 441
DecoderError { code: 8199, message: "The channel configuration (either number or arrangement) is not supported." }
ADTS Frame buffer_fullness=255 blocks=1 buf=442
filling data 442
DecoderError { code: 8199, message: "The channel configuration (either number or arrangement) is not supported." }
ADTS Frame buffer_fullness=255 blocks=1 buf=436
filling data 436
DecoderError { code: 8199, message: "The channel configuration (either number or arrangement) is not supported." }
ADTS Frame buffer_fullness=255 blocks=1 buf=473
filling data 473
DecoderError { code: 8199, message: "The channel configuration (either number or arrangement) is not supported." }
ADTS Frame buffer_fullness=255 blocks=1 buf=471
filling data 471
DecoderError { code: 8199, message: "The channel configuration (either number or arrangement) is not supported." }
ADTS Frame buffer_fullness=255 blocks=1 buf=538
filling data 538
DecoderError { code: 8199, message: "The channel configuration (either number or arrangement) is not supported." }
ADTS Frame buffer_fullness=255 blocks=1 buf=488
filling data 488
DecoderError { code: 8199, message: "The channel configuration (either number or arrangement) is not supported." }
ADTS Frame buffer_fullness=255 blocks=1 buf=462
filling data 462
DecoderError { code: 8199, message: "The channel configuration (either number or arrangement) is not supported." }
ADTS Frame buffer_fullness=255 blocks=1 buf=436
filling data 436
DecoderError { code: 8199, message: "The channel configuration (either number or arrangement) is not supported." }
ADTS Frame buffer_fullness=255 blocks=1 buf=489
filling data 489
DecoderError { code: 8199, message: "The channel configuration (either number or arrangement) is not supported." }
ADTS Frame buffer_fullness=255 blocks=1 buf=480
filling data 480
DecoderError { code: 8199, message: "The channel configuration (either number or arrangement) is not supported." }
ADTS Frame buffer_fullness=255 blocks=1 buf=449
filling data 449
DecoderError { code: 8199, message: "The channel configuration (either number or arrangement) is not supported." }
ADTS Frame buffer_fullness=255 blocks=1 buf=447
filling data 447
DecoderError { code: 8199, message: "The channel configuration (either number or arrangement) is not supported." }
ADTS Frame buffer_fullness=255 blocks=1 buf=443
filling data 443
DecoderError { code: 8199, message: "The channel configuration (either number or arrangement) is not supported." }
ADTS Frame buffer_fullness=255 blocks=1 buf=475
filling data 475
DecoderError { code: 8199, message: "The channel configuration (either number or arrangement) is not supported." }
ADTS Frame buffer_fullness=255 blocks=1 buf=430
filling data 430
DecoderError { code: 8199, message: "The channel configuration (either number or arrangement) is not supported." }
ADTS Frame buffer_fullness=255 blocks=1 buf=442
filling data 442
DecoderError { code: 8199, message: "The channel configuration (either number or arrangement) is not supported." }
ADTS Frame buffer_fullness=255 blocks=1 buf=471
filling data 471
DecoderError { code: 8199, message: "The channel configuration (either number or arrangement) is not supported." }
ADTS Frame buffer_fullness=255 blocks=1 buf=461
filling data 461
DecoderError { code: 8199, message: "The channel configuration (either number or arrangement) is not supported." }
ADTS Frame buffer_fullness=255 blocks=1 buf=471
filling data 471
DecoderError { code: 8199, message: "The channel configuration (either number or arrangement) is not supported." }
ADTS Frame buffer_fullness=255 blocks=1 buf=451
filling data 451
DecoderError { code: 8199, message: "The channel configuration (either number or arrangement) is not supported." }
ADTS Frame buffer_fullness=255 blocks=1 buf=452
filling data 452
DecoderError { code: 8199, message: "The channel configuration (either number or arrangement) is not supported." }
ADTS Frame buffer_fullness=255 blocks=1 buf=450
filling data 450
DecoderError { code: 8199, message: "The channel configuration (either number or arrangement) is not supported." }
ADTS Frame buffer_fullness=255 blocks=1 buf=455
filling data 455
DecoderError { code: 8199, message: "The channel configuration (either number or arrangement) is not supported." }
ADTS Frame buffer_fullness=255 blocks=1 buf=471
filling data 471
DecoderError { code: 8199, message: "The channel configuration (either number or arrangement) is not supported." }
ADTS Frame buffer_fullness=255 blocks=1 buf=497
filling data 497
DecoderError { code: 8199, message: "The channel configuration (either number or arrangement) is not supported." }
ADTS Frame buffer_fullness=255 blocks=1 buf=450
filling data 450
DecoderError { code: 8199, message: "The channel configuration (either number or arrangement) is not supported." }
ADTS Frame buffer_fullness=255 blocks=1 buf=440
filling data 440
DecoderError { code: 8199, message: "The channel configuration (either number or arrangement) is not supported." }
ADTS Frame buffer_fullness=255 blocks=1 buf=451
filling data 451
DecoderError { code: 8199, message: "The channel configuration (either number or arrangement) is not supported." }
ADTS Frame buffer_fullness=255 blocks=1 buf=464
filling data 464
DecoderError { code: 8199, message: "The channel configuration (either number or arrangement) is not supported." }
ADTS Frame buffer_fullness=255 blocks=1 buf=458
filling data 458
DecoderError { code: 8199, message: "The channel configuration (either number or arrangement) is not supported." }
ADTS Frame buffer_fullness=255 blocks=1 buf=484
filling data 484
DecoderError { code: 8199, message: "The channel configuration (either number or arrangement) is not supported." }
ADTS Frame buffer_fullness=255 blocks=1 buf=507
filling data 507
DecoderError { code: 8199, message: "The channel configuration (either number or arrangement) is not supported." }
ADTS Frame buffer_fullness=255 blocks=1 buf=576
filling data 576
DecoderError { code: 8199, message: "The channel configuration (either number or arrangement) is not supported." }
ADTS Frame buffer_fullness=255 blocks=1 buf=609
filling data 609
DecoderError { code: 8199, message: "The channel configuration (either number or arrangement) is not supported." }
ADTS Frame buffer_fullness=255 blocks=1 buf=593
filling data 593
DecoderError { code: 8199, message: "The channel configuration (either number or arrangement) is not supported." }
ADTS Frame buffer_fullness=255 blocks=1 buf=481
filling data 481
DecoderError { code: 8199, message: "The channel configuration (either number or arrangement) is not supported." }
ADTS Frame buffer_fullness=255 blocks=1 buf=419
filling data 419
DecoderError { code: 8199, message: "The channel configuration (either number or arrangement) is not supported." }
ADTS Frame buffer_fullness=255 blocks=1 buf=442
filling data 442
DecoderError { code: 8199, message: "The channel configuration (either number or arrangement) is not supported." }
ADTS Frame buffer_fullness=255 blocks=1 buf=443
filling data 443
DecoderError { code: 8199, message: "The channel configuration (either number or arrangement) is not supported." }
ADTS Frame buffer_fullness=255 blocks=1 buf=442
filling data 442
DecoderError { code: 8199, message: "The channel configuration (either number or arrangement) is not supported." }
ADTS Frame buffer_fullness=255 blocks=1 buf=459
filling data 459
DecoderError { code: 8199, message: "The channel configuration (either number or arrangement) is not supported." }
ADTS Frame buffer_fullness=255 blocks=1 buf=456
filling data 456
DecoderError { code: 8199, message: "The channel configuration (either number or arrangement) is not supported." }
ADTS Frame buffer_fullness=255 blocks=1 buf=479
filling data 479
DecoderError { code: 8199, message: "The channel configuration (either number or arrangement) is not supported." }
ADTS Frame buffer_fullness=255 blocks=1 buf=451
filling data 451
DecoderError { code: 8199, message: "The channel configuration (either number or arrangement) is not supported." }
ADTS Frame buffer_fullness=255 blocks=1 buf=476
filling data 476
DecoderError { code: 8199, message: "The channel configuration (either number or arrangement) is not supported." }
ADTS Frame buffer_fullness=255 blocks=1 buf=470
filling data 470
DecoderError { code: 8199, message: "The channel configuration (either number or arrangement) is not supported." }
ADTS Frame buffer_fullness=255 blocks=1 buf=797
filling data 797
DecoderError { code: 8199, message: "The channel configuration (either number or arrangement) is not supported." }
ADTS Frame buffer_fullness=255 blocks=1 buf=697
filling data 697
DecoderError { code: 8199, message: "The channel configuration (either number or arrangement) is not supported." }
ADTS Frame buffer_fullness=255 blocks=1 buf=605
filling data 605
DecoderError { code: 8199, message: "The channel configuration (either number or arrangement) is not supported." }
ADTS Frame buffer_fullness=255 blocks=1 buf=547
filling data 547
DecoderError { code: 8199, message: "The channel configuration (either number or arrangement) is not supported." }
ADTS Frame buffer_fullness=255 blocks=1 buf=505
filling data 505
DecoderError { code: 8199, message: "The channel configuration (either number or arrangement) is not supported." }
ADTS Frame buffer_fullness=255 blocks=1 buf=488
filling data 488
DecoderError { code: 8199, message: "The channel configuration (either number or arrangement) is not supported." }
ADTS Frame buffer_fullness=255 blocks=1 buf=496
filling data 496
DecoderError { code: 8199, message: "The channel configuration (either number or arrangement) is not supported." }
ADTS Frame buffer_fullness=255 blocks=1 buf=476
filling data 476
DecoderError { code: 8199, message: "The channel configuration (either number or arrangement) is not supported." }
ADTS Frame buffer_fullness=255 blocks=1 buf=480
filling data 480
DecoderError { code: 8199, message: "The channel configuration (either number or arrangement) is not supported." }
ADTS Frame buffer_fullness=255 blocks=1 buf=450
filling data 450
DecoderError { code: 8199, message: "The channel configuration (either number or arrangement) is not supported." }
ADTS Frame buffer_fullness=255 blocks=1 buf=478
filling data 478
DecoderError { code: 8199, message: "The channel configuration (either number or arrangement) is not supported." }
ADTS Frame buffer_fullness=255 blocks=1 buf=487
filling data 487
DecoderError { code: 8199, message: "The channel configuration (either number or arrangement) is not supported." }
ADTS Frame buffer_fullness=255 blocks=1 buf=454
filling data 454
DecoderError { code: 8199, message: "The channel configuration (either number or arrangement) is not supported." }
ADTS Frame buffer_fullness=255 blocks=1 buf=480
filling data 480
DecoderError { code: 8199, message: "The channel configuration (either number or arrangement) is not supported." }
ADTS Frame buffer_fullness=255 blocks=1 buf=566
filling data 566
DecoderError { code: 8199, message: "The channel configuration (either number or arrangement) is not supported." }
ADTS Frame buffer_fullness=255 blocks=1 buf=529
filling data 529
DecoderError { code: 8199, message: "The channel configuration (either number or arrangement) is not supported." }
ADTS Frame buffer_fullness=255 blocks=1 buf=506
filling data 506
DecoderError { code: 8199, message: "The channel configuration (either number or arrangement) is not supported." }
ADTS Frame buffer_fullness=255 blocks=1 buf=572
filling data 572
DecoderError { code: 8199, message: "The channel configuration (either number or arrangement) is not supported." }
ADTS Frame buffer_fullness=255 blocks=1 buf=599
filling data 599
DecoderError { code: 8199, message: "The channel configuration (either number or arrangement) is not supported." }
ADTS Frame buffer_fullness=255 blocks=1 buf=684
filling data 684
DecoderError { code: 8199, message: "The channel configuration (either number or arrangement) is not supported." }
ADTS Frame buffer_fullness=255 blocks=1 buf=695
filling data 695
DecoderError { code: 8199, message: "The channel configuration (either number or arrangement) is not supported." }
ADTS Frame buffer_fullness=255 blocks=1 buf=651
filling data 651
DecoderError { code: 8199, message: "The channel configuration (either number or arrangement) is not supported." }
ADTS Frame buffer_fullness=255 blocks=1 buf=494
filling data 494
DecoderError { code: 8199, message: "The channel configuration (either number or arrangement) is not supported." }
ADTS Frame buffer_fullness=255 blocks=1 buf=459
filling data 459
DecoderError { code: 8199, message: "The channel configuration (either number or arrangement) is not supported." }
ADTS Frame buffer_fullness=255 blocks=1 buf=465
filling data 465
DecoderError { code: 8199, message: "The channel configuration (either number or arrangement) is not supported." }
ADTS Frame buffer_fullness=255 blocks=1 buf=468
filling data 468
DecoderError { code: 8199, message: "The channel configuration (either number or arrangement) is not supported." }
ADTS Frame buffer_fullness=255 blocks=1 buf=492
filling data 492
DecoderError { code: 8199, message: "The channel configuration (either number or arrangement) is not supported." }
ADTS Frame buffer_fullness=255 blocks=1 buf=520
filling data 520
DecoderError { code: 8199, message: "The channel configuration (either number or arrangement) is not supported." }
ADTS Frame buffer_fullness=255 blocks=1 buf=544
filling data 544
DecoderError { code: 8199, message: "The channel configuration (either number or arrangement) is not supported." }
ADTS Frame buffer_fullness=255 blocks=1 buf=488
filling data 488
DecoderError { code: 8199, message: "The channel configuration (either number or arrangement) is not supported." }
ADTS Frame buffer_fullness=255 blocks=1 buf=515
filling data 515
DecoderError { code: 8199, message: "The channel configuration (either number or arrangement) is not supported." }
ADTS Frame buffer_fullness=255 blocks=1 buf=552
filling data 552
DecoderError { code: 8199, message: "The channel configuration (either number or arrangement) is not supported." }
ADTS Frame buffer_fullness=255 blocks=1 buf=564
filling data 564
DecoderError { code: 8199, message: "The channel configuration (either number or arrangement) is not supported." }
ADTS Frame buffer_fullness=255 blocks=1 buf=507
filling data 507
DecoderError { code: 8199, message: "The channel configuration (either number or arrangement) is not supported." }
ADTS Frame buffer_fullness=255 blocks=1 buf=497
filling data 497
DecoderError { code: 8199, message: "The channel configuration (either number or arrangement) is not supported." }
ADTS Frame buffer_fullness=255 blocks=1 buf=590
filling data 590
DecoderError { code: 8199, message: "The channel configuration (either number or arrangement) is not supported." }
ADTS Frame buffer_fullness=255 blocks=1 buf=573
filling data 573
DecoderError { code: 8199, message: "The channel configuration (either number or arrangement) is not supported." }
ADTS Frame buffer_fullness=255 blocks=1 buf=572
filling data 572
DecoderError { code: 8199, message: "The channel configuration (either number or arrangement) is not supported." }
ADTS Frame buffer_fullness=255 blocks=1 buf=510
filling data 510
DecoderError { code: 8199, message: "The channel configuration (either number or arrangement) is not supported." }
ADTS Frame buffer_fullness=255 blocks=1 buf=539
filling data 539
DecoderError { code: 8199, message: "The channel configuration (either number or arrangement) is not supported." }
ADTS Frame buffer_fullness=255 blocks=1 buf=476
filling data 476
DecoderError { code: 8199, message: "The channel configuration (either number or arrangement) is not supported." }
ADTS Frame buffer_fullness=255 blocks=1 buf=492
filling data 492
DecoderError { code: 8199, message: "The channel configuration (either number or arrangement) is not supported." }
ADTS Frame buffer_fullness=255 blocks=1 buf=459
filling data 459
DecoderError { code: 8199, message: "The channel configuration (either number or arrangement) is not supported." }
ADTS Frame buffer_fullness=255 blocks=1 buf=534
filling data 534
DecoderError { code: 8199, message: "The channel configuration (either number or arrangement) is not supported." }
ADTS Frame buffer_fullness=255 blocks=1 buf=522
filling data 522
DecoderError { code: 8199, message: "The channel configuration (either number or arrangement) is not supported." }
ADTS Frame buffer_fullness=255 blocks=1 buf=503
filling data 503
DecoderError { code: 8199, message: "The channel configuration (either number or arrangement) is not supported." }
ADTS Frame buffer_fullness=255 blocks=1 buf=514
filling data 514
DecoderError { code: 8199, message: "The channel configuration (either number or arrangement) is not supported." }
ADTS Frame buffer_fullness=255 blocks=1 buf=497
filling data 497
DecoderError { code: 8199, message: "The channel configuration (either number or arrangement) is not supported." }
ADTS Frame buffer_fullness=255 blocks=1 buf=468
filling data 468
DecoderError { code: 8199, message: "The channel configuration (either number or arrangement) is not supported." }
ADTS Frame buffer_fullness=255 blocks=1 buf=475
filling data 475
DecoderError { code: 8199, message: "The channel configuration (either number or arrangement) is not supported." }
ADTS Frame buffer_fullness=255 blocks=1 buf=476
filling data 476
DecoderError { code: 8199, message: "The channel configuration (either number or arrangement) is not supported." }
ADTS Frame buffer_fullness=255 blocks=1 buf=448
filling data 448
DecoderError { code: 8199, message: "The channel configuration (either number or arrangement) is not supported." }
ADTS Frame buffer_fullness=255 blocks=1 buf=591
filling data 591
DecoderError { code: 8199, message: "The channel configuration (either number or arrangement) is not supported." }
ADTS Frame buffer_fullness=255 blocks=1 buf=626
filling data 626
DecoderError { code: 8199, message: "The channel configuration (either number or arrangement) is not supported." }
ADTS Frame buffer_fullness=255 blocks=1 buf=663
filling data 663
DecoderError { code: 8199, message: "The channel configuration (either number or arrangement) is not supported." }
ADTS Frame buffer_fullness=255 blocks=1 buf=679
filling data 679
DecoderError { code: 8199, message: "The channel configuration (either number or arrangement) is not supported." }
ADTS Frame buffer_fullness=255 blocks=1 buf=636
filling data 636
DecoderError { code: 8199, message: "The channel configuration (either number or arrangement) is not supported." }
ADTS Frame buffer_fullness=255 blocks=1 buf=645
filling data 645
DecoderError { code: 8199, message: "The channel configuration (either number or arrangement) is not supported." }
ADTS Frame buffer_fullness=255 blocks=1 buf=538
filling data 538
DecoderError { code: 8199, message: "The channel configuration (either number or arrangement) is not supported." }
ADTS Frame buffer_fullness=255 blocks=1 buf=545
filling data 545
DecoderError { code: 8199, message: "The channel configuration (either number or arrangement) is not supported." }
ADTS Frame buffer_fullness=255 blocks=1 buf=497
filling data 497
DecoderError { code: 8199, message: "The channel configuration (either number or arrangement) is not supported." }
ADTS Frame buffer_fullness=255 blocks=1 buf=564
filling data 564
DecoderError { code: 8199, message: "The channel configuration (either number or arrangement) is not supported." }
ADTS Frame buffer_fullness=255 blocks=1 buf=553
filling data 553
DecoderError { code: 8199, message: "The channel configuration (either number or arrangement) is not supported." }
ADTS Frame buffer_fullness=255 blocks=1 buf=522
filling data 522
DecoderError { code: 8199, message: "The channel configuration (either number or arrangement) is not supported." }
ADTS Frame buffer_fullness=255 blocks=1 buf=447
filling data 447
DecoderError { code: 8199, message: "The channel configuration (either number or arrangement) is not supported." }
ADTS Frame buffer_fullness=255 blocks=1 buf=496
filling data 496
DecoderError { code: 8199, message: "The channel configuration (either number or arrangement) is not supported." }
ADTS Frame buffer_fullness=255 blocks=1 buf=494
filling data 494
DecoderError { code: 8199, message: "The channel configuration (either number or arrangement) is not supported." }
ADTS Frame buffer_fullness=255 blocks=1 buf=515
filling data 515
DecoderError { code: 8199, message: "The channel configuration (either number or arrangement) is not supported." }
ADTS Frame buffer_fullness=255 blocks=1 buf=555
filling data 555
DecoderError { code: 8199, message: "The channel configuration (either number or arrangement) is not supported." }
ADTS Frame buffer_fullness=255 blocks=1 buf=521
filling data 521
DecoderError { code: 8199, message: "The channel configuration (either number or arrangement) is not supported." }
ADTS Frame buffer_fullness=255 blocks=1 buf=530
filling data 530
DecoderError { code: 8199, message: "The channel configuration (either number or arrangement) is not supported." }
ADTS Frame buffer_fullness=255 blocks=1 buf=520
filling data 520
DecoderError { code: 8199, message: "The channel configuration (either number or arrangement) is not supported." }
ADTS Frame buffer_fullness=255 blocks=1 buf=483
filling data 483
DecoderError { code: 8199, message: "The channel configuration (either number or arrangement) is not supported." }
ADTS Frame buffer_fullness=255 blocks=1 buf=473
filling data 473
DecoderError { code: 8199, message: "The channel configuration (either number or arrangement) is not supported." }
ADTS Frame buffer_fullness=255 blocks=1 buf=507
filling data 507
DecoderError { code: 8199, message: "The channel configuration (either number or arrangement) is not supported." }
ADTS Frame buffer_fullness=255 blocks=1 buf=567
filling data 567
DecoderError { code: 8199, message: "The channel configuration (either number or arrangement) is not supported." }
ADTS Frame buffer_fullness=255 blocks=1 buf=528
filling data 528
DecoderError { code: 8199, message: "The channel configuration (either number or arrangement) is not supported." }
ADTS Frame buffer_fullness=255 blocks=1 buf=488
filling data 488
DecoderError { code: 8199, message: "The channel configuration (either number or arrangement) is not supported." }
ADTS Frame buffer_fullness=255 blocks=1 buf=530
filling data 530
DecoderError { code: 8199, message: "The channel configuration (either number or arrangement) is not supported." }
ADTS Frame buffer_fullness=255 blocks=1 buf=554
filling data 554
DecoderError { code: 8199, message: "The channel configuration (either number or arrangement) is not supported." }
ADTS Frame buffer_fullness=255 blocks=1 buf=675
filling data 675
DecoderError { code: 8199, message: "The channel configuration (either number or arrangement) is not supported." }
ADTS Frame buffer_fullness=255 blocks=1 buf=695
filling data 695
DecoderError { code: 8199, message: "The channel configuration (either number or arrangement) is not supported." }
ADTS Frame buffer_fullness=255 blocks=1 buf=678
filling data 678
DecoderError { code: 8199, message: "The channel configuration (either number or arrangement) is not supported." }
ADTS Frame buffer_fullness=255 blocks=1 buf=697
filling data 697
DecoderError { code: 8199, message: "The channel configuration (either number or arrangement) is not supported." }
ADTS Frame buffer_fullness=255 blocks=1 buf=734
filling data 734
DecoderError { code: 8199, message: "The channel configuration (either number or arrangement) is not supported." }
ADTS Frame buffer_fullness=255 blocks=1 buf=638
filling data 638
DecoderError { code: 8199, message: "The channel configuration (either number or arrangement) is not supported." }
ADTS Frame buffer_fullness=255 blocks=1 buf=589
filling data 589
DecoderError { code: 8199, message: "The channel configuration (either number or arrangement) is not supported." }
ADTS Frame buffer_fullness=255 blocks=1 buf=615
filling data 615
DecoderError { code: 8199, message: "The channel configuration (either number or arrangement) is not supported." }
ADTS Frame buffer_fullness=255 blocks=1 buf=632
filling data 632
DecoderError { code: 8199, message: "The channel configuration (either number or arrangement) is not supported." }
ADTS Frame buffer_fullness=255 blocks=1 buf=644
filling data 644
DecoderError { code: 8199, message: "The channel configuration (either number or arrangement) is not supported." }
ADTS Frame buffer_fullness=255 blocks=1 buf=651
filling data 651
DecoderError { code: 8199, message: "The channel configuration (either number or arrangement) is not supported." }
ADTS Frame buffer_fullness=255 blocks=1 buf=734
filling data 734
DecoderError { code: 8199, message: "The channel configuration (either number or arrangement) is not supported." }
ADTS Frame buffer_fullness=255 blocks=1 buf=665
filling data 665
DecoderError { code: 8199, message: "The channel configuration (either number or arrangement) is not supported." }
ADTS Frame buffer_fullness=255 blocks=1 buf=661
filling data 661
DecoderError { code: 8199, message: "The channel configuration (either number or arrangement) is not supported." }
ADTS Frame buffer_fullness=255 blocks=1 buf=631
filling data 631
DecoderError { code: 8199, message: "The channel configuration (either number or arrangement) is not supported." }
ADTS Frame buffer_fullness=255 blocks=1 buf=661
filling data 661
DecoderError { code: 8199, message: "The channel configuration (either number or arrangement) is not supported." }
ADTS Frame buffer_fullness=255 blocks=1 buf=537
filling data 537
DecoderError { code: 8199, message: "The channel configuration (either number or arrangement) is not supported." }
ADTS Frame buffer_fullness=255 blocks=1 buf=620
filling data 620
DecoderError { code: 8199, message: "The channel configuration (either number or arrangement) is not supported." }
ADTS Frame buffer_fullness=255 blocks=1 buf=584
filling data 584
DecoderError { code: 8199, message: "The channel configuration (either number or arrangement) is not supported." }
ADTS Frame buffer_fullness=255 blocks=1 buf=583
filling data 583
DecoderError { code: 8199, message: "The channel configuration (either number or arrangement) is not supported." }
ADTS Frame buffer_fullness=255 blocks=1 buf=444
filling data 444
DecoderError { code: 8199, message: "The channel configuration (either number or arrangement) is not supported." }
ADTS Frame buffer_fullness=255 blocks=1 buf=471
filling data 471
DecoderError { code: 8199, message: "The channel configuration (either number or arrangement) is not supported." }
ADTS Frame buffer_fullness=255 blocks=1 buf=475
filling data 475
DecoderError { code: 8199, message: "The channel configuration (either number or arrangement) is not supported." }
ADTS Frame buffer_fullness=255 blocks=1 buf=479
filling data 479
DecoderError { code: 8199, message: "The channel configuration (either number or arrangement) is not supported." }
ADTS Frame buffer_fullness=255 blocks=1 buf=446
filling data 446
DecoderError { code: 8199, message: "The channel configuration (either number or arrangement) is not supported." }
ADTS Frame buffer_fullness=255 blocks=1 buf=422
filling data 422
DecoderError { code: 8199, message: "The channel configuration (either number or arrangement) is not supported." }
ADTS Frame buffer_fullness=255 blocks=1 buf=445
filling data 445
DecoderError { code: 8199, message: "The channel configuration (either number or arrangement) is not supported." }
ADTS Frame buffer_fullness=255 blocks=1 buf=476
filling data 476
DecoderError { code: 8199, message: "The channel configuration (either number or arrangement) is not supported." }
ADTS Frame buffer_fullness=255 blocks=1 buf=481
filling data 481
DecoderError { code: 8199, message: "The channel configuration (either number or arrangement) is not supported." }
ADTS Frame buffer_fullness=255 blocks=1 buf=458
filling data 458
DecoderError { code: 8199, message: "The channel configuration (either number or arrangement) is not supported." }
ADTS Frame buffer_fullness=255 blocks=1 buf=439
filling data 439
DecoderError { code: 8199, message: "The channel configuration (either number or arrangement) is not supported." }
ADTS Frame buffer_fullness=255 blocks=1 buf=448
filling data 448
DecoderError { code: 8199, message: "The channel configuration (either number or arrangement) is not supported." }
ADTS Frame buffer_fullness=255 blocks=1 buf=439
filling data 439
DecoderError { code: 8199, message: "The channel configuration (either number or arrangement) is not supported." }
ADTS Frame buffer_fullness=255 blocks=1 buf=466
filling data 466
DecoderError { code: 8199, message: "The channel configuration (either number or arrangement) is not supported." }
ADTS Frame buffer_fullness=255 blocks=1 buf=452
filling data 452
DecoderError { code: 8199, message: "The channel configuration (either number or arrangement) is not supported." }
ADTS Frame buffer_fullness=255 blocks=1 buf=430
filling data 430
DecoderError { code: 8199, message: "The channel configuration (either number or arrangement) is not supported." }
ADTS Frame buffer_fullness=255 blocks=1 buf=490
filling data 490
DecoderError { code: 8199, message: "The channel configuration (either number or arrangement) is not supported." }
ADTS Frame buffer_fullness=255 blocks=1 buf=472
filling data 472
DecoderError { code: 8199, message: "The channel configuration (either number or arrangement) is not supported." }
ADTS Frame buffer_fullness=255 blocks=1 buf=489
filling data 489
DecoderError { code: 8199, message: "The channel configuration (either number or arrangement) is not supported." }
ADTS Frame buffer_fullness=255 blocks=1 buf=479
filling data 479
DecoderError { code: 8199, message: "The channel configuration (either number or arrangement) is not supported." }
ADTS Frame buffer_fullness=255 blocks=1 buf=502
filling data 502
DecoderError { code: 8199, message: "The channel configuration (either number or arrangement) is not supported." }
ADTS Frame buffer_fullness=255 blocks=1 buf=512
filling data 512
DecoderError { code: 8199, message: "The channel configuration (either number or arrangement) is not supported." }
ADTS Frame buffer_fullness=255 blocks=1 buf=517
filling data 517
DecoderError { code: 8199, message: "The channel configuration (either number or arrangement) is not supported." }
ADTS Frame buffer_fullness=255 blocks=1 buf=468
filling data 468
DecoderError { code: 8199, message: "The channel configuration (either number or arrangement) is not supported." }
ADTS Frame buffer_fullness=255 blocks=1 buf=442
filling data 442
DecoderError { code: 8199, message: "The channel configuration (either number or arrangement) is not supported." }
ADTS Frame buffer_fullness=255 blocks=1 buf=467
filling data 467
DecoderError { code: 8199, message: "The channel configuration (either number or arrangement) is not supported." }
ADTS Frame buffer_fullness=255 blocks=1 buf=449
filling data 449
DecoderError { code: 8199, message: "The channel configuration (either number or arrangement) is not supported." }
ADTS Frame buffer_fullness=255 blocks=1 buf=473
filling data 473
DecoderError { code: 8199, message: "The channel configuration (either number or arrangement) is not supported." }
ADTS Frame buffer_fullness=255 blocks=1 buf=479
filling data 479
DecoderError { code: 8199, message: "The channel configuration (either number or arrangement) is not supported." }
ADTS Frame buffer_fullness=255 blocks=1 buf=461
filling data 461
DecoderError { code: 8199, message: "The channel configuration (either number or arrangement) is not supported." }
ADTS Frame buffer_fullness=255 blocks=1 buf=478
filling data 478
DecoderError { code: 8199, message: "The channel configuration (either number or arrangement) is not supported." }
ADTS Frame buffer_fullness=255 blocks=1 buf=444
filling data 444
DecoderError { code: 8199, message: "The channel configuration (either number or arrangement) is not supported." }
ADTS Frame buffer_fullness=255 blocks=1 buf=471
filling data 471
DecoderError { code: 8199, message: "The channel configuration (either number or arrangement) is not supported." }
ADTS Frame buffer_fullness=255 blocks=1 buf=449
filling data 449
DecoderError { code: 8199, message: "The channel configuration (either number or arrangement) is not supported." }
ADTS Frame buffer_fullness=255 blocks=1 buf=451
filling data 451
DecoderError { code: 8199, message: "The channel configuration (either number or arrangement) is not supported." }
ADTS Frame buffer_fullness=255 blocks=1 buf=442
filling data 442
DecoderError { code: 8199, message: "The channel configuration (either number or arrangement) is not supported." }
ADTS Frame buffer_fullness=255 blocks=1 buf=527
filling data 527
DecoderError { code: 8199, message: "The channel configuration (either number or arrangement) is not supported." }
ADTS Frame buffer_fullness=255 blocks=1 buf=582
filling data 582
DecoderError { code: 8199, message: "The channel configuration (either number or arrangement) is not supported." }
ADTS Frame buffer_fullness=255 blocks=1 buf=564
filling data 564
DecoderError { code: 8199, message: "The channel configuration (either number or arrangement) is not supported." }
ADTS Frame buffer_fullness=255 blocks=1 buf=486
filling data 486
DecoderError { code: 8199, message: "The channel configuration (either number or arrangement) is not supported." }
ADTS Frame buffer_fullness=255 blocks=1 buf=545
filling data 545
DecoderError { code: 8199, message: "The channel configuration (either number or arrangement) is not supported." }
ADTS Frame buffer_fullness=255 blocks=1 buf=512
filling data 512
DecoderError { code: 8199, message: "The channel configuration (either number or arrangement) is not supported." }
ADTS Frame buffer_fullness=255 blocks=1 buf=533
filling data 533
DecoderError { code: 8199, message: "The channel configuration (either number or arrangement) is not supported." }
ADTS Frame buffer_fullness=255 blocks=1 buf=496
filling data 496
DecoderError { code: 8199, message: "The channel configuration (either number or arrangement) is not supported." }
ADTS Frame buffer_fullness=255 blocks=1 buf=449
filling data 449
DecoderError { code: 8199, message: "The channel configuration (either number or arrangement) is not supported." }
ADTS Frame buffer_fullness=255 blocks=1 buf=434
filling data 434
DecoderError { code: 8199, message: "The channel configuration (either number or arrangement) is not supported." }
ADTS Frame buffer_fullness=255 blocks=1 buf=439
filling data 439
DecoderError { code: 8199, message: "The channel configuration (either number or arrangement) is not supported." }
ADTS Frame buffer_fullness=255 blocks=1 buf=500
filling data 500
DecoderError { code: 8199, message: "The channel configuration (either number or arrangement) is not supported." }
ADTS Frame buffer_fullness=255 blocks=1 buf=483
filling data 483
DecoderError { code: 8199, message: "The channel configuration (either number or arrangement) is not supported." }
ADTS Frame buffer_fullness=255 blocks=1 buf=443
filling data 443
DecoderError { code: 8199, message: "The channel configuration (either number or arrangement) is not supported." }
ADTS Frame buffer_fullness=255 blocks=1 buf=465
filling data 465
DecoderError { code: 8199, message: "The channel configuration (either number or arrangement) is not supported." }
ADTS Frame buffer_fullness=255 blocks=1 buf=470
filling data 470
DecoderError { code: 8199, message: "The channel configuration (either number or arrangement) is not supported." }
ADTS Frame buffer_fullness=255 blocks=1 buf=501
filling data 501
DecoderError { code: 8199, message: "The channel configuration (either number or arrangement) is not supported." }
ADTS Frame buffer_fullness=255 blocks=1 buf=481
filling data 481
DecoderError { code: 8199, message: "The channel configuration (either number or arrangement) is not supported." }
ADTS Frame buffer_fullness=255 blocks=1 buf=433
filling data 433
DecoderError { code: 8199, message: "The channel configuration (either number or arrangement) is not supported." }
ADTS Frame buffer_fullness=255 blocks=1 buf=444
filling data 444
DecoderError { code: 8199, message: "The channel configuration (either number or arrangement) is not supported." }
ADTS Frame buffer_fullness=255 blocks=1 buf=471
filling data 471
DecoderError { code: 8199, message: "The channel configuration (either number or arrangement) is not supported." }
ADTS Frame buffer_fullness=255 blocks=1 buf=528
filling data 528
DecoderError { code: 8199, message: "The channel configuration (either number or arrangement) is not supported." }
ADTS Frame buffer_fullness=255 blocks=1 buf=480
filling data 480
DecoderError { code: 8199, message: "The channel configuration (either number or arrangement) is not supported." }
ADTS Frame buffer_fullness=255 blocks=1 buf=529
filling data 529
DecoderError { code: 8199, message: "The channel configuration (either number or arrangement) is not supported." }
ADTS Frame buffer_fullness=255 blocks=1 buf=512
filling data 512
DecoderError { code: 8199, message: "The channel configuration (either number or arrangement) is not supported." }
ADTS Frame buffer_fullness=255 blocks=1 buf=516
filling data 516
DecoderError { code: 8199, message: "The channel configuration (either number or arrangement) is not supported." }
ADTS Frame buffer_fullness=255 blocks=1 buf=504
filling data 504
DecoderError { code: 8199, message: "The channel configuration (either number or arrangement) is not supported." }
ADTS Frame buffer_fullness=255 blocks=1 buf=507
filling data 507
DecoderError { code: 8199, message: "The channel configuration (either number or arrangement) is not supported." }
ADTS Frame buffer_fullness=255 blocks=1 buf=642
filling data 642
DecoderError { code: 8199, message: "The channel configuration (either number or arrangement) is not supported." }
ADTS Frame buffer_fullness=255 blocks=1 buf=573
filling data 573
DecoderError { code: 8199, message: "The channel configuration (either number or arrangement) is not supported." }
ADTS Frame buffer_fullness=255 blocks=1 buf=518
filling data 518
DecoderError { code: 8199, message: "The channel configuration (either number or arrangement) is not supported." }
ADTS Frame buffer_fullness=255 blocks=1 buf=471
filling data 471
DecoderError { code: 8199, message: "The channel configuration (either number or arrangement) is not supported." }
ADTS Frame buffer_fullness=255 blocks=1 buf=486
filling data 486
DecoderError { code: 8199, message: "The channel configuration (either number or arrangement) is not supported." }
ADTS Frame buffer_fullness=255 blocks=1 buf=503
filling data 503
DecoderError { code: 8199, message: "The channel configuration (either number or arrangement) is not supported." }
ADTS Frame buffer_fullness=255 blocks=1 buf=463
filling data 463
DecoderError { code: 8199, message: "The channel configuration (either number or arrangement) is not supported." }
ADTS Frame buffer_fullness=255 blocks=1 buf=476
filling data 476
DecoderError { code: 8199, message: "The channel configuration (either number or arrangement) is not supported." }
ADTS Frame buffer_fullness=255 blocks=1 buf=520
filling data 520
DecoderError { code: 8199, message: "The channel configuration (either number or arrangement) is not supported." }
ADTS Frame buffer_fullness=255 blocks=1 buf=485
filling data 485
DecoderError { code: 8199, message: "The channel configuration (either number or arrangement) is not supported." }
ADTS Frame buffer_fullness=255 blocks=1 buf=429
filling data 429
DecoderError { code: 8199, message: "The channel configuration (either number or arrangement) is not supported." }
ADTS Frame buffer_fullness=255 blocks=1 buf=472
filling data 472
DecoderError { code: 8199, message: "The channel configuration (either number or arrangement) is not supported." }
ADTS Frame buffer_fullness=255 blocks=1 buf=469
filling data 469
DecoderError { code: 8199, message: "The channel configuration (either number or arrangement) is not supported." }
ADTS Frame buffer_fullness=255 blocks=1 buf=472
filling data 472
DecoderError { code: 8199, message: "The channel configuration (either number or arrangement) is not supported." }
ADTS Frame buffer_fullness=255 blocks=1 buf=432
filling data 432
DecoderError { code: 8199, message: "The channel configuration (either number or arrangement) is not supported." }
ADTS Frame buffer_fullness=255 blocks=1 buf=464
filling data 464
DecoderError { code: 8199, message: "The channel configuration (either number or arrangement) is not supported." }
ADTS Frame buffer_fullness=255 blocks=1 buf=467
filling data 467
DecoderError { code: 8199, message: "The channel configuration (either number or arrangement) is not supported." }
ADTS Frame buffer_fullness=255 blocks=1 buf=474
filling data 474
DecoderError { code: 8199, message: "The channel configuration (either number or arrangement) is not supported." }
ADTS Frame buffer_fullness=255 blocks=1 buf=473
filling data 473
DecoderError { code: 8199, message: "The channel configuration (either number or arrangement) is not supported." }
ADTS Frame buffer_fullness=255 blocks=1 buf=472
filling data 472
DecoderError { code: 8199, message: "The channel configuration (either number or arrangement) is not supported." }
ADTS Frame buffer_fullness=255 blocks=1 buf=486
filling data 486
DecoderError { code: 8199, message: "The channel configuration (either number or arrangement) is not supported." }
ADTS Frame buffer_fullness=255 blocks=1 buf=463
filling data 463
DecoderError { code: 8199, message: "The channel configuration (either number or arrangement) is not supported." }
ADTS Frame buffer_fullness=255 blocks=1 buf=490
filling data 490
DecoderError { code: 8199, message: "The channel configuration (either number or arrangement) is not supported." }
ADTS Frame buffer_fullness=255 blocks=1 buf=465
filling data 465
DecoderError { code: 8199, message: "The channel configuration (either number or arrangement) is not supported." }
ADTS Frame buffer_fullness=255 blocks=1 buf=445
filling data 445
DecoderError { code: 8199, message: "The channel configuration (either number or arrangement) is not supported." }
ADTS Frame buffer_fullness=255 blocks=1 buf=441
filling data 441
DecoderError { code: 8199, message: "The channel configuration (either number or arrangement) is not supported." }
ADTS Frame buffer_fullness=255 blocks=1 buf=489
filling data 489
DecoderError { code: 8199, message: "The channel configuration (either number or arrangement) is not supported." }
ADTS Frame buffer_fullness=255 blocks=1 buf=467
filling data 467
DecoderError { code: 8199, message: "The channel configuration (either number or arrangement) is not supported." }
ADTS Frame buffer_fullness=255 blocks=1 buf=439
filling data 439
DecoderError { code: 8199, message: "The channel configuration (either number or arrangement) is not supported." }
ADTS Frame buffer_fullness=255 blocks=1 buf=464
filling data 464
DecoderError { code: 8199, message: "The channel configuration (either number or arrangement) is not supported." }
ADTS Frame buffer_fullness=255 blocks=1 buf=470
filling data 470
DecoderError { code: 8199, message: "The channel configuration (either number or arrangement) is not supported." }
ADTS Frame buffer_fullness=255 blocks=1 buf=415
filling data 415
DecoderError { code: 8199, message: "The channel configuration (either number or arrangement) is not supported." }
ADTS Frame buffer_fullness=255 blocks=1 buf=460
filling data 460
DecoderError { code: 8199, message: "The channel configuration (either number or arrangement) is not supported." }
ADTS Frame buffer_fullness=255 blocks=1 buf=421
filling data 421
DecoderError { code: 8199, message: "The channel configuration (either number or arrangement) is not supported." }
ADTS Frame buffer_fullness=255 blocks=1 buf=473
filling data 473
DecoderError { code: 8199, message: "The channel configuration (either number or arrangement) is not supported." }
ADTS Frame buffer_fullness=255 blocks=1 buf=487
filling data 487
DecoderError { code: 8199, message: "The channel configuration (either number or arrangement) is not supported." }
ADTS Frame buffer_fullness=255 blocks=1 buf=537
filling data 537
DecoderError { code: 8199, message: "The channel configuration (either number or arrangement) is not supported." }
ADTS Frame buffer_fullness=255 blocks=1 buf=486
filling data 486
DecoderError { code: 8199, message: "The channel configuration (either number or arrangement) is not supported." }
ADTS Frame buffer_fullness=255 blocks=1 buf=497
filling data 497
DecoderError { code: 8199, message: "The channel configuration (either number or arrangement) is not supported." }
ADTS Frame buffer_fullness=255 blocks=1 buf=481
filling data 481
DecoderError { code: 8199, message: "The channel configuration (either number or arrangement) is not supported." }
ADTS Frame buffer_fullness=255 blocks=1 buf=471
filling data 471
DecoderError { code: 8199, message: "The channel configuration (either number or arrangement) is not supported." }
ADTS Frame buffer_fullness=255 blocks=1 buf=459
filling data 459
DecoderError { code: 8199, message: "The channel configuration (either number or arrangement) is not supported." }
ADTS Frame buffer_fullness=255 blocks=1 buf=478
filling data 478
DecoderError { code: 8199, message: "The channel configuration (either number or arrangement) is not supported." }
ADTS Frame buffer_fullness=255 blocks=1 buf=476
filling data 476
DecoderError { code: 8199, message: "The channel configuration (either number or arrangement) is not supported." }
ADTS Frame buffer_fullness=255 blocks=1 buf=431
filling data 431
DecoderError { code: 8199, message: "The channel configuration (either number or arrangement) is not supported." }
ADTS Frame buffer_fullness=255 blocks=1 buf=441
filling data 441
DecoderError { code: 8199, message: "The channel configuration (either number or arrangement) is not supported." }
ADTS Frame buffer_fullness=255 blocks=1 buf=485
filling data 485
DecoderError { code: 8199, message: "The channel configuration (either number or arrangement) is not supported." }
ADTS Frame buffer_fullness=255 blocks=1 buf=459
filling data 459
DecoderError { code: 8199, message: "The channel configuration (either number or arrangement) is not supported." }
ADTS Frame buffer_fullness=255 blocks=1 buf=502
filling data 502
DecoderError { code: 8199, message: "The channel configuration (either number or arrangement) is not supported." }
ADTS Frame buffer_fullness=255 blocks=1 buf=483
filling data 483
DecoderError { code: 8199, message: "The channel configuration (either number or arrangement) is not supported." }
ADTS Frame buffer_fullness=255 blocks=1 buf=464
filling data 464
DecoderError { code: 8199, message: "The channel configuration (either number or arrangement) is not supported." }
ADTS Frame buffer_fullness=255 blocks=1 buf=493
filling data 493
DecoderError { code: 8199, message: "The channel configuration (either number or arrangement) is not supported." }
ADTS Frame buffer_fullness=255 blocks=1 buf=445
filling data 445
DecoderError { code: 8199, message: "The channel configuration (either number or arrangement) is not supported." }
ADTS Frame buffer_fullness=255 blocks=1 buf=459
filling data 459
DecoderError { code: 8199, message: "The channel configuration (either number or arrangement) is not supported." }
ADTS Frame buffer_fullness=255 blocks=1 buf=489
filling data 489
DecoderError { code: 8199, message: "The channel configuration (either number or arrangement) is not supported." }
ADTS Frame buffer_fullness=255 blocks=1 buf=460
filling data 460
DecoderError { code: 8199, message: "The channel configuration (either number or arrangement) is not supported." }
ADTS Frame buffer_fullness=255 blocks=1 buf=489
filling data 489
DecoderError { code: 8199, message: "The channel configuration (either number or arrangement) is not supported." }
ADTS Frame buffer_fullness=255 blocks=1 buf=474
filling data 474
DecoderError { code: 8199, message: "The channel configuration (either number or arrangement) is not supported." }
ADTS Frame buffer_fullness=255 blocks=1 buf=459
filling data 459
DecoderError { code: 8199, message: "The channel configuration (either number or arrangement) is not supported." }
ADTS Frame buffer_fullness=255 blocks=1 buf=494
filling data 494
DecoderError { code: 8199, message: "The channel configuration (either number or arrangement) is not supported." }
ADTS Frame buffer_fullness=255 blocks=1 buf=456
filling data 456
DecoderError { code: 8199, message: "The channel configuration (either number or arrangement) is not supported." }
ADTS Frame buffer_fullness=255 blocks=1 buf=458
filling data 458
DecoderError { code: 8199, message: "The channel configuration (either number or arrangement) is not supported." }
ADTS Frame buffer_fullness=255 blocks=1 buf=474
filling data 474
DecoderError { code: 8199, message: "The channel configuration (either number or arrangement) is not supported." }
ADTS Frame buffer_fullness=255 blocks=1 buf=486
filling data 486
DecoderError { code: 8199, message: "The channel configuration (either number or arrangement) is not supported." }
ADTS Frame buffer_fullness=255 blocks=1 buf=490
filling data 490
DecoderError { code: 8199, message: "The channel configuration (either number or arrangement) is not supported." }
ADTS Frame buffer_fullness=255 blocks=1 buf=490
filling data 490
DecoderError { code: 8199, message: "The channel configuration (either number or arrangement) is not supported." }
ADTS Frame buffer_fullness=255 blocks=1 buf=815
filling data 815
DecoderError { code: 8199, message: "The channel configuration (either number or arrangement) is not supported." }
ADTS Frame buffer_fullness=255 blocks=1 buf=440
filling data 440
DecoderError { code: 8199, message: "The channel configuration (either number or arrangement) is not supported." }
ADTS Frame buffer_fullness=255 blocks=1 buf=492
filling data 492
DecoderError { code: 8199, message: "The channel configuration (either number or arrangement) is not supported." }
ADTS Frame buffer_fullness=255 blocks=1 buf=480
filling data 480
DecoderError { code: 8199, message: "The channel configuration (either number or arrangement) is not supported." }
ADTS Frame buffer_fullness=255 blocks=1 buf=440
filling data 440
DecoderError { code: 8199, message: "The channel configuration (either number or arrangement) is not supported." }
ADTS Frame buffer_fullness=255 blocks=1 buf=481
filling data 481
DecoderError { code: 8199, message: "The channel configuration (either number or arrangement) is not supported." }
ADTS Frame buffer_fullness=255 blocks=1 buf=488
filling data 488
DecoderError { code: 8199, message: "The channel configuration (either number or arrangement) is not supported." }
ADTS Frame buffer_fullness=255 blocks=1 buf=490
filling data 490
DecoderError { code: 8199, message: "The channel configuration (either number or arrangement) is not supported." }
ADTS Frame buffer_fullness=255 blocks=1 buf=469
filling data 469
DecoderError { code: 8199, message: "The channel configuration (either number or arrangement) is not supported." }
ADTS Frame buffer_fullness=255 blocks=1 buf=437
filling data 437
DecoderError { code: 8199, message: "The channel configuration (either number or arrangement) is not supported." }
ADTS Frame buffer_fullness=255 blocks=1 buf=491
filling data 491
DecoderError { code: 8199, message: "The channel configuration (either number or arrangement) is not supported." }
ADTS Frame buffer_fullness=255 blocks=1 buf=504
filling data 504
DecoderError { code: 8199, message: "The channel configuration (either number or arrangement) is not supported." }
ADTS Frame buffer_fullness=255 blocks=1 buf=434
filling data 434
DecoderError { code: 8199, message: "The channel configuration (either number or arrangement) is not supported." }
ADTS Frame buffer_fullness=255 blocks=1 buf=476
filling data 476
DecoderError { code: 8199, message: "The channel configuration (either number or arrangement) is not supported." }
ADTS Frame buffer_fullness=255 blocks=1 buf=460
filling data 460
DecoderError { code: 8199, message: "The channel configuration (either number or arrangement) is not supported." }
ADTS Frame buffer_fullness=255 blocks=1 buf=433
filling data 433
DecoderError { code: 8199, message: "The channel configuration (either number or arrangement) is not supported." }
ADTS Frame buffer_fullness=255 blocks=1 buf=474
filling data 474
DecoderError { code: 8199, message: "The channel configuration (either number or arrangement) is not supported." }
ADTS Frame buffer_fullness=255 blocks=1 buf=509
filling data 509
DecoderError { code: 8199, message: "The channel configuration (either number or arrangement) is not supported." }
ADTS Frame buffer_fullness=255 blocks=1 buf=492
filling data 492
DecoderError { code: 8199, message: "The channel configuration (either number or arrangement) is not supported." }
ADTS Frame buffer_fullness=255 blocks=1 buf=502
filling data 502
DecoderError { code: 8199, message: "The channel configuration (either number or arrangement) is not supported." }
ADTS Frame buffer_fullness=255 blocks=1 buf=445
filling data 445
DecoderError { code: 8199, message: "The channel configuration (either number or arrangement) is not supported." }
ADTS Frame buffer_fullness=255 blocks=1 buf=446
filling data 446
DecoderError { code: 8199, message: "The channel configuration (either number or arrangement) is not supported." }
ADTS Frame buffer_fullness=255 blocks=1 buf=478
filling data 478
DecoderError { code: 8199, message: "The channel configuration (either number or arrangement) is not supported." }
ADTS Frame buffer_fullness=255 blocks=1 buf=484
filling data 484
DecoderError { code: 8199, message: "The channel configuration (either number or arrangement) is not supported." }
ADTS Frame buffer_fullness=255 blocks=1 buf=467
filling data 467
DecoderError { code: 8199, message: "The channel configuration (either number or arrangement) is not supported." }
ADTS Frame buffer_fullness=255 blocks=1 buf=463
filling data 463
DecoderError { code: 8199, message: "The channel configuration (either number or arrangement) is not supported." }
ADTS Frame buffer_fullness=255 blocks=1 buf=429
filling data 429
DecoderError { code: 8199, message: "The channel configuration (either number or arrangement) is not supported." }
ADTS Frame buffer_fullness=255 blocks=1 buf=478
filling data 478
DecoderError { code: 8199, message: "The channel configuration (either number or arrangement) is not supported." }
ADTS Frame buffer_fullness=255 blocks=1 buf=469
filling data 469
DecoderError { code: 8199, message: "The channel configuration (either number or arrangement) is not supported." }
ADTS Frame buffer_fullness=255 blocks=1 buf=433
filling data 433
DecoderError { code: 8199, message: "The channel configuration (either number or arrangement) is not supported." }
ADTS Frame buffer_fullness=255 blocks=1 buf=507
filling data 507
DecoderError { code: 8199, message: "The channel configuration (either number or arrangement) is not supported." }
ADTS Frame buffer_fullness=255 blocks=1 buf=619
filling data 619
DecoderError { code: 8199, message: "The channel configuration (either number or arrangement) is not supported." }
ADTS Frame buffer_fullness=255 blocks=1 buf=504
filling data 504
DecoderError { code: 8199, message: "The channel configuration (either number or arrangement) is not supported." }
ADTS Frame buffer_fullness=255 blocks=1 buf=508
filling data 508
DecoderError { code: 8199, message: "The channel configuration (either number or arrangement) is not supported." }
ADTS Frame buffer_fullness=255 blocks=1 buf=568
filling data 568
DecoderError { code: 8199, message: "The channel configuration (either number or arrangement) is not supported." }
ADTS Frame buffer_fullness=255 blocks=1 buf=500
filling data 500
DecoderError { code: 8199, message: "The channel configuration (either number or arrangement) is not supported." }
ADTS Frame buffer_fullness=255 blocks=1 buf=485
filling data 485
DecoderError { code: 8199, message: "The channel configuration (either number or arrangement) is not supported." }
ADTS Frame buffer_fullness=255 blocks=1 buf=500
filling data 500
DecoderError { code: 8199, message: "The channel configuration (either number or arrangement) is not supported." }
ADTS Frame buffer_fullness=255 blocks=1 buf=464
filling data 464
DecoderError { code: 8199, message: "The channel configuration (either number or arrangement) is not supported." }
ADTS Frame buffer_fullness=255 blocks=1 buf=480
filling data 480
DecoderError { code: 8199, message: "The channel configuration (either number or arrangement) is not supported." }
ADTS Frame buffer_fullness=255 blocks=1 buf=455
filling data 455
DecoderError { code: 8199, message: "The channel configuration (either number or arrangement) is not supported." }
ADTS Frame buffer_fullness=255 blocks=1 buf=484
filling data 484
DecoderError { code: 8199, message: "The channel configuration (either number or arrangement) is not supported." }
ADTS Frame buffer_fullness=255 blocks=1 buf=475
filling data 475
DecoderError { code: 8199, message: "The channel configuration (either number or arrangement) is not supported." }
ADTS Frame buffer_fullness=255 blocks=1 buf=467
filling data 467
DecoderError { code: 8199, message: "The channel configuration (either number or arrangement) is not supported." }
ADTS Frame buffer_fullness=255 blocks=1 buf=456
filling data 456
DecoderError { code: 8199, message: "The channel configuration (either number or arrangement) is not supported." }
ADTS Frame buffer_fullness=255 blocks=1 buf=466
filling data 466
DecoderError { code: 8199, message: "The channel configuration (either number or arrangement) is not supported." }
ADTS Frame buffer_fullness=255 blocks=1 buf=429
filling data 429
DecoderError { code: 8199, message: "The channel configuration (either number or arrangement) is not supported." }
ADTS Frame buffer_fullness=255 blocks=1 buf=434
filling data 434
DecoderError { code: 8199, message: "The channel configuration (either number or arrangement) is not supported." }
ADTS Frame buffer_fullness=255 blocks=1 buf=488
filling data 488
DecoderError { code: 8199, message: "The channel configuration (either number or arrangement) is not supported." }
ADTS Frame buffer_fullness=255 blocks=1 buf=461
filling data 461
DecoderError { code: 8199, message: "The channel configuration (either number or arrangement) is not supported." }
ADTS Frame buffer_fullness=255 blocks=1 buf=497
filling data 497
DecoderError { code: 8199, message: "The channel configuration (either number or arrangement) is not supported." }
ADTS Frame buffer_fullness=255 blocks=1 buf=437
filling data 437
DecoderError { code: 8199, message: "The channel configuration (either number or arrangement) is not supported." }
ADTS Frame buffer_fullness=255 blocks=1 buf=450
filling data 450
DecoderError { code: 8199, message: "The channel configuration (either number or arrangement) is not supported." }
ADTS Frame buffer_fullness=255 blocks=1 buf=740
filling data 740
DecoderError { code: 8199, message: "The channel configuration (either number or arrangement) is not supported." }
ADTS Frame buffer_fullness=255 blocks=1 buf=477
filling data 477
DecoderError { code: 8199, message: "The channel configuration (either number or arrangement) is not supported." }
ADTS Frame buffer_fullness=255 blocks=1 buf=445
filling data 445
DecoderError { code: 8199, message: "The channel configuration (either number or arrangement) is not supported." }
ADTS Frame buffer_fullness=255 blocks=1 buf=403
filling data 403
DecoderError { code: 8199, message: "The channel configuration (either number or arrangement) is not supported." }
ADTS Frame buffer_fullness=255 blocks=1 buf=420
filling data 420
DecoderError { code: 8199, message: "The channel configuration (either number or arrangement) is not supported." }
ADTS Frame buffer_fullness=255 blocks=1 buf=428
filling data 428
DecoderError { code: 8199, message: "The channel configuration (either number or arrangement) is not supported." }
ADTS Frame buffer_fullness=255 blocks=1 buf=428
filling data 428
DecoderError { code: 8199, message: "The channel configuration (either number or arrangement) is not supported." }
ADTS Frame buffer_fullness=255 blocks=1 buf=426
filling data 426
DecoderError { code: 8199, message: "The channel configuration (either number or arrangement) is not supported." }
ADTS Frame buffer_fullness=255 blocks=1 buf=818
filling data 818
DecoderError { code: 8199, message: "The channel configuration (either number or arrangement) is not supported." }
ADTS Frame buffer_fullness=255 blocks=1 buf=437
filling data 437
DecoderError { code: 8199, message: "The channel configuration (either number or arrangement) is not supported." }
ADTS Frame buffer_fullness=255 blocks=1 buf=497
filling data 497
DecoderError { code: 8199, message: "The channel configuration (either number or arrangement) is not supported." }
ADTS Frame buffer_fullness=255 blocks=1 buf=436
filling data 436
DecoderError { code: 8199, message: "The channel configuration (either number or arrangement) is not supported." }
ADTS Frame buffer_fullness=255 blocks=1 buf=466
filling data 466
DecoderError { code: 8199, message: "The channel configuration (either number or arrangement) is not supported." }
ADTS Frame buffer_fullness=255 blocks=1 buf=480
filling data 480
DecoderError { code: 8199, message: "The channel configuration (either number or arrangement) is not supported." }
ADTS Frame buffer_fullness=255 blocks=1 buf=466
filling data 466
DecoderError { code: 8199, message: "The channel configuration (either number or arrangement) is not supported." }
ADTS Frame buffer_fullness=255 blocks=1 buf=427
filling data 427
DecoderError { code: 8199, message: "The channel configuration (either number or arrangement) is not supported." }
ADTS Frame buffer_fullness=255 blocks=1 buf=467
filling data 467
DecoderError { code: 8199, message: "The channel configuration (either number or arrangement) is not supported." }
ADTS Frame buffer_fullness=255 blocks=1 buf=479
filling data 479
DecoderError { code: 8199, message: "The channel configuration (either number or arrangement) is not supported." }
ADTS Frame buffer_fullness=255 blocks=1 buf=471
filling data 471
DecoderError { code: 8199, message: "The channel configuration (either number or arrangement) is not supported." }
ADTS Frame buffer_fullness=255 blocks=1 buf=487
filling data 487
DecoderError { code: 8199, message: "The channel configuration (either number or arrangement) is not supported." }
ADTS Frame buffer_fullness=255 blocks=1 buf=470
filling data 470
DecoderError { code: 8199, message: "The channel configuration (either number or arrangement) is not supported." }
ADTS Frame buffer_fullness=255 blocks=1 buf=445
filling data 445
DecoderError { code: 8199, message: "The channel configuration (either number or arrangement) is not supported." }
ADTS Frame buffer_fullness=255 blocks=1 buf=437
filling data 437
DecoderError { code: 8199, message: "The channel configuration (either number or arrangement) is not supported." }
ADTS Frame buffer_fullness=255 blocks=1 buf=499
filling data 499
DecoderError { code: 8199, message: "The channel configuration (either number or arrangement) is not supported." }
ADTS Frame buffer_fullness=255 blocks=1 buf=492
filling data 492
DecoderError { code: 8199, message: "The channel configuration (either number or arrangement) is not supported." }
ADTS Frame buffer_fullness=255 blocks=1 buf=517
filling data 517
DecoderError { code: 8199, message: "The channel configuration (either number or arrangement) is not supported." }
ADTS Frame buffer_fullness=255 blocks=1 buf=476
filling data 476
DecoderError { code: 8199, message: "The channel configuration (either number or arrangement) is not supported." }
ADTS Frame buffer_fullness=255 blocks=1 buf=512
filling data 512
DecoderError { code: 8199, message: "The channel configuration (either number or arrangement) is not supported." }
ADTS Frame buffer_fullness=255 blocks=1 buf=478
filling data 478
DecoderError { code: 8199, message: "The channel configuration (either number or arrangement) is not supported." }
ADTS Frame buffer_fullness=255 blocks=1 buf=457
filling data 457
DecoderError { code: 8199, message: "The channel configuration (either number or arrangement) is not supported." }
ADTS Frame buffer_fullness=255 blocks=1 buf=483
filling data 483
DecoderError { code: 8199, message: "The channel configuration (either number or arrangement) is not supported." }
ADTS Frame buffer_fullness=255 blocks=1 buf=478
filling data 478
DecoderError { code: 8199, message: "The channel configuration (either number or arrangement) is not supported." }
ADTS Frame buffer_fullness=255 blocks=1 buf=466
filling data 466
DecoderError { code: 8199, message: "The channel configuration (either number or arrangement) is not supported." }
ADTS Frame buffer_fullness=255 blocks=1 buf=432
filling data 432
DecoderError { code: 8199, message: "The channel configuration (either number or arrangement) is not supported." }
ADTS Frame buffer_fullness=255 blocks=1 buf=505
filling data 505
DecoderError { code: 8199, message: "The channel configuration (either number or arrangement) is not supported." }
ADTS Frame buffer_fullness=255 blocks=1 buf=446
filling data 446
DecoderError { code: 8199, message: "The channel configuration (either number or arrangement) is not supported." }
ADTS Frame buffer_fullness=255 blocks=1 buf=463
filling data 463
DecoderError { code: 8199, message: "The channel configuration (either number or arrangement) is not supported." }
ADTS Frame buffer_fullness=255 blocks=1 buf=429
filling data 429
DecoderError { code: 8199, message: "The channel configuration (either number or arrangement) is not supported." }
ADTS Frame buffer_fullness=255 blocks=1 buf=515
filling data 515
DecoderError { code: 8199, message: "The channel configuration (either number or arrangement) is not supported." }
ADTS Frame buffer_fullness=255 blocks=1 buf=484
filling data 484
DecoderError { code: 8199, message: "The channel configuration (either number or arrangement) is not supported." }
ADTS Frame buffer_fullness=255 blocks=1 buf=463
filling data 463
DecoderError { code: 8199, message: "The channel configuration (either number or arrangement) is not supported." }
ADTS Frame buffer_fullness=255 blocks=1 buf=452
filling data 452
DecoderError { code: 8199, message: "The channel configuration (either number or arrangement) is not supported." }
ADTS Frame buffer_fullness=255 blocks=1 buf=482
filling data 482
DecoderError { code: 8199, message: "The channel configuration (either number or arrangement) is not supported." }
ADTS Frame buffer_fullness=255 blocks=1 buf=505
filling data 505
DecoderError { code: 8199, message: "The channel configuration (either number or arrangement) is not supported." }
ADTS Frame buffer_fullness=255 blocks=1 buf=466
filling data 466
DecoderError { code: 8199, message: "The channel configuration (either number or arrangement) is not supported." }
ADTS Frame buffer_fullness=255 blocks=1 buf=461
filling data 461
DecoderError { code: 8199, message: "The channel configuration (either number or arrangement) is not supported." }
ADTS Frame buffer_fullness=255 blocks=1 buf=478
filling data 478
DecoderError { code: 8199, message: "The channel configuration (either number or arrangement) is not supported." }
ADTS Frame buffer_fullness=255 blocks=1 buf=479
filling data 479
DecoderError { code: 8199, message: "The channel configuration (either number or arrangement) is not supported." }
ADTS Frame buffer_fullness=255 blocks=1 buf=469
filling data 469
DecoderError { code: 8199, message: "The channel configuration (either number or arrangement) is not supported." }
ADTS Frame buffer_fullness=255 blocks=1 buf=485
filling data 485
DecoderError { code: 8199, message: "The channel configuration (either number or arrangement) is not supported." }
ADTS Frame buffer_fullness=255 blocks=1 buf=521
filling data 521
DecoderError { code: 8199, message: "The channel configuration (either number or arrangement) is not supported." }
ADTS Frame buffer_fullness=255 blocks=1 buf=573
filling data 573
DecoderError { code: 8199, message: "The channel configuration (either number or arrangement) is not supported." }
ADTS Frame buffer_fullness=255 blocks=1 buf=474
filling data 474
DecoderError { code: 8199, message: "The channel configuration (either number or arrangement) is not supported." }
ADTS Frame buffer_fullness=255 blocks=1 buf=464
filling data 464
DecoderError { code: 8199, message: "The channel configuration (either number or arrangement) is not supported." }
ADTS Frame buffer_fullness=255 blocks=1 buf=421
filling data 421
DecoderError { code: 8199, message: "The channel configuration (either number or arrangement) is not supported." }
ADTS Frame buffer_fullness=255 blocks=1 buf=470
filling data 470
DecoderError { code: 8199, message: "The channel configuration (either number or arrangement) is not supported." }
ADTS Frame buffer_fullness=255 blocks=1 buf=461
filling data 461
DecoderError { code: 8199, message: "The channel configuration (either number or arrangement) is not supported." }
ADTS Frame buffer_fullness=255 blocks=1 buf=488
filling data 488
DecoderError { code: 8199, message: "The channel configuration (either number or arrangement) is not supported." }
ADTS Frame buffer_fullness=255 blocks=1 buf=477
filling data 477
DecoderError { code: 8199, message: "The channel configuration (either number or arrangement) is not supported." }
ADTS Frame buffer_fullness=255 blocks=1 buf=473
filling data 473
DecoderError { code: 8199, message: "The channel configuration (either number or arrangement) is not supported." }
ADTS Frame buffer_fullness=255 blocks=1 buf=473
filling data 473
DecoderError { code: 8199, message: "The channel configuration (either number or arrangement) is not supported." }
ADTS Frame buffer_fullness=255 blocks=1 buf=479
filling data 479
DecoderError { code: 8199, message: "The channel configuration (either number or arrangement) is not supported." }
ADTS Frame buffer_fullness=255 blocks=1 buf=444
filling data 444
DecoderError { code: 8199, message: "The channel configuration (either number or arrangement) is not supported." }
ADTS Frame buffer_fullness=255 blocks=1 buf=481
filling data 481
DecoderError { code: 8199, message: "The channel configuration (either number or arrangement) is not supported." }
ADTS Frame buffer_fullness=255 blocks=1 buf=476
filling data 476
DecoderError { code: 8199, message: "The channel configuration (either number or arrangement) is not supported." }
ADTS Frame buffer_fullness=255 blocks=1 buf=497
filling data 497
DecoderError { code: 8199, message: "The channel configuration (either number or arrangement) is not supported." }
ADTS Frame buffer_fullness=255 blocks=1 buf=478
filling data 478
DecoderError { code: 8199, message: "The channel configuration (either number or arrangement) is not supported." }
ADTS Frame buffer_fullness=255 blocks=1 buf=799
filling data 799
DecoderError { code: 8199, message: "The channel configuration (either number or arrangement) is not supported." }
ADTS Frame buffer_fullness=255 blocks=1 buf=514
filling data 514
DecoderError { code: 8199, message: "The channel configuration (either number or arrangement) is not supported." }
ADTS Frame buffer_fullness=255 blocks=1 buf=526
filling data 526
DecoderError { code: 8199, message: "The channel configuration (either number or arrangement) is not supported." }
ADTS Frame buffer_fullness=255 blocks=1 buf=492
filling data 492
DecoderError { code: 8199, message: "The channel configuration (either number or arrangement) is not supported." }
ADTS Frame buffer_fullness=255 blocks=1 buf=472
filling data 472
DecoderError { code: 8199, message: "The channel configuration (either number or arrangement) is not supported." }
ADTS Frame buffer_fullness=255 blocks=1 buf=487
filling data 487
DecoderError { code: 8199, message: "The channel configuration (either number or arrangement) is not supported." }
ADTS Frame buffer_fullness=255 blocks=1 buf=474
filling data 474
DecoderError { code: 8199, message: "The channel configuration (either number or arrangement) is not supported." }
ADTS Frame buffer_fullness=255 blocks=1 buf=469
filling data 469
DecoderError { code: 8199, message: "The channel configuration (either number or arrangement) is not supported." }
ADTS Frame buffer_fullness=255 blocks=1 buf=469
filling data 469
DecoderError { code: 8199, message: "The channel configuration (either number or arrangement) is not supported." }
ADTS Frame buffer_fullness=255 blocks=1 buf=511
filling data 511
DecoderError { code: 8199, message: "The channel configuration (either number or arrangement) is not supported." }
ADTS Frame buffer_fullness=255 blocks=1 buf=468
filling data 468
DecoderError { code: 8199, message: "The channel configuration (either number or arrangement) is not supported." }
ADTS Frame buffer_fullness=255 blocks=1 buf=467
filling data 467
DecoderError { code: 8199, message: "The channel configuration (either number or arrangement) is not supported." }
ADTS Frame buffer_fullness=255 blocks=1 buf=536
filling data 536
DecoderError { code: 8199, message: "The channel configuration (either number or arrangement) is not supported." }
ADTS Frame buffer_fullness=255 blocks=1 buf=525
filling data 525
DecoderError { code: 8199, message: "The channel configuration (either number or arrangement) is not supported." }
ADTS Frame buffer_fullness=255 blocks=1 buf=496
filling data 496
DecoderError { code: 8199, message: "The channel configuration (either number or arrangement) is not supported." }
ADTS Frame buffer_fullness=255 blocks=1 buf=452
filling data 452
DecoderError { code: 8199, message: "The channel configuration (either number or arrangement) is not supported." }
ADTS Frame buffer_fullness=255 blocks=1 buf=451
filling data 451
DecoderError { code: 8199, message: "The channel configuration (either number or arrangement) is not supported." }
ADTS Frame buffer_fullness=255 blocks=1 buf=499
filling data 499
DecoderError { code: 8199, message: "The channel configuration (either number or arrangement) is not supported." }
ADTS Frame buffer_fullness=255 blocks=1 buf=460
filling data 460
DecoderError { code: 8199, message: "The channel configuration (either number or arrangement) is not supported." }
ADTS Frame buffer_fullness=255 blocks=1 buf=453
filling data 453
DecoderError { code: 8199, message: "The channel configuration (either number or arrangement) is not supported." }
ADTS Frame buffer_fullness=255 blocks=1 buf=487
filling data 487
DecoderError { code: 8199, message: "The channel configuration (either number or arrangement) is not supported." }
ADTS Frame buffer_fullness=255 blocks=1 buf=448
filling data 448
DecoderError { code: 8199, message: "The channel configuration (either number or arrangement) is not supported." }
ADTS Frame buffer_fullness=255 blocks=1 buf=475
filling data 475
DecoderError { code: 8199, message: "The channel configuration (either number or arrangement) is not supported." }
ADTS Frame buffer_fullness=255 blocks=1 buf=470
filling data 470
DecoderError { code: 8199, message: "The channel configuration (either number or arrangement) is not supported." }
ADTS Frame buffer_fullness=255 blocks=1 buf=465
filling data 465
DecoderError { code: 8199, message: "The channel configuration (either number or arrangement) is not supported." }
ADTS Frame buffer_fullness=255 blocks=1 buf=450
filling data 450
DecoderError { code: 8199, message: "The channel configuration (either number or arrangement) is not supported." }
ADTS Frame buffer_fullness=255 blocks=1 buf=482
filling data 482
DecoderError { code: 8199, message: "The channel configuration (either number or arrangement) is not supported." }
ADTS Frame buffer_fullness=255 blocks=1 buf=487
filling data 487
DecoderError { code: 8199, message: "The channel configuration (either number or arrangement) is not supported." }
ADTS Frame buffer_fullness=255 blocks=1 buf=491
filling data 491
DecoderError { code: 8199, message: "The channel configuration (either number or arrangement) is not supported." }
ADTS Frame buffer_fullness=255 blocks=1 buf=519
filling data 519
DecoderError { code: 8199, message: "The channel configuration (either number or arrangement) is not supported." }
ADTS Frame buffer_fullness=255 blocks=1 buf=448
filling data 448
DecoderError { code: 8199, message: "The channel configuration (either number or arrangement) is not supported." }
ADTS Frame buffer_fullness=255 blocks=1 buf=452
filling data 452
DecoderError { code: 8199, message: "The channel configuration (either number or arrangement) is not supported." }
ADTS Frame buffer_fullness=255 blocks=1 buf=498
filling data 498
DecoderError { code: 8199, message: "The channel configuration (either number or arrangement) is not supported." }
ADTS Frame buffer_fullness=255 blocks=1 buf=517
filling data 517
DecoderError { code: 8199, message: "The channel configuration (either number or arrangement) is not supported." }
ADTS Frame buffer_fullness=255 blocks=1 buf=475
filling data 475
DecoderError { code: 8199, message: "The channel configuration (either number or arrangement) is not supported." }
ADTS Frame buffer_fullness=255 blocks=1 buf=486
filling data 486
DecoderError { code: 8199, message: "The channel configuration (either number or arrangement) is not supported." }
ADTS Frame buffer_fullness=255 blocks=1 buf=472
filling data 472
DecoderError { code: 8199, message: "The channel configuration (either number or arrangement) is not supported." }
ADTS Frame buffer_fullness=255 blocks=1 buf=467
filling data 467
DecoderError { code: 8199, message: "The channel configuration (either number or arrangement) is not supported." }
ADTS Frame buffer_fullness=255 blocks=1 buf=481
filling data 481
DecoderError { code: 8199, message: "The channel configuration (either number or arrangement) is not supported." }
ADTS Frame buffer_fullness=255 blocks=1 buf=463
filling data 463
DecoderError { code: 8199, message: "The channel configuration (either number or arrangement) is not supported." }
ADTS Frame buffer_fullness=255 blocks=1 buf=464
filling data 464
DecoderError { code: 8199, message: "The channel configuration (either number or arrangement) is not supported." }
ADTS Frame buffer_fullness=255 blocks=1 buf=456
filling data 456
DecoderError { code: 8199, message: "The channel configuration (either number or arrangement) is not supported." }
ADTS Frame buffer_fullness=255 blocks=1 buf=437
filling data 437
DecoderError { code: 8199, message: "The channel configuration (either number or arrangement) is not supported." }
ADTS Frame buffer_fullness=255 blocks=1 buf=466
filling data 466
DecoderError { code: 8199, message: "The channel configuration (either number or arrangement) is not supported." }
ADTS Frame buffer_fullness=255 blocks=1 buf=463
filling data 463
DecoderError { code: 8199, message: "The channel configuration (either number or arrangement) is not supported." }
ADTS Frame buffer_fullness=255 blocks=1 buf=476
filling data 476
DecoderError { code: 8199, message: "The channel configuration (either number or arrangement) is not supported." }
ADTS Frame buffer_fullness=255 blocks=1 buf=468
filling data 468
DecoderError { code: 8199, message: "The channel configuration (either number or arrangement) is not supported." }
ADTS Frame buffer_fullness=255 blocks=1 buf=486
filling data 486
DecoderError { code: 8199, message: "The channel configuration (either number or arrangement) is not supported." }
ADTS Frame buffer_fullness=255 blocks=1 buf=498
filling data 498
DecoderError { code: 8199, message: "The channel configuration (either number or arrangement) is not supported." }
ADTS Frame buffer_fullness=255 blocks=1 buf=511
filling data 511
DecoderError { code: 8199, message: "The channel configuration (either number or arrangement) is not supported." }
ADTS Frame buffer_fullness=255 blocks=1 buf=436
filling data 436
DecoderError { code: 8199, message: "The channel configuration (either number or arrangement) is not supported." }
ADTS Frame buffer_fullness=255 blocks=1 buf=489
filling data 489
DecoderError { code: 8199, message: "The channel configuration (either number or arrangement) is not supported." }
ADTS Frame buffer_fullness=255 blocks=1 buf=462
filling data 462
DecoderError { code: 8199, message: "The channel configuration (either number or arrangement) is not supported." }
ADTS Frame buffer_fullness=255 blocks=1 buf=478
filling data 478
DecoderError { code: 8199, message: "The channel configuration (either number or arrangement) is not supported." }
ADTS Frame buffer_fullness=255 blocks=1 buf=461
filling data 461
DecoderError { code: 8199, message: "The channel configuration (either number or arrangement) is not supported." }
ADTS Frame buffer_fullness=255 blocks=1 buf=490
filling data 490
DecoderError { code: 8199, message: "The channel configuration (either number or arrangement) is not supported." }
ADTS Frame buffer_fullness=255 blocks=1 buf=488
filling data 488
DecoderError { code: 8199, message: "The channel configuration (either number or arrangement) is not supported." }
ADTS Frame buffer_fullness=255 blocks=1 buf=474
filling data 474
DecoderError { code: 8199, message: "The channel configuration (either number or arrangement) is not supported." }
ADTS Frame buffer_fullness=255 blocks=1 buf=435
filling data 435
DecoderError { code: 8199, message: "The channel configuration (either number or arrangement) is not supported." }
ADTS Frame buffer_fullness=255 blocks=1 buf=485
filling data 485
DecoderError { code: 8199, message: "The channel configuration (either number or arrangement) is not supported." }
ADTS Frame buffer_fullness=255 blocks=1 buf=468
filling data 468
DecoderError { code: 8199, message: "The channel configuration (either number or arrangement) is not supported." }
ADTS Frame buffer_fullness=255 blocks=1 buf=453
filling data 453
DecoderError { code: 8199, message: "The channel configuration (either number or arrangement) is not supported." }
ADTS Frame buffer_fullness=255 blocks=1 buf=458
filling data 458
DecoderError { code: 8199, message: "The channel configuration (either number or arrangement) is not supported." }
ADTS Frame buffer_fullness=255 blocks=1 buf=468
filling data 468
DecoderError { code: 8199, message: "The channel configuration (either number or arrangement) is not supported." }
ADTS Frame buffer_fullness=255 blocks=1 buf=471
filling data 471
DecoderError { code: 8199, message: "The channel configuration (either number or arrangement) is not supported." }
ADTS Frame buffer_fullness=255 blocks=1 buf=504
filling data 504
DecoderError { code: 8199, message: "The channel configuration (either number or arrangement) is not supported." }
ADTS Frame buffer_fullness=255 blocks=1 buf=491
filling data 491
DecoderError { code: 8199, message: "The channel configuration (either number or arrangement) is not supported." }
ADTS Frame buffer_fullness=255 blocks=1 buf=491
filling data 491
DecoderError { code: 8199, message: "The channel configuration (either number or arrangement) is not supported." }
ADTS Frame buffer_fullness=255 blocks=1 buf=479
filling data 479
DecoderError { code: 8199, message: "The channel configuration (either number or arrangement) is not supported." }
ADTS Frame buffer_fullness=255 blocks=1 buf=471
filling data 471
DecoderError { code: 8199, message: "The channel configuration (either number or arrangement) is not supported." }
ADTS Frame buffer_fullness=255 blocks=1 buf=466
filling data 466
DecoderError { code: 8199, message: "The channel configuration (either number or arrangement) is not supported." }
ADTS Frame buffer_fullness=255 blocks=1 buf=487
filling data 487
DecoderError { code: 8199, message: "The channel configuration (either number or arrangement) is not supported." }
ADTS Frame buffer_fullness=255 blocks=1 buf=490
filling data 490
DecoderError { code: 8199, message: "The channel configuration (either number or arrangement) is not supported." }
ADTS Frame buffer_fullness=255 blocks=1 buf=497
filling data 497
DecoderError { code: 8199, message: "The channel configuration (either number or arrangement) is not supported." }
ADTS Frame buffer_fullness=255 blocks=1 buf=458
filling data 458
DecoderError { code: 8199, message: "The channel configuration (either number or arrangement) is not supported." }
ADTS Frame buffer_fullness=255 blocks=1 buf=474
filling data 474
DecoderError { code: 8199, message: "The channel configuration (either number or arrangement) is not supported." }
ADTS Frame buffer_fullness=255 blocks=1 buf=476
filling data 476
DecoderError { code: 8199, message: "The channel configuration (either number or arrangement) is not supported." }
ADTS Frame buffer_fullness=255 blocks=1 buf=477
filling data 477
DecoderError { code: 8199, message: "The channel configuration (either number or arrangement) is not supported." }
ADTS Frame buffer_fullness=255 blocks=1 buf=450
filling data 450
DecoderError { code: 8199, message: "The channel configuration (either number or arrangement) is not supported." }
ADTS Frame buffer_fullness=255 blocks=1 buf=458
filling data 458
DecoderError { code: 8199, message: "The channel configuration (either number or arrangement) is not supported." }
ADTS Frame buffer_fullness=255 blocks=1 buf=450
filling data 450
DecoderError { code: 8199, message: "The channel configuration (either number or arrangement) is not supported." }
ADTS Frame buffer_fullness=255 blocks=1 buf=516
filling data 516
DecoderError { code: 8199, message: "The channel configuration (either number or arrangement) is not supported." }
ADTS Frame buffer_fullness=255 blocks=1 buf=505
filling data 505
DecoderError { code: 8199, message: "The channel configuration (either number or arrangement) is not supported." }
ADTS Frame buffer_fullness=255 blocks=1 buf=450
filling data 450
DecoderError { code: 8199, message: "The channel configuration (either number or arrangement) is not supported." }
ADTS Frame buffer_fullness=255 blocks=1 buf=453
filling data 453
DecoderError { code: 8199, message: "The channel configuration (either number or arrangement) is not supported." }
ADTS Frame buffer_fullness=255 blocks=1 buf=495
filling data 495
DecoderError { code: 8199, message: "The channel configuration (either number or arrangement) is not supported." }
ADTS Frame buffer_fullness=255 blocks=1 buf=453
filling data 453
DecoderError { code: 8199, message: "The channel configuration (either number or arrangement) is not supported." }
ADTS Frame buffer_fullness=255 blocks=1 buf=495
filling data 495
DecoderError { code: 8199, message: "The channel configuration (either number or arrangement) is not supported." }
ADTS Frame buffer_fullness=255 blocks=1 buf=450
filling data 450
DecoderError { code: 8199, message: "The channel configuration (either number or arrangement) is not supported." }
ADTS Frame buffer_fullness=255 blocks=1 buf=455
filling data 455
DecoderError { code: 8199, message: "The channel configuration (either number or arrangement) is not supported." }
ADTS Frame buffer_fullness=255 blocks=1 buf=505
filling data 505
DecoderError { code: 8199, message: "The channel configuration (either number or arrangement) is not supported." }
ADTS Frame buffer_fullness=255 blocks=1 buf=497
filling data 497
DecoderError { code: 8199, message: "The channel configuration (either number or arrangement) is not supported." }
ADTS Frame buffer_fullness=255 blocks=1 buf=483
filling data 483
DecoderError { code: 8199, message: "The channel configuration (either number or arrangement) is not supported." }
ADTS Frame buffer_fullness=255 blocks=1 buf=449
filling data 449
DecoderError { code: 8199, message: "The channel configuration (either number or arrangement) is not supported." }
ADTS Frame buffer_fullness=255 blocks=1 buf=492
filling data 492
DecoderError { code: 8199, message: "The channel configuration (either number or arrangement) is not supported." }
ADTS Frame buffer_fullness=255 blocks=1 buf=468
filling data 468
DecoderError { code: 8199, message: "The channel configuration (either number or arrangement) is not supported." }
ADTS Frame buffer_fullness=255 blocks=1 buf=460
filling data 460
DecoderError { code: 8199, message: "The channel configuration (either number or arrangement) is not supported." }
ADTS Frame buffer_fullness=255 blocks=1 buf=463
filling data 463
DecoderError { code: 8199, message: "The channel configuration (either number or arrangement) is not supported." }
ADTS Frame buffer_fullness=255 blocks=1 buf=479
filling data 479
DecoderError { code: 8199, message: "The channel configuration (either number or arrangement) is not supported." }
ADTS Frame buffer_fullness=255 blocks=1 buf=500
filling data 500
DecoderError { code: 8199, message: "The channel configuration (either number or arrangement) is not supported." }
ADTS Frame buffer_fullness=255 blocks=1 buf=468
filling data 468
DecoderError { code: 8199, message: "The channel configuration (either number or arrangement) is not supported." }
ADTS Frame buffer_fullness=255 blocks=1 buf=436
filling data 436
DecoderError { code: 8199, message: "The channel configuration (either number or arrangement) is not supported." }
ADTS Frame buffer_fullness=255 blocks=1 buf=495
filling data 495
DecoderError { code: 8199, message: "The channel configuration (either number or arrangement) is not supported." }
ADTS Frame buffer_fullness=255 blocks=1 buf=488
filling data 488
DecoderError { code: 8199, message: "The channel configuration (either number or arrangement) is not supported." }
ADTS Frame buffer_fullness=255 blocks=1 buf=488
filling data 488
DecoderError { code: 8199, message: "The channel configuration (either number or arrangement) is not supported." }
ADTS Frame buffer_fullness=255 blocks=1 buf=501
filling data 501
DecoderError { code: 8199, message: "The channel configuration (either number or arrangement) is not supported." }
ADTS Frame buffer_fullness=255 blocks=1 buf=527
filling data 527
DecoderError { code: 8199, message: "The channel configuration (either number or arrangement) is not supported." }
ADTS Frame buffer_fullness=255 blocks=1 buf=520
filling data 520
DecoderError { code: 8199, message: "The channel configuration (either number or arrangement) is not supported." }
ADTS Frame buffer_fullness=255 blocks=1 buf=526
filling data 526
DecoderError { code: 8199, message: "The channel configuration (either number or arrangement) is not supported." }
ADTS Frame buffer_fullness=255 blocks=1 buf=539
filling data 539
DecoderError { code: 8199, message: "The channel configuration (either number or arrangement) is not supported." }
ADTS Frame buffer_fullness=255 blocks=1 buf=528
filling data 528
DecoderError { code: 8199, message: "The channel configuration (either number or arrangement) is not supported." }
ADTS Frame buffer_fullness=255 blocks=1 buf=547
filling data 547
DecoderError { code: 8199, message: "The channel configuration (either number or arrangement) is not supported." }
ADTS Frame buffer_fullness=255 blocks=1 buf=527
filling data 527
DecoderError { code: 8199, message: "The channel configuration (either number or arrangement) is not supported." }
ADTS Frame buffer_fullness=255 blocks=1 buf=543
filling data 543
DecoderError { code: 8199, message: "The channel configuration (either number or arrangement) is not supported." }
ADTS Frame buffer_fullness=255 blocks=1 buf=461
filling data 461
DecoderError { code: 8199, message: "The channel configuration (either number or arrangement) is not supported." }
ADTS Frame buffer_fullness=255 blocks=1 buf=506
filling data 506
DecoderError { code: 8199, message: "The channel configuration (either number or arrangement) is not supported." }
ADTS Frame buffer_fullness=255 blocks=1 buf=516
filling data 516
DecoderError { code: 8199, message: "The channel configuration (either number or arrangement) is not supported." }
ADTS Frame buffer_fullness=255 blocks=1 buf=554
filling data 554
DecoderError { code: 8199, message: "The channel configuration (either number or arrangement) is not supported." }
ADTS Frame buffer_fullness=255 blocks=1 buf=570
filling data 570
DecoderError { code: 8199, message: "The channel configuration (either number or arrangement) is not supported." }
ADTS Frame buffer_fullness=255 blocks=1 buf=521
filling data 521
DecoderError { code: 8199, message: "The channel configuration (either number or arrangement) is not supported." }
ADTS Frame buffer_fullness=255 blocks=1 buf=498
filling data 498
DecoderError { code: 8199, message: "The channel configuration (either number or arrangement) is not supported." }
ADTS Frame buffer_fullness=255 blocks=1 buf=495
filling data 495
DecoderError { code: 8199, message: "The channel configuration (either number or arrangement) is not supported." }
ADTS Frame buffer_fullness=255 blocks=1 buf=474
filling data 474
DecoderError { code: 8199, message: "The channel configuration (either number or arrangement) is not supported." }
ADTS Frame buffer_fullness=255 blocks=1 buf=499
filling data 499
DecoderError { code: 8199, message: "The channel configuration (either number or arrangement) is not supported." }
ADTS Frame buffer_fullness=255 blocks=1 buf=566
filling data 566
DecoderError { code: 8199, message: "The channel configuration (either number or arrangement) is not supported." }
ADTS Frame buffer_fullness=255 blocks=1 buf=488
filling data 488
DecoderError { code: 8199, message: "The channel configuration (either number or arrangement) is not supported." }
ADTS Frame buffer_fullness=255 blocks=1 buf=520
filling data 520
DecoderError { code: 8199, message: "The channel configuration (either number or arrangement) is not supported." }
ADTS Frame buffer_fullness=255 blocks=1 buf=527
filling data 527
DecoderError { code: 8199, message: "The channel configuration (either number or arrangement) is not supported." }
ADTS Frame buffer_fullness=255 blocks=1 buf=513
filling data 513
DecoderError { code: 8199, message: "The channel configuration (either number or arrangement) is not supported." }
ADTS Frame buffer_fullness=255 blocks=1 buf=490
filling data 490
DecoderError { code: 8199, message: "The channel configuration (either number or arrangement) is not supported." }
ADTS Frame buffer_fullness=255 blocks=1 buf=482
filling data 482
DecoderError { code: 8199, message: "The channel configuration (either number or arrangement) is not supported." }
ADTS Frame buffer_fullness=255 blocks=1 buf=486
filling data 486
DecoderError { code: 8199, message: "The channel configuration (either number or arrangement) is not supported." }
ADTS Frame buffer_fullness=255 blocks=1 buf=502
filling data 502
DecoderError { code: 8199, message: "The channel configuration (either number or arrangement) is not supported." }
ADTS Frame buffer_fullness=255 blocks=1 buf=493
filling data 493
DecoderError { code: 8199, message: "The channel configuration (either number or arrangement) is not supported." }
ADTS Frame buffer_fullness=255 blocks=1 buf=480
filling data 480
DecoderError { code: 8199, message: "The channel configuration (either number or arrangement) is not supported." }
ADTS Frame buffer_fullness=255 blocks=1 buf=499
filling data 499
DecoderError { code: 8199, message: "The channel configuration (either number or arrangement) is not supported." }
ADTS Frame buffer_fullness=255 blocks=1 buf=475
filling data 475
DecoderError { code: 8199, message: "The channel configuration (either number or arrangement) is not supported." }
ADTS Frame buffer_fullness=255 blocks=1 buf=522
filling data 522
DecoderError { code: 8199, message: "The channel configuration (either number or arrangement) is not supported." }
ADTS Frame buffer_fullness=255 blocks=1 buf=487
filling data 487
DecoderError { code: 8199, message: "The channel configuration (either number or arrangement) is not supported." }
ADTS Frame buffer_fullness=255 blocks=1 buf=476
filling data 476
DecoderError { code: 8199, message: "The channel configuration (either number or arrangement) is not supported." }
ADTS Frame buffer_fullness=255 blocks=1 buf=488
filling data 488
DecoderError { code: 8199, message: "The channel configuration (either number or arrangement) is not supported." }
ADTS Frame buffer_fullness=255 blocks=1 buf=530
filling data 530
DecoderError { code: 8199, message: "The channel configuration (either number or arrangement) is not supported." }
ADTS Frame buffer_fullness=255 blocks=1 buf=517
filling data 517
DecoderError { code: 8199, message: "The channel configuration (either number or arrangement) is not supported." }
ADTS Frame buffer_fullness=255 blocks=1 buf=489
filling data 489
DecoderError { code: 8199, message: "The channel configuration (either number or arrangement) is not supported." }
ADTS Frame buffer_fullness=255 blocks=1 buf=473
filling data 473
DecoderError { code: 8199, message: "The channel configuration (either number or arrangement) is not supported." }
ADTS Frame buffer_fullness=255 blocks=1 buf=479
filling data 479
DecoderError { code: 8199, message: "The channel configuration (either number or arrangement) is not supported." }
ADTS Frame buffer_fullness=255 blocks=1 buf=461
filling data 461
DecoderError { code: 8199, message: "The channel configuration (either number or arrangement) is not supported." }
ADTS Frame buffer_fullness=255 blocks=1 buf=478
filling data 478
DecoderError { code: 8199, message: "The channel configuration (either number or arrangement) is not supported." }
ADTS Frame buffer_fullness=255 blocks=1 buf=451
filling data 451
DecoderError { code: 8199, message: "The channel configuration (either number or arrangement) is not supported." }
ADTS Frame buffer_fullness=255 blocks=1 buf=462
filling data 462
DecoderError { code: 8199, message: "The channel configuration (either number or arrangement) is not supported." }
ADTS Frame buffer_fullness=255 blocks=1 buf=523
filling data 523
DecoderError { code: 8199, message: "The channel configuration (either number or arrangement) is not supported." }
ADTS Frame buffer_fullness=255 blocks=1 buf=470
filling data 470
DecoderError { code: 8199, message: "The channel configuration (either number or arrangement) is not supported." }
ADTS Frame buffer_fullness=255 blocks=1 buf=469
filling data 469
DecoderError { code: 8199, message: "The channel configuration (either number or arrangement) is not supported." }
ADTS Frame buffer_fullness=255 blocks=1 buf=538
filling data 538
DecoderError { code: 8199, message: "The channel configuration (either number or arrangement) is not supported." }
ADTS Frame buffer_fullness=255 blocks=1 buf=463
filling data 463
DecoderError { code: 8199, message: "The channel configuration (either number or arrangement) is not supported." }
ADTS Frame buffer_fullness=255 blocks=1 buf=529
filling data 529
DecoderError { code: 8199, message: "The channel configuration (either number or arrangement) is not supported." }
ADTS Frame buffer_fullness=255 blocks=1 buf=466
filling data 466
DecoderError { code: 8199, message: "The channel configuration (either number or arrangement) is not supported." }
ADTS Frame buffer_fullness=255 blocks=1 buf=493
filling data 493
DecoderError { code: 8199, message: "The channel configuration (either number or arrangement) is not supported." }
ADTS Frame buffer_fullness=255 blocks=1 buf=449
filling data 449
DecoderError { code: 8199, message: "The channel configuration (either number or arrangement) is not supported." }
ADTS Frame buffer_fullness=255 blocks=1 buf=488
filling data 488
DecoderError { code: 8199, message: "The channel configuration (either number or arrangement) is not supported." }
ADTS Frame buffer_fullness=255 blocks=1 buf=481
filling data 481
DecoderError { code: 8199, message: "The channel configuration (either number or arrangement) is not supported." }
ADTS Frame buffer_fullness=255 blocks=1 buf=469
filling data 469
DecoderError { code: 8199, message: "The channel configuration (either number or arrangement) is not supported." }
ADTS Frame buffer_fullness=255 blocks=1 buf=454
filling data 454
DecoderError { code: 8199, message: "The channel configuration (either number or arrangement) is not supported." }
ADTS Frame buffer_fullness=255 blocks=1 buf=493
filling data 493
DecoderError { code: 8199, message: "The channel configuration (either number or arrangement) is not supported." }
ADTS Frame buffer_fullness=255 blocks=1 buf=480
filling data 480
DecoderError { code: 8199, message: "The channel configuration (either number or arrangement) is not supported." }
ADTS Frame buffer_fullness=255 blocks=1 buf=476
filling data 476
DecoderError { code: 8199, message: "The channel configuration (either number or arrangement) is not supported." }
ADTS Frame buffer_fullness=255 blocks=1 buf=447
filling data 447
DecoderError { code: 8199, message: "The channel configuration (either number or arrangement) is not supported." }
ADTS Frame buffer_fullness=255 blocks=1 buf=484
filling data 484
DecoderError { code: 8199, message: "The channel configuration (either number or arrangement) is not supported." }
ADTS Frame buffer_fullness=255 blocks=1 buf=500
filling data 500
DecoderError { code: 8199, message: "The channel configuration (either number or arrangement) is not supported." }
ADTS Frame buffer_fullness=255 blocks=1 buf=510
filling data 510
DecoderError { code: 8199, message: "The channel configuration (either number or arrangement) is not supported." }
ADTS Frame buffer_fullness=255 blocks=1 buf=432
filling data 432
DecoderError { code: 8199, message: "The channel configuration (either number or arrangement) is not supported." }
ADTS Frame buffer_fullness=255 blocks=1 buf=472
filling data 472
DecoderError { code: 8199, message: "The channel configuration (either number or arrangement) is not supported." }
ADTS Frame buffer_fullness=255 blocks=1 buf=485
filling data 485
DecoderError { code: 8199, message: "The channel configuration (either number or arrangement) is not supported." }
ADTS Frame buffer_fullness=255 blocks=1 buf=480
filling data 480
DecoderError { code: 8199, message: "The channel configuration (either number or arrangement) is not supported." }
ADTS Frame buffer_fullness=255 blocks=1 buf=508
filling data 508
DecoderError { code: 8199, message: "The channel configuration (either number or arrangement) is not supported." }
ADTS Frame buffer_fullness=255 blocks=1 buf=463
filling data 463
DecoderError { code: 8199, message: "The channel configuration (either number or arrangement) is not supported." }
ADTS Frame buffer_fullness=255 blocks=1 buf=473
filling data 473
DecoderError { code: 8199, message: "The channel configuration (either number or arrangement) is not supported." }
ADTS Frame buffer_fullness=255 blocks=1 buf=445
filling data 445
DecoderError { code: 8199, message: "The channel configuration (either number or arrangement) is not supported." }
ADTS Frame buffer_fullness=255 blocks=1 buf=472
filling data 472
DecoderError { code: 8199, message: "The channel configuration (either number or arrangement) is not supported." }
ADTS Frame buffer_fullness=255 blocks=1 buf=482
filling data 482
DecoderError { code: 8199, message: "The channel configuration (either number or arrangement) is not supported." }
ADTS Frame buffer_fullness=255 blocks=1 buf=447
filling data 447
DecoderError { code: 8199, message: "The channel configuration (either number or arrangement) is not supported." }
ADTS Frame buffer_fullness=255 blocks=1 buf=494
filling data 494
DecoderError { code: 8199, message: "The channel configuration (either number or arrangement) is not supported." }
ADTS Frame buffer_fullness=255 blocks=1 buf=446
filling data 446
DecoderError { code: 8199, message: "The channel configuration (either number or arrangement) is not supported." }
ADTS Frame buffer_fullness=255 blocks=1 buf=469
filling data 469
DecoderError { code: 8199, message: "The channel configuration (either number or arrangement) is not supported." }
ADTS Frame buffer_fullness=255 blocks=1 buf=447
filling data 447
DecoderError { code: 8199, message: "The channel configuration (either number or arrangement) is not supported." }
ADTS Frame buffer_fullness=255 blocks=1 buf=449
filling data 449
DecoderError { code: 8199, message: "The channel configuration (either number or arrangement) is not supported." }
ADTS Frame buffer_fullness=255 blocks=1 buf=493
filling data 493
DecoderError { code: 8199, message: "The channel configuration (either number or arrangement) is not supported." }
ADTS Frame buffer_fullness=255 blocks=1 buf=444
filling data 444
DecoderError { code: 8199, message: "The channel configuration (either number or arrangement) is not supported." }
ADTS Frame buffer_fullness=255 blocks=1 buf=449
filling data 449
DecoderError { code: 8199, message: "The channel configuration (either number or arrangement) is not supported." }
ADTS Frame buffer_fullness=255 blocks=1 buf=433
filling data 433
DecoderError { code: 8199, message: "The channel configuration (either number or arrangement) is not supported." }
ADTS Frame buffer_fullness=255 blocks=1 buf=466
filling data 466
DecoderError { code: 8199, message: "The channel configuration (either number or arrangement) is not supported." }
ADTS Frame buffer_fullness=255 blocks=1 buf=463
filling data 463
DecoderError { code: 8199, message: "The channel configuration (either number or arrangement) is not supported." }
ADTS Frame buffer_fullness=255 blocks=1 buf=467
filling data 467
DecoderError { code: 8199, message: "The channel configuration (either number or arrangement) is not supported." }
ADTS Frame buffer_fullness=255 blocks=1 buf=464
filling data 464
DecoderError { code: 8199, message: "The channel configuration (either number or arrangement) is not supported." }
ADTS Frame buffer_fullness=255 blocks=1 buf=444
filling data 444
DecoderError { code: 8199, message: "The channel configuration (either number or arrangement) is not supported." }
ADTS Frame buffer_fullness=255 blocks=1 buf=446
filling data 446
DecoderError { code: 8199, message: "The channel configuration (either number or arrangement) is not supported." }
ADTS Frame buffer_fullness=255 blocks=1 buf=461
filling data 461
DecoderError { code: 8199, message: "The channel configuration (either number or arrangement) is not supported." }
ADTS Frame buffer_fullness=255 blocks=1 buf=463
filling data 463
DecoderError { code: 8199, message: "The channel configuration (either number or arrangement) is not supported." }
ADTS Frame buffer_fullness=255 blocks=1 buf=487
filling data 487
DecoderError { code: 8199, message: "The channel configuration (either number or arrangement) is not supported." }
ADTS Frame buffer_fullness=255 blocks=1 buf=509
filling data 509
DecoderError { code: 8199, message: "The channel configuration (either number or arrangement) is not supported." }
ADTS Frame buffer_fullness=255 blocks=1 buf=505
filling data 505
DecoderError { code: 8199, message: "The channel configuration (either number or arrangement) is not supported." }
ADTS Frame buffer_fullness=255 blocks=1 buf=480
filling data 480
DecoderError { code: 8199, message: "The channel configuration (either number or arrangement) is not supported." }
ADTS Frame buffer_fullness=255 blocks=1 buf=477
filling data 477
DecoderError { code: 8199, message: "The channel configuration (either number or arrangement) is not supported." }
ADTS Frame buffer_fullness=255 blocks=1 buf=478
filling data 478
DecoderError { code: 8199, message: "The channel configuration (either number or arrangement) is not supported." }
ADTS Frame buffer_fullness=255 blocks=1 buf=515
filling data 515
DecoderError { code: 8199, message: "The channel configuration (either number or arrangement) is not supported." }
ADTS Frame buffer_fullness=255 blocks=1 buf=522
filling data 522
DecoderError { code: 8199, message: "The channel configuration (either number or arrangement) is not supported." }
ADTS Frame buffer_fullness=255 blocks=1 buf=467
filling data 467
DecoderError { code: 8199, message: "The channel configuration (either number or arrangement) is not supported." }
ADTS Frame buffer_fullness=255 blocks=1 buf=528
filling data 528
DecoderError { code: 8199, message: "The channel configuration (either number or arrangement) is not supported." }
ADTS Frame buffer_fullness=255 blocks=1 buf=458
filling data 458
DecoderError { code: 8199, message: "The channel configuration (either number or arrangement) is not supported." }
ADTS Frame buffer_fullness=255 blocks=1 buf=459
filling data 459
DecoderError { code: 8199, message: "The channel configuration (either number or arrangement) is not supported." }
ADTS Frame buffer_fullness=255 blocks=1 buf=493
filling data 493
DecoderError { code: 8199, message: "The channel configuration (either number or arrangement) is not supported." }
ADTS Frame buffer_fullness=255 blocks=1 buf=533
filling data 533
DecoderError { code: 8199, message: "The channel configuration (either number or arrangement) is not supported." }
ADTS Frame buffer_fullness=255 blocks=1 buf=501
filling data 501
DecoderError { code: 8199, message: "The channel configuration (either number or arrangement) is not supported." }
ADTS Frame buffer_fullness=255 blocks=1 buf=459
filling data 459
DecoderError { code: 8199, message: "The channel configuration (either number or arrangement) is not supported." }
ADTS Frame buffer_fullness=255 blocks=1 buf=518
filling data 518
DecoderError { code: 8199, message: "The channel configuration (either number or arrangement) is not supported." }
ADTS Frame buffer_fullness=255 blocks=1 buf=518
filling data 518
DecoderError { code: 8199, message: "The channel configuration (either number or arrangement) is not supported." }
ADTS Frame buffer_fullness=255 blocks=1 buf=528
filling data 528
DecoderError { code: 8199, message: "The channel configuration (either number or arrangement) is not supported." }
ADTS Frame buffer_fullness=255 blocks=1 buf=485
filling data 485
DecoderError { code: 8199, message: "The channel configuration (either number or arrangement) is not supported." }
ADTS Frame buffer_fullness=255 blocks=1 buf=488
filling data 488
DecoderError { code: 8199, message: "The channel configuration (either number or arrangement) is not supported." }
ADTS Frame buffer_fullness=255 blocks=1 buf=471
filling data 471
DecoderError { code: 8199, message: "The channel configuration (either number or arrangement) is not supported." }
ADTS Frame buffer_fullness=255 blocks=1 buf=476
filling data 476
DecoderError { code: 8199, message: "The channel configuration (either number or arrangement) is not supported." }
ADTS Frame buffer_fullness=255 blocks=1 buf=496
filling data 496
DecoderError { code: 8199, message: "The channel configuration (either number or arrangement) is not supported." }
ADTS Frame buffer_fullness=255 blocks=1 buf=502
filling data 502
DecoderError { code: 8199, message: "The channel configuration (either number or arrangement) is not supported." }
ADTS Frame buffer_fullness=255 blocks=1 buf=495
filling data 495
DecoderError { code: 8199, message: "The channel configuration (either number or arrangement) is not supported." }
ADTS Frame buffer_fullness=255 blocks=1 buf=518
filling data 518
DecoderError { code: 8199, message: "The channel configuration (either number or arrangement) is not supported." }
ADTS Frame buffer_fullness=255 blocks=1 buf=467
filling data 467
DecoderError { code: 8199, message: "The channel configuration (either number or arrangement) is not supported." }
ADTS Frame buffer_fullness=255 blocks=1 buf=549
filling data 549
DecoderError { code: 8199, message: "The channel configuration (either number or arrangement) is not supported." }
ADTS Frame buffer_fullness=255 blocks=1 buf=483
filling data 483
DecoderError { code: 8199, message: "The channel configuration (either number or arrangement) is not supported." }
ADTS Frame buffer_fullness=255 blocks=1 buf=557
filling data 557
DecoderError { code: 8199, message: "The channel configuration (either number or arrangement) is not supported." }
ADTS Frame buffer_fullness=255 blocks=1 buf=509
filling data 509
DecoderError { code: 8199, message: "The channel configuration (either number or arrangement) is not supported." }
ADTS Frame buffer_fullness=255 blocks=1 buf=482
filling data 482
DecoderError { code: 8199, message: "The channel configuration (either number or arrangement) is not supported." }
ADTS Frame buffer_fullness=255 blocks=1 buf=474
filling data 474
DecoderError { code: 8199, message: "The channel configuration (either number or arrangement) is not supported." }
ADTS Frame buffer_fullness=255 blocks=1 buf=510
filling data 510
DecoderError { code: 8199, message: "The channel configuration (either number or arrangement) is not supported." }
ADTS Frame buffer_fullness=255 blocks=1 buf=516
filling data 516
DecoderError { code: 8199, message: "The channel configuration (either number or arrangement) is not supported." }
ADTS Frame buffer_fullness=255 blocks=1 buf=532
filling data 532
DecoderError { code: 8199, message: "The channel configuration (either number or arrangement) is not supported." }
ADTS Frame buffer_fullness=255 blocks=1 buf=485
filling data 485
DecoderError { code: 8199, message: "The channel configuration (either number or arrangement) is not supported." }
ADTS Frame buffer_fullness=255 blocks=1 buf=453
filling data 453
DecoderError { code: 8199, message: "The channel configuration (either number or arrangement) is not supported." }
ADTS Frame buffer_fullness=255 blocks=1 buf=448
filling data 448
DecoderError { code: 8199, message: "The channel configuration (either number or arrangement) is not supported." }
ADTS Frame buffer_fullness=255 blocks=1 buf=477
filling data 477
DecoderError { code: 8199, message: "The channel configuration (either number or arrangement) is not supported." }
ADTS Frame buffer_fullness=255 blocks=1 buf=481
filling data 481
DecoderError { code: 8199, message: "The channel configuration (either number or arrangement) is not supported." }
ADTS Frame buffer_fullness=255 blocks=1 buf=550
filling data 550
DecoderError { code: 8199, message: "The channel configuration (either number or arrangement) is not supported." }
ADTS Frame buffer_fullness=255 blocks=1 buf=502
filling data 502
DecoderError { code: 8199, message: "The channel configuration (either number or arrangement) is not supported." }
ADTS Frame buffer_fullness=255 blocks=1 buf=556
filling data 556
DecoderError { code: 8199, message: "The channel configuration (either number or arrangement) is not supported." }
ADTS Frame buffer_fullness=255 blocks=1 buf=521
filling data 521
DecoderError { code: 8199, message: "The channel configuration (either number or arrangement) is not supported." }
ADTS Frame buffer_fullness=255 blocks=1 buf=504
filling data 504
DecoderError { code: 8199, message: "The channel configuration (either number or arrangement) is not supported." }
ADTS Frame buffer_fullness=255 blocks=1 buf=504
filling data 504
DecoderError { code: 8199, message: "The channel configuration (either number or arrangement) is not supported." }
ADTS Frame buffer_fullness=255 blocks=1 buf=460
filling data 460
DecoderError { code: 8199, message: "The channel configuration (either number or arrangement) is not supported." }
ADTS Frame buffer_fullness=255 blocks=1 buf=482
filling data 482
DecoderError { code: 8199, message: "The channel configuration (either number or arrangement) is not supported." }
ADTS Frame buffer_fullness=255 blocks=1 buf=493
filling data 493
DecoderError { code: 8199, message: "The channel configuration (either number or arrangement) is not supported." }
ADTS Frame buffer_fullness=255 blocks=1 buf=506
filling data 506
DecoderError { code: 8199, message: "The channel configuration (either number or arrangement) is not supported." }
ADTS Frame buffer_fullness=255 blocks=1 buf=482
filling data 482
DecoderError { code: 8199, message: "The channel configuration (either number or arrangement) is not supported." }
ADTS Frame buffer_fullness=255 blocks=1 buf=439
filling data 439
DecoderError { code: 8199, message: "The channel configuration (either number or arrangement) is not supported." }
ADTS Frame buffer_fullness=255 blocks=1 buf=512
filling data 512
DecoderError { code: 8199, message: "The channel configuration (either number or arrangement) is not supported." }
ADTS Frame buffer_fullness=255 blocks=1 buf=527
filling data 527
DecoderError { code: 8199, message: "The channel configuration (either number or arrangement) is not supported." }
ADTS Frame buffer_fullness=255 blocks=1 buf=475
filling data 475
DecoderError { code: 8199, message: "The channel configuration (either number or arrangement) is not supported." }
ADTS Frame buffer_fullness=255 blocks=1 buf=496
filling data 496
DecoderError { code: 8199, message: "The channel configuration (either number or arrangement) is not supported." }
ADTS Frame buffer_fullness=255 blocks=1 buf=462
filling data 462
DecoderError { code: 8199, message: "The channel configuration (either number or arrangement) is not supported." }
ADTS Frame buffer_fullness=255 blocks=1 buf=470
filling data 470
DecoderError { code: 8199, message: "The channel configuration (either number or arrangement) is not supported." }
ADTS Frame buffer_fullness=255 blocks=1 buf=474
filling data 474
DecoderError { code: 8199, message: "The channel configuration (either number or arrangement) is not supported." }
ADTS Frame buffer_fullness=255 blocks=1 buf=486
filling data 486
DecoderError { code: 8199, message: "The channel configuration (either number or arrangement) is not supported." }
ADTS Frame buffer_fullness=255 blocks=1 buf=485
filling data 485
DecoderError { code: 8199, message: "The channel configuration (either number or arrangement) is not supported." }
ADTS Frame buffer_fullness=255 blocks=1 buf=488
filling data 488
DecoderError { code: 8199, message: "The channel configuration (either number or arrangement) is not supported." }
ADTS Frame buffer_fullness=255 blocks=1 buf=477
filling data 477
DecoderError { code: 8199, message: "The channel configuration (either number or arrangement) is not supported." }
ADTS Frame buffer_fullness=255 blocks=1 buf=495
filling data 495
DecoderError { code: 8199, message: "The channel configuration (either number or arrangement) is not supported." }
ADTS Frame buffer_fullness=255 blocks=1 buf=495
filling data 495
DecoderError { code: 8199, message: "The channel configuration (either number or arrangement) is not supported." }
ADTS Frame buffer_fullness=255 blocks=1 buf=495
filling data 495
DecoderError { code: 8199, message: "The channel configuration (either number or arrangement) is not supported." }
ADTS Frame buffer_fullness=255 blocks=1 buf=465
filling data 465
DecoderError { code: 8199, message: "The channel configuration (either number or arrangement) is not supported." }
ADTS Frame buffer_fullness=255 blocks=1 buf=514
filling data 514
DecoderError { code: 8199, message: "The channel configuration (either number or arrangement) is not supported." }
ADTS Frame buffer_fullness=255 blocks=1 buf=452
filling data 452
DecoderError { code: 8199, message: "The channel configuration (either number or arrangement) is not supported." }
ADTS Frame buffer_fullness=255 blocks=1 buf=458
filling data 458
DecoderError { code: 8199, message: "The channel configuration (either number or arrangement) is not supported." }
ADTS Frame buffer_fullness=255 blocks=1 buf=483
filling data 483
DecoderError { code: 8199, message: "The channel configuration (either number or arrangement) is not supported." }
ADTS Frame buffer_fullness=255 blocks=1 buf=419
filling data 419
DecoderError { code: 8199, message: "The channel configuration (either number or arrangement) is not supported." }
ADTS Frame buffer_fullness=255 blocks=1 buf=438
filling data 438
DecoderError { code: 8199, message: "The channel configuration (either number or arrangement) is not supported." }
ADTS Frame buffer_fullness=255 blocks=1 buf=483
filling data 483
DecoderError { code: 8199, message: "The channel configuration (either number or arrangement) is not supported." }
ADTS Frame buffer_fullness=255 blocks=1 buf=448
filling data 448
DecoderError { code: 8199, message: "The channel configuration (either number or arrangement) is not supported." }
ADTS Frame buffer_fullness=255 blocks=1 buf=453
filling data 453
DecoderError { code: 8199, message: "The channel configuration (either number or arrangement) is not supported." }
ADTS Frame buffer_fullness=255 blocks=1 buf=496
filling data 496
DecoderError { code: 8199, message: "The channel configuration (either number or arrangement) is not supported." }
ADTS Frame buffer_fullness=255 blocks=1 buf=461
filling data 461
DecoderError { code: 8199, message: "The channel configuration (either number or arrangement) is not supported." }
ADTS Frame buffer_fullness=255 blocks=1 buf=457
filling data 457
DecoderError { code: 8199, message: "The channel configuration (either number or arrangement) is not supported." }
ADTS Frame buffer_fullness=255 blocks=1 buf=452
filling data 452
DecoderError { code: 8199, message: "The channel configuration (either number or arrangement) is not supported." }
ADTS Frame buffer_fullness=255 blocks=1 buf=512
filling data 512
DecoderError { code: 8199, message: "The channel configuration (either number or arrangement) is not supported." }
ADTS Frame buffer_fullness=255 blocks=1 buf=464
filling data 464
DecoderError { code: 8199, message: "The channel configuration (either number or arrangement) is not supported." }
ADTS Frame buffer_fullness=255 blocks=1 buf=473
filling data 473
DecoderError { code: 8199, message: "The channel configuration (either number or arrangement) is not supported." }
ADTS Frame buffer_fullness=255 blocks=1 buf=517
filling data 517
DecoderError { code: 8199, message: "The channel configuration (either number or arrangement) is not supported." }
ADTS Frame buffer_fullness=255 blocks=1 buf=504
filling data 504
DecoderError { code: 8199, message: "The channel configuration (either number or arrangement) is not supported." }
ADTS Frame buffer_fullness=255 blocks=1 buf=489
filling data 489
DecoderError { code: 8199, message: "The channel configuration (either number or arrangement) is not supported." }
ADTS Frame buffer_fullness=255 blocks=1 buf=507
filling data 507
DecoderError { code: 8199, message: "The channel configuration (either number or arrangement) is not supported." }
ADTS Frame buffer_fullness=255 blocks=1 buf=513
filling data 513
DecoderError { code: 8199, message: "The channel configuration (either number or arrangement) is not supported." }
ADTS Frame buffer_fullness=255 blocks=1 buf=476
filling data 476
DecoderError { code: 8199, message: "The channel configuration (either number or arrangement) is not supported." }
ADTS Frame buffer_fullness=255 blocks=1 buf=445
filling data 445
DecoderError { code: 8199, message: "The channel configuration (either number or arrangement) is not supported." }
ADTS Frame buffer_fullness=255 blocks=1 buf=476
filling data 476
DecoderError { code: 8199, message: "The channel configuration (either number or arrangement) is not supported." }
ADTS Frame buffer_fullness=255 blocks=1 buf=449
filling data 449
DecoderError { code: 8199, message: "The channel configuration (either number or arrangement) is not supported." }
ADTS Frame buffer_fullness=255 blocks=1 buf=467
filling data 467
DecoderError { code: 8199, message: "The channel configuration (either number or arrangement) is not supported." }
ADTS Frame buffer_fullness=255 blocks=1 buf=487
filling data 487
DecoderError { code: 8199, message: "The channel configuration (either number or arrangement) is not supported." }
ADTS Frame buffer_fullness=255 blocks=1 buf=499
filling data 499
DecoderError { code: 8199, message: "The channel configuration (either number or arrangement) is not supported." }
ADTS Frame buffer_fullness=255 blocks=1 buf=468
filling data 468
DecoderError { code: 8199, message: "The channel configuration (either number or arrangement) is not supported." }
ADTS Frame buffer_fullness=255 blocks=1 buf=471
filling data 471
DecoderError { code: 8199, message: "The channel configuration (either number or arrangement) is not supported." }
ADTS Frame buffer_fullness=255 blocks=1 buf=460
filling data 460
DecoderError { code: 8199, message: "The channel configuration (either number or arrangement) is not supported." }
ADTS Frame buffer_fullness=255 blocks=1 buf=514
filling data 514
DecoderError { code: 8199, message: "The channel configuration (either number or arrangement) is not supported." }
ADTS Frame buffer_fullness=255 blocks=1 buf=497
filling data 497
DecoderError { code: 8199, message: "The channel configuration (either number or arrangement) is not supported." }
ADTS Frame buffer_fullness=255 blocks=1 buf=513
filling data 513
DecoderError { code: 8199, message: "The channel configuration (either number or arrangement) is not supported." }
ADTS Frame buffer_fullness=255 blocks=1 buf=510
filling data 510
DecoderError { code: 8199, message: "The channel configuration (either number or arrangement) is not supported." }
ADTS Frame buffer_fullness=255 blocks=1 buf=482
filling data 482
DecoderError { code: 8199, message: "The channel configuration (either number or arrangement) is not supported." }
ADTS Frame buffer_fullness=255 blocks=1 buf=472
filling data 472
DecoderError { code: 8199, message: "The channel configuration (either number or arrangement) is not supported." }
ADTS Frame buffer_fullness=255 blocks=1 buf=496
filling data 496
DecoderError { code: 8199, message: "The channel configuration (either number or arrangement) is not supported." }
ADTS Frame buffer_fullness=255 blocks=1 buf=479
filling data 479
DecoderError { code: 8199, message: "The channel configuration (either number or arrangement) is not supported." }
ADTS Frame buffer_fullness=255 blocks=1 buf=492
filling data 492
DecoderError { code: 8199, message: "The channel configuration (either number or arrangement) is not supported." }
ADTS Frame buffer_fullness=255 blocks=1 buf=510
filling data 510
DecoderError { code: 8199, message: "The channel configuration (either number or arrangement) is not supported." }
ADTS Frame buffer_fullness=255 blocks=1 buf=487
filling data 487
DecoderError { code: 8199, message: "The channel configuration (either number or arrangement) is not supported." }
ADTS Frame buffer_fullness=255 blocks=1 buf=460
filling data 460
DecoderError { code: 8199, message: "The channel configuration (either number or arrangement) is not supported." }
ADTS Frame buffer_fullness=255 blocks=1 buf=461
filling data 461
DecoderError { code: 8199, message: "The channel configuration (either number or arrangement) is not supported." }
ADTS Frame buffer_fullness=255 blocks=1 buf=479
filling data 479
DecoderError { code: 8199, message: "The channel configuration (either number or arrangement) is not supported." }
ADTS Frame buffer_fullness=255 blocks=1 buf=429
filling data 429
DecoderError { code: 8199, message: "The channel configuration (either number or arrangement) is not supported." }
ADTS Frame buffer_fullness=255 blocks=1 buf=432
filling data 432
DecoderError { code: 8199, message: "The channel configuration (either number or arrangement) is not supported." }
ADTS Frame buffer_fullness=255 blocks=1 buf=439
filling data 439
DecoderError { code: 8199, message: "The channel configuration (either number or arrangement) is not supported." }
ADTS Frame buffer_fullness=255 blocks=1 buf=456
filling data 456
DecoderError { code: 8199, message: "The channel configuration (either number or arrangement) is not supported." }
ADTS Frame buffer_fullness=255 blocks=1 buf=451
filling data 451
DecoderError { code: 8199, message: "The channel configuration (either number or arrangement) is not supported." }
ADTS Frame buffer_fullness=255 blocks=1 buf=455
filling data 455
DecoderError { code: 8199, message: "The channel configuration (either number or arrangement) is not supported." }
ADTS Frame buffer_fullness=255 blocks=1 buf=492
filling data 492
DecoderError { code: 8199, message: "The channel configuration (either number or arrangement) is not supported." }
ADTS Frame buffer_fullness=255 blocks=1 buf=464
filling data 464
DecoderError { code: 8199, message: "The channel configuration (either number or arrangement) is not supported." }
ADTS Frame buffer_fullness=255 blocks=1 buf=475
filling data 475
DecoderError { code: 8199, message: "The channel configuration (either number or arrangement) is not supported." }
ADTS Frame buffer_fullness=255 blocks=1 buf=451
filling data 451
DecoderError { code: 8199, message: "The channel configuration (either number or arrangement) is not supported." }
ADTS Frame buffer_fullness=255 blocks=1 buf=474
filling data 474
DecoderError { code: 8199, message: "The channel configuration (either number or arrangement) is not supported." }
ADTS Frame buffer_fullness=255 blocks=1 buf=453
filling data 453
DecoderError { code: 8199, message: "The channel configuration (either number or arrangement) is not supported." }
ADTS Frame buffer_fullness=255 blocks=1 buf=476
filling data 476
DecoderError { code: 8199, message: "The channel configuration (either number or arrangement) is not supported." }
ADTS Frame buffer_fullness=255 blocks=1 buf=471
filling data 471
DecoderError { code: 8199, message: "The channel configuration (either number or arrangement) is not supported." }
ADTS Frame buffer_fullness=255 blocks=1 buf=458
filling data 458
DecoderError { code: 8199, message: "The channel configuration (either number or arrangement) is not supported." }
ADTS Frame buffer_fullness=255 blocks=1 buf=503
filling data 503
DecoderError { code: 8199, message: "The channel configuration (either number or arrangement) is not supported." }
ADTS Frame buffer_fullness=255 blocks=1 buf=467
filling data 467
DecoderError { code: 8199, message: "The channel configuration (either number or arrangement) is not supported." }
ADTS Frame buffer_fullness=255 blocks=1 buf=509
filling data 509
DecoderError { code: 8199, message: "The channel configuration (either number or arrangement) is not supported." }
ADTS Frame buffer_fullness=255 blocks=1 buf=460
filling data 460
DecoderError { code: 8199, message: "The channel configuration (either number or arrangement) is not supported." }
ADTS Frame buffer_fullness=255 blocks=1 buf=439
filling data 439
DecoderError { code: 8199, message: "The channel configuration (either number or arrangement) is not supported." }
ADTS Frame buffer_fullness=255 blocks=1 buf=482
filling data 482
DecoderError { code: 8199, message: "The channel configuration (either number or arrangement) is not supported." }
ADTS Frame buffer_fullness=255 blocks=1 buf=425
filling data 425
DecoderError { code: 8199, message: "The channel configuration (either number or arrangement) is not supported." }
ADTS Frame buffer_fullness=255 blocks=1 buf=465
filling data 465
DecoderError { code: 8199, message: "The channel configuration (either number or arrangement) is not supported." }
ADTS Frame buffer_fullness=255 blocks=1 buf=577
filling data 577
DecoderError { code: 8199, message: "The channel configuration (either number or arrangement) is not supported." }
ADTS Frame buffer_fullness=255 blocks=1 buf=513
filling data 513
DecoderError { code: 8199, message: "The channel configuration (either number or arrangement) is not supported." }
ADTS Frame buffer_fullness=255 blocks=1 buf=499
filling data 499
DecoderError { code: 8199, message: "The channel configuration (either number or arrangement) is not supported." }
ADTS Frame buffer_fullness=255 blocks=1 buf=462
filling data 462
DecoderError { code: 8199, message: "The channel configuration (either number or arrangement) is not supported." }
ADTS Frame buffer_fullness=255 blocks=1 buf=445
filling data 445
DecoderError { code: 8199, message: "The channel configuration (either number or arrangement) is not supported." }
ADTS Frame buffer_fullness=255 blocks=1 buf=469
filling data 469
DecoderError { code: 8199, message: "The channel configuration (either number or arrangement) is not supported." }
ADTS Frame buffer_fullness=255 blocks=1 buf=466
filling data 466
DecoderError { code: 8199, message: "The channel configuration (either number or arrangement) is not supported." }
ADTS Frame buffer_fullness=255 blocks=1 buf=464
filling data 464
DecoderError { code: 8199, message: "The channel configuration (either number or arrangement) is not supported." }
ADTS Frame buffer_fullness=255 blocks=1 buf=484
filling data 484
DecoderError { code: 8199, message: "The channel configuration (either number or arrangement) is not supported." }
ADTS Frame buffer_fullness=255 blocks=1 buf=485
filling data 485
DecoderError { code: 8199, message: "The channel configuration (either number or arrangement) is not supported." }
ADTS Frame buffer_fullness=255 blocks=1 buf=487
filling data 487
DecoderError { code: 8199, message: "The channel configuration (either number or arrangement) is not supported." }
ADTS Frame buffer_fullness=255 blocks=1 buf=502
filling data 502
DecoderError { code: 8199, message: "The channel configuration (either number or arrangement) is not supported." }
ADTS Frame buffer_fullness=255 blocks=1 buf=515
filling data 515
DecoderError { code: 8199, message: "The channel configuration (either number or arrangement) is not supported." }
ADTS Frame buffer_fullness=255 blocks=1 buf=484
filling data 484
DecoderError { code: 8199, message: "The channel configuration (either number or arrangement) is not supported." }
ADTS Frame buffer_fullness=255 blocks=1 buf=510
filling data 510
DecoderError { code: 8199, message: "The channel configuration (either number or arrangement) is not supported." }
ADTS Frame buffer_fullness=255 blocks=1 buf=486
filling data 486
DecoderError { code: 8199, message: "The channel configuration (either number or arrangement) is not supported." }
ADTS Frame buffer_fullness=255 blocks=1 buf=509
filling data 509
DecoderError { code: 8199, message: "The channel configuration (either number or arrangement) is not supported." }
ADTS Frame buffer_fullness=255 blocks=1 buf=517
filling data 517
DecoderError { code: 8199, message: "The channel configuration (either number or arrangement) is not supported." }
ADTS Frame buffer_fullness=255 blocks=1 buf=572
filling data 572
DecoderError { code: 8199, message: "The channel configuration (either number or arrangement) is not supported." }
ADTS Frame buffer_fullness=255 blocks=1 buf=460
filling data 460
DecoderError { code: 8199, message: "The channel configuration (either number or arrangement) is not supported." }
ADTS Frame buffer_fullness=255 blocks=1 buf=497
filling data 497
DecoderError { code: 8199, message: "The channel configuration (either number or arrangement) is not supported." }
ADTS Frame buffer_fullness=255 blocks=1 buf=528
filling data 528
DecoderError { code: 8199, message: "The channel configuration (either number or arrangement) is not supported." }
ADTS Frame buffer_fullness=255 blocks=1 buf=528
filling data 528
DecoderError { code: 8199, message: "The channel configuration (either number or arrangement) is not supported." }
ADTS Frame buffer_fullness=255 blocks=1 buf=499
filling data 499
DecoderError { code: 8199, message: "The channel configuration (either number or arrangement) is not supported." }
ADTS Frame buffer_fullness=255 blocks=1 buf=475
filling data 475
DecoderError { code: 8199, message: "The channel configuration (either number or arrangement) is not supported." }
ADTS Frame buffer_fullness=255 blocks=1 buf=475
filling data 475
DecoderError { code: 8199, message: "The channel configuration (either number or arrangement) is not supported." }
ADTS Frame buffer_fullness=255 blocks=1 buf=485
filling data 485
DecoderError { code: 8199, message: "The channel configuration (either number or arrangement) is not supported." }
ADTS Frame buffer_fullness=255 blocks=1 buf=483
filling data 483
DecoderError { code: 8199, message: "The channel configuration (either number or arrangement) is not supported." }
ADTS Frame buffer_fullness=255 blocks=1 buf=468
filling data 468
DecoderError { code: 8199, message: "The channel configuration (either number or arrangement) is not supported." }
ADTS Frame buffer_fullness=255 blocks=1 buf=490
filling data 490
DecoderError { code: 8199, message: "The channel configuration (either number or arrangement) is not supported." }
ADTS Frame buffer_fullness=255 blocks=1 buf=451
filling data 451
DecoderError { code: 8199, message: "The channel configuration (either number or arrangement) is not supported." }
ADTS Frame buffer_fullness=255 blocks=1 buf=475
filling data 475
DecoderError { code: 8199, message: "The channel configuration (either number or arrangement) is not supported." }
ADTS Frame buffer_fullness=255 blocks=1 buf=464
filling data 464
DecoderError { code: 8199, message: "The channel configuration (either number or arrangement) is not supported." }
ADTS Frame buffer_fullness=255 blocks=1 buf=488
filling data 488
DecoderError { code: 8199, message: "The channel configuration (either number or arrangement) is not supported." }
ADTS Frame buffer_fullness=255 blocks=1 buf=525
filling data 525
DecoderError { code: 8199, message: "The channel configuration (either number or arrangement) is not supported." }
ADTS Frame buffer_fullness=255 blocks=1 buf=486
filling data 486
DecoderError { code: 8199, message: "The channel configuration (either number or arrangement) is not supported." }
ADTS Frame buffer_fullness=255 blocks=1 buf=471
filling data 471
DecoderError { code: 8199, message: "The channel configuration (either number or arrangement) is not supported." }
ADTS Frame buffer_fullness=255 blocks=1 buf=468
filling data 468
DecoderError { code: 8199, message: "The channel configuration (either number or arrangement) is not supported." }
ADTS Frame buffer_fullness=255 blocks=1 buf=465
filling data 465
DecoderError { code: 8199, message: "The channel configuration (either number or arrangement) is not supported." }
ADTS Frame buffer_fullness=255 blocks=1 buf=436
filling data 436
DecoderError { code: 8199, message: "The channel configuration (either number or arrangement) is not supported." }
ADTS Frame buffer_fullness=255 blocks=1 buf=463
filling data 463
DecoderError { code: 8199, message: "The channel configuration (either number or arrangement) is not supported." }
ADTS Frame buffer_fullness=255 blocks=1 buf=491
filling data 491
DecoderError { code: 8199, message: "The channel configuration (either number or arrangement) is not supported." }
ADTS Frame buffer_fullness=255 blocks=1 buf=511
filling data 511
DecoderError { code: 8199, message: "The channel configuration (either number or arrangement) is not supported." }
ADTS Frame buffer_fullness=255 blocks=1 buf=465
filling data 465
DecoderError { code: 8199, message: "The channel configuration (either number or arrangement) is not supported." }
ADTS Frame buffer_fullness=255 blocks=1 buf=573
filling data 573
DecoderError { code: 8199, message: "The channel configuration (either number or arrangement) is not supported." }
ADTS Frame buffer_fullness=255 blocks=1 buf=561
filling data 561
DecoderError { code: 8199, message: "The channel configuration (either number or arrangement) is not supported." }
ADTS Frame buffer_fullness=255 blocks=1 buf=548
filling data 548
DecoderError { code: 8199, message: "The channel configuration (either number or arrangement) is not supported." }
ADTS Frame buffer_fullness=255 blocks=1 buf=509
filling data 509
DecoderError { code: 8199, message: "The channel configuration (either number or arrangement) is not supported." }
ADTS Frame buffer_fullness=255 blocks=1 buf=501
filling data 501
DecoderError { code: 8199, message: "The channel configuration (either number or arrangement) is not supported." }
ADTS Frame buffer_fullness=255 blocks=1 buf=476
filling data 476
DecoderError { code: 8199, message: "The channel configuration (either number or arrangement) is not supported." }
ADTS Frame buffer_fullness=255 blocks=1 buf=462
filling data 462
DecoderError { code: 8199, message: "The channel configuration (either number or arrangement) is not supported." }
ADTS Frame buffer_fullness=255 blocks=1 buf=492
filling data 492
DecoderError { code: 8199, message: "The channel configuration (either number or arrangement) is not supported." }
ADTS Frame buffer_fullness=255 blocks=1 buf=470
filling data 470
DecoderError { code: 8199, message: "The channel configuration (either number or arrangement) is not supported." }
ADTS Frame buffer_fullness=255 blocks=1 buf=486
filling data 486
DecoderError { code: 8199, message: "The channel configuration (either number or arrangement) is not supported." }
ADTS Frame buffer_fullness=255 blocks=1 buf=504
filling data 504
DecoderError { code: 8199, message: "The channel configuration (either number or arrangement) is not supported." }
ADTS Frame buffer_fullness=255 blocks=1 buf=484
filling data 484
DecoderError { code: 8199, message: "The channel configuration (either number or arrangement) is not supported." }
ADTS Frame buffer_fullness=255 blocks=1 buf=444
filling data 444
DecoderError { code: 8199, message: "The channel configuration (either number or arrangement) is not supported." }
ADTS Frame buffer_fullness=255 blocks=1 buf=464
filling data 464
DecoderError { code: 8199, message: "The channel configuration (either number or arrangement) is not supported." }
ADTS Frame buffer_fullness=255 blocks=1 buf=458
filling data 458
DecoderError { code: 8199, message: "The channel configuration (either number or arrangement) is not supported." }
ADTS Frame buffer_fullness=255 blocks=1 buf=472
filling data 472
DecoderError { code: 8199, message: "The channel configuration (either number or arrangement) is not supported." }
ADTS Frame buffer_fullness=255 blocks=1 buf=476
filling data 476
DecoderError { code: 8199, message: "The channel configuration (either number or arrangement) is not supported." }
ADTS Frame buffer_fullness=255 blocks=1 buf=451
filling data 451
DecoderError { code: 8199, message: "The channel configuration (either number or arrangement) is not supported." }
ADTS Frame buffer_fullness=255 blocks=1 buf=479
filling data 479
DecoderError { code: 8199, message: "The channel configuration (either number or arrangement) is not supported." }
ADTS Frame buffer_fullness=255 blocks=1 buf=496
filling data 496
DecoderError { code: 8199, message: "The channel configuration (either number or arrangement) is not supported." }
ADTS Frame buffer_fullness=255 blocks=1 buf=451
filling data 451
DecoderError { code: 8199, message: "The channel configuration (either number or arrangement) is not supported." }
ADTS Frame buffer_fullness=255 blocks=1 buf=483
filling data 483
DecoderError { code: 8199, message: "The channel configuration (either number or arrangement) is not supported." }
ADTS Frame buffer_fullness=255 blocks=1 buf=478
filling data 478
DecoderError { code: 8199, message: "The channel configuration (either number or arrangement) is not supported." }
ADTS Frame buffer_fullness=255 blocks=1 buf=476
filling data 476
DecoderError { code: 8199, message: "The channel configuration (either number or arrangement) is not supported." }
ADTS Frame buffer_fullness=255 blocks=1 buf=441
filling data 441
DecoderError { code: 8199, message: "The channel configuration (either number or arrangement) is not supported." }
ADTS Frame buffer_fullness=255 blocks=1 buf=465
filling data 465
DecoderError { code: 8199, message: "The channel configuration (either number or arrangement) is not supported." }
ADTS Frame buffer_fullness=255 blocks=1 buf=466
filling data 466
DecoderError { code: 8199, message: "The channel configuration (either number or arrangement) is not supported." }
ADTS Frame buffer_fullness=255 blocks=1 buf=499
filling data 499
DecoderError { code: 8199, message: "The channel configuration (either number or arrangement) is not supported." }
ADTS Frame buffer_fullness=255 blocks=1 buf=466
filling data 466
DecoderError { code: 8199, message: "The channel configuration (either number or arrangement) is not supported." }
ADTS Frame buffer_fullness=255 blocks=1 buf=470
filling data 470
DecoderError { code: 8199, message: "The channel configuration (either number or arrangement) is not supported." }
ADTS Frame buffer_fullness=255 blocks=1 buf=463
filling data 463
DecoderError { code: 8199, message: "The channel configuration (either number or arrangement) is not supported." }
ADTS Frame buffer_fullness=255 blocks=1 buf=438
filling data 438
DecoderError { code: 8199, message: "The channel configuration (either number or arrangement) is not supported." }
ADTS Frame buffer_fullness=255 blocks=1 buf=487
filling data 487
DecoderError { code: 8199, message: "The channel configuration (either number or arrangement) is not supported." }
ADTS Frame buffer_fullness=255 blocks=1 buf=464
filling data 464
DecoderError { code: 8199, message: "The channel configuration (either number or arrangement) is not supported." }
ADTS Frame buffer_fullness=255 blocks=1 buf=451
filling data 451
DecoderError { code: 8199, message: "The channel configuration (either number or arrangement) is not supported." }
ADTS Frame buffer_fullness=255 blocks=1 buf=432
filling data 432
DecoderError { code: 8199, message: "The channel configuration (either number or arrangement) is not supported." }
ADTS Frame buffer_fullness=255 blocks=1 buf=435
filling data 435
DecoderError { code: 8199, message: "The channel configuration (either number or arrangement) is not supported." }
ADTS Frame buffer_fullness=255 blocks=1 buf=456
filling data 456
DecoderError { code: 8199, message: "The channel configuration (either number or arrangement) is not supported." }
ADTS Frame buffer_fullness=255 blocks=1 buf=472
filling data 472
DecoderError { code: 8199, message: "The channel configuration (either number or arrangement) is not supported." }
ADTS Frame buffer_fullness=255 blocks=1 buf=411
filling data 411
DecoderError { code: 8199, message: "The channel configuration (either number or arrangement) is not supported." }
ADTS Frame buffer_fullness=255 blocks=1 buf=441
filling data 441
DecoderError { code: 8199, message: "The channel configuration (either number or arrangement) is not supported." }
ADTS Frame buffer_fullness=255 blocks=1 buf=469
filling data 469
DecoderError { code: 8199, message: "The channel configuration (either number or arrangement) is not supported." }
ADTS Frame buffer_fullness=255 blocks=1 buf=472
filling data 472
DecoderError { code: 8199, message: "The channel configuration (either number or arrangement) is not supported." }
ADTS Frame buffer_fullness=255 blocks=1 buf=463
filling data 463
DecoderError { code: 8199, message: "The channel configuration (either number or arrangement) is not supported." }
ADTS Frame buffer_fullness=255 blocks=1 buf=458
filling data 458
DecoderError { code: 8199, message: "The channel configuration (either number or arrangement) is not supported." }
ADTS Frame buffer_fullness=255 blocks=1 buf=450
filling data 450
DecoderError { code: 8199, message: "The channel configuration (either number or arrangement) is not supported." }
ADTS Frame buffer_fullness=255 blocks=1 buf=465
filling data 465
DecoderError { code: 8199, message: "The channel configuration (either number or arrangement) is not supported." }
ADTS Frame buffer_fullness=255 blocks=1 buf=450
filling data 450
DecoderError { code: 8199, message: "The channel configuration (either number or arrangement) is not supported." }
ADTS Frame buffer_fullness=255 blocks=1 buf=445
filling data 445
DecoderError { code: 8199, message: "The channel configuration (either number or arrangement) is not supported." }
ADTS Frame buffer_fullness=255 blocks=1 buf=429
filling data 429
DecoderError { code: 8199, message: "The channel configuration (either number or arrangement) is not supported." }
ADTS Frame buffer_fullness=255 blocks=1 buf=440
filling data 440
DecoderError { code: 8199, message: "The channel configuration (either number or arrangement) is not supported." }
ADTS Frame buffer_fullness=255 blocks=1 buf=460
filling data 460
DecoderError { code: 8199, message: "The channel configuration (either number or arrangement) is not supported." }
ADTS Frame buffer_fullness=255 blocks=1 buf=471
filling data 471
DecoderError { code: 8199, message: "The channel configuration (either number or arrangement) is not supported." }
ADTS Frame buffer_fullness=255 blocks=1 buf=424
filling data 424
DecoderError { code: 8199, message: "The channel configuration (either number or arrangement) is not supported." }
ADTS Frame buffer_fullness=255 blocks=1 buf=453
filling data 453
DecoderError { code: 8199, message: "The channel configuration (either number or arrangement) is not supported." }
ADTS Frame buffer_fullness=255 blocks=1 buf=497
filling data 497
DecoderError { code: 8199, message: "The channel configuration (either number or arrangement) is not supported." }
ADTS Frame buffer_fullness=255 blocks=1 buf=479
filling data 479
DecoderError { code: 8199, message: "The channel configuration (either number or arrangement) is not supported." }
ADTS Frame buffer_fullness=255 blocks=1 buf=470
filling data 470
DecoderError { code: 8199, message: "The channel configuration (either number or arrangement) is not supported." }
ADTS Frame buffer_fullness=255 blocks=1 buf=423
filling data 423
DecoderError { code: 8199, message: "The channel configuration (either number or arrangement) is not supported." }
ADTS Frame buffer_fullness=255 blocks=1 buf=457
filling data 457
DecoderError { code: 8199, message: "The channel configuration (either number or arrangement) is not supported." }
ADTS Frame buffer_fullness=255 blocks=1 buf=499
filling data 499
DecoderError { code: 8199, message: "The channel configuration (either number or arrangement) is not supported." }
ADTS Frame buffer_fullness=255 blocks=1 buf=478
filling data 478
DecoderError { code: 8199, message: "The channel configuration (either number or arrangement) is not supported." }
ADTS Frame buffer_fullness=255 blocks=1 buf=461
filling data 461
DecoderError { code: 8199, message: "The channel configuration (either number or arrangement) is not supported." }
ADTS Frame buffer_fullness=255 blocks=1 buf=473
filling data 473
DecoderError { code: 8199, message: "The channel configuration (either number or arrangement) is not supported." }
ADTS Frame buffer_fullness=255 blocks=1 buf=493
filling data 493
DecoderError { code: 8199, message: "The channel configuration (either number or arrangement) is not supported." }
ADTS Frame buffer_fullness=255 blocks=1 buf=488
filling data 488
DecoderError { code: 8199, message: "The channel configuration (either number or arrangement) is not supported." }
ADTS Frame buffer_fullness=255 blocks=1 buf=485
filling data 485
DecoderError { code: 8199, message: "The channel configuration (either number or arrangement) is not supported." }
ADTS Frame buffer_fullness=255 blocks=1 buf=472
filling data 472
DecoderError { code: 8199, message: "The channel configuration (either number or arrangement) is not supported." }
ADTS Frame buffer_fullness=255 blocks=1 buf=526
filling data 526
DecoderError { code: 8199, message: "The channel configuration (either number or arrangement) is not supported." }
ADTS Frame buffer_fullness=255 blocks=1 buf=543
filling data 543
DecoderError { code: 8199, message: "The channel configuration (either number or arrangement) is not supported." }
ADTS Frame buffer_fullness=255 blocks=1 buf=620
filling data 620
DecoderError { code: 8199, message: "The channel configuration (either number or arrangement) is not supported." }
ADTS Frame buffer_fullness=255 blocks=1 buf=515
filling data 515
DecoderError { code: 8199, message: "The channel configuration (either number or arrangement) is not supported." }
ADTS Frame buffer_fullness=255 blocks=1 buf=494
filling data 494
DecoderError { code: 8199, message: "The channel configuration (either number or arrangement) is not supported." }
ADTS Frame buffer_fullness=255 blocks=1 buf=454
filling data 454
DecoderError { code: 8199, message: "The channel configuration (either number or arrangement) is not supported." }
ADTS Frame buffer_fullness=255 blocks=1 buf=439
filling data 439
DecoderError { code: 8199, message: "The channel configuration (either number or arrangement) is not supported." }
ADTS Frame buffer_fullness=255 blocks=1 buf=491
filling data 491
DecoderError { code: 8199, message: "The channel configuration (either number or arrangement) is not supported." }
ADTS Frame buffer_fullness=255 blocks=1 buf=430
filling data 430
DecoderError { code: 8199, message: "The channel configuration (either number or arrangement) is not supported." }
ADTS Frame buffer_fullness=255 blocks=1 buf=487
filling data 487
DecoderError { code: 8199, message: "The channel configuration (either number or arrangement) is not supported." }
ADTS Frame buffer_fullness=255 blocks=1 buf=467
filling data 467
DecoderError { code: 8199, message: "The channel configuration (either number or arrangement) is not supported." }
ADTS Frame buffer_fullness=255 blocks=1 buf=429
filling data 429
DecoderError { code: 8199, message: "The channel configuration (either number or arrangement) is not supported." }
ADTS Frame buffer_fullness=255 blocks=1 buf=494
filling data 494
DecoderError { code: 8199, message: "The channel configuration (either number or arrangement) is not supported." }
ADTS Frame buffer_fullness=255 blocks=1 buf=478
filling data 478
DecoderError { code: 8199, message: "The channel configuration (either number or arrangement) is not supported." }
ADTS Frame buffer_fullness=255 blocks=1 buf=512
filling data 512
DecoderError { code: 8199, message: "The channel configuration (either number or arrangement) is not supported." }
ADTS Frame buffer_fullness=255 blocks=1 buf=497
filling data 497
DecoderError { code: 8199, message: "The channel configuration (either number or arrangement) is not supported." }
ADTS Frame buffer_fullness=255 blocks=1 buf=515
filling data 515
DecoderError { code: 8199, message: "The channel configuration (either number or arrangement) is not supported." }
ADTS Frame buffer_fullness=255 blocks=1 buf=510
filling data 510
DecoderError { code: 8199, message: "The channel configuration (either number or arrangement) is not supported." }
ADTS Frame buffer_fullness=255 blocks=1 buf=544
filling data 544
DecoderError { code: 8199, message: "The channel configuration (either number or arrangement) is not supported." }
ADTS Frame buffer_fullness=255 blocks=1 buf=534
filling data 534
DecoderError { code: 8199, message: "The channel configuration (either number or arrangement) is not supported." }
ADTS Frame buffer_fullness=255 blocks=1 buf=455
filling data 455
DecoderError { code: 8199, message: "The channel configuration (either number or arrangement) is not supported." }
ADTS Frame buffer_fullness=255 blocks=1 buf=459
filling data 459
DecoderError { code: 8199, message: "The channel configuration (either number or arrangement) is not supported." }
ADTS Frame buffer_fullness=255 blocks=1 buf=453
filling data 453
DecoderError { code: 8199, message: "The channel configuration (either number or arrangement) is not supported." }
ADTS Frame buffer_fullness=255 blocks=1 buf=449
filling data 449
DecoderError { code: 8199, message: "The channel configuration (either number or arrangement) is not supported." }
ADTS Frame buffer_fullness=255 blocks=1 buf=469
filling data 469
DecoderError { code: 8199, message: "The channel configuration (either number or arrangement) is not supported." }
ADTS Frame buffer_fullness=255 blocks=1 buf=487
filling data 487
DecoderError { code: 8199, message: "The channel configuration (either number or arrangement) is not supported." }
ADTS Frame buffer_fullness=255 blocks=1 buf=481
filling data 481
DecoderError { code: 8199, message: "The channel configuration (either number or arrangement) is not supported." }
ADTS Frame buffer_fullness=255 blocks=1 buf=504
filling data 504
DecoderError { code: 8199, message: "The channel configuration (either number or arrangement) is not supported." }
ADTS Frame buffer_fullness=255 blocks=1 buf=564
filling data 564
DecoderError { code: 8199, message: "The channel configuration (either number or arrangement) is not supported." }
ADTS Frame buffer_fullness=255 blocks=1 buf=489
filling data 489
DecoderError { code: 8199, message: "The channel configuration (either number or arrangement) is not supported." }
ADTS Frame buffer_fullness=255 blocks=1 buf=531
filling data 531
DecoderError { code: 8199, message: "The channel configuration (either number or arrangement) is not supported." }
ADTS Frame buffer_fullness=255 blocks=1 buf=517
filling data 517
DecoderError { code: 8199, message: "The channel configuration (either number or arrangement) is not supported." }
ADTS Frame buffer_fullness=255 blocks=1 buf=451
filling data 451
DecoderError { code: 8199, message: "The channel configuration (either number or arrangement) is not supported." }
ADTS Frame buffer_fullness=255 blocks=1 buf=494
filling data 494
DecoderError { code: 8199, message: "The channel configuration (either number or arrangement) is not supported." }
ADTS Frame buffer_fullness=255 blocks=1 buf=511
filling data 511
DecoderError { code: 8199, message: "The channel configuration (either number or arrangement) is not supported." }
ADTS Frame buffer_fullness=255 blocks=1 buf=518
filling data 518
DecoderError { code: 8199, message: "The channel configuration (either number or arrangement) is not supported." }
ADTS Frame buffer_fullness=255 blocks=1 buf=537
filling data 537
DecoderError { code: 8199, message: "The channel configuration (either number or arrangement) is not supported." }
ADTS Frame buffer_fullness=255 blocks=1 buf=495
filling data 495
DecoderError { code: 8199, message: "The channel configuration (either number or arrangement) is not supported." }
ADTS Frame buffer_fullness=255 blocks=1 buf=487
filling data 487
DecoderError { code: 8199, message: "The channel configuration (either number or arrangement) is not supported." }
ADTS Frame buffer_fullness=255 blocks=1 buf=498
filling data 498
DecoderError { code: 8199, message: "The channel configuration (either number or arrangement) is not supported." }
ADTS Frame buffer_fullness=255 blocks=1 buf=459
filling data 459
DecoderError { code: 8199, message: "The channel configuration (either number or arrangement) is not supported." }
ADTS Frame buffer_fullness=255 blocks=1 buf=492
filling data 492
DecoderError { code: 8199, message: "The channel configuration (either number or arrangement) is not supported." }
ADTS Frame buffer_fullness=255 blocks=1 buf=451
filling data 451
DecoderError { code: 8199, message: "The channel configuration (either number or arrangement) is not supported." }
ADTS Frame buffer_fullness=255 blocks=1 buf=489
filling data 489
DecoderError { code: 8199, message: "The channel configuration (either number or arrangement) is not supported." }
ADTS Frame buffer_fullness=255 blocks=1 buf=491
filling data 491
DecoderError { code: 8199, message: "The channel configuration (either number or arrangement) is not supported." }
ADTS Frame buffer_fullness=255 blocks=1 buf=441
filling data 441
DecoderError { code: 8199, message: "The channel configuration (either number or arrangement) is not supported." }
ADTS Frame buffer_fullness=255 blocks=1 buf=447
filling data 447
DecoderError { code: 8199, message: "The channel configuration (either number or arrangement) is not supported." }
ADTS Frame buffer_fullness=255 blocks=1 buf=443
filling data 443
DecoderError { code: 8199, message: "The channel configuration (either number or arrangement) is not supported." }
ADTS Frame buffer_fullness=255 blocks=1 buf=439
filling data 439
DecoderError { code: 8199, message: "The channel configuration (either number or arrangement) is not supported." }
ADTS Frame buffer_fullness=255 blocks=1 buf=501
filling data 501
DecoderError { code: 8199, message: "The channel configuration (either number or arrangement) is not supported." }
ADTS Frame buffer_fullness=255 blocks=1 buf=458
filling data 458
DecoderError { code: 8199, message: "The channel configuration (either number or arrangement) is not supported." }
ADTS Frame buffer_fullness=255 blocks=1 buf=494
filling data 494
DecoderError { code: 8199, message: "The channel configuration (either number or arrangement) is not supported." }
ADTS Frame buffer_fullness=255 blocks=1 buf=463
filling data 463
DecoderError { code: 8199, message: "The channel configuration (either number or arrangement) is not supported." }
ADTS Frame buffer_fullness=255 blocks=1 buf=439
filling data 439
DecoderError { code: 8199, message: "The channel configuration (either number or arrangement) is not supported." }
ADTS Frame buffer_fullness=255 blocks=1 buf=460
filling data 460
DecoderError { code: 8199, message: "The channel configuration (either number or arrangement) is not supported." }
ADTS Frame buffer_fullness=255 blocks=1 buf=505
filling data 505
DecoderError { code: 8199, message: "The channel configuration (either number or arrangement) is not supported." }
ADTS Frame buffer_fullness=255 blocks=1 buf=474
filling data 474
DecoderError { code: 8199, message: "The channel configuration (either number or arrangement) is not supported." }
ADTS Frame buffer_fullness=255 blocks=1 buf=463
filling data 463
DecoderError { code: 8199, message: "The channel configuration (either number or arrangement) is not supported." }
ADTS Frame buffer_fullness=255 blocks=1 buf=434
filling data 434
DecoderError { code: 8199, message: "The channel configuration (either number or arrangement) is not supported." }
ADTS Frame buffer_fullness=255 blocks=1 buf=471
filling data 471
DecoderError { code: 8199, message: "The channel configuration (either number or arrangement) is not supported." }
ADTS Frame buffer_fullness=255 blocks=1 buf=484
filling data 484
DecoderError { code: 8199, message: "The channel configuration (either number or arrangement) is not supported." }
ADTS Frame buffer_fullness=255 blocks=1 buf=478
filling data 478
DecoderError { code: 8199, message: "The channel configuration (either number or arrangement) is not supported." }
ADTS Frame buffer_fullness=255 blocks=1 buf=458
filling data 458
DecoderError { code: 8199, message: "The channel configuration (either number or arrangement) is not supported." }
ADTS Frame buffer_fullness=255 blocks=1 buf=436
filling data 436
DecoderError { code: 8199, message: "The channel configuration (either number or arrangement) is not supported." }
ADTS Frame buffer_fullness=255 blocks=1 buf=442
filling data 442
DecoderError { code: 8199, message: "The channel configuration (either number or arrangement) is not supported." }
ADTS Frame buffer_fullness=255 blocks=1 buf=482
filling data 482
DecoderError { code: 8199, message: "The channel configuration (either number or arrangement) is not supported." }
ADTS Frame buffer_fullness=255 blocks=1 buf=466
filling data 466
DecoderError { code: 8199, message: "The channel configuration (either number or arrangement) is not supported." }
ADTS Frame buffer_fullness=255 blocks=1 buf=499
filling data 499
DecoderError { code: 8199, message: "The channel configuration (either number or arrangement) is not supported." }
ADTS Frame buffer_fullness=255 blocks=1 buf=474
filling data 474
DecoderError { code: 8199, message: "The channel configuration (either number or arrangement) is not supported." }
ADTS Frame buffer_fullness=255 blocks=1 buf=461
filling data 461
DecoderError { code: 8199, message: "The channel configuration (either number or arrangement) is not supported." }
ADTS Frame buffer_fullness=255 blocks=1 buf=511
filling data 511
DecoderError { code: 8199, message: "The channel configuration (either number or arrangement) is not supported." }
ADTS Frame buffer_fullness=255 blocks=1 buf=449
filling data 449
DecoderError { code: 8199, message: "The channel configuration (either number or arrangement) is not supported." }
ADTS Frame buffer_fullness=255 blocks=1 buf=431
filling data 431
DecoderError { code: 8199, message: "The channel configuration (either number or arrangement) is not supported." }
ADTS Frame buffer_fullness=255 blocks=1 buf=472
filling data 472
DecoderError { code: 8199, message: "The channel configuration (either number or arrangement) is not supported." }
ADTS Frame buffer_fullness=255 blocks=1 buf=488
filling data 488
DecoderError { code: 8199, message: "The channel configuration (either number or arrangement) is not supported." }
ADTS Frame buffer_fullness=255 blocks=1 buf=498
filling data 498
DecoderError { code: 8199, message: "The channel configuration (either number or arrangement) is not supported." }
ADTS Frame buffer_fullness=255 blocks=1 buf=558
filling data 558
DecoderError { code: 8199, message: "The channel configuration (either number or arrangement) is not supported." }
ADTS Frame buffer_fullness=255 blocks=1 buf=499
filling data 499
DecoderError { code: 8199, message: "The channel configuration (either number or arrangement) is not supported." }
ADTS Frame buffer_fullness=255 blocks=1 buf=539
filling data 539
DecoderError { code: 8199, message: "The channel configuration (either number or arrangement) is not supported." }
ADTS Frame buffer_fullness=255 blocks=1 buf=518
filling data 518
DecoderError { code: 8199, message: "The channel configuration (either number or arrangement) is not supported." }
ADTS Frame buffer_fullness=255 blocks=1 buf=488
filling data 488
DecoderError { code: 8199, message: "The channel configuration (either number or arrangement) is not supported." }
ADTS Frame buffer_fullness=255 blocks=1 buf=477
filling data 477
DecoderError { code: 8199, message: "The channel configuration (either number or arrangement) is not supported." }
ADTS Frame buffer_fullness=255 blocks=1 buf=473
filling data 473
DecoderError { code: 8199, message: "The channel configuration (either number or arrangement) is not supported." }
ADTS Frame buffer_fullness=255 blocks=1 buf=512
filling data 512
DecoderError { code: 8199, message: "The channel configuration (either number or arrangement) is not supported." }
ADTS Frame buffer_fullness=255 blocks=1 buf=471
filling data 471
DecoderError { code: 8199, message: "The channel configuration (either number or arrangement) is not supported." }
ADTS Frame buffer_fullness=255 blocks=1 buf=514
filling data 514
DecoderError { code: 8199, message: "The channel configuration (either number or arrangement) is not supported." }
ADTS Frame buffer_fullness=255 blocks=1 buf=488
filling data 488
DecoderError { code: 8199, message: "The channel configuration (either number or arrangement) is not supported." }
ADTS Frame buffer_fullness=255 blocks=1 buf=508
filling data 508
DecoderError { code: 8199, message: "The channel configuration (either number or arrangement) is not supported." }
ADTS Frame buffer_fullness=255 blocks=1 buf=486
filling data 486
DecoderError { code: 8199, message: "The channel configuration (either number or arrangement) is not supported." }
ADTS Frame buffer_fullness=255 blocks=1 buf=520
filling data 520
DecoderError { code: 8199, message: "The channel configuration (either number or arrangement) is not supported." }
ADTS Frame buffer_fullness=255 blocks=1 buf=474
filling data 474
DecoderError { code: 8199, message: "The channel configuration (either number or arrangement) is not supported." }
ADTS Frame buffer_fullness=255 blocks=1 buf=540
filling data 540
DecoderError { code: 8199, message: "The channel configuration (either number or arrangement) is not supported." }
ADTS Frame buffer_fullness=255 blocks=1 buf=508
filling data 508
DecoderError { code: 8199, message: "The channel configuration (either number or arrangement) is not supported." }
ADTS Frame buffer_fullness=255 blocks=1 buf=467
filling data 467
DecoderError { code: 8199, message: "The channel configuration (either number or arrangement) is not supported." }
ADTS Frame buffer_fullness=255 blocks=1 buf=523
filling data 523
DecoderError { code: 8199, message: "The channel configuration (either number or arrangement) is not supported." }
ADTS Frame buffer_fullness=255 blocks=1 buf=522
filling data 522
DecoderError { code: 8199, message: "The channel configuration (either number or arrangement) is not supported." }
ADTS Frame buffer_fullness=255 blocks=1 buf=508
filling data 508
DecoderError { code: 8199, message: "The channel configuration (either number or arrangement) is not supported." }
ADTS Frame buffer_fullness=255 blocks=1 buf=461
filling data 461
DecoderError { code: 8199, message: "The channel configuration (either number or arrangement) is not supported." }
ADTS Frame buffer_fullness=255 blocks=1 buf=469
filling data 469
DecoderError { code: 8199, message: "The channel configuration (either number or arrangement) is not supported." }
ADTS Frame buffer_fullness=255 blocks=1 buf=426
filling data 426
DecoderError { code: 8199, message: "The channel configuration (either number or arrangement) is not supported." }
ADTS Frame buffer_fullness=255 blocks=1 buf=508
filling data 508
DecoderError { code: 8199, message: "The channel configuration (either number or arrangement) is not supported." }
ADTS Frame buffer_fullness=255 blocks=1 buf=515
filling data 515
DecoderError { code: 8199, message: "The channel configuration (either number or arrangement) is not supported." }
ADTS Frame buffer_fullness=255 blocks=1 buf=455
filling data 455
DecoderError { code: 8199, message: "The channel configuration (either number or arrangement) is not supported." }
ADTS Frame buffer_fullness=255 blocks=1 buf=477
filling data 477
DecoderError { code: 8199, message: "The channel configuration (either number or arrangement) is not supported." }
ADTS Frame buffer_fullness=255 blocks=1 buf=544
filling data 544
DecoderError { code: 8199, message: "The channel configuration (either number or arrangement) is not supported." }
ADTS Frame buffer_fullness=255 blocks=1 buf=506
filling data 506
DecoderError { code: 8199, message: "The channel configuration (either number or arrangement) is not supported." }
ADTS Frame buffer_fullness=255 blocks=1 buf=481
filling data 481
DecoderError { code: 8199, message: "The channel configuration (either number or arrangement) is not supported." }
ADTS Frame buffer_fullness=255 blocks=1 buf=465
filling data 465
DecoderError { code: 8199, message: "The channel configuration (either number or arrangement) is not supported." }
ADTS Frame buffer_fullness=255 blocks=1 buf=498
filling data 498
DecoderError { code: 8199, message: "The channel configuration (either number or arrangement) is not supported." }
ADTS Frame buffer_fullness=255 blocks=1 buf=470
filling data 470
DecoderError { code: 8199, message: "The channel configuration (either number or arrangement) is not supported." }
ADTS Frame buffer_fullness=255 blocks=1 buf=462
filling data 462
DecoderError { code: 8199, message: "The channel configuration (either number or arrangement) is not supported." }
ADTS Frame buffer_fullness=255 blocks=1 buf=470
filling data 470
DecoderError { code: 8199, message: "The channel configuration (either number or arrangement) is not supported." }
ADTS Frame buffer_fullness=255 blocks=1 buf=434
filling data 434
DecoderError { code: 8199, message: "The channel configuration (either number or arrangement) is not supported." }
ADTS Frame buffer_fullness=255 blocks=1 buf=441
filling data 441
DecoderError { code: 8199, message: "The channel configuration (either number or arrangement) is not supported." }
ADTS Frame buffer_fullness=255 blocks=1 buf=493
filling data 493
DecoderError { code: 8199, message: "The channel configuration (either number or arrangement) is not supported." }
ADTS Frame buffer_fullness=255 blocks=1 buf=480
filling data 480
DecoderError { code: 8199, message: "The channel configuration (either number or arrangement) is not supported." }
ADTS Frame buffer_fullness=255 blocks=1 buf=437
filling data 437
DecoderError { code: 8199, message: "The channel configuration (either number or arrangement) is not supported." }
ADTS Frame buffer_fullness=255 blocks=1 buf=436
filling data 436
DecoderError { code: 8199, message: "The channel configuration (either number or arrangement) is not supported." }
ADTS Frame buffer_fullness=255 blocks=1 buf=506
filling data 506
DecoderError { code: 8199, message: "The channel configuration (either number or arrangement) is not supported." }
ADTS Frame buffer_fullness=255 blocks=1 buf=467
filling data 467
DecoderError { code: 8199, message: "The channel configuration (either number or arrangement) is not supported." }
ADTS Frame buffer_fullness=255 blocks=1 buf=524
filling data 524
DecoderError { code: 8199, message: "The channel configuration (either number or arrangement) is not supported." }
ADTS Frame buffer_fullness=255 blocks=1 buf=545
filling data 545
DecoderError { code: 8199, message: "The channel configuration (either number or arrangement) is not supported." }
ADTS Frame buffer_fullness=255 blocks=1 buf=557
filling data 557
DecoderError { code: 8199, message: "The channel configuration (either number or arrangement) is not supported." }
ADTS Frame buffer_fullness=255 blocks=1 buf=498
filling data 498
DecoderError { code: 8199, message: "The channel configuration (either number or arrangement) is not supported." }
ADTS Frame buffer_fullness=255 blocks=1 buf=519
filling data 519
DecoderError { code: 8199, message: "The channel configuration (either number or arrangement) is not supported." }
ADTS Frame buffer_fullness=255 blocks=1 buf=469
filling data 469
DecoderError { code: 8199, message: "The channel configuration (either number or arrangement) is not supported." }
ADTS Frame buffer_fullness=255 blocks=1 buf=505
filling data 505
DecoderError { code: 8199, message: "The channel configuration (either number or arrangement) is not supported." }
ADTS Frame buffer_fullness=255 blocks=1 buf=478
filling data 478
DecoderError { code: 8199, message: "The channel configuration (either number or arrangement) is not supported." }
ADTS Frame buffer_fullness=255 blocks=1 buf=508
filling data 508
DecoderError { code: 8199, message: "The channel configuration (either number or arrangement) is not supported." }
ADTS Frame buffer_fullness=255 blocks=1 buf=546
filling data 546
DecoderError { code: 8199, message: "The channel configuration (either number or arrangement) is not supported." }
ADTS Frame buffer_fullness=255 blocks=1 buf=512
filling data 512
DecoderError { code: 8199, message: "The channel configuration (either number or arrangement) is not supported." }
ADTS Frame buffer_fullness=255 blocks=1 buf=556
filling data 556
DecoderError { code: 8199, message: "The channel configuration (either number or arrangement) is not supported." }
ADTS Frame buffer_fullness=255 blocks=1 buf=467
filling data 467
DecoderError { code: 8199, message: "The channel configuration (either number or arrangement) is not supported." }
ADTS Frame buffer_fullness=255 blocks=1 buf=479
filling data 479
DecoderError { code: 8199, message: "The channel configuration (either number or arrangement) is not supported." }
ADTS Frame buffer_fullness=255 blocks=1 buf=511
filling data 511
DecoderError { code: 8199, message: "The channel configuration (either number or arrangement) is not supported." }
ADTS Frame buffer_fullness=255 blocks=1 buf=530
filling data 530
DecoderError { code: 8199, message: "The channel configuration (either number or arrangement) is not supported." }
ADTS Frame buffer_fullness=255 blocks=1 buf=533
filling data 533
DecoderError { code: 8199, message: "The channel configuration (either number or arrangement) is not supported." }
ADTS Frame buffer_fullness=255 blocks=1 buf=535
filling data 535
DecoderError { code: 8199, message: "The channel configuration (either number or arrangement) is not supported." }
ADTS Frame buffer_fullness=255 blocks=1 buf=522
filling data 522
DecoderError { code: 8199, message: "The channel configuration (either number or arrangement) is not supported." }
ADTS Frame buffer_fullness=255 blocks=1 buf=474
filling data 474
DecoderError { code: 8199, message: "The channel configuration (either number or arrangement) is not supported." }
ADTS Frame buffer_fullness=255 blocks=1 buf=477
filling data 477
DecoderError { code: 8199, message: "The channel configuration (either number or arrangement) is not supported." }
ADTS Frame buffer_fullness=255 blocks=1 buf=460
filling data 460
DecoderError { code: 8199, message: "The channel configuration (either number or arrangement) is not supported." }
ADTS Frame buffer_fullness=255 blocks=1 buf=443
filling data 443
DecoderError { code: 8199, message: "The channel configuration (either number or arrangement) is not supported." }
ADTS Frame buffer_fullness=255 blocks=1 buf=445
filling data 445
DecoderError { code: 8199, message: "The channel configuration (either number or arrangement) is not supported." }
ADTS Frame buffer_fullness=255 blocks=1 buf=434
filling data 434
DecoderError { code: 8199, message: "The channel configuration (either number or arrangement) is not supported." }
ADTS Frame buffer_fullness=255 blocks=1 buf=423
filling data 423
DecoderError { code: 8199, message: "The channel configuration (either number or arrangement) is not supported." }
ADTS Frame buffer_fullness=255 blocks=1 buf=427
filling data 427
DecoderError { code: 8199, message: "The channel configuration (either number or arrangement) is not supported." }
ADTS Frame buffer_fullness=255 blocks=1 buf=498
filling data 498
DecoderError { code: 8199, message: "The channel configuration (either number or arrangement) is not supported." }
ADTS Frame buffer_fullness=255 blocks=1 buf=447
filling data 447
DecoderError { code: 8199, message: "The channel configuration (either number or arrangement) is not supported." }
ADTS Frame buffer_fullness=255 blocks=1 buf=453
filling data 453
DecoderError { code: 8199, message: "The channel configuration (either number or arrangement) is not supported." }
ADTS Frame buffer_fullness=255 blocks=1 buf=476
filling data 476
DecoderError { code: 8199, message: "The channel configuration (either number or arrangement) is not supported." }
ADTS Frame buffer_fullness=255 blocks=1 buf=461
filling data 461
DecoderError { code: 8199, message: "The channel configuration (either number or arrangement) is not supported." }
ADTS Frame buffer_fullness=255 blocks=1 buf=505
filling data 505
DecoderError { code: 8199, message: "The channel configuration (either number or arrangement) is not supported." }
ADTS Frame buffer_fullness=255 blocks=1 buf=503
filling data 503
DecoderError { code: 8199, message: "The channel configuration (either number or arrangement) is not supported." }
ADTS Frame buffer_fullness=255 blocks=1 buf=504
filling data 504
DecoderError { code: 8199, message: "The channel configuration (either number or arrangement) is not supported." }
ADTS Frame buffer_fullness=255 blocks=1 buf=484
filling data 484
DecoderError { code: 8199, message: "The channel configuration (either number or arrangement) is not supported." }
ADTS Frame buffer_fullness=255 blocks=1 buf=502
filling data 502
DecoderError { code: 8199, message: "The channel configuration (either number or arrangement) is not supported." }
ADTS Frame buffer_fullness=255 blocks=1 buf=453
filling data 453
DecoderError { code: 8199, message: "The channel configuration (either number or arrangement) is not supported." }
ADTS Frame buffer_fullness=255 blocks=1 buf=526
filling data 526
DecoderError { code: 8199, message: "The channel configuration (either number or arrangement) is not supported." }
ADTS Frame buffer_fullness=255 blocks=1 buf=495
filling data 495
DecoderError { code: 8199, message: "The channel configuration (either number or arrangement) is not supported." }
ADTS Frame buffer_fullness=255 blocks=1 buf=467
filling data 467
DecoderError { code: 8199, message: "The channel configuration (either number or arrangement) is not supported." }
ADTS Frame buffer_fullness=255 blocks=1 buf=455
filling data 455
DecoderError { code: 8199, message: "The channel configuration (either number or arrangement) is not supported." }
ADTS Frame buffer_fullness=255 blocks=1 buf=490
filling data 490
DecoderError { code: 8199, message: "The channel configuration (either number or arrangement) is not supported." }
ADTS Frame buffer_fullness=255 blocks=1 buf=470
filling data 470
DecoderError { code: 8199, message: "The channel configuration (either number or arrangement) is not supported." }
ADTS Frame buffer_fullness=255 blocks=1 buf=468
filling data 468
DecoderError { code: 8199, message: "The channel configuration (either number or arrangement) is not supported." }
ADTS Frame buffer_fullness=255 blocks=1 buf=484
filling data 484
DecoderError { code: 8199, message: "The channel configuration (either number or arrangement) is not supported." }
ADTS Frame buffer_fullness=255 blocks=1 buf=536
filling data 536
DecoderError { code: 8199, message: "The channel configuration (either number or arrangement) is not supported." }
ADTS Frame buffer_fullness=255 blocks=1 buf=492
filling data 492
DecoderError { code: 8199, message: "The channel configuration (either number or arrangement) is not supported." }
ADTS Frame buffer_fullness=255 blocks=1 buf=485
filling data 485
DecoderError { code: 8199, message: "The channel configuration (either number or arrangement) is not supported." }
ADTS Frame buffer_fullness=255 blocks=1 buf=493
filling data 493
DecoderError { code: 8199, message: "The channel configuration (either number or arrangement) is not supported." }
ADTS Frame buffer_fullness=255 blocks=1 buf=531
filling data 531
DecoderError { code: 8199, message: "The channel configuration (either number or arrangement) is not supported." }
ADTS Frame buffer_fullness=255 blocks=1 buf=555
filling data 555
DecoderError { code: 8199, message: "The channel configuration (either number or arrangement) is not supported." }
ADTS Frame buffer_fullness=255 blocks=1 buf=468
filling data 468
DecoderError { code: 8199, message: "The channel configuration (either number or arrangement) is not supported." }
ADTS Frame buffer_fullness=255 blocks=1 buf=474
filling data 474
DecoderError { code: 8199, message: "The channel configuration (either number or arrangement) is not supported." }
ADTS Frame buffer_fullness=255 blocks=1 buf=549
filling data 549
DecoderError { code: 8199, message: "The channel configuration (either number or arrangement) is not supported." }
ADTS Frame buffer_fullness=255 blocks=1 buf=493
filling data 493
DecoderError { code: 8199, message: "The channel configuration (either number or arrangement) is not supported." }
ADTS Frame buffer_fullness=255 blocks=1 buf=574
filling data 574
DecoderError { code: 8199, message: "The channel configuration (either number or arrangement) is not supported." }
ADTS Frame buffer_fullness=255 blocks=1 buf=502
filling data 502
DecoderError { code: 8199, message: "The channel configuration (either number or arrangement) is not supported." }
ADTS Frame buffer_fullness=255 blocks=1 buf=491
filling data 491
DecoderError { code: 8199, message: "The channel configuration (either number or arrangement) is not supported." }
ADTS Frame buffer_fullness=255 blocks=1 buf=547
filling data 547
DecoderError { code: 8199, message: "The channel configuration (either number or arrangement) is not supported." }
ADTS Frame buffer_fullness=255 blocks=1 buf=521
filling data 521
DecoderError { code: 8199, message: "The channel configuration (either number or arrangement) is not supported." }
ADTS Frame buffer_fullness=255 blocks=1 buf=519
filling data 519
DecoderError { code: 8199, message: "The channel configuration (either number or arrangement) is not supported." }
ADTS Frame buffer_fullness=255 blocks=1 buf=518
filling data 518
DecoderError { code: 8199, message: "The channel configuration (either number or arrangement) is not supported." }
ADTS Frame buffer_fullness=255 blocks=1 buf=541
filling data 541
DecoderError { code: 8199, message: "The channel configuration (either number or arrangement) is not supported." }
ADTS Frame buffer_fullness=255 blocks=1 buf=497
filling data 497
DecoderError { code: 8199, message: "The channel configuration (either number or arrangement) is not supported." }
ADTS Frame buffer_fullness=255 blocks=1 buf=557
filling data 557
DecoderError { code: 8199, message: "The channel configuration (either number or arrangement) is not supported." }
ADTS Frame buffer_fullness=255 blocks=1 buf=503
filling data 503
DecoderError { code: 8199, message: "The channel configuration (either number or arrangement) is not supported." }
ADTS Frame buffer_fullness=255 blocks=1 buf=486
filling data 486
DecoderError { code: 8199, message: "The channel configuration (either number or arrangement) is not supported." }
ADTS Frame buffer_fullness=255 blocks=1 buf=466
filling data 466
DecoderError { code: 8199, message: "The channel configuration (either number or arrangement) is not supported." }
ADTS Frame buffer_fullness=255 blocks=1 buf=535
filling data 535
DecoderError { code: 8199, message: "The channel configuration (either number or arrangement) is not supported." }
ADTS Frame buffer_fullness=255 blocks=1 buf=480
filling data 480
DecoderError { code: 8199, message: "The channel configuration (either number or arrangement) is not supported." }
ADTS Frame buffer_fullness=255 blocks=1 buf=501
filling data 501
DecoderError { code: 8199, message: "The channel configuration (either number or arrangement) is not supported." }
ADTS Frame buffer_fullness=255 blocks=1 buf=478
filling data 478
DecoderError { code: 8199, message: "The channel configuration (either number or arrangement) is not supported." }
ADTS Frame buffer_fullness=255 blocks=1 buf=491
filling data 491
DecoderError { code: 8199, message: "The channel configuration (either number or arrangement) is not supported." }
ADTS Frame buffer_fullness=255 blocks=1 buf=509
filling data 509
DecoderError { code: 8199, message: "The channel configuration (either number or arrangement) is not supported." }
ADTS Frame buffer_fullness=255 blocks=1 buf=497
filling data 497
DecoderError { code: 8199, message: "The channel configuration (either number or arrangement) is not supported." }
ADTS Frame buffer_fullness=255 blocks=1 buf=504
filling data 504
DecoderError { code: 8199, message: "The channel configuration (either number or arrangement) is not supported." }
ADTS Frame buffer_fullness=255 blocks=1 buf=447
filling data 447
DecoderError { code: 8199, message: "The channel configuration (either number or arrangement) is not supported." }
ADTS Frame buffer_fullness=255 blocks=1 buf=515
filling data 515
DecoderError { code: 8199, message: "The channel configuration (either number or arrangement) is not supported." }
ADTS Frame buffer_fullness=255 blocks=1 buf=507
filling data 507
DecoderError { code: 8199, message: "The channel configuration (either number or arrangement) is not supported." }
ADTS Frame buffer_fullness=255 blocks=1 buf=524
filling data 524
DecoderError { code: 8199, message: "The channel configuration (either number or arrangement) is not supported." }
ADTS Frame buffer_fullness=255 blocks=1 buf=458
filling data 458
DecoderError { code: 8199, message: "The channel configuration (either number or arrangement) is not supported." }
ADTS Frame buffer_fullness=255 blocks=1 buf=489
filling data 489
DecoderError { code: 8199, message: "The channel configuration (either number or arrangement) is not supported." }
ADTS Frame buffer_fullness=255 blocks=1 buf=476
filling data 476
DecoderError { code: 8199, message: "The channel configuration (either number or arrangement) is not supported." }
ADTS Frame buffer_fullness=255 blocks=1 buf=463
filling data 463
DecoderError { code: 8199, message: "The channel configuration (either number or arrangement) is not supported." }
ADTS Frame buffer_fullness=255 blocks=1 buf=439
filling data 439
DecoderError { code: 8199, message: "The channel configuration (either number or arrangement) is not supported." }
ADTS Frame buffer_fullness=255 blocks=1 buf=429
filling data 429
DecoderError { code: 8199, message: "The channel configuration (either number or arrangement) is not supported." }
ADTS Frame buffer_fullness=255 blocks=1 buf=444
filling data 444
DecoderError { code: 8199, message: "The channel configuration (either number or arrangement) is not supported." }
ADTS Frame buffer_fullness=255 blocks=1 buf=436
filling data 436
DecoderError { code: 8199, message: "The channel configuration (either number or arrangement) is not supported." }
ADTS Frame buffer_fullness=255 blocks=1 buf=452
filling data 452
DecoderError { code: 8199, message: "The channel configuration (either number or arrangement) is not supported." }
ADTS Frame buffer_fullness=255 blocks=1 buf=459
filling data 459
DecoderError { code: 8199, message: "The channel configuration (either number or arrangement) is not supported." }
ADTS Frame buffer_fullness=255 blocks=1 buf=451
filling data 451
DecoderError { code: 8199, message: "The channel configuration (either number or arrangement) is not supported." }
ADTS Frame buffer_fullness=255 blocks=1 buf=480
filling data 480
DecoderError { code: 8199, message: "The channel configuration (either number or arrangement) is not supported." }
ADTS Frame buffer_fullness=255 blocks=1 buf=418
filling data 418
DecoderError { code: 8199, message: "The channel configuration (either number or arrangement) is not supported." }
ADTS Frame buffer_fullness=255 blocks=1 buf=489
filling data 489
DecoderError { code: 8199, message: "The channel configuration (either number or arrangement) is not supported." }
ADTS Frame buffer_fullness=255 blocks=1 buf=475
filling data 475
DecoderError { code: 8199, message: "The channel configuration (either number or arrangement) is not supported." }
ADTS Frame buffer_fullness=255 blocks=1 buf=529
filling data 529
DecoderError { code: 8199, message: "The channel configuration (either number or arrangement) is not supported." }
ADTS Frame buffer_fullness=255 blocks=1 buf=506
filling data 506
DecoderError { code: 8199, message: "The channel configuration (either number or arrangement) is not supported." }
ADTS Frame buffer_fullness=255 blocks=1 buf=483
filling data 483
DecoderError { code: 8199, message: "The channel configuration (either number or arrangement) is not supported." }
ADTS Frame buffer_fullness=255 blocks=1 buf=499
filling data 499
DecoderError { code: 8199, message: "The channel configuration (either number or arrangement) is not supported." }
ADTS Frame buffer_fullness=255 blocks=1 buf=493
filling data 493
DecoderError { code: 8199, message: "The channel configuration (either number or arrangement) is not supported." }
ADTS Frame buffer_fullness=255 blocks=1 buf=460
filling data 460
DecoderError { code: 8199, message: "The channel configuration (either number or arrangement) is not supported." }
ADTS Frame buffer_fullness=255 blocks=1 buf=475
filling data 475
DecoderError { code: 8199, message: "The channel configuration (either number or arrangement) is not supported." }
ADTS Frame buffer_fullness=255 blocks=1 buf=460
filling data 460
DecoderError { code: 8199, message: "The channel configuration (either number or arrangement) is not supported." }
ADTS Frame buffer_fullness=255 blocks=1 buf=476
filling data 476
DecoderError { code: 8199, message: "The channel configuration (either number or arrangement) is not supported." }
ADTS Frame buffer_fullness=255 blocks=1 buf=476
filling data 476
DecoderError { code: 8199, message: "The channel configuration (either number or arrangement) is not supported." }
ADTS Frame buffer_fullness=255 blocks=1 buf=478
filling data 478
DecoderError { code: 8199, message: "The channel configuration (either number or arrangement) is not supported." }
ADTS Frame buffer_fullness=255 blocks=1 buf=509
filling data 509
DecoderError { code: 8199, message: "The channel configuration (either number or arrangement) is not supported." }
ADTS Frame buffer_fullness=255 blocks=1 buf=451
filling data 451
DecoderError { code: 8199, message: "The channel configuration (either number or arrangement) is not supported." }
ADTS Frame buffer_fullness=255 blocks=1 buf=509
filling data 509
DecoderError { code: 8199, message: "The channel configuration (either number or arrangement) is not supported." }
ADTS Frame buffer_fullness=255 blocks=1 buf=467
filling data 467
DecoderError { code: 8199, message: "The channel configuration (either number or arrangement) is not supported." }
ADTS Frame buffer_fullness=255 blocks=1 buf=477
filling data 477
DecoderError { code: 8199, message: "The channel configuration (either number or arrangement) is not supported." }
ADTS Frame buffer_fullness=255 blocks=1 buf=476
filling data 476
DecoderError { code: 8199, message: "The channel configuration (either number or arrangement) is not supported." }
ADTS Frame buffer_fullness=255 blocks=1 buf=500
filling data 500
DecoderError { code: 8199, message: "The channel configuration (either number or arrangement) is not supported." }
ADTS Frame buffer_fullness=255 blocks=1 buf=512
filling data 512
DecoderError { code: 8199, message: "The channel configuration (either number or arrangement) is not supported." }
ADTS Frame buffer_fullness=255 blocks=1 buf=461
filling data 461
DecoderError { code: 8199, message: "The channel configuration (either number or arrangement) is not supported." }
ADTS Frame buffer_fullness=255 blocks=1 buf=460
filling data 460
DecoderError { code: 8199, message: "The channel configuration (either number or arrangement) is not supported." }
ADTS Frame buffer_fullness=255 blocks=1 buf=458
filling data 458
DecoderError { code: 8199, message: "The channel configuration (either number or arrangement) is not supported." }
ADTS Frame buffer_fullness=255 blocks=1 buf=461
filling data 461
DecoderError { code: 8199, message: "The channel configuration (either number or arrangement) is not supported." }
ADTS Frame buffer_fullness=255 blocks=1 buf=465
filling data 465
DecoderError { code: 8199, message: "The channel configuration (either number or arrangement) is not supported." }
ADTS Frame buffer_fullness=255 blocks=1 buf=442
filling data 442
DecoderError { code: 8199, message: "The channel configuration (either number or arrangement) is not supported." }
ADTS Frame buffer_fullness=255 blocks=1 buf=443
filling data 443
DecoderError { code: 8199, message: "The channel configuration (either number or arrangement) is not supported." }
ADTS Frame buffer_fullness=255 blocks=1 buf=490
filling data 490
DecoderError { code: 8199, message: "The channel configuration (either number or arrangement) is not supported." }
ADTS Frame buffer_fullness=255 blocks=1 buf=500
filling data 500
DecoderError { code: 8199, message: "The channel configuration (either number or arrangement) is not supported." }
ADTS Frame buffer_fullness=255 blocks=1 buf=476
filling data 476
DecoderError { code: 8199, message: "The channel configuration (either number or arrangement) is not supported." }
ADTS Frame buffer_fullness=255 blocks=1 buf=477
filling data 477
DecoderError { code: 8199, message: "The channel configuration (either number or arrangement) is not supported." }
ADTS Frame buffer_fullness=255 blocks=1 buf=482
filling data 482
DecoderError { code: 8199, message: "The channel configuration (either number or arrangement) is not supported." }
ADTS Frame buffer_fullness=255 blocks=1 buf=494
filling data 494
DecoderError { code: 8199, message: "The channel configuration (either number or arrangement) is not supported." }
ADTS Frame buffer_fullness=255 blocks=1 buf=479
filling data 479
DecoderError { code: 8199, message: "The channel configuration (either number or arrangement) is not supported." }
ADTS Frame buffer_fullness=255 blocks=1 buf=428
filling data 428
DecoderError { code: 8199, message: "The channel configuration (either number or arrangement) is not supported." }
ADTS Frame buffer_fullness=255 blocks=1 buf=473
filling data 473
DecoderError { code: 8199, message: "The channel configuration (either number or arrangement) is not supported." }
ADTS Frame buffer_fullness=255 blocks=1 buf=436
filling data 436
DecoderError { code: 8199, message: "The channel configuration (either number or arrangement) is not supported." }
ADTS Frame buffer_fullness=255 blocks=1 buf=449
filling data 449
DecoderError { code: 8199, message: "The channel configuration (either number or arrangement) is not supported." }
ADTS Frame buffer_fullness=255 blocks=1 buf=453
filling data 453
DecoderError { code: 8199, message: "The channel configuration (either number or arrangement) is not supported." }
ADTS Frame buffer_fullness=255 blocks=1 buf=438
filling data 438
DecoderError { code: 8199, message: "The channel configuration (either number or arrangement) is not supported." }
ADTS Frame buffer_fullness=255 blocks=1 buf=479
filling data 479
DecoderError { code: 8199, message: "The channel configuration (either number or arrangement) is not supported." }
ADTS Frame buffer_fullness=255 blocks=1 buf=457
filling data 457
DecoderError { code: 8199, message: "The channel configuration (either number or arrangement) is not supported." }
ADTS Frame buffer_fullness=255 blocks=1 buf=458
filling data 458
DecoderError { code: 8199, message: "The channel configuration (either number or arrangement) is not supported." }
ADTS Frame buffer_fullness=255 blocks=1 buf=521
filling data 521
DecoderError { code: 8199, message: "The channel configuration (either number or arrangement) is not supported." }
ADTS Frame buffer_fullness=255 blocks=1 buf=466
filling data 466
DecoderError { code: 8199, message: "The channel configuration (either number or arrangement) is not supported." }
ADTS Frame buffer_fullness=255 blocks=1 buf=449
filling data 449
DecoderError { code: 8199, message: "The channel configuration (either number or arrangement) is not supported." }
ADTS Frame buffer_fullness=255 blocks=1 buf=481
filling data 481
DecoderError { code: 8199, message: "The channel configuration (either number or arrangement) is not supported." }
ADTS Frame buffer_fullness=255 blocks=1 buf=468
filling data 468
DecoderError { code: 8199, message: "The channel configuration (either number or arrangement) is not supported." }
ADTS Frame buffer_fullness=255 blocks=1 buf=464
filling data 464
DecoderError { code: 8199, message: "The channel configuration (either number or arrangement) is not supported." }
ADTS Frame buffer_fullness=255 blocks=1 buf=446
filling data 446
DecoderError { code: 8199, message: "The channel configuration (either number or arrangement) is not supported." }
ADTS Frame buffer_fullness=255 blocks=1 buf=487
filling data 487
DecoderError { code: 8199, message: "The channel configuration (either number or arrangement) is not supported." }
ADTS Frame buffer_fullness=255 blocks=1 buf=460
filling data 460
DecoderError { code: 8199, message: "The channel configuration (either number or arrangement) is not supported." }
ADTS Frame buffer_fullness=255 blocks=1 buf=461
filling data 461
DecoderError { code: 8199, message: "The channel configuration (either number or arrangement) is not supported." }
ADTS Frame buffer_fullness=255 blocks=1 buf=495
filling data 495
DecoderError { code: 8199, message: "The channel configuration (either number or arrangement) is not supported." }
ADTS Frame buffer_fullness=255 blocks=1 buf=511
filling data 511
DecoderError { code: 8199, message: "The channel configuration (either number or arrangement) is not supported." }
ADTS Frame buffer_fullness=255 blocks=1 buf=497
filling data 497
DecoderError { code: 8199, message: "The channel configuration (either number or arrangement) is not supported." }
ADTS Frame buffer_fullness=255 blocks=1 buf=579
filling data 579
DecoderError { code: 8199, message: "The channel configuration (either number or arrangement) is not supported." }
ADTS Frame buffer_fullness=255 blocks=1 buf=598
filling data 598
DecoderError { code: 8199, message: "The channel configuration (either number or arrangement) is not supported." }
ADTS Frame buffer_fullness=255 blocks=1 buf=615
filling data 615
DecoderError { code: 8199, message: "The channel configuration (either number or arrangement) is not supported." }
ADTS Frame buffer_fullness=255 blocks=1 buf=571
filling data 571
DecoderError { code: 8199, message: "The channel configuration (either number or arrangement) is not supported." }
ADTS Frame buffer_fullness=255 blocks=1 buf=567
filling data 567
DecoderError { code: 8199, message: "The channel configuration (either number or arrangement) is not supported." }
ADTS Frame buffer_fullness=255 blocks=1 buf=501
filling data 501
DecoderError { code: 8199, message: "The channel configuration (either number or arrangement) is not supported." }
ADTS Frame buffer_fullness=255 blocks=1 buf=469
filling data 469
DecoderError { code: 8199, message: "The channel configuration (either number or arrangement) is not supported." }
ADTS Frame buffer_fullness=255 blocks=1 buf=503
filling data 503
DecoderError { code: 8199, message: "The channel configuration (either number or arrangement) is not supported." }
ADTS Frame buffer_fullness=255 blocks=1 buf=510
filling data 510
DecoderError { code: 8199, message: "The channel configuration (either number or arrangement) is not supported." }
ADTS Frame buffer_fullness=255 blocks=1 buf=505
filling data 505
DecoderError { code: 8199, message: "The channel configuration (either number or arrangement) is not supported." }
ADTS Frame buffer_fullness=255 blocks=1 buf=455
filling data 455
DecoderError { code: 8199, message: "The channel configuration (either number or arrangement) is not supported." }
ADTS Frame buffer_fullness=255 blocks=1 buf=474
filling data 474
DecoderError { code: 8199, message: "The channel configuration (either number or arrangement) is not supported." }
ADTS Frame buffer_fullness=255 blocks=1 buf=478
filling data 478
DecoderError { code: 8199, message: "The channel configuration (either number or arrangement) is not supported." }
ADTS Frame buffer_fullness=255 blocks=1 buf=469
filling data 469
DecoderError { code: 8199, message: "The channel configuration (either number or arrangement) is not supported." }
ADTS Frame buffer_fullness=255 blocks=1 buf=514
filling data 514
DecoderError { code: 8199, message: "The channel configuration (either number or arrangement) is not supported." }
ADTS Frame buffer_fullness=255 blocks=1 buf=518
filling data 518
DecoderError { code: 8199, message: "The channel configuration (either number or arrangement) is not supported." }
ADTS Frame buffer_fullness=255 blocks=1 buf=531
filling data 531
DecoderError { code: 8199, message: "The channel configuration (either number or arrangement) is not supported." }
ADTS Frame buffer_fullness=255 blocks=1 buf=549
filling data 549
DecoderError { code: 8199, message: "The channel configuration (either number or arrangement) is not supported." }
ADTS Frame buffer_fullness=255 blocks=1 buf=484
filling data 484
DecoderError { code: 8199, message: "The channel configuration (either number or arrangement) is not supported." }
ADTS Frame buffer_fullness=255 blocks=1 buf=524
filling data 524
DecoderError { code: 8199, message: "The channel configuration (either number or arrangement) is not supported." }
ADTS Frame buffer_fullness=255 blocks=1 buf=498
filling data 498
DecoderError { code: 8199, message: "The channel configuration (either number or arrangement) is not supported." }
ADTS Frame buffer_fullness=255 blocks=1 buf=497
filling data 497
DecoderError { code: 8199, message: "The channel configuration (either number or arrangement) is not supported." }
ADTS Frame buffer_fullness=255 blocks=1 buf=466
filling data 466
DecoderError { code: 8199, message: "The channel configuration (either number or arrangement) is not supported." }
ADTS Frame buffer_fullness=255 blocks=1 buf=482
filling data 482
DecoderError { code: 8199, message: "The channel configuration (either number or arrangement) is not supported." }
ADTS Frame buffer_fullness=255 blocks=1 buf=471
filling data 471
DecoderError { code: 8199, message: "The channel configuration (either number or arrangement) is not supported." }
ADTS Frame buffer_fullness=255 blocks=1 buf=500
filling data 500
DecoderError { code: 8199, message: "The channel configuration (either number or arrangement) is not supported." }
ADTS Frame buffer_fullness=255 blocks=1 buf=456
filling data 456
DecoderError { code: 8199, message: "The channel configuration (either number or arrangement) is not supported." }
ADTS Frame buffer_fullness=255 blocks=1 buf=554
filling data 554
DecoderError { code: 8199, message: "The channel configuration (either number or arrangement) is not supported." }
ADTS Frame buffer_fullness=255 blocks=1 buf=553
filling data 553
DecoderError { code: 8199, message: "The channel configuration (either number or arrangement) is not supported." }
ADTS Frame buffer_fullness=255 blocks=1 buf=539
filling data 539
DecoderError { code: 8199, message: "The channel configuration (either number or arrangement) is not supported." }
ADTS Frame buffer_fullness=255 blocks=1 buf=504
filling data 504
DecoderError { code: 8199, message: "The channel configuration (either number or arrangement) is not supported." }
ADTS Frame buffer_fullness=255 blocks=1 buf=459
filling data 459
DecoderError { code: 8199, message: "The channel configuration (either number or arrangement) is not supported." }
ADTS Frame buffer_fullness=255 blocks=1 buf=474
filling data 474
DecoderError { code: 8199, message: "The channel configuration (either number or arrangement) is not supported." }
ADTS Frame buffer_fullness=255 blocks=1 buf=523
filling data 523
DecoderError { code: 8199, message: "The channel configuration (either number or arrangement) is not supported." }
ADTS Frame buffer_fullness=255 blocks=1 buf=500
filling data 500
DecoderError { code: 8199, message: "The channel configuration (either number or arrangement) is not supported." }
ADTS Frame buffer_fullness=255 blocks=1 buf=531
filling data 531
DecoderError { code: 8199, message: "The channel configuration (either number or arrangement) is not supported." }
ADTS Frame buffer_fullness=255 blocks=1 buf=494
filling data 494
DecoderError { code: 8199, message: "The channel configuration (either number or arrangement) is not supported." }
ADTS Frame buffer_fullness=255 blocks=1 buf=495
filling data 495
DecoderError { code: 8199, message: "The channel configuration (either number or arrangement) is not supported." }
ADTS Frame buffer_fullness=255 blocks=1 buf=453
filling data 453
DecoderError { code: 8199, message: "The channel configuration (either number or arrangement) is not supported." }
ADTS Frame buffer_fullness=255 blocks=1 buf=497
filling data 497
DecoderError { code: 8199, message: "The channel configuration (either number or arrangement) is not supported." }
ADTS Frame buffer_fullness=255 blocks=1 buf=503
filling data 503
DecoderError { code: 8199, message: "The channel configuration (either number or arrangement) is not supported." }
ADTS Frame buffer_fullness=255 blocks=1 buf=500
filling data 500
DecoderError { code: 8199, message: "The channel configuration (either number or arrangement) is not supported." }
ADTS Frame buffer_fullness=255 blocks=1 buf=530
filling data 530
DecoderError { code: 8199, message: "The channel configuration (either number or arrangement) is not supported." }
ADTS Frame buffer_fullness=255 blocks=1 buf=517
filling data 517
DecoderError { code: 8199, message: "The channel configuration (either number or arrangement) is not supported." }
ADTS Frame buffer_fullness=255 blocks=1 buf=505
filling data 505
DecoderError { code: 8199, message: "The channel configuration (either number or arrangement) is not supported." }
ADTS Frame buffer_fullness=255 blocks=1 buf=507
filling data 507
DecoderError { code: 8199, message: "The channel configuration (either number or arrangement) is not supported." }
ADTS Frame buffer_fullness=255 blocks=1 buf=488
filling data 488
DecoderError { code: 8199, message: "The channel configuration (either number or arrangement) is not supported." }
ADTS Frame buffer_fullness=255 blocks=1 buf=489
filling data 489
DecoderError { code: 8199, message: "The channel configuration (either number or arrangement) is not supported." }
ADTS Frame buffer_fullness=255 blocks=1 buf=520
filling data 520
DecoderError { code: 8199, message: "The channel configuration (either number or arrangement) is not supported." }
ADTS Frame buffer_fullness=255 blocks=1 buf=498
filling data 498
DecoderError { code: 8199, message: "The channel configuration (either number or arrangement) is not supported." }
ADTS Frame buffer_fullness=255 blocks=1 buf=495
filling data 495
DecoderError { code: 8199, message: "The channel configuration (either number or arrangement) is not supported." }
ADTS Frame buffer_fullness=255 blocks=1 buf=474
filling data 474
DecoderError { code: 8199, message: "The channel configuration (either number or arrangement) is not supported." }
ADTS Frame buffer_fullness=255 blocks=1 buf=435
filling data 435
DecoderError { code: 8199, message: "The channel configuration (either number or arrangement) is not supported." }
ADTS Frame buffer_fullness=255 blocks=1 buf=445
filling data 445
DecoderError { code: 8199, message: "The channel configuration (either number or arrangement) is not supported." }
ADTS Frame buffer_fullness=255 blocks=1 buf=470
filling data 470
DecoderError { code: 8199, message: "The channel configuration (either number or arrangement) is not supported." }
ADTS Frame buffer_fullness=255 blocks=1 buf=497
filling data 497
DecoderError { code: 8199, message: "The channel configuration (either number or arrangement) is not supported." }
ADTS Frame buffer_fullness=255 blocks=1 buf=523
filling data 523
DecoderError { code: 8199, message: "The channel configuration (either number or arrangement) is not supported." }
ADTS Frame buffer_fullness=255 blocks=1 buf=440
filling data 440
DecoderError { code: 8199, message: "The channel configuration (either number or arrangement) is not supported." }
ADTS Frame buffer_fullness=255 blocks=1 buf=431
filling data 431
DecoderError { code: 8199, message: "The channel configuration (either number or arrangement) is not supported." }
ADTS Frame buffer_fullness=255 blocks=1 buf=437
filling data 437
DecoderError { code: 8199, message: "The channel configuration (either number or arrangement) is not supported." }
ADTS Frame buffer_fullness=255 blocks=1 buf=533
filling data 533
DecoderError { code: 8199, message: "The channel configuration (either number or arrangement) is not supported." }
ADTS Frame buffer_fullness=255 blocks=1 buf=589
filling data 589
DecoderError { code: 8199, message: "The channel configuration (either number or arrangement) is not supported." }
ADTS Frame buffer_fullness=255 blocks=1 buf=556
filling data 556
DecoderError { code: 8199, message: "The channel configuration (either number or arrangement) is not supported." }
ADTS Frame buffer_fullness=255 blocks=1 buf=551
filling data 551
DecoderError { code: 8199, message: "The channel configuration (either number or arrangement) is not supported." }
ADTS Frame buffer_fullness=255 blocks=1 buf=493
filling data 493
DecoderError { code: 8199, message: "The channel configuration (either number or arrangement) is not supported." }
ADTS Frame buffer_fullness=255 blocks=1 buf=489
filling data 489
DecoderError { code: 8199, message: "The channel configuration (either number or arrangement) is not supported." }
ADTS Frame buffer_fullness=255 blocks=1 buf=483
filling data 483
DecoderError { code: 8199, message: "The channel configuration (either number or arrangement) is not supported." }
ADTS Frame buffer_fullness=255 blocks=1 buf=486
filling data 486
DecoderError { code: 8199, message: "The channel configuration (either number or arrangement) is not supported." }
ADTS Frame buffer_fullness=255 blocks=1 buf=492
filling data 492
DecoderError { code: 8199, message: "The channel configuration (either number or arrangement) is not supported." }
ADTS Frame buffer_fullness=255 blocks=1 buf=457
filling data 457
DecoderError { code: 8199, message: "The channel configuration (either number or arrangement) is not supported." }
ADTS Frame buffer_fullness=255 blocks=1 buf=467
filling data 467
DecoderError { code: 8199, message: "The channel configuration (either number or arrangement) is not supported." }
ADTS Frame buffer_fullness=255 blocks=1 buf=515
filling data 515
DecoderError { code: 8199, message: "The channel configuration (either number or arrangement) is not supported." }
ADTS Frame buffer_fullness=255 blocks=1 buf=456
filling data 456
DecoderError { code: 8199, message: "The channel configuration (either number or arrangement) is not supported." }
ADTS Frame buffer_fullness=255 blocks=1 buf=449
filling data 449
DecoderError { code: 8199, message: "The channel configuration (either number or arrangement) is not supported." }
ADTS Frame buffer_fullness=255 blocks=1 buf=512
filling data 512
DecoderError { code: 8199, message: "The channel configuration (either number or arrangement) is not supported." }
ADTS Frame buffer_fullness=255 blocks=1 buf=457
filling data 457
DecoderError { code: 8199, message: "The channel configuration (either number or arrangement) is not supported." }
ADTS Frame buffer_fullness=255 blocks=1 buf=512
filling data 512
DecoderError { code: 8199, message: "The channel configuration (either number or arrangement) is not supported." }
ADTS Frame buffer_fullness=255 blocks=1 buf=458
filling data 458
DecoderError { code: 8199, message: "The channel configuration (either number or arrangement) is not supported." }
ADTS Frame buffer_fullness=255 blocks=1 buf=456
filling data 456
DecoderError { code: 8199, message: "The channel configuration (either number or arrangement) is not supported." }
ADTS Frame buffer_fullness=255 blocks=1 buf=441
filling data 441
DecoderError { code: 8199, message: "The channel configuration (either number or arrangement) is not supported." }
ADTS Frame buffer_fullness=255 blocks=1 buf=433
filling data 433
DecoderError { code: 8199, message: "The channel configuration (either number or arrangement) is not supported." }
ADTS Frame buffer_fullness=255 blocks=1 buf=512
filling data 512
DecoderError { code: 8199, message: "The channel configuration (either number or arrangement) is not supported." }
ADTS Frame buffer_fullness=255 blocks=1 buf=463
filling data 463
DecoderError { code: 8199, message: "The channel configuration (either number or arrangement) is not supported." }
ADTS Frame buffer_fullness=255 blocks=1 buf=499
filling data 499
DecoderError { code: 8199, message: "The channel configuration (either number or arrangement) is not supported." }
ADTS Frame buffer_fullness=255 blocks=1 buf=483
filling data 483
DecoderError { code: 8199, message: "The channel configuration (either number or arrangement) is not supported." }
ADTS Frame buffer_fullness=255 blocks=1 buf=506
filling data 506
DecoderError { code: 8199, message: "The channel configuration (either number or arrangement) is not supported." }
ADTS Frame buffer_fullness=255 blocks=1 buf=519
filling data 519
DecoderError { code: 8199, message: "The channel configuration (either number or arrangement) is not supported." }
ADTS Frame buffer_fullness=255 blocks=1 buf=432
filling data 432
DecoderError { code: 8199, message: "The channel configuration (either number or arrangement) is not supported." }
ADTS Frame buffer_fullness=255 blocks=1 buf=445
filling data 445
DecoderError { code: 8199, message: "The channel configuration (either number or arrangement) is not supported." }
ADTS Frame buffer_fullness=255 blocks=1 buf=514
filling data 514
DecoderError { code: 8199, message: "The channel configuration (either number or arrangement) is not supported." }
ADTS Frame buffer_fullness=255 blocks=1 buf=505
filling data 505
DecoderError { code: 8199, message: "The channel configuration (either number or arrangement) is not supported." }
ADTS Frame buffer_fullness=255 blocks=1 buf=501
filling data 501
DecoderError { code: 8199, message: "The channel configuration (either number or arrangement) is not supported." }
ADTS Frame buffer_fullness=255 blocks=1 buf=442
filling data 442
DecoderError { code: 8199, message: "The channel configuration (either number or arrangement) is not supported." }
ADTS Frame buffer_fullness=255 blocks=1 buf=435
filling data 435
DecoderError { code: 8199, message: "The channel configuration (either number or arrangement) is not supported." }
ADTS Frame buffer_fullness=255 blocks=1 buf=497
filling data 497
DecoderError { code: 8199, message: "The channel configuration (either number or arrangement) is not supported." }
ADTS Frame buffer_fullness=255 blocks=1 buf=480
filling data 480
DecoderError { code: 8199, message: "The channel configuration (either number or arrangement) is not supported." }
ADTS Frame buffer_fullness=255 blocks=1 buf=489
filling data 489
DecoderError { code: 8199, message: "The channel configuration (either number or arrangement) is not supported." }
ADTS Frame buffer_fullness=255 blocks=1 buf=543
filling data 543
DecoderError { code: 8199, message: "The channel configuration (either number or arrangement) is not supported." }
ADTS Frame buffer_fullness=255 blocks=1 buf=478
filling data 478
DecoderError { code: 8199, message: "The channel configuration (either number or arrangement) is not supported." }
ADTS Frame buffer_fullness=255 blocks=1 buf=514
filling data 514
DecoderError { code: 8199, message: "The channel configuration (either number or arrangement) is not supported." }
ADTS Frame buffer_fullness=255 blocks=1 buf=489
filling data 489
DecoderError { code: 8199, message: "The channel configuration (either number or arrangement) is not supported." }
ADTS Frame buffer_fullness=255 blocks=1 buf=489
filling data 489
DecoderError { code: 8199, message: "The channel configuration (either number or arrangement) is not supported." }
ADTS Frame buffer_fullness=255 blocks=1 buf=496
filling data 496
DecoderError { code: 8199, message: "The channel configuration (either number or arrangement) is not supported." }
ADTS Frame buffer_fullness=255 blocks=1 buf=549
filling data 549
DecoderError { code: 8199, message: "The channel configuration (either number or arrangement) is not supported." }
ADTS Frame buffer_fullness=255 blocks=1 buf=537
filling data 537
DecoderError { code: 8199, message: "The channel configuration (either number or arrangement) is not supported." }
ADTS Frame buffer_fullness=255 blocks=1 buf=501
filling data 501
DecoderError { code: 8199, message: "The channel configuration (either number or arrangement) is not supported." }
ADTS Frame buffer_fullness=255 blocks=1 buf=546
filling data 546
DecoderError { code: 8199, message: "The channel configuration (either number or arrangement) is not supported." }
ADTS Frame buffer_fullness=255 blocks=1 buf=599
filling data 599
DecoderError { code: 8199, message: "The channel configuration (either number or arrangement) is not supported." }
ADTS Frame buffer_fullness=255 blocks=1 buf=592
filling data 592
DecoderError { code: 8199, message: "The channel configuration (either number or arrangement) is not supported." }
ADTS Frame buffer_fullness=255 blocks=1 buf=531
filling data 531
DecoderError { code: 8199, message: "The channel configuration (either number or arrangement) is not supported." }
ADTS Frame buffer_fullness=255 blocks=1 buf=572
filling data 572
DecoderError { code: 8199, message: "The channel configuration (either number or arrangement) is not supported." }
ADTS Frame buffer_fullness=255 blocks=1 buf=542
filling data 542
DecoderError { code: 8199, message: "The channel configuration (either number or arrangement) is not supported." }
ADTS Frame buffer_fullness=255 blocks=1 buf=523
filling data 523
DecoderError { code: 8199, message: "The channel configuration (either number or arrangement) is not supported." }
ADTS Frame buffer_fullness=255 blocks=1 buf=508
filling data 508
DecoderError { code: 8199, message: "The channel configuration (either number or arrangement) is not supported." }
ADTS Frame buffer_fullness=255 blocks=1 buf=518
filling data 518
DecoderError { code: 8199, message: "The channel configuration (either number or arrangement) is not supported." }
ADTS Frame buffer_fullness=255 blocks=1 buf=543
filling data 543
DecoderError { code: 8199, message: "The channel configuration (either number or arrangement) is not supported." }
ADTS Frame buffer_fullness=255 blocks=1 buf=511
filling data 511
DecoderError { code: 8199, message: "The channel configuration (either number or arrangement) is not supported." }
ADTS Frame buffer_fullness=255 blocks=1 buf=566
filling data 566
DecoderError { code: 8199, message: "The channel configuration (either number or arrangement) is not supported." }
ADTS Frame buffer_fullness=255 blocks=1 buf=516
filling data 516
DecoderError { code: 8199, message: "The channel configuration (either number or arrangement) is not supported." }
ADTS Frame buffer_fullness=255 blocks=1 buf=537
filling data 537
DecoderError { code: 8199, message: "The channel configuration (either number or arrangement) is not supported." }
ADTS Frame buffer_fullness=255 blocks=1 buf=537
filling data 537
DecoderError { code: 8199, message: "The channel configuration (either number or arrangement) is not supported." }
ADTS Frame buffer_fullness=255 blocks=1 buf=510
filling data 510
DecoderError { code: 8199, message: "The channel configuration (either number or arrangement) is not supported." }
ADTS Frame buffer_fullness=255 blocks=1 buf=518
filling data 518
DecoderError { code: 8199, message: "The channel configuration (either number or arrangement) is not supported." }
ADTS Frame buffer_fullness=255 blocks=1 buf=633
filling data 633
DecoderError { code: 8199, message: "The channel configuration (either number or arrangement) is not supported." }
ADTS Frame buffer_fullness=255 blocks=1 buf=534
filling data 534
DecoderError { code: 8199, message: "The channel configuration (either number or arrangement) is not supported." }
ADTS Frame buffer_fullness=255 blocks=1 buf=559
filling data 559
DecoderError { code: 8199, message: "The channel configuration (either number or arrangement) is not supported." }
ADTS Frame buffer_fullness=255 blocks=1 buf=546
filling data 546
DecoderError { code: 8199, message: "The channel configuration (either number or arrangement) is not supported." }
ADTS Frame buffer_fullness=255 blocks=1 buf=488
filling data 488
DecoderError { code: 8199, message: "The channel configuration (either number or arrangement) is not supported." }
ADTS Frame buffer_fullness=255 blocks=1 buf=498
filling data 498
DecoderError { code: 8199, message: "The channel configuration (either number or arrangement) is not supported." }
ADTS Frame buffer_fullness=255 blocks=1 buf=510
filling data 510
DecoderError { code: 8199, message: "The channel configuration (either number or arrangement) is not supported." }
ADTS Frame buffer_fullness=255 blocks=1 buf=537
filling data 537
DecoderError { code: 8199, message: "The channel configuration (either number or arrangement) is not supported." }
ADTS Frame buffer_fullness=255 blocks=1 buf=540
filling data 540
DecoderError { code: 8199, message: "The channel configuration (either number or arrangement) is not supported." }
ADTS Frame buffer_fullness=255 blocks=1 buf=570
filling data 570
DecoderError { code: 8199, message: "The channel configuration (either number or arrangement) is not supported." }
ADTS Frame buffer_fullness=255 blocks=1 buf=564
filling data 564
DecoderError { code: 8199, message: "The channel configuration (either number or arrangement) is not supported." }
ADTS Frame buffer_fullness=255 blocks=1 buf=549
filling data 549
DecoderError { code: 8199, message: "The channel configuration (either number or arrangement) is not supported." }
ADTS Frame buffer_fullness=255 blocks=1 buf=476
filling data 476
DecoderError { code: 8199, message: "The channel configuration (either number or arrangement) is not supported." }
ADTS Frame buffer_fullness=255 blocks=1 buf=505
filling data 505
DecoderError { code: 8199, message: "The channel configuration (either number or arrangement) is not supported." }
ADTS Frame buffer_fullness=255 blocks=1 buf=483
filling data 483
DecoderError { code: 8199, message: "The channel configuration (either number or arrangement) is not supported." }
ADTS Frame buffer_fullness=255 blocks=1 buf=560
filling data 560
DecoderError { code: 8199, message: "The channel configuration (either number or arrangement) is not supported." }
ADTS Frame buffer_fullness=255 blocks=1 buf=578
filling data 578
DecoderError { code: 8199, message: "The channel configuration (either number or arrangement) is not supported." }
ADTS Frame buffer_fullness=255 blocks=1 buf=521
filling data 521
DecoderError { code: 8199, message: "The channel configuration (either number or arrangement) is not supported." }
ADTS Frame buffer_fullness=255 blocks=1 buf=514
filling data 514
DecoderError { code: 8199, message: "The channel configuration (either number or arrangement) is not supported." }
ADTS Frame buffer_fullness=255 blocks=1 buf=473
filling data 473
DecoderError { code: 8199, message: "The channel configuration (either number or arrangement) is not supported." }
ADTS Frame buffer_fullness=255 blocks=1 buf=514
filling data 514
DecoderError { code: 8199, message: "The channel configuration (either number or arrangement) is not supported." }
ADTS Frame buffer_fullness=255 blocks=1 buf=540
filling data 540
DecoderError { code: 8199, message: "The channel configuration (either number or arrangement) is not supported." }
ADTS Frame buffer_fullness=255 blocks=1 buf=578
filling data 578
DecoderError { code: 8199, message: "The channel configuration (either number or arrangement) is not supported." }
ADTS Frame buffer_fullness=255 blocks=1 buf=609
filling data 609
DecoderError { code: 8199, message: "The channel configuration (either number or arrangement) is not supported." }
ADTS Frame buffer_fullness=255 blocks=1 buf=491
filling data 491
DecoderError { code: 8199, message: "The channel configuration (either number or arrangement) is not supported." }
ADTS Frame buffer_fullness=255 blocks=1 buf=556
filling data 556
DecoderError { code: 8199, message: "The channel configuration (either number or arrangement) is not supported." }
ADTS Frame buffer_fullness=255 blocks=1 buf=586
filling data 586
DecoderError { code: 8199, message: "The channel configuration (either number or arrangement) is not supported." }
ADTS Frame buffer_fullness=255 blocks=1 buf=573
filling data 573
DecoderError { code: 8199, message: "The channel configuration (either number or arrangement) is not supported." }
ADTS Frame buffer_fullness=255 blocks=1 buf=556
filling data 556
DecoderError { code: 8199, message: "The channel configuration (either number or arrangement) is not supported." }
ADTS Frame buffer_fullness=255 blocks=1 buf=531
filling data 531
DecoderError { code: 8199, message: "The channel configuration (either number or arrangement) is not supported." }
ADTS Frame buffer_fullness=255 blocks=1 buf=573
filling data 573
DecoderError { code: 8199, message: "The channel configuration (either number or arrangement) is not supported." }
ADTS Frame buffer_fullness=255 blocks=1 buf=521
filling data 521
DecoderError { code: 8199, message: "The channel configuration (either number or arrangement) is not supported." }
ADTS Frame buffer_fullness=255 blocks=1 buf=549
filling data 549
DecoderError { code: 8199, message: "The channel configuration (either number or arrangement) is not supported." }
ADTS Frame buffer_fullness=255 blocks=1 buf=543
filling data 543
DecoderError { code: 8199, message: "The channel configuration (either number or arrangement) is not supported." }
ADTS Frame buffer_fullness=255 blocks=1 buf=529
filling data 529
DecoderError { code: 8199, message: "The channel configuration (either number or arrangement) is not supported." }
ADTS Frame buffer_fullness=255 blocks=1 buf=541
filling data 541
DecoderError { code: 8199, message: "The channel configuration (either number or arrangement) is not supported." }
ADTS Frame buffer_fullness=255 blocks=1 buf=495
filling data 495
DecoderError { code: 8199, message: "The channel configuration (either number or arrangement) is not supported." }
ADTS Frame buffer_fullness=255 blocks=1 buf=487
filling data 487
DecoderError { code: 8199, message: "The channel configuration (either number or arrangement) is not supported." }
ADTS Frame buffer_fullness=255 blocks=1 buf=453
filling data 453
DecoderError { code: 8199, message: "The channel configuration (either number or arrangement) is not supported." }
ADTS Frame buffer_fullness=255 blocks=1 buf=454
filling data 454
DecoderError { code: 8199, message: "The channel configuration (either number or arrangement) is not supported." }
ADTS Frame buffer_fullness=255 blocks=1 buf=489
filling data 489
DecoderError { code: 8199, message: "The channel configuration (either number or arrangement) is not supported." }
ADTS Frame buffer_fullness=255 blocks=1 buf=448
filling data 448
DecoderError { code: 8199, message: "The channel configuration (either number or arrangement) is not supported." }
ADTS Frame buffer_fullness=255 blocks=1 buf=500
filling data 500
DecoderError { code: 8199, message: "The channel configuration (either number or arrangement) is not supported." }
ADTS Frame buffer_fullness=255 blocks=1 buf=433
filling data 433
DecoderError { code: 8199, message: "The channel configuration (either number or arrangement) is not supported." }
ADTS Frame buffer_fullness=255 blocks=1 buf=471
filling data 471
DecoderError { code: 8199, message: "The channel configuration (either number or arrangement) is not supported." }
ADTS Frame buffer_fullness=255 blocks=1 buf=508
filling data 508
DecoderError { code: 8199, message: "The channel configuration (either number or arrangement) is not supported." }
ADTS Frame buffer_fullness=255 blocks=1 buf=453
filling data 453
DecoderError { code: 8199, message: "The channel configuration (either number or arrangement) is not supported." }
ADTS Frame buffer_fullness=255 blocks=1 buf=499
filling data 499
DecoderError { code: 8199, message: "The channel configuration (either number or arrangement) is not supported." }
ADTS Frame buffer_fullness=255 blocks=1 buf=486
filling data 486
DecoderError { code: 8199, message: "The channel configuration (either number or arrangement) is not supported." }
ADTS Frame buffer_fullness=255 blocks=1 buf=441
filling data 441
DecoderError { code: 8199, message: "The channel configuration (either number or arrangement) is not supported." }
ADTS Frame buffer_fullness=255 blocks=1 buf=452
filling data 452
DecoderError { code: 8199, message: "The channel configuration (either number or arrangement) is not supported." }
ADTS Frame buffer_fullness=255 blocks=1 buf=457
filling data 457
DecoderError { code: 8199, message: "The channel configuration (either number or arrangement) is not supported." }
ADTS Frame buffer_fullness=255 blocks=1 buf=447
filling data 447
DecoderError { code: 8199, message: "The channel configuration (either number or arrangement) is not supported." }
ADTS Frame buffer_fullness=255 blocks=1 buf=440
filling data 440
DecoderError { code: 8199, message: "The channel configuration (either number or arrangement) is not supported." }
ADTS Frame buffer_fullness=255 blocks=1 buf=532
filling data 532
DecoderError { code: 8199, message: "The channel configuration (either number or arrangement) is not supported." }
ADTS Frame buffer_fullness=255 blocks=1 buf=606
filling data 606
DecoderError { code: 8199, message: "The channel configuration (either number or arrangement) is not supported." }
ADTS Frame buffer_fullness=255 blocks=1 buf=533
filling data 533
DecoderError { code: 8199, message: "The channel configuration (either number or arrangement) is not supported." }
ADTS Frame buffer_fullness=255 blocks=1 buf=518
filling data 518
DecoderError { code: 8199, message: "The channel configuration (either number or arrangement) is not supported." }
ADTS Frame buffer_fullness=255 blocks=1 buf=575
filling data 575
DecoderError { code: 8199, message: "The channel configuration (either number or arrangement) is not supported." }
ADTS Frame buffer_fullness=255 blocks=1 buf=570
filling data 570
DecoderError { code: 8199, message: "The channel configuration (either number or arrangement) is not supported." }
ADTS Frame buffer_fullness=255 blocks=1 buf=544
filling data 544
DecoderError { code: 8199, message: "The channel configuration (either number or arrangement) is not supported." }
ADTS Frame buffer_fullness=255 blocks=1 buf=476
filling data 476
DecoderError { code: 8199, message: "The channel configuration (either number or arrangement) is not supported." }
ADTS Frame buffer_fullness=255 blocks=1 buf=474
filling data 474
DecoderError { code: 8199, message: "The channel configuration (either number or arrangement) is not supported." }
ADTS Frame buffer_fullness=255 blocks=1 buf=543
filling data 543
DecoderError { code: 8199, message: "The channel configuration (either number or arrangement) is not supported." }
ADTS Frame buffer_fullness=255 blocks=1 buf=484
filling data 484
DecoderError { code: 8199, message: "The channel configuration (either number or arrangement) is not supported." }
ADTS Frame buffer_fullness=255 blocks=1 buf=506
filling data 506
DecoderError { code: 8199, message: "The channel configuration (either number or arrangement) is not supported." }
ADTS Frame buffer_fullness=255 blocks=1 buf=488
filling data 488
DecoderError { code: 8199, message: "The channel configuration (either number or arrangement) is not supported." }
ADTS Frame buffer_fullness=255 blocks=1 buf=521
filling data 521
DecoderError { code: 8199, message: "The channel configuration (either number or arrangement) is not supported." }
ADTS Frame buffer_fullness=255 blocks=1 buf=530
filling data 530
DecoderError { code: 8199, message: "The channel configuration (either number or arrangement) is not supported." }
ADTS Frame buffer_fullness=255 blocks=1 buf=550
filling data 550
DecoderError { code: 8199, message: "The channel configuration (either number or arrangement) is not supported." }
ADTS Frame buffer_fullness=255 blocks=1 buf=477
filling data 477
DecoderError { code: 8199, message: "The channel configuration (either number or arrangement) is not supported." }
ADTS Frame buffer_fullness=255 blocks=1 buf=575
filling data 575
DecoderError { code: 8199, message: "The channel configuration (either number or arrangement) is not supported." }
ADTS Frame buffer_fullness=255 blocks=1 buf=568
filling data 568
DecoderError { code: 8199, message: "The channel configuration (either number or arrangement) is not supported." }
ADTS Frame buffer_fullness=255 blocks=1 buf=538
filling data 538
DecoderError { code: 8199, message: "The channel configuration (either number or arrangement) is not supported." }
ADTS Frame buffer_fullness=255 blocks=1 buf=558
filling data 558
DecoderError { code: 8199, message: "The channel configuration (either number or arrangement) is not supported." }
ADTS Frame buffer_fullness=255 blocks=1 buf=526
filling data 526
DecoderError { code: 8199, message: "The channel configuration (either number or arrangement) is not supported." }
ADTS Frame buffer_fullness=255 blocks=1 buf=504
filling data 504
DecoderError { code: 8199, message: "The channel configuration (either number or arrangement) is not supported." }
ADTS Frame buffer_fullness=255 blocks=1 buf=475
filling data 475
DecoderError { code: 8199, message: "The channel configuration (either number or arrangement) is not supported." }
ADTS Frame buffer_fullness=255 blocks=1 buf=477
filling data 477
DecoderError { code: 8199, message: "The channel configuration (either number or arrangement) is not supported." }
ADTS Frame buffer_fullness=255 blocks=1 buf=507
filling data 507
DecoderError { code: 8199, message: "The channel configuration (either number or arrangement) is not supported." }
ADTS Frame buffer_fullness=255 blocks=1 buf=555
filling data 555
DecoderError { code: 8199, message: "The channel configuration (either number or arrangement) is not supported." }
ADTS Frame buffer_fullness=255 blocks=1 buf=538
filling data 538
DecoderError { code: 8199, message: "The channel configuration (either number or arrangement) is not supported." }
ADTS Frame buffer_fullness=255 blocks=1 buf=546
filling data 546
DecoderError { code: 8199, message: "The channel configuration (either number or arrangement) is not supported." }
ADTS Frame buffer_fullness=255 blocks=1 buf=600
filling data 600
DecoderError { code: 8199, message: "The channel configuration (either number or arrangement) is not supported." }
ADTS Frame buffer_fullness=255 blocks=1 buf=549
filling data 549
DecoderError { code: 8199, message: "The channel configuration (either number or arrangement) is not supported." }
ADTS Frame buffer_fullness=255 blocks=1 buf=532
filling data 532
DecoderError { code: 8199, message: "The channel configuration (either number or arrangement) is not supported." }
ADTS Frame buffer_fullness=255 blocks=1 buf=532
filling data 532
DecoderError { code: 8199, message: "The channel configuration (either number or arrangement) is not supported." }
ADTS Frame buffer_fullness=255 blocks=1 buf=570
filling data 570
DecoderError { code: 8199, message: "The channel configuration (either number or arrangement) is not supported." }
ADTS Frame buffer_fullness=255 blocks=1 buf=555
filling data 555
DecoderError { code: 8199, message: "The channel configuration (either number or arrangement) is not supported." }
ADTS Frame buffer_fullness=255 blocks=1 buf=557
filling data 557
DecoderError { code: 8199, message: "The channel configuration (either number or arrangement) is not supported." }
ADTS Frame buffer_fullness=255 blocks=1 buf=555
filling data 555
DecoderError { code: 8199, message: "The channel configuration (either number or arrangement) is not supported." }
ADTS Frame buffer_fullness=255 blocks=1 buf=536
filling data 536
DecoderError { code: 8199, message: "The channel configuration (either number or arrangement) is not supported." }
ADTS Frame buffer_fullness=255 blocks=1 buf=481
filling data 481
DecoderError { code: 8199, message: "The channel configuration (either number or arrangement) is not supported." }
ADTS Frame buffer_fullness=255 blocks=1 buf=492
filling data 492
DecoderError { code: 8199, message: "The channel configuration (either number or arrangement) is not supported." }
ADTS Frame buffer_fullness=255 blocks=1 buf=520
filling data 520
DecoderError { code: 8199, message: "The channel configuration (either number or arrangement) is not supported." }
ADTS Frame buffer_fullness=255 blocks=1 buf=485
filling data 485
DecoderError { code: 8199, message: "The channel configuration (either number or arrangement) is not supported." }
ADTS Frame buffer_fullness=255 blocks=1 buf=440
filling data 440
DecoderError { code: 8199, message: "The channel configuration (either number or arrangement) is not supported." }
ADTS Frame buffer_fullness=255 blocks=1 buf=468
filling data 468
DecoderError { code: 8199, message: "The channel configuration (either number or arrangement) is not supported." }
ADTS Frame buffer_fullness=255 blocks=1 buf=466
filling data 466
DecoderError { code: 8199, message: "The channel configuration (either number or arrangement) is not supported." }
ADTS Frame buffer_fullness=255 blocks=1 buf=456
filling data 456
DecoderError { code: 8199, message: "The channel configuration (either number or arrangement) is not supported." }
ADTS Frame buffer_fullness=255 blocks=1 buf=464
filling data 464
DecoderError { code: 8199, message: "The channel configuration (either number or arrangement) is not supported." }
ADTS Frame buffer_fullness=255 blocks=1 buf=449
filling data 449
DecoderError { code: 8199, message: "The channel configuration (either number or arrangement) is not supported." }
ADTS Frame buffer_fullness=255 blocks=1 buf=447
filling data 447
DecoderError { code: 8199, message: "The channel configuration (either number or arrangement) is not supported." }
ADTS Frame buffer_fullness=255 blocks=1 buf=443
filling data 443
DecoderError { code: 8199, message: "The channel configuration (either number or arrangement) is not supported." }
ADTS Frame buffer_fullness=255 blocks=1 buf=502
filling data 502
DecoderError { code: 8199, message: "The channel configuration (either number or arrangement) is not supported." }
ADTS Frame buffer_fullness=255 blocks=1 buf=446
filling data 446
DecoderError { code: 8199, message: "The channel configuration (either number or arrangement) is not supported." }
ADTS Frame buffer_fullness=255 blocks=1 buf=493
filling data 493
DecoderError { code: 8199, message: "The channel configuration (either number or arrangement) is not supported." }
ADTS Frame buffer_fullness=255 blocks=1 buf=554
filling data 554
DecoderError { code: 8199, message: "The channel configuration (either number or arrangement) is not supported." }
ADTS Frame buffer_fullness=255 blocks=1 buf=482
filling data 482
DecoderError { code: 8199, message: "The channel configuration (either number or arrangement) is not supported." }
ADTS Frame buffer_fullness=255 blocks=1 buf=493
filling data 493
DecoderError { code: 8199, message: "The channel configuration (either number or arrangement) is not supported." }
ADTS Frame buffer_fullness=255 blocks=1 buf=527
filling data 527
DecoderError { code: 8199, message: "The channel configuration (either number or arrangement) is not supported." }
ADTS Frame buffer_fullness=255 blocks=1 buf=494
filling data 494
DecoderError { code: 8199, message: "The channel configuration (either number or arrangement) is not supported." }
ADTS Frame buffer_fullness=255 blocks=1 buf=523
filling data 523
DecoderError { code: 8199, message: "The channel configuration (either number or arrangement) is not supported." }
ADTS Frame buffer_fullness=255 blocks=1 buf=475
filling data 475
DecoderError { code: 8199, message: "The channel configuration (either number or arrangement) is not supported." }
ADTS Frame buffer_fullness=255 blocks=1 buf=501
filling data 501
DecoderError { code: 8199, message: "The channel configuration (either number or arrangement) is not supported." }
ADTS Frame buffer_fullness=255 blocks=1 buf=476
filling data 476
DecoderError { code: 8199, message: "The channel configuration (either number or arrangement) is not supported." }
ADTS Frame buffer_fullness=255 blocks=1 buf=470
filling data 470
DecoderError { code: 8199, message: "The channel configuration (either number or arrangement) is not supported." }
ADTS Frame buffer_fullness=255 blocks=1 buf=532
filling data 532
DecoderError { code: 8199, message: "The channel configuration (either number or arrangement) is not supported." }
ADTS Frame buffer_fullness=255 blocks=1 buf=527
filling data 527
DecoderError { code: 8199, message: "The channel configuration (either number or arrangement) is not supported." }
ADTS Frame buffer_fullness=255 blocks=1 buf=473
filling data 473
DecoderError { code: 8199, message: "The channel configuration (either number or arrangement) is not supported." }
ADTS Frame buffer_fullness=255 blocks=1 buf=532
filling data 532
DecoderError { code: 8199, message: "The channel configuration (either number or arrangement) is not supported." }
ADTS Frame buffer_fullness=255 blocks=1 buf=555
filling data 555
DecoderError { code: 8199, message: "The channel configuration (either number or arrangement) is not supported." }
ADTS Frame buffer_fullness=255 blocks=1 buf=540
filling data 540
DecoderError { code: 8199, message: "The channel configuration (either number or arrangement) is not supported." }
ADTS Frame buffer_fullness=255 blocks=1 buf=580
filling data 580
DecoderError { code: 8199, message: "The channel configuration (either number or arrangement) is not supported." }
ADTS Frame buffer_fullness=255 blocks=1 buf=630
filling data 630
DecoderError { code: 8199, message: "The channel configuration (either number or arrangement) is not supported." }
ADTS Frame buffer_fullness=255 blocks=1 buf=564
filling data 564
DecoderError { code: 8199, message: "The channel configuration (either number or arrangement) is not supported." }
ADTS Frame buffer_fullness=255 blocks=1 buf=593
filling data 593
DecoderError { code: 8199, message: "The channel configuration (either number or arrangement) is not supported." }
ADTS Frame buffer_fullness=255 blocks=1 buf=536
filling data 536
DecoderError { code: 8199, message: "The channel configuration (either number or arrangement) is not supported." }
ADTS Frame buffer_fullness=255 blocks=1 buf=562
filling data 562
DecoderError { code: 8199, message: "The channel configuration (either number or arrangement) is not supported." }
ADTS Frame buffer_fullness=255 blocks=1 buf=516
filling data 516
DecoderError { code: 8199, message: "The channel configuration (either number or arrangement) is not supported." }
ADTS Frame buffer_fullness=255 blocks=1 buf=494
filling data 494
DecoderError { code: 8199, message: "The channel configuration (either number or arrangement) is not supported." }
ADTS Frame buffer_fullness=255 blocks=1 buf=499
filling data 499
DecoderError { code: 8199, message: "The channel configuration (either number or arrangement) is not supported." }
ADTS Frame buffer_fullness=255 blocks=1 buf=490
filling data 490
DecoderError { code: 8199, message: "The channel configuration (either number or arrangement) is not supported." }
ADTS Frame buffer_fullness=255 blocks=1 buf=492
filling data 492
DecoderError { code: 8199, message: "The channel configuration (either number or arrangement) is not supported." }
ADTS Frame buffer_fullness=255 blocks=1 buf=479
filling data 479
DecoderError { code: 8199, message: "The channel configuration (either number or arrangement) is not supported." }
ADTS Frame buffer_fullness=255 blocks=1 buf=482
filling data 482
DecoderError { code: 8199, message: "The channel configuration (either number or arrangement) is not supported." }
ADTS Frame buffer_fullness=255 blocks=1 buf=462
filling data 462
DecoderError { code: 8199, message: "The channel configuration (either number or arrangement) is not supported." }
ADTS Frame buffer_fullness=255 blocks=1 buf=479
filling data 479
DecoderError { code: 8199, message: "The channel configuration (either number or arrangement) is not supported." }
ADTS Frame buffer_fullness=255 blocks=1 buf=480
filling data 480
DecoderError { code: 8199, message: "The channel configuration (either number or arrangement) is not supported." }
ADTS Frame buffer_fullness=255 blocks=1 buf=535
filling data 535
DecoderError { code: 8199, message: "The channel configuration (either number or arrangement) is not supported." }
ADTS Frame buffer_fullness=255 blocks=1 buf=605
filling data 605
DecoderError { code: 8199, message: "The channel configuration (either number or arrangement) is not supported." }
ADTS Frame buffer_fullness=255 blocks=1 buf=535
filling data 535
DecoderError { code: 8199, message: "The channel configuration (either number or arrangement) is not supported." }
ADTS Frame buffer_fullness=255 blocks=1 buf=500
filling data 500
DecoderError { code: 8199, message: "The channel configuration (either number or arrangement) is not supported." }
ADTS Frame buffer_fullness=255 blocks=1 buf=570
filling data 570
DecoderError { code: 8199, message: "The channel configuration (either number or arrangement) is not supported." }
ADTS Frame buffer_fullness=255 blocks=1 buf=550
filling data 550
DecoderError { code: 8199, message: "The channel configuration (either number or arrangement) is not supported." }
ADTS Frame buffer_fullness=255 blocks=1 buf=530
filling data 530
DecoderError { code: 8199, message: "The channel configuration (either number or arrangement) is not supported." }
ADTS Frame buffer_fullness=255 blocks=1 buf=499
filling data 499
DecoderError { code: 8199, message: "The channel configuration (either number or arrangement) is not supported." }
ADTS Frame buffer_fullness=255 blocks=1 buf=466
filling data 466
DecoderError { code: 8199, message: "The channel configuration (either number or arrangement) is not supported." }
ADTS Frame buffer_fullness=255 blocks=1 buf=479
filling data 479
DecoderError { code: 8199, message: "The channel configuration (either number or arrangement) is not supported." }
ADTS Frame buffer_fullness=255 blocks=1 buf=488
filling data 488
DecoderError { code: 8199, message: "The channel configuration (either number or arrangement) is not supported." }
ADTS Frame buffer_fullness=255 blocks=1 buf=467
filling data 467
DecoderError { code: 8199, message: "The channel configuration (either number or arrangement) is not supported." }
ADTS Frame buffer_fullness=255 blocks=1 buf=474
filling data 474
DecoderError { code: 8199, message: "The channel configuration (either number or arrangement) is not supported." }
ADTS Frame buffer_fullness=255 blocks=1 buf=480
filling data 480
DecoderError { code: 8199, message: "The channel configuration (either number or arrangement) is not supported." }
ADTS Frame buffer_fullness=255 blocks=1 buf=482
filling data 482
DecoderError { code: 8199, message: "The channel configuration (either number or arrangement) is not supported." }
ADTS Frame buffer_fullness=255 blocks=1 buf=474
filling data 474
DecoderError { code: 8199, message: "The channel configuration (either number or arrangement) is not supported." }
ADTS Frame buffer_fullness=255 blocks=1 buf=477
filling data 477
DecoderError { code: 8199, message: "The channel configuration (either number or arrangement) is not supported." }
ADTS Frame buffer_fullness=255 blocks=1 buf=586
filling data 586
DecoderError { code: 8199, message: "The channel configuration (either number or arrangement) is not supported." }
ADTS Frame buffer_fullness=255 blocks=1 buf=598
filling data 598
DecoderError { code: 8199, message: "The channel configuration (either number or arrangement) is not supported." }
ADTS Frame buffer_fullness=255 blocks=1 buf=582
filling data 582
DecoderError { code: 8199, message: "The channel configuration (either number or arrangement) is not supported." }
ADTS Frame buffer_fullness=255 blocks=1 buf=561
filling data 561
DecoderError { code: 8199, message: "The channel configuration (either number or arrangement) is not supported." }
ADTS Frame buffer_fullness=255 blocks=1 buf=493
filling data 493
DecoderError { code: 8199, message: "The channel configuration (either number or arrangement) is not supported." }
ADTS Frame buffer_fullness=255 blocks=1 buf=543
filling data 543
DecoderError { code: 8199, message: "The channel configuration (either number or arrangement) is not supported." }
ADTS Frame buffer_fullness=255 blocks=1 buf=526
filling data 526
DecoderError { code: 8199, message: "The channel configuration (either number or arrangement) is not supported." }
ADTS Frame buffer_fullness=255 blocks=1 buf=513
filling data 513
DecoderError { code: 8199, message: "The channel configuration (either number or arrangement) is not supported." }
ADTS Frame buffer_fullness=255 blocks=1 buf=535
filling data 535
DecoderError { code: 8199, message: "The channel configuration (either number or arrangement) is not supported." }
ADTS Frame buffer_fullness=255 blocks=1 buf=513
filling data 513
DecoderError { code: 8199, message: "The channel configuration (either number or arrangement) is not supported." }
ADTS Frame buffer_fullness=255 blocks=1 buf=538
filling data 538
DecoderError { code: 8199, message: "The channel configuration (either number or arrangement) is not supported." }
ADTS Frame buffer_fullness=255 blocks=1 buf=542
filling data 542
DecoderError { code: 8199, message: "The channel configuration (either number or arrangement) is not supported." }
ADTS Frame buffer_fullness=255 blocks=1 buf=496
filling data 496
DecoderError { code: 8199, message: "The channel configuration (either number or arrangement) is not supported." }
ADTS Frame buffer_fullness=255 blocks=1 buf=500
filling data 500
DecoderError { code: 8199, message: "The channel configuration (either number or arrangement) is not supported." }
ADTS Frame buffer_fullness=255 blocks=1 buf=478
filling data 478
DecoderError { code: 8199, message: "The channel configuration (either number or arrangement) is not supported." }
ADTS Frame buffer_fullness=255 blocks=1 buf=555
filling data 555
DecoderError { code: 8199, message: "The channel configuration (either number or arrangement) is not supported." }
ADTS Frame buffer_fullness=255 blocks=1 buf=555
filling data 555
DecoderError { code: 8199, message: "The channel configuration (either number or arrangement) is not supported." }
ADTS Frame buffer_fullness=255 blocks=1 buf=535
filling data 535
DecoderError { code: 8199, message: "The channel configuration (either number or arrangement) is not supported." }
ADTS Frame buffer_fullness=255 blocks=1 buf=556
filling data 556
DecoderError { code: 8199, message: "The channel configuration (either number or arrangement) is not supported." }
ADTS Frame buffer_fullness=255 blocks=1 buf=496
filling data 496
DecoderError { code: 8199, message: "The channel configuration (either number or arrangement) is not supported." }
ADTS Frame buffer_fullness=255 blocks=1 buf=482
filling data 482
DecoderError { code: 8199, message: "The channel configuration (either number or arrangement) is not supported." }
ADTS Frame buffer_fullness=255 blocks=1 buf=527
filling data 527
DecoderError { code: 8199, message: "The channel configuration (either number or arrangement) is not supported." }
ADTS Frame buffer_fullness=255 blocks=1 buf=559
filling data 559
DecoderError { code: 8199, message: "The channel configuration (either number or arrangement) is not supported." }
ADTS Frame buffer_fullness=255 blocks=1 buf=541
filling data 541
DecoderError { code: 8199, message: "The channel configuration (either number or arrangement) is not supported." }
ADTS Frame buffer_fullness=255 blocks=1 buf=492
filling data 492
DecoderError { code: 8199, message: "The channel configuration (either number or arrangement) is not supported." }
ADTS Frame buffer_fullness=255 blocks=1 buf=547
filling data 547
DecoderError { code: 8199, message: "The channel configuration (either number or arrangement) is not supported." }
ADTS Frame buffer_fullness=255 blocks=1 buf=509
filling data 509
DecoderError { code: 8199, message: "The channel configuration (either number or arrangement) is not supported." }
ADTS Frame buffer_fullness=255 blocks=1 buf=538
filling data 538
DecoderError { code: 8199, message: "The channel configuration (either number or arrangement) is not supported." }
ADTS Frame buffer_fullness=255 blocks=1 buf=509
filling data 509
DecoderError { code: 8199, message: "The channel configuration (either number or arrangement) is not supported." }
ADTS Frame buffer_fullness=255 blocks=1 buf=504
filling data 504
DecoderError { code: 8199, message: "The channel configuration (either number or arrangement) is not supported." }
ADTS Frame buffer_fullness=255 blocks=1 buf=515
filling data 515
DecoderError { code: 8199, message: "The channel configuration (either number or arrangement) is not supported." }
ADTS Frame buffer_fullness=255 blocks=1 buf=506
filling data 506
DecoderError { code: 8199, message: "The channel configuration (either number or arrangement) is not supported." }
ADTS Frame buffer_fullness=255 blocks=1 buf=522
filling data 522
DecoderError { code: 8199, message: "The channel configuration (either number or arrangement) is not supported." }
ADTS Frame buffer_fullness=255 blocks=1 buf=519
filling data 519
DecoderError { code: 8199, message: "The channel configuration (either number or arrangement) is not supported." }
ADTS Frame buffer_fullness=255 blocks=1 buf=456
filling data 456
DecoderError { code: 8199, message: "The channel configuration (either number or arrangement) is not supported." }
ADTS Frame buffer_fullness=255 blocks=1 buf=538
filling data 538
DecoderError { code: 8199, message: "The channel configuration (either number or arrangement) is not supported." }
ADTS Frame buffer_fullness=255 blocks=1 buf=491
filling data 491
DecoderError { code: 8199, message: "The channel configuration (either number or arrangement) is not supported." }
ADTS Frame buffer_fullness=255 blocks=1 buf=459
filling data 459
DecoderError { code: 8199, message: "The channel configuration (either number or arrangement) is not supported." }
ADTS Frame buffer_fullness=255 blocks=1 buf=535
filling data 535
DecoderError { code: 8199, message: "The channel configuration (either number or arrangement) is not supported." }
ADTS Frame buffer_fullness=255 blocks=1 buf=532
filling data 532
DecoderError { code: 8199, message: "The channel configuration (either number or arrangement) is not supported." }
ADTS Frame buffer_fullness=255 blocks=1 buf=494
filling data 494
DecoderError { code: 8199, message: "The channel configuration (either number or arrangement) is not supported." }
ADTS Frame buffer_fullness=255 blocks=1 buf=522
filling data 522
DecoderError { code: 8199, message: "The channel configuration (either number or arrangement) is not supported." }
ADTS Frame buffer_fullness=255 blocks=1 buf=587
filling data 587
DecoderError { code: 8199, message: "The channel configuration (either number or arrangement) is not supported." }
ADTS Frame buffer_fullness=255 blocks=1 buf=533
filling data 533
DecoderError { code: 8199, message: "The channel configuration (either number or arrangement) is not supported." }
ADTS Frame buffer_fullness=255 blocks=1 buf=543
filling data 543
DecoderError { code: 8199, message: "The channel configuration (either number or arrangement) is not supported." }
ADTS Frame buffer_fullness=255 blocks=1 buf=507
filling data 507
DecoderError { code: 8199, message: "The channel configuration (either number or arrangement) is not supported." }
ADTS Frame buffer_fullness=255 blocks=1 buf=472
filling data 472
DecoderError { code: 8199, message: "The channel configuration (either number or arrangement) is not supported." }
ADTS Frame buffer_fullness=255 blocks=1 buf=501
filling data 501
DecoderError { code: 8199, message: "The channel configuration (either number or arrangement) is not supported." }
ADTS Frame buffer_fullness=255 blocks=1 buf=514
filling data 514
DecoderError { code: 8199, message: "The channel configuration (either number or arrangement) is not supported." }
ADTS Frame buffer_fullness=255 blocks=1 buf=536
filling data 536
DecoderError { code: 8199, message: "The channel configuration (either number or arrangement) is not supported." }
ADTS Frame buffer_fullness=255 blocks=1 buf=555
filling data 555
DecoderError { code: 8199, message: "The channel configuration (either number or arrangement) is not supported." }
ADTS Frame buffer_fullness=255 blocks=1 buf=465
filling data 465
DecoderError { code: 8199, message: "The channel configuration (either number or arrangement) is not supported." }
ADTS Frame buffer_fullness=255 blocks=1 buf=575
filling data 575
DecoderError { code: 8199, message: "The channel configuration (either number or arrangement) is not supported." }
ADTS Frame buffer_fullness=255 blocks=1 buf=564
filling data 564
DecoderError { code: 8199, message: "The channel configuration (either number or arrangement) is not supported." }
ADTS Frame buffer_fullness=255 blocks=1 buf=596
filling data 596
DecoderError { code: 8199, message: "The channel configuration (either number or arrangement) is not supported." }
ADTS Frame buffer_fullness=255 blocks=1 buf=602
filling data 602
DecoderError { code: 8199, message: "The channel configuration (either number or arrangement) is not supported." }
ADTS Frame buffer_fullness=255 blocks=1 buf=586
filling data 586
DecoderError { code: 8199, message: "The channel configuration (either number or arrangement) is not supported." }
ADTS Frame buffer_fullness=255 blocks=1 buf=644
filling data 644
DecoderError { code: 8199, message: "The channel configuration (either number or arrangement) is not supported." }
ADTS Frame buffer_fullness=255 blocks=1 buf=590
filling data 590
DecoderError { code: 8199, message: "The channel configuration (either number or arrangement) is not supported." }
ADTS Frame buffer_fullness=255 blocks=1 buf=591
filling data 591
DecoderError { code: 8199, message: "The channel configuration (either number or arrangement) is not supported." }
ADTS Frame buffer_fullness=255 blocks=1 buf=519
filling data 519
DecoderError { code: 8199, message: "The channel configuration (either number or arrangement) is not supported." }
ADTS Frame buffer_fullness=255 blocks=1 buf=581
filling data 581
DecoderError { code: 8199, message: "The channel configuration (either number or arrangement) is not supported." }
ADTS Frame buffer_fullness=255 blocks=1 buf=503
filling data 503
DecoderError { code: 8199, message: "The channel configuration (either number or arrangement) is not supported." }
ADTS Frame buffer_fullness=255 blocks=1 buf=486
filling data 486
DecoderError { code: 8199, message: "The channel configuration (either number or arrangement) is not supported." }
ADTS Frame buffer_fullness=255 blocks=1 buf=479
filling data 479
DecoderError { code: 8199, message: "The channel configuration (either number or arrangement) is not supported." }
ADTS Frame buffer_fullness=255 blocks=1 buf=586
filling data 586
DecoderError { code: 8199, message: "The channel configuration (either number or arrangement) is not supported." }
ADTS Frame buffer_fullness=255 blocks=1 buf=593
filling data 593
DecoderError { code: 8199, message: "The channel configuration (either number or arrangement) is not supported." }
ADTS Frame buffer_fullness=255 blocks=1 buf=559
filling data 559
DecoderError { code: 8199, message: "The channel configuration (either number or arrangement) is not supported." }
ADTS Frame buffer_fullness=255 blocks=1 buf=457
filling data 457
DecoderError { code: 8199, message: "The channel configuration (either number or arrangement) is not supported." }
ADTS Frame buffer_fullness=255 blocks=1 buf=477
filling data 477
DecoderError { code: 8199, message: "The channel configuration (either number or arrangement) is not supported." }
ADTS Frame buffer_fullness=255 blocks=1 buf=501
filling data 501
DecoderError { code: 8199, message: "The channel configuration (either number or arrangement) is not supported." }
ADTS Frame buffer_fullness=255 blocks=1 buf=545
filling data 545
DecoderError { code: 8199, message: "The channel configuration (either number or arrangement) is not supported." }
ADTS Frame buffer_fullness=255 blocks=1 buf=503
filling data 503
DecoderError { code: 8199, message: "The channel configuration (either number or arrangement) is not supported." }
ADTS Frame buffer_fullness=255 blocks=1 buf=534
filling data 534
DecoderError { code: 8199, message: "The channel configuration (either number or arrangement) is not supported." }
ADTS Frame buffer_fullness=255 blocks=1 buf=603
filling data 603
DecoderError { code: 8199, message: "The channel configuration (either number or arrangement) is not supported." }
ADTS Frame buffer_fullness=255 blocks=1 buf=636
filling data 636
DecoderError { code: 8199, message: "The channel configuration (either number or arrangement) is not supported." }
ADTS Frame buffer_fullness=255 blocks=1 buf=537
filling data 537
DecoderError { code: 8199, message: "The channel configuration (either number or arrangement) is not supported." }
ADTS Frame buffer_fullness=255 blocks=1 buf=496
filling data 496
DecoderError { code: 8199, message: "The channel configuration (either number or arrangement) is not supported." }
ADTS Frame buffer_fullness=255 blocks=1 buf=494
filling data 494
DecoderError { code: 8199, message: "The channel configuration (either number or arrangement) is not supported." }
ADTS Frame buffer_fullness=255 blocks=1 buf=502
filling data 502
DecoderError { code: 8199, message: "The channel configuration (either number or arrangement) is not supported." }
ADTS Frame buffer_fullness=255 blocks=1 buf=510
filling data 510
DecoderError { code: 8199, message: "The channel configuration (either number or arrangement) is not supported." }
ADTS Frame buffer_fullness=255 blocks=1 buf=592
filling data 592
DecoderError { code: 8199, message: "The channel configuration (either number or arrangement) is not supported." }
ADTS Frame buffer_fullness=255 blocks=1 buf=602
filling data 602
DecoderError { code: 8199, message: "The channel configuration (either number or arrangement) is not supported." }
ADTS Frame buffer_fullness=255 blocks=1 buf=584
filling data 584
DecoderError { code: 8199, message: "The channel configuration (either number or arrangement) is not supported." }
ADTS Frame buffer_fullness=255 blocks=1 buf=546
filling data 546
DecoderError { code: 8199, message: "The channel configuration (either number or arrangement) is not supported." }
ADTS Frame buffer_fullness=255 blocks=1 buf=505
filling data 505
DecoderError { code: 8199, message: "The channel configuration (either number or arrangement) is not supported." }
ADTS Frame buffer_fullness=255 blocks=1 buf=596
filling data 596
DecoderError { code: 8199, message: "The channel configuration (either number or arrangement) is not supported." }
ADTS Frame buffer_fullness=255 blocks=1 buf=600
filling data 600
DecoderError { code: 8199, message: "The channel configuration (either number or arrangement) is not supported." }
ADTS Frame buffer_fullness=255 blocks=1 buf=602
filling data 602
DecoderError { code: 8199, message: "The channel configuration (either number or arrangement) is not supported." }
ADTS Frame buffer_fullness=255 blocks=1 buf=598
filling data 598
DecoderError { code: 8199, message: "The channel configuration (either number or arrangement) is not supported." }
ADTS Frame buffer_fullness=255 blocks=1 buf=577
filling data 577
DecoderError { code: 8199, message: "The channel configuration (either number or arrangement) is not supported." }
ADTS Frame buffer_fullness=255 blocks=1 buf=554
filling data 554
DecoderError { code: 8199, message: "The channel configuration (either number or arrangement) is not supported." }
ADTS Frame buffer_fullness=255 blocks=1 buf=544
filling data 544
DecoderError { code: 8199, message: "The channel configuration (either number or arrangement) is not supported." }
ADTS Frame buffer_fullness=255 blocks=1 buf=603
filling data 603
DecoderError { code: 8199, message: "The channel configuration (either number or arrangement) is not supported." }
ADTS Frame buffer_fullness=255 blocks=1 buf=504
filling data 504
DecoderError { code: 8199, message: "The channel configuration (either number or arrangement) is not supported." }
ADTS Frame buffer_fullness=255 blocks=1 buf=549
filling data 549
DecoderError { code: 8199, message: "The channel configuration (either number or arrangement) is not supported." }
ADTS Frame buffer_fullness=255 blocks=1 buf=597
filling data 597
DecoderError { code: 8199, message: "The channel configuration (either number or arrangement) is not supported." }
ADTS Frame buffer_fullness=255 blocks=1 buf=600
filling data 600
DecoderError { code: 8199, message: "The channel configuration (either number or arrangement) is not supported." }
ADTS Frame buffer_fullness=255 blocks=1 buf=530
filling data 530
DecoderError { code: 8199, message: "The channel configuration (either number or arrangement) is not supported." }
ADTS Frame buffer_fullness=255 blocks=1 buf=536
filling data 536
DecoderError { code: 8199, message: "The channel configuration (either number or arrangement) is not supported." }
ADTS Frame buffer_fullness=255 blocks=1 buf=528
filling data 528
DecoderError { code: 8199, message: "The channel configuration (either number or arrangement) is not supported." }
ADTS Frame buffer_fullness=255 blocks=1 buf=532
filling data 532
DecoderError { code: 8199, message: "The channel configuration (either number or arrangement) is not supported." }
ADTS Frame buffer_fullness=255 blocks=1 buf=508
filling data 508
DecoderError { code: 8199, message: "The channel configuration (either number or arrangement) is not supported." }
ADTS Frame buffer_fullness=255 blocks=1 buf=508
filling data 508
DecoderError { code: 8199, message: "The channel configuration (either number or arrangement) is not supported." }
ADTS Frame buffer_fullness=255 blocks=1 buf=509
filling data 509
DecoderError { code: 8199, message: "The channel configuration (either number or arrangement) is not supported." }
ADTS Frame buffer_fullness=255 blocks=1 buf=487
filling data 487
DecoderError { code: 8199, message: "The channel configuration (either number or arrangement) is not supported." }
ADTS Frame buffer_fullness=255 blocks=1 buf=491
filling data 491
DecoderError { code: 8199, message: "The channel configuration (either number or arrangement) is not supported." }
ADTS Frame buffer_fullness=255 blocks=1 buf=558
filling data 558
DecoderError { code: 8199, message: "The channel configuration (either number or arrangement) is not supported." }
ADTS Frame buffer_fullness=255 blocks=1 buf=532
filling data 532
DecoderError { code: 8199, message: "The channel configuration (either number or arrangement) is not supported." }
ADTS Frame buffer_fullness=255 blocks=1 buf=514
filling data 514
DecoderError { code: 8199, message: "The channel configuration (either number or arrangement) is not supported." }
ADTS Frame buffer_fullness=255 blocks=1 buf=562
filling data 562
DecoderError { code: 8199, message: "The channel configuration (either number or arrangement) is not supported." }
ADTS Frame buffer_fullness=255 blocks=1 buf=577
filling data 577
DecoderError { code: 8199, message: "The channel configuration (either number or arrangement) is not supported." }
ADTS Frame buffer_fullness=255 blocks=1 buf=516
filling data 516
DecoderError { code: 8199, message: "The channel configuration (either number or arrangement) is not supported." }
ADTS Frame buffer_fullness=255 blocks=1 buf=565
filling data 565
DecoderError { code: 8199, message: "The channel configuration (either number or arrangement) is not supported." }
ADTS Frame buffer_fullness=255 blocks=1 buf=557
filling data 557
DecoderError { code: 8199, message: "The channel configuration (either number or arrangement) is not supported." }
ADTS Frame buffer_fullness=255 blocks=1 buf=626
filling data 626
DecoderError { code: 8199, message: "The channel configuration (either number or arrangement) is not supported." }
ADTS Frame buffer_fullness=255 blocks=1 buf=535
filling data 535
DecoderError { code: 8199, message: "The channel configuration (either number or arrangement) is not supported." }
ADTS Frame buffer_fullness=255 blocks=1 buf=555
filling data 555
DecoderError { code: 8199, message: "The channel configuration (either number or arrangement) is not supported." }
ADTS Frame buffer_fullness=255 blocks=1 buf=479
filling data 479
DecoderError { code: 8199, message: "The channel configuration (either number or arrangement) is not supported." }
ADTS Frame buffer_fullness=255 blocks=1 buf=486
filling data 486
DecoderError { code: 8199, message: "The channel configuration (either number or arrangement) is not supported." }
ADTS Frame buffer_fullness=255 blocks=1 buf=485
filling data 485
DecoderError { code: 8199, message: "The channel configuration (either number or arrangement) is not supported." }
ADTS Frame buffer_fullness=255 blocks=1 buf=566
filling data 566
DecoderError { code: 8199, message: "The channel configuration (either number or arrangement) is not supported." }
ADTS Frame buffer_fullness=255 blocks=1 buf=569
filling data 569
DecoderError { code: 8199, message: "The channel configuration (either number or arrangement) is not supported." }
ADTS Frame buffer_fullness=255 blocks=1 buf=611
filling data 611
DecoderError { code: 8199, message: "The channel configuration (either number or arrangement) is not supported." }
ADTS Frame buffer_fullness=255 blocks=1 buf=564
filling data 564
DecoderError { code: 8199, message: "The channel configuration (either number or arrangement) is not supported." }
ADTS Frame buffer_fullness=255 blocks=1 buf=542
filling data 542
DecoderError { code: 8199, message: "The channel configuration (either number or arrangement) is not supported." }
ADTS Frame buffer_fullness=255 blocks=1 buf=528
filling data 528
DecoderError { code: 8199, message: "The channel configuration (either number or arrangement) is not supported." }
ADTS Frame buffer_fullness=255 blocks=1 buf=498
filling data 498
DecoderError { code: 8199, message: "The channel configuration (either number or arrangement) is not supported." }
ADTS Frame buffer_fullness=255 blocks=1 buf=471
filling data 471
DecoderError { code: 8199, message: "The channel configuration (either number or arrangement) is not supported." }
ADTS Frame buffer_fullness=255 blocks=1 buf=545
filling data 545
DecoderError { code: 8199, message: "The channel configuration (either number or arrangement) is not supported." }
ADTS Frame buffer_fullness=255 blocks=1 buf=471
filling data 471
DecoderError { code: 8199, message: "The channel configuration (either number or arrangement) is not supported." }
ADTS Frame buffer_fullness=255 blocks=1 buf=514
filling data 514
DecoderError { code: 8199, message: "The channel configuration (either number or arrangement) is not supported." }
ADTS Frame buffer_fullness=255 blocks=1 buf=518
filling data 518
DecoderError { code: 8199, message: "The channel configuration (either number or arrangement) is not supported." }
ADTS Frame buffer_fullness=255 blocks=1 buf=527
filling data 527
DecoderError { code: 8199, message: "The channel configuration (either number or arrangement) is not supported." }
ADTS Frame buffer_fullness=255 blocks=1 buf=455
filling data 455
DecoderError { code: 8199, message: "The channel configuration (either number or arrangement) is not supported." }
ADTS Frame buffer_fullness=255 blocks=1 buf=515
filling data 515
DecoderError { code: 8199, message: "The channel configuration (either number or arrangement) is not supported." }
ADTS Frame buffer_fullness=255 blocks=1 buf=499
filling data 499
DecoderError { code: 8199, message: "The channel configuration (either number or arrangement) is not supported." }
ADTS Frame buffer_fullness=255 blocks=1 buf=514
filling data 514
DecoderError { code: 8199, message: "The channel configuration (either number or arrangement) is not supported." }
ADTS Frame buffer_fullness=255 blocks=1 buf=468
filling data 468
DecoderError { code: 8199, message: "The channel configuration (either number or arrangement) is not supported." }
ADTS Frame buffer_fullness=255 blocks=1 buf=467
filling data 467
DecoderError { code: 8199, message: "The channel configuration (either number or arrangement) is not supported." }
ADTS Frame buffer_fullness=255 blocks=1 buf=496
filling data 496
DecoderError { code: 8199, message: "The channel configuration (either number or arrangement) is not supported." }
ADTS Frame buffer_fullness=255 blocks=1 buf=492
filling data 492
DecoderError { code: 8199, message: "The channel configuration (either number or arrangement) is not supported." }
ADTS Frame buffer_fullness=255 blocks=1 buf=524
filling data 524
DecoderError { code: 8199, message: "The channel configuration (either number or arrangement) is not supported." }
ADTS Frame buffer_fullness=255 blocks=1 buf=525
filling data 525
DecoderError { code: 8199, message: "The channel configuration (either number or arrangement) is not supported." }
ADTS Frame buffer_fullness=255 blocks=1 buf=527
filling data 527
DecoderError { code: 8199, message: "The channel configuration (either number or arrangement) is not supported." }
ADTS Frame buffer_fullness=255 blocks=1 buf=502
filling data 502
DecoderError { code: 8199, message: "The channel configuration (either number or arrangement) is not supported." }
ADTS Frame buffer_fullness=255 blocks=1 buf=530
filling data 530
DecoderError { code: 8199, message: "The channel configuration (either number or arrangement) is not supported." }
ADTS Frame buffer_fullness=255 blocks=1 buf=494
filling data 494
DecoderError { code: 8199, message: "The channel configuration (either number or arrangement) is not supported." }
ADTS Frame buffer_fullness=255 blocks=1 buf=521
filling data 521
DecoderError { code: 8199, message: "The channel configuration (either number or arrangement) is not supported." }
ADTS Frame buffer_fullness=255 blocks=1 buf=491
filling data 491
DecoderError { code: 8199, message: "The channel configuration (either number or arrangement) is not supported." }
ADTS Frame buffer_fullness=255 blocks=1 buf=537
filling data 537
DecoderError { code: 8199, message: "The channel configuration (either number or arrangement) is not supported." }
ADTS Frame buffer_fullness=255 blocks=1 buf=521
filling data 521
DecoderError { code: 8199, message: "The channel configuration (either number or arrangement) is not supported." }
ADTS Frame buffer_fullness=255 blocks=1 buf=453
filling data 453
DecoderError { code: 8199, message: "The channel configuration (either number or arrangement) is not supported." }
ADTS Frame buffer_fullness=255 blocks=1 buf=458
filling data 458
DecoderError { code: 8199, message: "The channel configuration (either number or arrangement) is not supported." }
ADTS Frame buffer_fullness=255 blocks=1 buf=558
filling data 558
DecoderError { code: 8199, message: "The channel configuration (either number or arrangement) is not supported." }
ADTS Frame buffer_fullness=255 blocks=1 buf=526
filling data 526
DecoderError { code: 8199, message: "The channel configuration (either number or arrangement) is not supported." }
ADTS Frame buffer_fullness=255 blocks=1 buf=475
filling data 475
DecoderError { code: 8199, message: "The channel configuration (either number or arrangement) is not supported." }
ADTS Frame buffer_fullness=255 blocks=1 buf=504
filling data 504
DecoderError { code: 8199, message: "The channel configuration (either number or arrangement) is not supported." }
ADTS Frame buffer_fullness=255 blocks=1 buf=488
filling data 488
DecoderError { code: 8199, message: "The channel configuration (either number or arrangement) is not supported." }
ADTS Frame buffer_fullness=255 blocks=1 buf=553
filling data 553
DecoderError { code: 8199, message: "The channel configuration (either number or arrangement) is not supported." }
ADTS Frame buffer_fullness=255 blocks=1 buf=546
filling data 546
DecoderError { code: 8199, message: "The channel configuration (either number or arrangement) is not supported." }
ADTS Frame buffer_fullness=255 blocks=1 buf=562
filling data 562
DecoderError { code: 8199, message: "The channel configuration (either number or arrangement) is not supported." }
ADTS Frame buffer_fullness=255 blocks=1 buf=505
filling data 505
DecoderError { code: 8199, message: "The channel configuration (either number or arrangement) is not supported." }
ADTS Frame buffer_fullness=255 blocks=1 buf=518
filling data 518
DecoderError { code: 8199, message: "The channel configuration (either number or arrangement) is not supported." }
ADTS Frame buffer_fullness=255 blocks=1 buf=506
filling data 506
DecoderError { code: 8199, message: "The channel configuration (either number or arrangement) is not supported." }
ADTS Frame buffer_fullness=255 blocks=1 buf=550
filling data 550
DecoderError { code: 8199, message: "The channel configuration (either number or arrangement) is not supported." }
ADTS Frame buffer_fullness=255 blocks=1 buf=504
filling data 504
DecoderError { code: 8199, message: "The channel configuration (either number or arrangement) is not supported." }
ADTS Frame buffer_fullness=255 blocks=1 buf=523
filling data 523
DecoderError { code: 8199, message: "The channel configuration (either number or arrangement) is not supported." }
ADTS Frame buffer_fullness=255 blocks=1 buf=532
filling data 532
DecoderError { code: 8199, message: "The channel configuration (either number or arrangement) is not supported." }
ADTS Frame buffer_fullness=255 blocks=1 buf=522
filling data 522
DecoderError { code: 8199, message: "The channel configuration (either number or arrangement) is not supported." }
ADTS Frame buffer_fullness=255 blocks=1 buf=483
filling data 483
DecoderError { code: 8199, message: "The channel configuration (either number or arrangement) is not supported." }
ADTS Frame buffer_fullness=255 blocks=1 buf=471
filling data 471
DecoderError { code: 8199, message: "The channel configuration (either number or arrangement) is not supported." }
ADTS Frame buffer_fullness=255 blocks=1 buf=465
filling data 465
DecoderError { code: 8199, message: "The channel configuration (either number or arrangement) is not supported." }
ADTS Frame buffer_fullness=255 blocks=1 buf=538
filling data 538
DecoderError { code: 8199, message: "The channel configuration (either number or arrangement) is not supported." }
ADTS Frame buffer_fullness=255 blocks=1 buf=468
filling data 468
DecoderError { code: 8199, message: "The channel configuration (either number or arrangement) is not supported." }
ADTS Frame buffer_fullness=255 blocks=1 buf=469
filling data 469
DecoderError { code: 8199, message: "The channel configuration (either number or arrangement) is not supported." }
ADTS Frame buffer_fullness=255 blocks=1 buf=478
filling data 478
DecoderError { code: 8199, message: "The channel configuration (either number or arrangement) is not supported." }
ADTS Frame buffer_fullness=255 blocks=1 buf=501
filling data 501
DecoderError { code: 8199, message: "The channel configuration (either number or arrangement) is not supported." }
ADTS Frame buffer_fullness=255 blocks=1 buf=556
filling data 556
DecoderError { code: 8199, message: "The channel configuration (either number or arrangement) is not supported." }
ADTS Frame buffer_fullness=255 blocks=1 buf=506
filling data 506
DecoderError { code: 8199, message: "The channel configuration (either number or arrangement) is not supported." }
ADTS Frame buffer_fullness=255 blocks=1 buf=485
filling data 485
DecoderError { code: 8199, message: "The channel configuration (either number or arrangement) is not supported." }
ADTS Frame buffer_fullness=255 blocks=1 buf=494
filling data 494
DecoderError { code: 8199, message: "The channel configuration (either number or arrangement) is not supported." }
ADTS Frame buffer_fullness=255 blocks=1 buf=549
filling data 549
DecoderError { code: 8199, message: "The channel configuration (either number or arrangement) is not supported." }
ADTS Frame buffer_fullness=255 blocks=1 buf=535
filling data 535
DecoderError { code: 8199, message: "The channel configuration (either number or arrangement) is not supported." }
ADTS Frame buffer_fullness=255 blocks=1 buf=601
filling data 601
DecoderError { code: 8199, message: "The channel configuration (either number or arrangement) is not supported." }
ADTS Frame buffer_fullness=255 blocks=1 buf=600
filling data 600
DecoderError { code: 8199, message: "The channel configuration (either number or arrangement) is not supported." }
ADTS Frame buffer_fullness=255 blocks=1 buf=500
filling data 500
DecoderError { code: 8199, message: "The channel configuration (either number or arrangement) is not supported." }
ADTS Frame buffer_fullness=255 blocks=1 buf=483
filling data 483
DecoderError { code: 8199, message: "The channel configuration (either number or arrangement) is not supported." }
ADTS Frame buffer_fullness=255 blocks=1 buf=488
filling data 488
DecoderError { code: 8199, message: "The channel configuration (either number or arrangement) is not supported." }
ADTS Frame buffer_fullness=255 blocks=1 buf=493
filling data 493
DecoderError { code: 8199, message: "The channel configuration (either number or arrangement) is not supported." }
ADTS Frame buffer_fullness=255 blocks=1 buf=542
filling data 542
DecoderError { code: 8199, message: "The channel configuration (either number or arrangement) is not supported." }
ADTS Frame buffer_fullness=255 blocks=1 buf=477
filling data 477
DecoderError { code: 8199, message: "The channel configuration (either number or arrangement) is not supported." }
ADTS Frame buffer_fullness=255 blocks=1 buf=474
filling data 474
DecoderError { code: 8199, message: "The channel configuration (either number or arrangement) is not supported." }
ADTS Frame buffer_fullness=255 blocks=1 buf=468
filling data 468
DecoderError { code: 8199, message: "The channel configuration (either number or arrangement) is not supported." }
ADTS Frame buffer_fullness=255 blocks=1 buf=505
filling data 505
DecoderError { code: 8199, message: "The channel configuration (either number or arrangement) is not supported." }
ADTS Frame buffer_fullness=255 blocks=1 buf=516
filling data 516
DecoderError { code: 8199, message: "The channel configuration (either number or arrangement) is not supported." }
ADTS Frame buffer_fullness=255 blocks=1 buf=531
filling data 531
DecoderError { code: 8199, message: "The channel configuration (either number or arrangement) is not supported." }
ADTS Frame buffer_fullness=255 blocks=1 buf=514
filling data 514
DecoderError { code: 8199, message: "The channel configuration (either number or arrangement) is not supported." }
ADTS Frame buffer_fullness=255 blocks=1 buf=500
filling data 500
DecoderError { code: 8199, message: "The channel configuration (either number or arrangement) is not supported." }
ADTS Frame buffer_fullness=255 blocks=1 buf=507
filling data 507
DecoderError { code: 8199, message: "The channel configuration (either number or arrangement) is not supported." }
ADTS Frame buffer_fullness=255 blocks=1 buf=533
filling data 533
DecoderError { code: 8199, message: "The channel configuration (either number or arrangement) is not supported." }
ADTS Frame buffer_fullness=255 blocks=1 buf=541
filling data 541
DecoderError { code: 8199, message: "The channel configuration (either number or arrangement) is not supported." }
ADTS Frame buffer_fullness=255 blocks=1 buf=482
filling data 482
DecoderError { code: 8199, message: "The channel configuration (either number or arrangement) is not supported." }
ADTS Frame buffer_fullness=255 blocks=1 buf=527
filling data 527
DecoderError { code: 8199, message: "The channel configuration (either number or arrangement) is not supported." }
ADTS Frame buffer_fullness=255 blocks=1 buf=558
filling data 558
DecoderError { code: 8199, message: "The channel configuration (either number or arrangement) is not supported." }
ADTS Frame buffer_fullness=255 blocks=1 buf=464
filling data 464
DecoderError { code: 8199, message: "The channel configuration (either number or arrangement) is not supported." }
ADTS Frame buffer_fullness=255 blocks=1 buf=460
filling data 460
DecoderError { code: 8199, message: "The channel configuration (either number or arrangement) is not supported." }
ADTS Frame buffer_fullness=255 blocks=1 buf=480
filling data 480
DecoderError { code: 8199, message: "The channel configuration (either number or arrangement) is not supported." }
ADTS Frame buffer_fullness=255 blocks=1 buf=503
filling data 503
DecoderError { code: 8199, message: "The channel configuration (either number or arrangement) is not supported." }
ADTS Frame buffer_fullness=255 blocks=1 buf=557
filling data 557
DecoderError { code: 8199, message: "The channel configuration (either number or arrangement) is not supported." }
ADTS Frame buffer_fullness=255 blocks=1 buf=547
filling data 547
DecoderError { code: 8199, message: "The channel configuration (either number or arrangement) is not supported." }
ADTS Frame buffer_fullness=255 blocks=1 buf=585
filling data 585
DecoderError { code: 8199, message: "The channel configuration (either number or arrangement) is not supported." }
ADTS Frame buffer_fullness=255 blocks=1 buf=553
filling data 553
DecoderError { code: 8199, message: "The channel configuration (either number or arrangement) is not supported." }
ADTS Frame buffer_fullness=255 blocks=1 buf=517
filling data 517
DecoderError { code: 8199, message: "The channel configuration (either number or arrangement) is not supported." }
ADTS Frame buffer_fullness=255 blocks=1 buf=484
filling data 484
DecoderError { code: 8199, message: "The channel configuration (either number or arrangement) is not supported." }
ADTS Frame buffer_fullness=255 blocks=1 buf=526
filling data 526
DecoderError { code: 8199, message: "The channel configuration (either number or arrangement) is not supported." }
ADTS Frame buffer_fullness=255 blocks=1 buf=476
filling data 476
DecoderError { code: 8199, message: "The channel configuration (either number or arrangement) is not supported." }
ADTS Frame buffer_fullness=255 blocks=1 buf=478
filling data 478
DecoderError { code: 8199, message: "The channel configuration (either number or arrangement) is not supported." }
ADTS Frame buffer_fullness=255 blocks=1 buf=527
filling data 527
DecoderError { code: 8199, message: "The channel configuration (either number or arrangement) is not supported." }
ADTS Frame buffer_fullness=255 blocks=1 buf=544
filling data 544
DecoderError { code: 8199, message: "The channel configuration (either number or arrangement) is not supported." }
ADTS Frame buffer_fullness=255 blocks=1 buf=547
filling data 547
DecoderError { code: 8199, message: "The channel configuration (either number or arrangement) is not supported." }
ADTS Frame buffer_fullness=255 blocks=1 buf=523
filling data 523
DecoderError { code: 8199, message: "The channel configuration (either number or arrangement) is not supported." }
ADTS Frame buffer_fullness=255 blocks=1 buf=546
filling data 546
DecoderError { code: 8199, message: "The channel configuration (either number or arrangement) is not supported." }
ADTS Frame buffer_fullness=255 blocks=1 buf=496
filling data 496
DecoderError { code: 8199, message: "The channel configuration (either number or arrangement) is not supported." }
ADTS Frame buffer_fullness=255 blocks=1 buf=563
filling data 563
DecoderError { code: 8199, message: "The channel configuration (either number or arrangement) is not supported." }
ADTS Frame buffer_fullness=255 blocks=1 buf=559
filling data 559
DecoderError { code: 8199, message: "The channel configuration (either number or arrangement) is not supported." }
ADTS Frame buffer_fullness=255 blocks=1 buf=518
filling data 518
DecoderError { code: 8199, message: "The channel configuration (either number or arrangement) is not supported." }
ADTS Frame buffer_fullness=255 blocks=1 buf=470
filling data 470
DecoderError { code: 8199, message: "The channel configuration (either number or arrangement) is not supported." }
ADTS Frame buffer_fullness=255 blocks=1 buf=537
filling data 537
DecoderError { code: 8199, message: "The channel configuration (either number or arrangement) is not supported." }
ADTS Frame buffer_fullness=255 blocks=1 buf=507
filling data 507
DecoderError { code: 8199, message: "The channel configuration (either number or arrangement) is not supported." }
ADTS Frame buffer_fullness=255 blocks=1 buf=556
filling data 556
DecoderError { code: 8199, message: "The channel configuration (either number or arrangement) is not supported." }
ADTS Frame buffer_fullness=255 blocks=1 buf=481
filling data 481
DecoderError { code: 8199, message: "The channel configuration (either number or arrangement) is not supported." }
ADTS Frame buffer_fullness=255 blocks=1 buf=502
filling data 502
DecoderError { code: 8199, message: "The channel configuration (either number or arrangement) is not supported." }
ADTS Frame buffer_fullness=255 blocks=1 buf=499
filling data 499
DecoderError { code: 8199, message: "The channel configuration (either number or arrangement) is not supported." }
ADTS Frame buffer_fullness=255 blocks=1 buf=578
filling data 578
DecoderError { code: 8199, message: "The channel configuration (either number or arrangement) is not supported." }
ADTS Frame buffer_fullness=255 blocks=1 buf=556
filling data 556
DecoderError { code: 8199, message: "The channel configuration (either number or arrangement) is not supported." }
ADTS Frame buffer_fullness=255 blocks=1 buf=565
filling data 565
DecoderError { code: 8199, message: "The channel configuration (either number or arrangement) is not supported." }
ADTS Frame buffer_fullness=255 blocks=1 buf=616
filling data 616
DecoderError { code: 8199, message: "The channel configuration (either number or arrangement) is not supported." }
ADTS Frame buffer_fullness=255 blocks=1 buf=556
filling data 556
DecoderError { code: 8199, message: "The channel configuration (either number or arrangement) is not supported." }
ADTS Frame buffer_fullness=255 blocks=1 buf=614
filling data 614
DecoderError { code: 8199, message: "The channel configuration (either number or arrangement) is not supported." }
ADTS Frame buffer_fullness=255 blocks=1 buf=578
filling data 578
DecoderError { code: 8199, message: "The channel configuration (either number or arrangement) is not supported." }
ADTS Frame buffer_fullness=255 blocks=1 buf=562
filling data 562
DecoderError { code: 8199, message: "The channel configuration (either number or arrangement) is not supported." }
ADTS Frame buffer_fullness=255 blocks=1 buf=598
filling data 598
DecoderError { code: 8199, message: "The channel configuration (either number or arrangement) is not supported." }
ADTS Frame buffer_fullness=255 blocks=1 buf=546
filling data 546
DecoderError { code: 8199, message: "The channel configuration (either number or arrangement) is not supported." }
ADTS Frame buffer_fullness=255 blocks=1 buf=576
filling data 576
DecoderError { code: 8199, message: "The channel configuration (either number or arrangement) is not supported." }
ADTS Frame buffer_fullness=255 blocks=1 buf=560
filling data 560
DecoderError { code: 8199, message: "The channel configuration (either number or arrangement) is not supported." }
ADTS Frame buffer_fullness=255 blocks=1 buf=664
filling data 664
DecoderError { code: 8199, message: "The channel configuration (either number or arrangement) is not supported." }
ADTS Frame buffer_fullness=255 blocks=1 buf=637
filling data 637
DecoderError { code: 8199, message: "The channel configuration (either number or arrangement) is not supported." }
ADTS Frame buffer_fullness=255 blocks=1 buf=676
filling data 676
DecoderError { code: 8199, message: "The channel configuration (either number or arrangement) is not supported." }
ADTS Frame buffer_fullness=255 blocks=1 buf=644
filling data 644
DecoderError { code: 8199, message: "The channel configuration (either number or arrangement) is not supported." }
ADTS Frame buffer_fullness=255 blocks=1 buf=567
filling data 567
DecoderError { code: 8199, message: "The channel configuration (either number or arrangement) is not supported." }
ADTS Frame buffer_fullness=255 blocks=1 buf=528
filling data 528
DecoderError { code: 8199, message: "The channel configuration (either number or arrangement) is not supported." }
ADTS Frame buffer_fullness=255 blocks=1 buf=562
filling data 562
DecoderError { code: 8199, message: "The channel configuration (either number or arrangement) is not supported." }
ADTS Frame buffer_fullness=255 blocks=1 buf=592
filling data 592
DecoderError { code: 8199, message: "The channel configuration (either number or arrangement) is not supported." }
ADTS Frame buffer_fullness=255 blocks=1 buf=608
filling data 608
DecoderError { code: 8199, message: "The channel configuration (either number or arrangement) is not supported." }
ADTS Frame buffer_fullness=255 blocks=1 buf=545
filling data 545
DecoderError { code: 8199, message: "The channel configuration (either number or arrangement) is not supported." }
ADTS Frame buffer_fullness=255 blocks=1 buf=545
filling data 545
DecoderError { code: 8199, message: "The channel configuration (either number or arrangement) is not supported." }
ADTS Frame buffer_fullness=255 blocks=1 buf=592
filling data 592
DecoderError { code: 8199, message: "The channel configuration (either number or arrangement) is not supported." }
ADTS Frame buffer_fullness=255 blocks=1 buf=519
filling data 519
DecoderError { code: 8199, message: "The channel configuration (either number or arrangement) is not supported." }
ADTS Frame buffer_fullness=255 blocks=1 buf=537
filling data 537
DecoderError { code: 8199, message: "The channel configuration (either number or arrangement) is not supported." }
ADTS Frame buffer_fullness=255 blocks=1 buf=581
filling data 581
DecoderError { code: 8199, message: "The channel configuration (either number or arrangement) is not supported." }
ADTS Frame buffer_fullness=255 blocks=1 buf=529
filling data 529
DecoderError { code: 8199, message: "The channel configuration (either number or arrangement) is not supported." }
ADTS Frame buffer_fullness=255 blocks=1 buf=557
filling data 557
DecoderError { code: 8199, message: "The channel configuration (either number or arrangement) is not supported." }
ADTS Frame buffer_fullness=255 blocks=1 buf=602
filling data 602
DecoderError { code: 8199, message: "The channel configuration (either number or arrangement) is not supported." }
ADTS Frame buffer_fullness=255 blocks=1 buf=661
filling data 661
DecoderError { code: 8199, message: "The channel configuration (either number or arrangement) is not supported." }
ADTS Frame buffer_fullness=255 blocks=1 buf=568
filling data 568
DecoderError { code: 8199, message: "The channel configuration (either number or arrangement) is not supported." }
ADTS Frame buffer_fullness=255 blocks=1 buf=664
filling data 664
DecoderError { code: 8199, message: "The channel configuration (either number or arrangement) is not supported." }
ADTS Frame buffer_fullness=255 blocks=1 buf=658
filling data 658
DecoderError { code: 8199, message: "The channel configuration (either number or arrangement) is not supported." }
ADTS Frame buffer_fullness=255 blocks=1 buf=669
filling data 669
DecoderError { code: 8199, message: "The channel configuration (either number or arrangement) is not supported." }
ADTS Frame buffer_fullness=255 blocks=1 buf=679
filling data 679
DecoderError { code: 8199, message: "The channel configuration (either number or arrangement) is not supported." }
ADTS Frame buffer_fullness=255 blocks=1 buf=684
filling data 684
DecoderError { code: 8199, message: "The channel configuration (either number or arrangement) is not supported." }
ADTS Frame buffer_fullness=255 blocks=1 buf=686
filling data 686
DecoderError { code: 8199, message: "The channel configuration (either number or arrangement) is not supported." }
ADTS Frame buffer_fullness=255 blocks=1 buf=558
filling data 558
DecoderError { code: 8199, message: "The channel configuration (either number or arrangement) is not supported." }
ADTS Frame buffer_fullness=255 blocks=1 buf=511
filling data 511
DecoderError { code: 8199, message: "The channel configuration (either number or arrangement) is not supported." }
ADTS Frame buffer_fullness=255 blocks=1 buf=476
filling data 476
DecoderError { code: 8199, message: "The channel configuration (either number or arrangement) is not supported." }
ADTS Frame buffer_fullness=255 blocks=1 buf=457
filling data 457
DecoderError { code: 8199, message: "The channel configuration (either number or arrangement) is not supported." }
ADTS Frame buffer_fullness=255 blocks=1 buf=471
filling data 471
DecoderError { code: 8199, message: "The channel configuration (either number or arrangement) is not supported." }
ADTS Frame buffer_fullness=255 blocks=1 buf=512
filling data 512
DecoderError { code: 8199, message: "The channel configuration (either number or arrangement) is not supported." }
ADTS Frame buffer_fullness=255 blocks=1 buf=550
filling data 550
DecoderError { code: 8199, message: "The channel configuration (either number or arrangement) is not supported." }
ADTS Frame buffer_fullness=255 blocks=1 buf=500
filling data 500
DecoderError { code: 8199, message: "The channel configuration (either number or arrangement) is not supported." }
ADTS Frame buffer_fullness=255 blocks=1 buf=495
filling data 495
DecoderError { code: 8199, message: "The channel configuration (either number or arrangement) is not supported." }
ADTS Frame buffer_fullness=255 blocks=1 buf=502
filling data 502
DecoderError { code: 8199, message: "The channel configuration (either number or arrangement) is not supported." }
ADTS Frame buffer_fullness=255 blocks=1 buf=559
filling data 559
DecoderError { code: 8199, message: "The channel configuration (either number or arrangement) is not supported." }
ADTS Frame buffer_fullness=255 blocks=1 buf=517
filling data 517
DecoderError { code: 8199, message: "The channel configuration (either number or arrangement) is not supported." }
ADTS Frame buffer_fullness=255 blocks=1 buf=569
filling data 569
DecoderError { code: 8199, message: "The channel configuration (either number or arrangement) is not supported." }
ADTS Frame buffer_fullness=255 blocks=1 buf=631
filling data 631
DecoderError { code: 8199, message: "The channel configuration (either number or arrangement) is not supported." }
ADTS Frame buffer_fullness=255 blocks=1 buf=652
filling data 652
DecoderError { code: 8199, message: "The channel configuration (either number or arrangement) is not supported." }
ADTS Frame buffer_fullness=255 blocks=1 buf=674
filling data 674
DecoderError { code: 8199, message: "The channel configuration (either number or arrangement) is not supported." }
ADTS Frame buffer_fullness=255 blocks=1 buf=677
filling data 677
DecoderError { code: 8199, message: "The channel configuration (either number or arrangement) is not supported." }
ADTS Frame buffer_fullness=255 blocks=1 buf=694
filling data 694
DecoderError { code: 8199, message: "The channel configuration (either number or arrangement) is not supported." }
ADTS Frame buffer_fullness=255 blocks=1 buf=698
filling data 698
DecoderError { code: 8199, message: "The channel configuration (either number or arrangement) is not supported." }
ADTS Frame buffer_fullness=255 blocks=1 buf=694
filling data 694
DecoderError { code: 8199, message: "The channel configuration (either number or arrangement) is not supported." }
ADTS Frame buffer_fullness=255 blocks=1 buf=607
filling data 607
DecoderError { code: 8199, message: "The channel configuration (either number or arrangement) is not supported." }
ADTS Frame buffer_fullness=255 blocks=1 buf=543
filling data 543
DecoderError { code: 8199, message: "The channel configuration (either number or arrangement) is not supported." }
ADTS Frame buffer_fullness=255 blocks=1 buf=517
filling data 517
DecoderError { code: 8199, message: "The channel configuration (either number or arrangement) is not supported." }
ADTS Frame buffer_fullness=255 blocks=1 buf=508
filling data 508
DecoderError { code: 8199, message: "The channel configuration (either number or arrangement) is not supported." }
ADTS Frame buffer_fullness=255 blocks=1 buf=511
filling data 511
DecoderError { code: 8199, message: "The channel configuration (either number or arrangement) is not supported." }
ADTS Frame buffer_fullness=255 blocks=1 buf=487
filling data 487
DecoderError { code: 8199, message: "The channel configuration (either number or arrangement) is not supported." }
ADTS Frame buffer_fullness=255 blocks=1 buf=505
filling data 505
DecoderError { code: 8199, message: "The channel configuration (either number or arrangement) is not supported." }
ADTS Frame buffer_fullness=255 blocks=1 buf=545
filling data 545
DecoderError { code: 8199, message: "The channel configuration (either number or arrangement) is not supported." }
ADTS Frame buffer_fullness=255 blocks=1 buf=560
filling data 560
DecoderError { code: 8199, message: "The channel configuration (either number or arrangement) is not supported." }
ADTS Frame buffer_fullness=255 blocks=1 buf=478
filling data 478
DecoderError { code: 8199, message: "The channel configuration (either number or arrangement) is not supported." }
ADTS Frame buffer_fullness=255 blocks=1 buf=492
filling data 492
DecoderError { code: 8199, message: "The channel configuration (either number or arrangement) is not supported." }
ADTS Frame buffer_fullness=255 blocks=1 buf=533
filling data 533
DecoderError { code: 8199, message: "The channel configuration (either number or arrangement) is not supported." }
ADTS Frame buffer_fullness=255 blocks=1 buf=515
filling data 515
DecoderError { code: 8199, message: "The channel configuration (either number or arrangement) is not supported." }
ADTS Frame buffer_fullness=255 blocks=1 buf=459
filling data 459
DecoderError { code: 8199, message: "The channel configuration (either number or arrangement) is not supported." }
ADTS Frame buffer_fullness=255 blocks=1 buf=470
filling data 470
DecoderError { code: 8199, message: "The channel configuration (either number or arrangement) is not supported." }
ADTS Frame buffer_fullness=255 blocks=1 buf=516
filling data 516
DecoderError { code: 8199, message: "The channel configuration (either number or arrangement) is not supported." }
ADTS Frame buffer_fullness=255 blocks=1 buf=506
filling data 506
DecoderError { code: 8199, message: "The channel configuration (either number or arrangement) is not supported." }
ADTS Frame buffer_fullness=255 blocks=1 buf=540
filling data 540
DecoderError { code: 8199, message: "The channel configuration (either number or arrangement) is not supported." }
ADTS Frame buffer_fullness=255 blocks=1 buf=555
filling data 555
DecoderError { code: 8199, message: "The channel configuration (either number or arrangement) is not supported." }
ADTS Frame buffer_fullness=255 blocks=1 buf=526
filling data 526
DecoderError { code: 8199, message: "The channel configuration (either number or arrangement) is not supported." }
ADTS Frame buffer_fullness=255 blocks=1 buf=541
filling data 541
DecoderError { code: 8199, message: "The channel configuration (either number or arrangement) is not supported." }
ADTS Frame buffer_fullness=255 blocks=1 buf=513
filling data 513
DecoderError { code: 8199, message: "The channel configuration (either number or arrangement) is not supported." }
ADTS Frame buffer_fullness=255 blocks=1 buf=522
filling data 522
DecoderError { code: 8199, message: "The channel configuration (either number or arrangement) is not supported." }
ADTS Frame buffer_fullness=255 blocks=1 buf=516
filling data 516
DecoderError { code: 8199, message: "The channel configuration (either number or arrangement) is not supported." }
ADTS Frame buffer_fullness=255 blocks=1 buf=460
filling data 460
DecoderError { code: 8199, message: "The channel configuration (either number or arrangement) is not supported." }
ADTS Frame buffer_fullness=255 blocks=1 buf=450
filling data 450
DecoderError { code: 8199, message: "The channel configuration (either number or arrangement) is not supported." }
ADTS Frame buffer_fullness=255 blocks=1 buf=511
filling data 511
DecoderError { code: 8199, message: "The channel configuration (either number or arrangement) is not supported." }
ADTS Frame buffer_fullness=255 blocks=1 buf=502
filling data 502
DecoderError { code: 8199, message: "The channel configuration (either number or arrangement) is not supported." }
ADTS Frame buffer_fullness=255 blocks=1 buf=506
filling data 506
DecoderError { code: 8199, message: "The channel configuration (either number or arrangement) is not supported." }
ADTS Frame buffer_fullness=255 blocks=1 buf=460
filling data 460
DecoderError { code: 8199, message: "The channel configuration (either number or arrangement) is not supported." }
ADTS Frame buffer_fullness=255 blocks=1 buf=471
filling data 471
DecoderError { code: 8199, message: "The channel configuration (either number or arrangement) is not supported." }
ADTS Frame buffer_fullness=255 blocks=1 buf=502
filling data 502
DecoderError { code: 8199, message: "The channel configuration (either number or arrangement) is not supported." }
ADTS Frame buffer_fullness=255 blocks=1 buf=492
filling data 492
DecoderError { code: 8199, message: "The channel configuration (either number or arrangement) is not supported." }
ADTS Frame buffer_fullness=255 blocks=1 buf=547
filling data 547
DecoderError { code: 8199, message: "The channel configuration (either number or arrangement) is not supported." }
ADTS Frame buffer_fullness=255 blocks=1 buf=497
filling data 497
DecoderError { code: 8199, message: "The channel configuration (either number or arrangement) is not supported." }
ADTS Frame buffer_fullness=255 blocks=1 buf=494
filling data 494
DecoderError { code: 8199, message: "The channel configuration (either number or arrangement) is not supported." }
ADTS Frame buffer_fullness=255 blocks=1 buf=475
filling data 475
DecoderError { code: 8199, message: "The channel configuration (either number or arrangement) is not supported." }
ADTS Frame buffer_fullness=255 blocks=1 buf=463
filling data 463
DecoderError { code: 8199, message: "The channel configuration (either number or arrangement) is not supported." }
ADTS Frame buffer_fullness=255 blocks=1 buf=468
filling data 468
DecoderError { code: 8199, message: "The channel configuration (either number or arrangement) is not supported." }
ADTS Frame buffer_fullness=255 blocks=1 buf=503
filling data 503
DecoderError { code: 8199, message: "The channel configuration (either number or arrangement) is not supported." }
ADTS Frame buffer_fullness=255 blocks=1 buf=501
filling data 501
DecoderError { code: 8199, message: "The channel configuration (either number or arrangement) is not supported." }
ADTS Frame buffer_fullness=255 blocks=1 buf=499
filling data 499
DecoderError { code: 8199, message: "The channel configuration (either number or arrangement) is not supported." }
ADTS Frame buffer_fullness=255 blocks=1 buf=572
filling data 572
DecoderError { code: 8199, message: "The channel configuration (either number or arrangement) is not supported." }
ADTS Frame buffer_fullness=255 blocks=1 buf=507
filling data 507
DecoderError { code: 8199, message: "The channel configuration (either number or arrangement) is not supported." }
ADTS Frame buffer_fullness=255 blocks=1 buf=456
filling data 456
DecoderError { code: 8199, message: "The channel configuration (either number or arrangement) is not supported." }
ADTS Frame buffer_fullness=255 blocks=1 buf=460
filling data 460
DecoderError { code: 8199, message: "The channel configuration (either number or arrangement) is not supported." }
ADTS Frame buffer_fullness=255 blocks=1 buf=438
filling data 438
DecoderError { code: 8199, message: "The channel configuration (either number or arrangement) is not supported." }
ADTS Frame buffer_fullness=255 blocks=1 buf=475
filling data 475
DecoderError { code: 8199, message: "The channel configuration (either number or arrangement) is not supported." }
ADTS Frame buffer_fullness=255 blocks=1 buf=442
filling data 442
DecoderError { code: 8199, message: "The channel configuration (either number or arrangement) is not supported." }
ADTS Frame buffer_fullness=255 blocks=1 buf=481
filling data 481
DecoderError { code: 8199, message: "The channel configuration (either number or arrangement) is not supported." }
ADTS Frame buffer_fullness=255 blocks=1 buf=453
filling data 453
DecoderError { code: 8199, message: "The channel configuration (either number or arrangement) is not supported." }
ADTS Frame buffer_fullness=255 blocks=1 buf=481
filling data 481
DecoderError { code: 8199, message: "The channel configuration (either number or arrangement) is not supported." }
ADTS Frame buffer_fullness=255 blocks=1 buf=489
filling data 489
DecoderError { code: 8199, message: "The channel configuration (either number or arrangement) is not supported." }
ADTS Frame buffer_fullness=255 blocks=1 buf=502
filling data 502
DecoderError { code: 8199, message: "The channel configuration (either number or arrangement) is not supported." }
ADTS Frame buffer_fullness=255 blocks=1 buf=558
filling data 558
DecoderError { code: 8199, message: "The channel configuration (either number or arrangement) is not supported." }
ADTS Frame buffer_fullness=255 blocks=1 buf=509
filling data 509
DecoderError { code: 8199, message: "The channel configuration (either number or arrangement) is not supported." }
ADTS Frame buffer_fullness=255 blocks=1 buf=493
filling data 493
DecoderError { code: 8199, message: "The channel configuration (either number or arrangement) is not supported." }
ADTS Frame buffer_fullness=255 blocks=1 buf=547
filling data 547
DecoderError { code: 8199, message: "The channel configuration (either number or arrangement) is not supported." }
ADTS Frame buffer_fullness=255 blocks=1 buf=491
filling data 491
DecoderError { code: 8199, message: "The channel configuration (either number or arrangement) is not supported." }
ADTS Frame buffer_fullness=255 blocks=1 buf=530
filling data 530
DecoderError { code: 8199, message: "The channel configuration (either number or arrangement) is not supported." }
ADTS Frame buffer_fullness=255 blocks=1 buf=501
filling data 501
DecoderError { code: 8199, message: "The channel configuration (either number or arrangement) is not supported." }
ADTS Frame buffer_fullness=255 blocks=1 buf=512
filling data 512
DecoderError { code: 8199, message: "The channel configuration (either number or arrangement) is not supported." }
ADTS Frame buffer_fullness=255 blocks=1 buf=500
filling data 500
DecoderError { code: 8199, message: "The channel configuration (either number or arrangement) is not supported." }
ADTS Frame buffer_fullness=255 blocks=1 buf=521
filling data 521
DecoderError { code: 8199, message: "The channel configuration (either number or arrangement) is not supported." }
ADTS Frame buffer_fullness=255 blocks=1 buf=468
filling data 468
DecoderError { code: 8199, message: "The channel configuration (either number or arrangement) is not supported." }
ADTS Frame buffer_fullness=255 blocks=1 buf=476
filling data 476
DecoderError { code: 8199, message: "The channel configuration (either number or arrangement) is not supported." }
ADTS Frame buffer_fullness=255 blocks=1 buf=496
filling data 496
DecoderError { code: 8199, message: "The channel configuration (either number or arrangement) is not supported." }
ADTS Frame buffer_fullness=255 blocks=1 buf=489
filling data 489
DecoderError { code: 8199, message: "The channel configuration (either number or arrangement) is not supported." }
ADTS Frame buffer_fullness=255 blocks=1 buf=485
filling data 485
DecoderError { code: 8199, message: "The channel configuration (either number or arrangement) is not supported." }
ADTS Frame buffer_fullness=255 blocks=1 buf=464
filling data 464
DecoderError { code: 8199, message: "The channel configuration (either number or arrangement) is not supported." }
ADTS Frame buffer_fullness=255 blocks=1 buf=486
filling data 486
DecoderError { code: 8199, message: "The channel configuration (either number or arrangement) is not supported." }
ADTS Frame buffer_fullness=255 blocks=1 buf=500
filling data 500
DecoderError { code: 8199, message: "The channel configuration (either number or arrangement) is not supported." }
ADTS Frame buffer_fullness=255 blocks=1 buf=484
filling data 484
DecoderError { code: 8199, message: "The channel configuration (either number or arrangement) is not supported." }
ADTS Frame buffer_fullness=255 blocks=1 buf=506
filling data 506
DecoderError { code: 8199, message: "The channel configuration (either number or arrangement) is not supported." }
ADTS Frame buffer_fullness=255 blocks=1 buf=477
filling data 477
DecoderError { code: 8199, message: "The channel configuration (either number or arrangement) is not supported." }
ADTS Frame buffer_fullness=255 blocks=1 buf=455
filling data 455
DecoderError { code: 8199, message: "The channel configuration (either number or arrangement) is not supported." }
ADTS Frame buffer_fullness=255 blocks=1 buf=452
filling data 452
DecoderError { code: 8199, message: "The channel configuration (either number or arrangement) is not supported." }
ADTS Frame buffer_fullness=255 blocks=1 buf=436
filling data 436
DecoderError { code: 8199, message: "The channel configuration (either number or arrangement) is not supported." }
ADTS Frame buffer_fullness=255 blocks=1 buf=493
filling data 493
DecoderError { code: 8199, message: "The channel configuration (either number or arrangement) is not supported." }
ADTS Frame buffer_fullness=255 blocks=1 buf=485
filling data 485
DecoderError { code: 8199, message: "The channel configuration (either number or arrangement) is not supported." }
ADTS Frame buffer_fullness=255 blocks=1 buf=530
filling data 530
DecoderError { code: 8199, message: "The channel configuration (either number or arrangement) is not supported." }
ADTS Frame buffer_fullness=255 blocks=1 buf=576
filling data 576
DecoderError { code: 8199, message: "The channel configuration (either number or arrangement) is not supported." }
ADTS Frame buffer_fullness=255 blocks=1 buf=524
filling data 524
DecoderError { code: 8199, message: "The channel configuration (either number or arrangement) is not supported." }
ADTS Frame buffer_fullness=255 blocks=1 buf=637
filling data 637
DecoderError { code: 8199, message: "The channel configuration (either number or arrangement) is not supported." }
ADTS Frame buffer_fullness=255 blocks=1 buf=600
filling data 600
DecoderError { code: 8199, message: "The channel configuration (either number or arrangement) is not supported." }
ADTS Frame buffer_fullness=255 blocks=1 buf=617
filling data 617
DecoderError { code: 8199, message: "The channel configuration (either number or arrangement) is not supported." }
ADTS Frame buffer_fullness=255 blocks=1 buf=535
filling data 535
DecoderError { code: 8199, message: "The channel configuration (either number or arrangement) is not supported." }
ADTS Frame buffer_fullness=255 blocks=1 buf=522
filling data 522
DecoderError { code: 8199, message: "The channel configuration (either number or arrangement) is not supported." }
ADTS Frame buffer_fullness=255 blocks=1 buf=510
filling data 510
DecoderError { code: 8199, message: "The channel configuration (either number or arrangement) is not supported." }
ADTS Frame buffer_fullness=255 blocks=1 buf=504
filling data 504
DecoderError { code: 8199, message: "The channel configuration (either number or arrangement) is not supported." }
ADTS Frame buffer_fullness=255 blocks=1 buf=550
filling data 550
DecoderError { code: 8199, message: "The channel configuration (either number or arrangement) is not supported." }
ADTS Frame buffer_fullness=255 blocks=1 buf=496
filling data 496
DecoderError { code: 8199, message: "The channel configuration (either number or arrangement) is not supported." }
ADTS Frame buffer_fullness=255 blocks=1 buf=562
filling data 562
DecoderError { code: 8199, message: "The channel configuration (either number or arrangement) is not supported." }
ADTS Frame buffer_fullness=255 blocks=1 buf=561
filling data 561
DecoderError { code: 8199, message: "The channel configuration (either number or arrangement) is not supported." }
ADTS Frame buffer_fullness=255 blocks=1 buf=527
filling data 527
DecoderError { code: 8199, message: "The channel configuration (either number or arrangement) is not supported." }
ADTS Frame buffer_fullness=255 blocks=1 buf=489
filling data 489
DecoderError { code: 8199, message: "The channel configuration (either number or arrangement) is not supported." }
ADTS Frame buffer_fullness=255 blocks=1 buf=448
filling data 448
DecoderError { code: 8199, message: "The channel configuration (either number or arrangement) is not supported." }
ADTS Frame buffer_fullness=255 blocks=1 buf=491
filling data 491
DecoderError { code: 8199, message: "The channel configuration (either number or arrangement) is not supported." }
ADTS Frame buffer_fullness=255 blocks=1 buf=441
filling data 441
DecoderError { code: 8199, message: "The channel configuration (either number or arrangement) is not supported." }
ADTS Frame buffer_fullness=255 blocks=1 buf=440
filling data 440
DecoderError { code: 8199, message: "The channel configuration (either number or arrangement) is not supported." }
ADTS Frame buffer_fullness=255 blocks=1 buf=493
filling data 493
DecoderError { code: 8199, message: "The channel configuration (either number or arrangement) is not supported." }
ADTS Frame buffer_fullness=255 blocks=1 buf=527
filling data 527
DecoderError { code: 8199, message: "The channel configuration (either number or arrangement) is not supported." }
ADTS Frame buffer_fullness=255 blocks=1 buf=526
filling data 526
DecoderError { code: 8199, message: "The channel configuration (either number or arrangement) is not supported." }
ADTS Frame buffer_fullness=255 blocks=1 buf=489
filling data 489
DecoderError { code: 8199, message: "The channel configuration (either number or arrangement) is not supported." }
ADTS Frame buffer_fullness=255 blocks=1 buf=489
filling data 489
DecoderError { code: 8199, message: "The channel configuration (either number or arrangement) is not supported." }
ADTS Frame buffer_fullness=255 blocks=1 buf=438
filling data 438
DecoderError { code: 8199, message: "The channel configuration (either number or arrangement) is not supported." }
ADTS Frame buffer_fullness=255 blocks=1 buf=466
filling data 466
DecoderError { code: 8199, message: "The channel configuration (either number or arrangement) is not supported." }
ADTS Frame buffer_fullness=255 blocks=1 buf=485
filling data 485
DecoderError { code: 8199, message: "The channel configuration (either number or arrangement) is not supported." }
ADTS Frame buffer_fullness=255 blocks=1 buf=473
filling data 473
DecoderError { code: 8199, message: "The channel configuration (either number or arrangement) is not supported." }
ADTS Frame buffer_fullness=255 blocks=1 buf=479
filling data 479
DecoderError { code: 8199, message: "The channel configuration (either number or arrangement) is not supported." }
ADTS Frame buffer_fullness=255 blocks=1 buf=488
filling data 488
DecoderError { code: 8199, message: "The channel configuration (either number or arrangement) is not supported." }
ADTS Frame buffer_fullness=255 blocks=1 buf=471
filling data 471
DecoderError { code: 8199, message: "The channel configuration (either number or arrangement) is not supported." }
ADTS Frame buffer_fullness=255 blocks=1 buf=448
filling data 448
DecoderError { code: 8199, message: "The channel configuration (either number or arrangement) is not supported." }
ADTS Frame buffer_fullness=255 blocks=1 buf=435
filling data 435
DecoderError { code: 8199, message: "The channel configuration (either number or arrangement) is not supported." }
ADTS Frame buffer_fullness=255 blocks=1 buf=482
filling data 482
DecoderError { code: 8199, message: "The channel configuration (either number or arrangement) is not supported." }
ADTS Frame buffer_fullness=255 blocks=1 buf=471
filling data 471
DecoderError { code: 8199, message: "The channel configuration (either number or arrangement) is not supported." }
ADTS Frame buffer_fullness=255 blocks=1 buf=515
filling data 515
DecoderError { code: 8199, message: "The channel configuration (either number or arrangement) is not supported." }
ADTS Frame buffer_fullness=255 blocks=1 buf=481
filling data 481
DecoderError { code: 8199, message: "The channel configuration (either number or arrangement) is not supported." }
ADTS Frame buffer_fullness=255 blocks=1 buf=505
filling data 505
DecoderError { code: 8199, message: "The channel configuration (either number or arrangement) is not supported." }
ADTS Frame buffer_fullness=255 blocks=1 buf=538
filling data 538
DecoderError { code: 8199, message: "The channel configuration (either number or arrangement) is not supported." }
ADTS Frame buffer_fullness=255 blocks=1 buf=489
filling data 489
DecoderError { code: 8199, message: "The channel configuration (either number or arrangement) is not supported." }
ADTS Frame buffer_fullness=255 blocks=1 buf=480
filling data 480
DecoderError { code: 8199, message: "The channel configuration (either number or arrangement) is not supported." }
ADTS Frame buffer_fullness=255 blocks=1 buf=577
filling data 577
DecoderError { code: 8199, message: "The channel configuration (either number or arrangement) is not supported." }
ADTS Frame buffer_fullness=255 blocks=1 buf=567
filling data 567
DecoderError { code: 8199, message: "The channel configuration (either number or arrangement) is not supported." }
ADTS Frame buffer_fullness=255 blocks=1 buf=557
filling data 557
DecoderError { code: 8199, message: "The channel configuration (either number or arrangement) is not supported." }
ADTS Frame buffer_fullness=255 blocks=1 buf=501
filling data 501
DecoderError { code: 8199, message: "The channel configuration (either number or arrangement) is not supported." }
ADTS Frame buffer_fullness=255 blocks=1 buf=491
filling data 491
DecoderError { code: 8199, message: "The channel configuration (either number or arrangement) is not supported." }
ADTS Frame buffer_fullness=255 blocks=1 buf=482
filling data 482
DecoderError { code: 8199, message: "The channel configuration (either number or arrangement) is not supported." }
ADTS Frame buffer_fullness=255 blocks=1 buf=494
filling data 494
DecoderError { code: 8199, message: "The channel configuration (either number or arrangement) is not supported." }
ADTS Frame buffer_fullness=255 blocks=1 buf=479
filling data 479
DecoderError { code: 8199, message: "The channel configuration (either number or arrangement) is not supported." }
ADTS Frame buffer_fullness=255 blocks=1 buf=541
filling data 541
DecoderError { code: 8199, message: "The channel configuration (either number or arrangement) is not supported." }
ADTS Frame buffer_fullness=255 blocks=1 buf=496
filling data 496
DecoderError { code: 8199, message: "The channel configuration (either number or arrangement) is not supported." }
ADTS Frame buffer_fullness=255 blocks=1 buf=493
filling data 493
DecoderError { code: 8199, message: "The channel configuration (either number or arrangement) is not supported." }
ADTS Frame buffer_fullness=255 blocks=1 buf=464
filling data 464
DecoderError { code: 8199, message: "The channel configuration (either number or arrangement) is not supported." }
ADTS Frame buffer_fullness=255 blocks=1 buf=449
filling data 449
DecoderError { code: 8199, message: "The channel configuration (either number or arrangement) is not supported." }
ADTS Frame buffer_fullness=255 blocks=1 buf=458
filling data 458
DecoderError { code: 8199, message: "The channel configuration (either number or arrangement) is not supported." }
ADTS Frame buffer_fullness=255 blocks=1 buf=495
filling data 495
DecoderError { code: 8199, message: "The channel configuration (either number or arrangement) is not supported." }
ADTS Frame buffer_fullness=255 blocks=1 buf=478
filling data 478
DecoderError { code: 8199, message: "The channel configuration (either number or arrangement) is not supported." }
ADTS Frame buffer_fullness=255 blocks=1 buf=441
filling data 441
DecoderError { code: 8199, message: "The channel configuration (either number or arrangement) is not supported." }
ADTS Frame buffer_fullness=255 blocks=1 buf=508
filling data 508
DecoderError { code: 8199, message: "The channel configuration (either number or arrangement) is not supported." }
ADTS Frame buffer_fullness=255 blocks=1 buf=495
filling data 495
DecoderError { code: 8199, message: "The channel configuration (either number or arrangement) is not supported." }
ADTS Frame buffer_fullness=255 blocks=1 buf=468
filling data 468
DecoderError { code: 8199, message: "The channel configuration (either number or arrangement) is not supported." }
ADTS Frame buffer_fullness=255 blocks=1 buf=549
filling data 549
DecoderError { code: 8199, message: "The channel configuration (either number or arrangement) is not supported." }
ADTS Frame buffer_fullness=255 blocks=1 buf=557
filling data 557
DecoderError { code: 8199, message: "The channel configuration (either number or arrangement) is not supported." }
ADTS Frame buffer_fullness=255 blocks=1 buf=518
filling data 518
DecoderError { code: 8199, message: "The channel configuration (either number or arrangement) is not supported." }
ADTS Frame buffer_fullness=255 blocks=1 buf=516
filling data 516
DecoderError { code: 8199, message: "The channel configuration (either number or arrangement) is not supported." }
ADTS Frame buffer_fullness=255 blocks=1 buf=513
filling data 513
DecoderError { code: 8199, message: "The channel configuration (either number or arrangement) is not supported." }
ADTS Frame buffer_fullness=255 blocks=1 buf=529
filling data 529
DecoderError { code: 8199, message: "The channel configuration (either number or arrangement) is not supported." }
ADTS Frame buffer_fullness=255 blocks=1 buf=539
filling data 539
DecoderError { code: 8199, message: "The channel configuration (either number or arrangement) is not supported." }
ADTS Frame buffer_fullness=255 blocks=1 buf=505
filling data 505
DecoderError { code: 8199, message: "The channel configuration (either number or arrangement) is not supported." }
ADTS Frame buffer_fullness=255 blocks=1 buf=500
filling data 500
DecoderError { code: 8199, message: "The channel configuration (either number or arrangement) is not supported." }
ADTS Frame buffer_fullness=255 blocks=1 buf=577
filling data 577
DecoderError { code: 8199, message: "The channel configuration (either number or arrangement) is not supported." }
ADTS Frame buffer_fullness=255 blocks=1 buf=526
filling data 526
DecoderError { code: 8199, message: "The channel configuration (either number or arrangement) is not supported." }
ADTS Frame buffer_fullness=255 blocks=1 buf=544
filling data 544
DecoderError { code: 8199, message: "The channel configuration (either number or arrangement) is not supported." }
ADTS Frame buffer_fullness=255 blocks=1 buf=471
filling data 471
DecoderError { code: 8199, message: "The channel configuration (either number or arrangement) is not supported." }
ADTS Frame buffer_fullness=255 blocks=1 buf=490
filling data 490
DecoderError { code: 8199, message: "The channel configuration (either number or arrangement) is not supported." }
ADTS Frame buffer_fullness=255 blocks=1 buf=494
filling data 494
DecoderError { code: 8199, message: "The channel configuration (either number or arrangement) is not supported." }
ADTS Frame buffer_fullness=255 blocks=1 buf=500
filling data 500
DecoderError { code: 8199, message: "The channel configuration (either number or arrangement) is not supported." }
ADTS Frame buffer_fullness=255 blocks=1 buf=484
filling data 484
DecoderError { code: 8199, message: "The channel configuration (either number or arrangement) is not supported." }
ADTS Frame buffer_fullness=255 blocks=1 buf=491
filling data 491
DecoderError { code: 8199, message: "The channel configuration (either number or arrangement) is not supported." }
ADTS Frame buffer_fullness=255 blocks=1 buf=495
filling data 495
DecoderError { code: 8199, message: "The channel configuration (either number or arrangement) is not supported." }
ADTS Frame buffer_fullness=255 blocks=1 buf=516
filling data 516
DecoderError { code: 8199, message: "The channel configuration (either number or arrangement) is not supported." }
ADTS Frame buffer_fullness=255 blocks=1 buf=489
filling data 489
DecoderError { code: 8199, message: "The channel configuration (either number or arrangement) is not supported." }
ADTS Frame buffer_fullness=255 blocks=1 buf=486
filling data 486
DecoderError { code: 8199, message: "The channel configuration (either number or arrangement) is not supported." }
ADTS Frame buffer_fullness=255 blocks=1 buf=462
filling data 462
DecoderError { code: 8199, message: "The channel configuration (either number or arrangement) is not supported." }
ADTS Frame buffer_fullness=255 blocks=1 buf=461
filling data 461
DecoderError { code: 8199, message: "The channel configuration (either number or arrangement) is not supported." }
ADTS Frame buffer_fullness=255 blocks=1 buf=495
filling data 495
DecoderError { code: 8199, message: "The channel configuration (either number or arrangement) is not supported." }
ADTS Frame buffer_fullness=255 blocks=1 buf=473
filling data 473
DecoderError { code: 8199, message: "The channel configuration (either number or arrangement) is not supported." }
ADTS Frame buffer_fullness=255 blocks=1 buf=484
filling data 484
DecoderError { code: 8199, message: "The channel configuration (either number or arrangement) is not supported." }
ADTS Frame buffer_fullness=255 blocks=1 buf=496
filling data 496
DecoderError { code: 8199, message: "The channel configuration (either number or arrangement) is not supported." }
ADTS Frame buffer_fullness=255 blocks=1 buf=543
filling data 543
DecoderError { code: 8199, message: "The channel configuration (either number or arrangement) is not supported." }
ADTS Frame buffer_fullness=255 blocks=1 buf=609
filling data 609
DecoderError { code: 8199, message: "The channel configuration (either number or arrangement) is not supported." }
ADTS Frame buffer_fullness=255 blocks=1 buf=458
filling data 458
DecoderError { code: 8199, message: "The channel configuration (either number or arrangement) is not supported." }
ADTS Frame buffer_fullness=255 blocks=1 buf=489
filling data 489
DecoderError { code: 8199, message: "The channel configuration (either number or arrangement) is not supported." }
ADTS Frame buffer_fullness=255 blocks=1 buf=452
filling data 452
DecoderError { code: 8199, message: "The channel configuration (either number or arrangement) is not supported." }
ADTS Frame buffer_fullness=255 blocks=1 buf=452
filling data 452
DecoderError { code: 8199, message: "The channel configuration (either number or arrangement) is not supported." }
ADTS Frame buffer_fullness=255 blocks=1 buf=457
filling data 457
DecoderError { code: 8199, message: "The channel configuration (either number or arrangement) is not supported." }
ADTS Frame buffer_fullness=255 blocks=1 buf=531
filling data 531
DecoderError { code: 8199, message: "The channel configuration (either number or arrangement) is not supported." }
ADTS Frame buffer_fullness=255 blocks=1 buf=505
filling data 505
DecoderError { code: 8199, message: "The channel configuration (either number or arrangement) is not supported." }
ADTS Frame buffer_fullness=255 blocks=1 buf=512
filling data 512
DecoderError { code: 8199, message: "The channel configuration (either number or arrangement) is not supported." }
ADTS Frame buffer_fullness=255 blocks=1 buf=480
filling data 480
DecoderError { code: 8199, message: "The channel configuration (either number or arrangement) is not supported." }
ADTS Frame buffer_fullness=255 blocks=1 buf=538
filling data 538
DecoderError { code: 8199, message: "The channel configuration (either number or arrangement) is not supported." }
ADTS Frame buffer_fullness=255 blocks=1 buf=510
filling data 510
DecoderError { code: 8199, message: "The channel configuration (either number or arrangement) is not supported." }
ADTS Frame buffer_fullness=255 blocks=1 buf=507
filling data 507
DecoderError { code: 8199, message: "The channel configuration (either number or arrangement) is not supported." }
ADTS Frame buffer_fullness=255 blocks=1 buf=492
filling data 492
DecoderError { code: 8199, message: "The channel configuration (either number or arrangement) is not supported." }
ADTS Frame buffer_fullness=255 blocks=1 buf=486
filling data 486
DecoderError { code: 8199, message: "The channel configuration (either number or arrangement) is not supported." }
ADTS Frame buffer_fullness=255 blocks=1 buf=480
filling data 480
DecoderError { code: 8199, message: "The channel configuration (either number or arrangement) is not supported." }
ADTS Frame buffer_fullness=255 blocks=1 buf=507
filling data 507
DecoderError { code: 8199, message: "The channel configuration (either number or arrangement) is not supported." }
ADTS Frame buffer_fullness=255 blocks=1 buf=492
filling data 492
DecoderError { code: 8199, message: "The channel configuration (either number or arrangement) is not supported." }
ADTS Frame buffer_fullness=255 blocks=1 buf=487
filling data 487
DecoderError { code: 8199, message: "The channel configuration (either number or arrangement) is not supported." }
ADTS Frame buffer_fullness=255 blocks=1 buf=472
filling data 472
DecoderError { code: 8199, message: "The channel configuration (either number or arrangement) is not supported." }
ADTS Frame buffer_fullness=255 blocks=1 buf=478
filling data 478
DecoderError { code: 8199, message: "The channel configuration (either number or arrangement) is not supported." }
ADTS Frame buffer_fullness=255 blocks=1 buf=449
filling data 449
DecoderError { code: 8199, message: "The channel configuration (either number or arrangement) is not supported." }
ADTS Frame buffer_fullness=255 blocks=1 buf=498
filling data 498
DecoderError { code: 8199, message: "The channel configuration (either number or arrangement) is not supported." }
ADTS Frame buffer_fullness=255 blocks=1 buf=474
filling data 474
DecoderError { code: 8199, message: "The channel configuration (either number or arrangement) is not supported." }
ADTS Frame buffer_fullness=255 blocks=1 buf=488
filling data 488
DecoderError { code: 8199, message: "The channel configuration (either number or arrangement) is not supported." }
ADTS Frame buffer_fullness=255 blocks=1 buf=504
filling data 504
DecoderError { code: 8199, message: "The channel configuration (either number or arrangement) is not supported." }
ADTS Frame buffer_fullness=255 blocks=1 buf=473
filling data 473
DecoderError { code: 8199, message: "The channel configuration (either number or arrangement) is not supported." }
ADTS Frame buffer_fullness=255 blocks=1 buf=510
filling data 510
DecoderError { code: 8199, message: "The channel configuration (either number or arrangement) is not supported." }
ADTS Frame buffer_fullness=255 blocks=1 buf=448
filling data 448
DecoderError { code: 8199, message: "The channel configuration (either number or arrangement) is not supported." }
ADTS Frame buffer_fullness=255 blocks=1 buf=492
filling data 492
DecoderError { code: 8199, message: "The channel configuration (either number or arrangement) is not supported." }
ADTS Frame buffer_fullness=255 blocks=1 buf=487
filling data 487
DecoderError { code: 8199, message: "The channel configuration (either number or arrangement) is not supported." }
ADTS Frame buffer_fullness=255 blocks=1 buf=459
filling data 459
DecoderError { code: 8199, message: "The channel configuration (either number or arrangement) is not supported." }
ADTS Frame buffer_fullness=255 blocks=1 buf=461
filling data 461
DecoderError { code: 8199, message: "The channel configuration (either number or arrangement) is not supported." }
ADTS Frame buffer_fullness=255 blocks=1 buf=468
filling data 468
DecoderError { code: 8199, message: "The channel configuration (either number or arrangement) is not supported." }
ADTS Frame buffer_fullness=255 blocks=1 buf=482
filling data 482
DecoderError { code: 8199, message: "The channel configuration (either number or arrangement) is not supported." }
ADTS Frame buffer_fullness=255 blocks=1 buf=459
filling data 459
DecoderError { code: 8199, message: "The channel configuration (either number or arrangement) is not supported." }
ADTS Frame buffer_fullness=255 blocks=1 buf=481
filling data 481
DecoderError { code: 8199, message: "The channel configuration (either number or arrangement) is not supported." }
ADTS Frame buffer_fullness=255 blocks=1 buf=498
filling data 498
DecoderError { code: 8199, message: "The channel configuration (either number or arrangement) is not supported." }
ADTS Frame buffer_fullness=255 blocks=1 buf=553
filling data 553
DecoderError { code: 8199, message: "The channel configuration (either number or arrangement) is not supported." }
ADTS Frame buffer_fullness=255 blocks=1 buf=480
filling data 480
DecoderError { code: 8199, message: "The channel configuration (either number or arrangement) is not supported." }
ADTS Frame buffer_fullness=255 blocks=1 buf=458
filling data 458
DecoderError { code: 8199, message: "The channel configuration (either number or arrangement) is not supported." }
ADTS Frame buffer_fullness=255 blocks=1 buf=460
filling data 460
DecoderError { code: 8199, message: "The channel configuration (either number or arrangement) is not supported." }
ADTS Frame buffer_fullness=255 blocks=1 buf=454
filling data 454
DecoderError { code: 8199, message: "The channel configuration (either number or arrangement) is not supported." }
ADTS Frame buffer_fullness=255 blocks=1 buf=493
filling data 493
DecoderError { code: 8199, message: "The channel configuration (either number or arrangement) is not supported." }
ADTS Frame buffer_fullness=255 blocks=1 buf=469
filling data 469
DecoderError { code: 8199, message: "The channel configuration (either number or arrangement) is not supported." }
ADTS Frame buffer_fullness=255 blocks=1 buf=464
filling data 464
DecoderError { code: 8199, message: "The channel configuration (either number or arrangement) is not supported." }
ADTS Frame buffer_fullness=255 blocks=1 buf=471
filling data 471
DecoderError { code: 8199, message: "The channel configuration (either number or arrangement) is not supported." }
ADTS Frame buffer_fullness=255 blocks=1 buf=447
filling data 447
DecoderError { code: 8199, message: "The channel configuration (either number or arrangement) is not supported." }
ADTS Frame buffer_fullness=255 blocks=1 buf=447
filling data 447
DecoderError { code: 8199, message: "The channel configuration (either number or arrangement) is not supported." }
ADTS Frame buffer_fullness=255 blocks=1 buf=434
filling data 434
DecoderError { code: 8199, message: "The channel configuration (either number or arrangement) is not supported." }
ADTS Frame buffer_fullness=255 blocks=1 buf=466
filling data 466
DecoderError { code: 8199, message: "The channel configuration (either number or arrangement) is not supported." }
ADTS Frame buffer_fullness=255 blocks=1 buf=441
filling data 441
DecoderError { code: 8199, message: "The channel configuration (either number or arrangement) is not supported." }
ADTS Frame buffer_fullness=255 blocks=1 buf=493
filling data 493
DecoderError { code: 8199, message: "The channel configuration (either number or arrangement) is not supported." }
ADTS Frame buffer_fullness=255 blocks=1 buf=570
filling data 570
DecoderError { code: 8199, message: "The channel configuration (either number or arrangement) is not supported." }
ADTS Frame buffer_fullness=255 blocks=1 buf=498
filling data 498
DecoderError { code: 8199, message: "The channel configuration (either number or arrangement) is not supported." }
ADTS Frame buffer_fullness=255 blocks=1 buf=449
filling data 449
DecoderError { code: 8199, message: "The channel configuration (either number or arrangement) is not supported." }
ADTS Frame buffer_fullness=255 blocks=1 buf=441
filling data 441
DecoderError { code: 8199, message: "The channel configuration (either number or arrangement) is not supported." }
ADTS Frame buffer_fullness=255 blocks=1 buf=479
filling data 479
DecoderError { code: 8199, message: "The channel configuration (either number or arrangement) is not supported." }
ADTS Frame buffer_fullness=255 blocks=1 buf=476
filling data 476
DecoderError { code: 8199, message: "The channel configuration (either number or arrangement) is not supported." }
ADTS Frame buffer_fullness=255 blocks=1 buf=463
filling data 463
DecoderError { code: 8199, message: "The channel configuration (either number or arrangement) is not supported." }
ADTS Frame buffer_fullness=255 blocks=1 buf=485
filling data 485
DecoderError { code: 8199, message: "The channel configuration (either number or arrangement) is not supported." }
ADTS Frame buffer_fullness=255 blocks=1 buf=494
filling data 494
DecoderError { code: 8199, message: "The channel configuration (either number or arrangement) is not supported." }
ADTS Frame buffer_fullness=255 blocks=1 buf=437
filling data 437
DecoderError { code: 8199, message: "The channel configuration (either number or arrangement) is not supported." }
ADTS Frame buffer_fullness=255 blocks=1 buf=451
filling data 451
DecoderError { code: 8199, message: "The channel configuration (either number or arrangement) is not supported." }
ADTS Frame buffer_fullness=255 blocks=1 buf=474
filling data 474
DecoderError { code: 8199, message: "The channel configuration (either number or arrangement) is not supported." }
ADTS Frame buffer_fullness=255 blocks=1 buf=480
filling data 480
DecoderError { code: 8199, message: "The channel configuration (either number or arrangement) is not supported." }
ADTS Frame buffer_fullness=255 blocks=1 buf=535
filling data 535
DecoderError { code: 8199, message: "The channel configuration (either number or arrangement) is not supported." }
ADTS Frame buffer_fullness=255 blocks=1 buf=523
filling data 523
DecoderError { code: 8199, message: "The channel configuration (either number or arrangement) is not supported." }
ADTS Frame buffer_fullness=255 blocks=1 buf=473
filling data 473
DecoderError { code: 8199, message: "The channel configuration (either number or arrangement) is not supported." }
ADTS Frame buffer_fullness=255 blocks=1 buf=445
filling data 445
DecoderError { code: 8199, message: "The channel configuration (either number or arrangement) is not supported." }
ADTS Frame buffer_fullness=255 blocks=1 buf=424
filling data 424
DecoderError { code: 8199, message: "The channel configuration (either number or arrangement) is not supported." }
ADTS Frame buffer_fullness=255 blocks=1 buf=461
filling data 461
DecoderError { code: 8199, message: "The channel configuration (either number or arrangement) is not supported." }
ADTS Frame buffer_fullness=255 blocks=1 buf=422
filling data 422
DecoderError { code: 8199, message: "The channel configuration (either number or arrangement) is not supported." }
ADTS Frame buffer_fullness=255 blocks=1 buf=479
filling data 479
DecoderError { code: 8199, message: "The channel configuration (either number or arrangement) is not supported." }
ADTS Frame buffer_fullness=255 blocks=1 buf=490
filling data 490
DecoderError { code: 8199, message: "The channel configuration (either number or arrangement) is not supported." }
ADTS Frame buffer_fullness=255 blocks=1 buf=499
filling data 499
DecoderError { code: 8199, message: "The channel configuration (either number or arrangement) is not supported." }
ADTS Frame buffer_fullness=255 blocks=1 buf=592
filling data 592
DecoderError { code: 8199, message: "The channel configuration (either number or arrangement) is not supported." }
ADTS Frame buffer_fullness=255 blocks=1 buf=572
filling data 572
DecoderError { code: 8199, message: "The channel configuration (either number or arrangement) is not supported." }
ADTS Frame buffer_fullness=255 blocks=1 buf=546
filling data 546
DecoderError { code: 8199, message: "The channel configuration (either number or arrangement) is not supported." }
ADTS Frame buffer_fullness=255 blocks=1 buf=491
filling data 491
DecoderError { code: 8199, message: "The channel configuration (either number or arrangement) is not supported." }
ADTS Frame buffer_fullness=255 blocks=1 buf=486
filling data 486
DecoderError { code: 8199, message: "The channel configuration (either number or arrangement) is not supported." }
ADTS Frame buffer_fullness=255 blocks=1 buf=516
filling data 516
DecoderError { code: 8199, message: "The channel configuration (either number or arrangement) is not supported." }
ADTS Frame buffer_fullness=255 blocks=1 buf=474
filling data 474
DecoderError { code: 8199, message: "The channel configuration (either number or arrangement) is not supported." }
ADTS Frame buffer_fullness=255 blocks=1 buf=470
filling data 470
DecoderError { code: 8199, message: "The channel configuration (either number or arrangement) is not supported." }
ADTS Frame buffer_fullness=255 blocks=1 buf=455
filling data 455
DecoderError { code: 8199, message: "The channel configuration (either number or arrangement) is not supported." }
ADTS Frame buffer_fullness=255 blocks=1 buf=443
filling data 443
DecoderError { code: 8199, message: "The channel configuration (either number or arrangement) is not supported." }
ADTS Frame buffer_fullness=255 blocks=1 buf=526
filling data 526
DecoderError { code: 8199, message: "The channel configuration (either number or arrangement) is not supported." }
ADTS Frame buffer_fullness=255 blocks=1 buf=557
filling data 557
DecoderError { code: 8199, message: "The channel configuration (either number or arrangement) is not supported." }
ADTS Frame buffer_fullness=255 blocks=1 buf=520
filling data 520
DecoderError { code: 8199, message: "The channel configuration (either number or arrangement) is not supported." }
ADTS Frame buffer_fullness=255 blocks=1 buf=515
filling data 515
DecoderError { code: 8199, message: "The channel configuration (either number or arrangement) is not supported." }
ADTS Frame buffer_fullness=255 blocks=1 buf=464
filling data 464
DecoderError { code: 8199, message: "The channel configuration (either number or arrangement) is not supported." }
ADTS Frame buffer_fullness=255 blocks=1 buf=477
filling data 477
DecoderError { code: 8199, message: "The channel configuration (either number or arrangement) is not supported." }
ADTS Frame buffer_fullness=255 blocks=1 buf=460
filling data 460
DecoderError { code: 8199, message: "The channel configuration (either number or arrangement) is not supported." }
ADTS Frame buffer_fullness=255 blocks=1 buf=474
filling data 474
DecoderError { code: 8199, message: "The channel configuration (either number or arrangement) is not supported." }
ADTS Frame buffer_fullness=255 blocks=1 buf=490
filling data 490
DecoderError { code: 8199, message: "The channel configuration (either number or arrangement) is not supported." }
ADTS Frame buffer_fullness=255 blocks=1 buf=453
filling data 453
DecoderError { code: 8199, message: "The channel configuration (either number or arrangement) is not supported." }
ADTS Frame buffer_fullness=255 blocks=1 buf=457
filling data 457
DecoderError { code: 8199, message: "The channel configuration (either number or arrangement) is not supported." }
ADTS Frame buffer_fullness=255 blocks=1 buf=444
filling data 444
DecoderError { code: 8199, message: "The channel configuration (either number or arrangement) is not supported." }
ADTS Frame buffer_fullness=255 blocks=1 buf=428
filling data 428
DecoderError { code: 8199, message: "The channel configuration (either number or arrangement) is not supported." }
ADTS Frame buffer_fullness=255 blocks=1 buf=430
filling data 430
DecoderError { code: 8199, message: "The channel configuration (either number or arrangement) is not supported." }
ADTS Frame buffer_fullness=255 blocks=1 buf=473
filling data 473
DecoderError { code: 8199, message: "The channel configuration (either number or arrangement) is not supported." }
ADTS Frame buffer_fullness=255 blocks=1 buf=512
filling data 512
DecoderError { code: 8199, message: "The channel configuration (either number or arrangement) is not supported." }
ADTS Frame buffer_fullness=255 blocks=1 buf=523
filling data 523
DecoderError { code: 8199, message: "The channel configuration (either number or arrangement) is not supported." }
ADTS Frame buffer_fullness=255 blocks=1 buf=442
filling data 442
DecoderError { code: 8199, message: "The channel configuration (either number or arrangement) is not supported." }
ADTS Frame buffer_fullness=255 blocks=1 buf=443
filling data 443
DecoderError { code: 8199, message: "The channel configuration (either number or arrangement) is not supported." }
ADTS Frame buffer_fullness=255 blocks=1 buf=486
filling data 486
DecoderError { code: 8199, message: "The channel configuration (either number or arrangement) is not supported." }
ADTS Frame buffer_fullness=255 blocks=1 buf=492
filling data 492
DecoderError { code: 8199, message: "The channel configuration (either number or arrangement) is not supported." }
ADTS Frame buffer_fullness=255 blocks=1 buf=511
filling data 511
DecoderError { code: 8199, message: "The channel configuration (either number or arrangement) is not supported." }
ADTS Frame buffer_fullness=255 blocks=1 buf=529
filling data 529
DecoderError { code: 8199, message: "The channel configuration (either number or arrangement) is not supported." }
ADTS Frame buffer_fullness=255 blocks=1 buf=476
filling data 476
DecoderError { code: 8199, message: "The channel configuration (either number or arrangement) is not supported." }
ADTS Frame buffer_fullness=255 blocks=1 buf=469
filling data 469
DecoderError { code: 8199, message: "The channel configuration (either number or arrangement) is not supported." }
ADTS Frame buffer_fullness=255 blocks=1 buf=460
filling data 460
DecoderError { code: 8199, message: "The channel configuration (either number or arrangement) is not supported." }
ADTS Frame buffer_fullness=255 blocks=1 buf=516
filling data 516
DecoderError { code: 8199, message: "The channel configuration (either number or arrangement) is not supported." }
ADTS Frame buffer_fullness=255 blocks=1 buf=431
filling data 431
DecoderError { code: 8199, message: "The channel configuration (either number or arrangement) is not supported." }
ADTS Frame buffer_fullness=255 blocks=1 buf=489
filling data 489
DecoderError { code: 8199, message: "The channel configuration (either number or arrangement) is not supported." }
ADTS Frame buffer_fullness=255 blocks=1 buf=435
filling data 435
DecoderError { code: 8199, message: "The channel configuration (either number or arrangement) is not supported." }
ADTS Frame buffer_fullness=255 blocks=1 buf=480
filling data 480
DecoderError { code: 8199, message: "The channel configuration (either number or arrangement) is not supported." }
ADTS Frame buffer_fullness=255 blocks=1 buf=496
filling data 496
DecoderError { code: 8199, message: "The channel configuration (either number or arrangement) is not supported." }
ADTS Frame buffer_fullness=255 blocks=1 buf=528
filling data 528
DecoderError { code: 8199, message: "The channel configuration (either number or arrangement) is not supported." }
ADTS Frame buffer_fullness=255 blocks=1 buf=483
filling data 483
DecoderError { code: 8199, message: "The channel configuration (either number or arrangement) is not supported." }
ADTS Frame buffer_fullness=255 blocks=1 buf=475
filling data 475
DecoderError { code: 8199, message: "The channel configuration (either number or arrangement) is not supported." }
ADTS Frame buffer_fullness=255 blocks=1 buf=483
filling data 483
DecoderError { code: 8199, message: "The channel configuration (either number or arrangement) is not supported." }
ADTS Frame buffer_fullness=255 blocks=1 buf=473
filling data 473
DecoderError { code: 8199, message: "The channel configuration (either number or arrangement) is not supported." }
ADTS Frame buffer_fullness=255 blocks=1 buf=476
filling data 476
DecoderError { code: 8199, message: "The channel configuration (either number or arrangement) is not supported." }
ADTS Frame buffer_fullness=255 blocks=1 buf=454
filling data 454
DecoderError { code: 8199, message: "The channel configuration (either number or arrangement) is not supported." }
ADTS Frame buffer_fullness=255 blocks=1 buf=484
filling data 484
DecoderError { code: 8199, message: "The channel configuration (either number or arrangement) is not supported." }
ADTS Frame buffer_fullness=255 blocks=1 buf=454
filling data 454
DecoderError { code: 8199, message: "The channel configuration (either number or arrangement) is not supported." }
ADTS Frame buffer_fullness=255 blocks=1 buf=572
filling data 572
DecoderError { code: 8199, message: "The channel configuration (either number or arrangement) is not supported." }
ADTS Frame buffer_fullness=255 blocks=1 buf=570
filling data 570
DecoderError { code: 8199, message: "The channel configuration (either number or arrangement) is not supported." }
ADTS Frame buffer_fullness=255 blocks=1 buf=485
filling data 485
DecoderError { code: 8199, message: "The channel configuration (either number or arrangement) is not supported." }
ADTS Frame buffer_fullness=255 blocks=1 buf=446
filling data 446
DecoderError { code: 8199, message: "The channel configuration (either number or arrangement) is not supported." }
ADTS Frame buffer_fullness=255 blocks=1 buf=453
filling data 453
DecoderError { code: 8199, message: "The channel configuration (either number or arrangement) is not supported." }
ADTS Frame buffer_fullness=255 blocks=1 buf=450
filling data 450
DecoderError { code: 8199, message: "The channel configuration (either number or arrangement) is not supported." }
ADTS Frame buffer_fullness=255 blocks=1 buf=447
filling data 447
DecoderError { code: 8199, message: "The channel configuration (either number or arrangement) is not supported." }
ADTS Frame buffer_fullness=255 blocks=1 buf=524
filling data 524
DecoderError { code: 8199, message: "The channel configuration (either number or arrangement) is not supported." }
ADTS Frame buffer_fullness=255 blocks=1 buf=525
filling data 525
DecoderError { code: 8199, message: "The channel configuration (either number or arrangement) is not supported." }
ADTS Frame buffer_fullness=255 blocks=1 buf=479
filling data 479
DecoderError { code: 8199, message: "The channel configuration (either number or arrangement) is not supported." }
ADTS Frame buffer_fullness=255 blocks=1 buf=453
filling data 453
DecoderError { code: 8199, message: "The channel configuration (either number or arrangement) is not supported." }
ADTS Frame buffer_fullness=255 blocks=1 buf=441
filling data 441
DecoderError { code: 8199, message: "The channel configuration (either number or arrangement) is not supported." }
ADTS Frame buffer_fullness=255 blocks=1 buf=435
filling data 435
DecoderError { code: 8199, message: "The channel configuration (either number or arrangement) is not supported." }
ADTS Frame buffer_fullness=255 blocks=1 buf=426
filling data 426
DecoderError { code: 8199, message: "The channel configuration (either number or arrangement) is not supported." }
ADTS Frame buffer_fullness=255 blocks=1 buf=486
filling data 486
DecoderError { code: 8199, message: "The channel configuration (either number or arrangement) is not supported." }
ADTS Frame buffer_fullness=255 blocks=1 buf=440
filling data 440
DecoderError { code: 8199, message: "The channel configuration (either number or arrangement) is not supported." }
ADTS Frame buffer_fullness=255 blocks=1 buf=478
filling data 478
DecoderError { code: 8199, message: "The channel configuration (either number or arrangement) is not supported." }
ADTS Frame buffer_fullness=255 blocks=1 buf=493
filling data 493
DecoderError { code: 8199, message: "The channel configuration (either number or arrangement) is not supported." }
ADTS Frame buffer_fullness=255 blocks=1 buf=488
filling data 488
DecoderError { code: 8199, message: "The channel configuration (either number or arrangement) is not supported." }
ADTS Frame buffer_fullness=255 blocks=1 buf=477
filling data 477
DecoderError { code: 8199, message: "The channel configuration (either number or arrangement) is not supported." }
ADTS Frame buffer_fullness=255 blocks=1 buf=472
filling data 472
DecoderError { code: 8199, message: "The channel configuration (either number or arrangement) is not supported." }
ADTS Frame buffer_fullness=255 blocks=1 buf=461
filling data 461
DecoderError { code: 8199, message: "The channel configuration (either number or arrangement) is not supported." }
ADTS Frame buffer_fullness=255 blocks=1 buf=475
filling data 475
DecoderError { code: 8199, message: "The channel configuration (either number or arrangement) is not supported." }
ADTS Frame buffer_fullness=255 blocks=1 buf=481
filling data 481
DecoderError { code: 8199, message: "The channel configuration (either number or arrangement) is not supported." }
ADTS Frame buffer_fullness=255 blocks=1 buf=514
filling data 514
DecoderError { code: 8199, message: "The channel configuration (either number or arrangement) is not supported." }
ADTS Frame buffer_fullness=255 blocks=1 buf=485
filling data 485
DecoderError { code: 8199, message: "The channel configuration (either number or arrangement) is not supported." }
ADTS Frame buffer_fullness=255 blocks=1 buf=440
filling data 440
DecoderError { code: 8199, message: "The channel configuration (either number or arrangement) is not supported." }
ADTS Frame buffer_fullness=255 blocks=1 buf=476
filling data 476
DecoderError { code: 8199, message: "The channel configuration (either number or arrangement) is not supported." }
ADTS Frame buffer_fullness=255 blocks=1 buf=512
filling data 512
DecoderError { code: 8199, message: "The channel configuration (either number or arrangement) is not supported." }
ADTS Frame buffer_fullness=255 blocks=1 buf=443
filling data 443
DecoderError { code: 8199, message: "The channel configuration (either number or arrangement) is not supported." }
ADTS Frame buffer_fullness=255 blocks=1 buf=486
filling data 486
DecoderError { code: 8199, message: "The channel configuration (either number or arrangement) is not supported." }
ADTS Frame buffer_fullness=255 blocks=1 buf=474
filling data 474
DecoderError { code: 8199, message: "The channel configuration (either number or arrangement) is not supported." }
ADTS Frame buffer_fullness=255 blocks=1 buf=462
filling data 462
DecoderError { code: 8199, message: "The channel configuration (either number or arrangement) is not supported." }
ADTS Frame buffer_fullness=255 blocks=1 buf=446
filling data 446
DecoderError { code: 8199, message: "The channel configuration (either number or arrangement) is not supported." }
ADTS Frame buffer_fullness=255 blocks=1 buf=467
filling data 467
DecoderError { code: 8199, message: "The channel configuration (either number or arrangement) is not supported." }
ADTS Frame buffer_fullness=255 blocks=1 buf=479
filling data 479
DecoderError { code: 8199, message: "The channel configuration (either number or arrangement) is not supported." }
ADTS Frame buffer_fullness=255 blocks=1 buf=526
filling data 526
DecoderError { code: 8199, message: "The channel configuration (either number or arrangement) is not supported." }
ADTS Frame buffer_fullness=255 blocks=1 buf=511
filling data 511
DecoderError { code: 8199, message: "The channel configuration (either number or arrangement) is not supported." }
ADTS Frame buffer_fullness=255 blocks=1 buf=461
filling data 461
DecoderError { code: 8199, message: "The channel configuration (either number or arrangement) is not supported." }
ADTS Frame buffer_fullness=255 blocks=1 buf=468
filling data 468
DecoderError { code: 8199, message: "The channel configuration (either number or arrangement) is not supported." }
ADTS Frame buffer_fullness=255 blocks=1 buf=503
filling data 503
DecoderError { code: 8199, message: "The channel configuration (either number or arrangement) is not supported." }
ADTS Frame buffer_fullness=255 blocks=1 buf=499
filling data 499
DecoderError { code: 8199, message: "The channel configuration (either number or arrangement) is not supported." }
ADTS Frame buffer_fullness=255 blocks=1 buf=538
filling data 538
DecoderError { code: 8199, message: "The channel configuration (either number or arrangement) is not supported." }
ADTS Frame buffer_fullness=255 blocks=1 buf=533
filling data 533
DecoderError { code: 8199, message: "The channel configuration (either number or arrangement) is not supported." }
ADTS Frame buffer_fullness=255 blocks=1 buf=540
filling data 540
DecoderError { code: 8199, message: "The channel configuration (either number or arrangement) is not supported." }
ADTS Frame buffer_fullness=255 blocks=1 buf=535
filling data 535
DecoderError { code: 8199, message: "The channel configuration (either number or arrangement) is not supported." }
ADTS Frame buffer_fullness=255 blocks=1 buf=516
filling data 516
DecoderError { code: 8199, message: "The channel configuration (either number or arrangement) is not supported." }
ADTS Frame buffer_fullness=255 blocks=1 buf=515
filling data 515
DecoderError { code: 8199, message: "The channel configuration (either number or arrangement) is not supported." }
ADTS Frame buffer_fullness=255 blocks=1 buf=517
filling data 517
DecoderError { code: 8199, message: "The channel configuration (either number or arrangement) is not supported." }
ADTS Frame buffer_fullness=255 blocks=1 buf=545
filling data 545
DecoderError { code: 8199, message: "The channel configuration (either number or arrangement) is not supported." }
ADTS Frame buffer_fullness=255 blocks=1 buf=552
filling data 552
DecoderError { code: 8199, message: "The channel configuration (either number or arrangement) is not supported." }
ADTS Frame buffer_fullness=255 blocks=1 buf=501
filling data 501
DecoderError { code: 8199, message: "The channel configuration (either number or arrangement) is not supported." }
ADTS Frame buffer_fullness=255 blocks=1 buf=498
filling data 498
DecoderError { code: 8199, message: "The channel configuration (either number or arrangement) is not supported." }
ADTS Frame buffer_fullness=255 blocks=1 buf=465
filling data 465
DecoderError { code: 8199, message: "The channel configuration (either number or arrangement) is not supported." }
ADTS Frame buffer_fullness=255 blocks=1 buf=443
filling data 443
DecoderError { code: 8199, message: "The channel configuration (either number or arrangement) is not supported." }
ADTS Frame buffer_fullness=255 blocks=1 buf=481
filling data 481
DecoderError { code: 8199, message: "The channel configuration (either number or arrangement) is not supported." }
ADTS Frame buffer_fullness=255 blocks=1 buf=449
filling data 449
DecoderError { code: 8199, message: "The channel configuration (either number or arrangement) is not supported." }
ADTS Frame buffer_fullness=255 blocks=1 buf=462
filling data 462
DecoderError { code: 8199, message: "The channel configuration (either number or arrangement) is not supported." }
ADTS Frame buffer_fullness=255 blocks=1 buf=507
filling data 507
DecoderError { code: 8199, message: "The channel configuration (either number or arrangement) is not supported." }
ADTS Frame buffer_fullness=255 blocks=1 buf=497
filling data 497
DecoderError { code: 8199, message: "The channel configuration (either number or arrangement) is not supported." }
ADTS Frame buffer_fullness=255 blocks=1 buf=497
filling data 497
DecoderError { code: 8199, message: "The channel configuration (either number or arrangement) is not supported." }
ADTS Frame buffer_fullness=255 blocks=1 buf=488
filling data 488
DecoderError { code: 8199, message: "The channel configuration (either number or arrangement) is not supported." }
ADTS Frame buffer_fullness=255 blocks=1 buf=463
filling data 463
DecoderError { code: 8199, message: "The channel configuration (either number or arrangement) is not supported." }
ADTS Frame buffer_fullness=255 blocks=1 buf=489
filling data 489
DecoderError { code: 8199, message: "The channel configuration (either number or arrangement) is not supported." }
ADTS Frame buffer_fullness=255 blocks=1 buf=475
filling data 475
DecoderError { code: 8199, message: "The channel configuration (either number or arrangement) is not supported." }
ADTS Frame buffer_fullness=255 blocks=1 buf=468
filling data 468
DecoderError { code: 8199, message: "The channel configuration (either number or arrangement) is not supported." }
ADTS Frame buffer_fullness=255 blocks=1 buf=517
filling data 517
DecoderError { code: 8199, message: "The channel configuration (either number or arrangement) is not supported." }
ADTS Frame buffer_fullness=255 blocks=1 buf=465
filling data 465
DecoderError { code: 8199, message: "The channel configuration (either number or arrangement) is not supported." }
ADTS Frame buffer_fullness=255 blocks=1 buf=479
filling data 479
DecoderError { code: 8199, message: "The channel configuration (either number or arrangement) is not supported." }
ADTS Frame buffer_fullness=255 blocks=1 buf=498
filling data 498
DecoderError { code: 8199, message: "The channel configuration (either number or arrangement) is not supported." }
ADTS Frame buffer_fullness=255 blocks=1 buf=481
filling data 481
DecoderError { code: 8199, message: "The channel configuration (either number or arrangement) is not supported." }
ADTS Frame buffer_fullness=255 blocks=1 buf=447
filling data 447
DecoderError { code: 8199, message: "The channel configuration (either number or arrangement) is not supported." }
ADTS Frame buffer_fullness=255 blocks=1 buf=494
filling data 494
DecoderError { code: 8199, message: "The channel configuration (either number or arrangement) is not supported." }
ADTS Frame buffer_fullness=255 blocks=1 buf=485
filling data 485
DecoderError { code: 8199, message: "The channel configuration (either number or arrangement) is not supported." }
ADTS Frame buffer_fullness=255 blocks=1 buf=431
filling data 431
DecoderError { code: 8199, message: "The channel configuration (either number or arrangement) is not supported." }
ADTS Frame buffer_fullness=255 blocks=1 buf=429
filling data 429
DecoderError { code: 8199, message: "The channel configuration (either number or arrangement) is not supported." }
ADTS Frame buffer_fullness=255 blocks=1 buf=448
filling data 448
DecoderError { code: 8199, message: "The channel configuration (either number or arrangement) is not supported." }
ADTS Frame buffer_fullness=255 blocks=1 buf=469
filling data 469
DecoderError { code: 8199, message: "The channel configuration (either number or arrangement) is not supported." }
ADTS Frame buffer_fullness=255 blocks=1 buf=437
filling data 437
DecoderError { code: 8199, message: "The channel configuration (either number or arrangement) is not supported." }
ADTS Frame buffer_fullness=255 blocks=1 buf=455
filling data 455
DecoderError { code: 8199, message: "The channel configuration (either number or arrangement) is not supported." }
ADTS Frame buffer_fullness=255 blocks=1 buf=480
filling data 480
DecoderError { code: 8199, message: "The channel configuration (either number or arrangement) is not supported." }
ADTS Frame buffer_fullness=255 blocks=1 buf=505
filling data 505
DecoderError { code: 8199, message: "The channel configuration (either number or arrangement) is not supported." }
ADTS Frame buffer_fullness=255 blocks=1 buf=490
filling data 490
DecoderError { code: 8199, message: "The channel configuration (either number or arrangement) is not supported." }
ADTS Frame buffer_fullness=255 blocks=1 buf=463
filling data 463
DecoderError { code: 8199, message: "The channel configuration (either number or arrangement) is not supported." }
ADTS Frame buffer_fullness=255 blocks=1 buf=488
filling data 488
DecoderError { code: 8199, message: "The channel configuration (either number or arrangement) is not supported." }
ADTS Frame buffer_fullness=255 blocks=1 buf=463
filling data 463
DecoderError { code: 8199, message: "The channel configuration (either number or arrangement) is not supported." }
ADTS Frame buffer_fullness=255 blocks=1 buf=444
filling data 444
DecoderError { code: 8199, message: "The channel configuration (either number or arrangement) is not supported." }
ADTS Frame buffer_fullness=255 blocks=1 buf=463
filling data 463
DecoderError { code: 8199, message: "The channel configuration (either number or arrangement) is not supported." }
ADTS Frame buffer_fullness=255 blocks=1 buf=467
filling data 467
DecoderError { code: 8199, message: "The channel configuration (either number or arrangement) is not supported." }
ADTS Frame buffer_fullness=255 blocks=1 buf=474
filling data 474
DecoderError { code: 8199, message: "The channel configuration (either number or arrangement) is not supported." }
ADTS Frame buffer_fullness=255 blocks=1 buf=506
filling data 506
DecoderError { code: 8199, message: "The channel configuration (either number or arrangement) is not supported." }
ADTS Frame buffer_fullness=255 blocks=1 buf=519
filling data 519
DecoderError { code: 8199, message: "The channel configuration (either number or arrangement) is not supported." }
ADTS Frame buffer_fullness=255 blocks=1 buf=512
filling data 512
DecoderError { code: 8199, message: "The channel configuration (either number or arrangement) is not supported." }
ADTS Frame buffer_fullness=255 blocks=1 buf=462
filling data 462
DecoderError { code: 8199, message: "The channel configuration (either number or arrangement) is not supported." }
ADTS Frame buffer_fullness=255 blocks=1 buf=513
filling data 513
DecoderError { code: 8199, message: "The channel configuration (either number or arrangement) is not supported." }
ADTS Frame buffer_fullness=255 blocks=1 buf=517
filling data 517
DecoderError { code: 8199, message: "The channel configuration (either number or arrangement) is not supported." }
ADTS Frame buffer_fullness=255 blocks=1 buf=507
filling data 507
DecoderError { code: 8199, message: "The channel configuration (either number or arrangement) is not supported." }
ADTS Frame buffer_fullness=255 blocks=1 buf=495
filling data 495
DecoderError { code: 8199, message: "The channel configuration (either number or arrangement) is not supported." }
ADTS Frame buffer_fullness=255 blocks=1 buf=467
filling data 467
DecoderError { code: 8199, message: "The channel configuration (either number or arrangement) is not supported." }
ADTS Frame buffer_fullness=255 blocks=1 buf=454
filling data 454
DecoderError { code: 8199, message: "The channel configuration (either number or arrangement) is not supported." }
ADTS Frame buffer_fullness=255 blocks=1 buf=447
filling data 447
DecoderError { code: 8199, message: "The channel configuration (either number or arrangement) is not supported." }
ADTS Frame buffer_fullness=255 blocks=1 buf=471
filling data 471
DecoderError { code: 8199, message: "The channel configuration (either number or arrangement) is not supported." }
ADTS Frame buffer_fullness=255 blocks=1 buf=459
filling data 459
DecoderError { code: 8199, message: "The channel configuration (either number or arrangement) is not supported." }
ADTS Frame buffer_fullness=255 blocks=1 buf=466
filling data 466
DecoderError { code: 8199, message: "The channel configuration (either number or arrangement) is not supported." }
ADTS Frame buffer_fullness=255 blocks=1 buf=466
filling data 466
DecoderError { code: 8199, message: "The channel configuration (either number or arrangement) is not supported." }
ADTS Frame buffer_fullness=255 blocks=1 buf=472
filling data 472
DecoderError { code: 8199, message: "The channel configuration (either number or arrangement) is not supported." }
ADTS Frame buffer_fullness=255 blocks=1 buf=483
filling data 483
DecoderError { code: 8199, message: "The channel configuration (either number or arrangement) is not supported." }
ADTS Frame buffer_fullness=255 blocks=1 buf=468
filling data 468
DecoderError { code: 8199, message: "The channel configuration (either number or arrangement) is not supported." }
ADTS Frame buffer_fullness=255 blocks=1 buf=434
filling data 434
DecoderError { code: 8199, message: "The channel configuration (either number or arrangement) is not supported." }
ADTS Frame buffer_fullness=255 blocks=1 buf=438
filling data 438
DecoderError { code: 8199, message: "The channel configuration (either number or arrangement) is not supported." }
ADTS Frame buffer_fullness=255 blocks=1 buf=451
filling data 451
DecoderError { code: 8199, message: "The channel configuration (either number or arrangement) is not supported." }
ADTS Frame buffer_fullness=255 blocks=1 buf=446
filling data 446
DecoderError { code: 8199, message: "The channel configuration (either number or arrangement) is not supported." }
ADTS Frame buffer_fullness=255 blocks=1 buf=501
filling data 501
DecoderError { code: 8199, message: "The channel configuration (either number or arrangement) is not supported." }
ADTS Frame buffer_fullness=255 blocks=1 buf=477
filling data 477
DecoderError { code: 8199, message: "The channel configuration (either number or arrangement) is not supported." }
ADTS Frame buffer_fullness=255 blocks=1 buf=442
filling data 442
DecoderError { code: 8199, message: "The channel configuration (either number or arrangement) is not supported." }
ADTS Frame buffer_fullness=255 blocks=1 buf=419
filling data 419
DecoderError { code: 8199, message: "The channel configuration (either number or arrangement) is not supported." }
ADTS Frame buffer_fullness=255 blocks=1 buf=483
filling data 483
DecoderError { code: 8199, message: "The channel configuration (either number or arrangement) is not supported." }
ADTS Frame buffer_fullness=255 blocks=1 buf=482
filling data 482
DecoderError { code: 8199, message: "The channel configuration (either number or arrangement) is not supported." }
ADTS Frame buffer_fullness=255 blocks=1 buf=465
filling data 465
DecoderError { code: 8199, message: "The channel configuration (either number or arrangement) is not supported." }
ADTS Frame buffer_fullness=255 blocks=1 buf=432
filling data 432
DecoderError { code: 8199, message: "The channel configuration (either number or arrangement) is not supported." }
ADTS Frame buffer_fullness=255 blocks=1 buf=485
filling data 485
DecoderError { code: 8199, message: "The channel configuration (either number or arrangement) is not supported." }
ADTS Frame buffer_fullness=255 blocks=1 buf=505
filling data 505
DecoderError { code: 8199, message: "The channel configuration (either number or arrangement) is not supported." }
ADTS Frame buffer_fullness=255 blocks=1 buf=438
filling data 438
DecoderError { code: 8199, message: "The channel configuration (either number or arrangement) is not supported." }
ADTS Frame buffer_fullness=255 blocks=1 buf=480
filling data 480
DecoderError { code: 8199, message: "The channel configuration (either number or arrangement) is not supported." }
ADTS Frame buffer_fullness=255 blocks=1 buf=491
filling data 491
DecoderError { code: 8199, message: "The channel configuration (either number or arrangement) is not supported." }
ADTS Frame buffer_fullness=255 blocks=1 buf=463
filling data 463
DecoderError { code: 8199, message: "The channel configuration (either number or arrangement) is not supported." }
ADTS Frame buffer_fullness=255 blocks=1 buf=446
filling data 446
DecoderError { code: 8199, message: "The channel configuration (either number or arrangement) is not supported." }
ADTS Frame buffer_fullness=255 blocks=1 buf=447
filling data 447
DecoderError { code: 8199, message: "The channel configuration (either number or arrangement) is not supported." }
ADTS Frame buffer_fullness=255 blocks=1 buf=442
filling data 442
DecoderError { code: 8199, message: "The channel configuration (either number or arrangement) is not supported." }
ADTS Frame buffer_fullness=255 blocks=1 buf=481
filling data 481
DecoderError { code: 8199, message: "The channel configuration (either number or arrangement) is not supported." }
ADTS Frame buffer_fullness=255 blocks=1 buf=436
filling data 436
DecoderError { code: 8199, message: "The channel configuration (either number or arrangement) is not supported." }
ADTS Frame buffer_fullness=255 blocks=1 buf=481
filling data 481
DecoderError { code: 8199, message: "The channel configuration (either number or arrangement) is not supported." }
ADTS Frame buffer_fullness=255 blocks=1 buf=470
filling data 470
DecoderError { code: 8199, message: "The channel configuration (either number or arrangement) is not supported." }
ADTS Frame buffer_fullness=255 blocks=1 buf=449
filling data 449
DecoderError { code: 8199, message: "The channel configuration (either number or arrangement) is not supported." }
ADTS Frame buffer_fullness=255 blocks=1 buf=448
filling data 448
DecoderError { code: 8199, message: "The channel configuration (either number or arrangement) is not supported." }
ADTS Frame buffer_fullness=255 blocks=1 buf=464
filling data 464
DecoderError { code: 8199, message: "The channel configuration (either number or arrangement) is not supported." }
ADTS Frame buffer_fullness=255 blocks=1 buf=451
filling data 451
DecoderError { code: 8199, message: "The channel configuration (either number or arrangement) is not supported." }
ADTS Frame buffer_fullness=255 blocks=1 buf=469
filling data 469
DecoderError { code: 8199, message: "The channel configuration (either number or arrangement) is not supported." }
ADTS Frame buffer_fullness=255 blocks=1 buf=437
filling data 437
DecoderError { code: 8199, message: "The channel configuration (either number or arrangement) is not supported." }
ADTS Frame buffer_fullness=255 blocks=1 buf=461
filling data 461
DecoderError { code: 8199, message: "The channel configuration (either number or arrangement) is not supported." }
ADTS Frame buffer_fullness=255 blocks=1 buf=468
filling data 468
DecoderError { code: 8199, message: "The channel configuration (either number or arrangement) is not supported." }
ADTS Frame buffer_fullness=255 blocks=1 buf=550
filling data 550
DecoderError { code: 8199, message: "The channel configuration (either number or arrangement) is not supported." }
ADTS Frame buffer_fullness=255 blocks=1 buf=497
filling data 497
DecoderError { code: 8199, message: "The channel configuration (either number or arrangement) is not supported." }
ADTS Frame buffer_fullness=255 blocks=1 buf=519
filling data 519
DecoderError { code: 8199, message: "The channel configuration (either number or arrangement) is not supported." }
ADTS Frame buffer_fullness=255 blocks=1 buf=459
filling data 459
DecoderError { code: 8199, message: "The channel configuration (either number or arrangement) is not supported." }
ADTS Frame buffer_fullness=255 blocks=1 buf=460
filling data 460
DecoderError { code: 8199, message: "The channel configuration (either number or arrangement) is not supported." }
ADTS Frame buffer_fullness=255 blocks=1 buf=452
filling data 452
DecoderError { code: 8199, message: "The channel configuration (either number or arrangement) is not supported." }
ADTS Frame buffer_fullness=255 blocks=1 buf=464
filling data 464
DecoderError { code: 8199, message: "The channel configuration (either number or arrangement) is not supported." }
ADTS Frame buffer_fullness=255 blocks=1 buf=459
filling data 459
DecoderError { code: 8199, message: "The channel configuration (either number or arrangement) is not supported." }
ADTS Frame buffer_fullness=255 blocks=1 buf=472
filling data 472
DecoderError { code: 8199, message: "The channel configuration (either number or arrangement) is not supported." }
ADTS Frame buffer_fullness=255 blocks=1 buf=543
filling data 543
DecoderError { code: 8199, message: "The channel configuration (either number or arrangement) is not supported." }
ADTS Frame buffer_fullness=255 blocks=1 buf=532
filling data 532
DecoderError { code: 8199, message: "The channel configuration (either number or arrangement) is not supported." }
ADTS Frame buffer_fullness=255 blocks=1 buf=493
filling data 493
DecoderError { code: 8199, message: "The channel configuration (either number or arrangement) is not supported." }
ADTS Frame buffer_fullness=255 blocks=1 buf=477
filling data 477
DecoderError { code: 8199, message: "The channel configuration (either number or arrangement) is not supported." }
ADTS Frame buffer_fullness=255 blocks=1 buf=516
filling data 516
DecoderError { code: 8199, message: "The channel configuration (either number or arrangement) is not supported." }
ADTS Frame buffer_fullness=255 blocks=1 buf=516
filling data 516
DecoderError { code: 8199, message: "The channel configuration (either number or arrangement) is not supported." }
ADTS Frame buffer_fullness=255 blocks=1 buf=496
filling data 496
DecoderError { code: 8199, message: "The channel configuration (either number or arrangement) is not supported." }
ADTS Frame buffer_fullness=255 blocks=1 buf=517
filling data 517
DecoderError { code: 8199, message: "The channel configuration (either number or arrangement) is not supported." }
ADTS Frame buffer_fullness=255 blocks=1 buf=453
filling data 453
DecoderError { code: 8199, message: "The channel configuration (either number or arrangement) is not supported." }
ADTS Frame buffer_fullness=255 blocks=1 buf=458
filling data 458
DecoderError { code: 8199, message: "The channel configuration (either number or arrangement) is not supported." }
ADTS Frame buffer_fullness=255 blocks=1 buf=442
filling data 442
DecoderError { code: 8199, message: "The channel configuration (either number or arrangement) is not supported." }
ADTS Frame buffer_fullness=255 blocks=1 buf=450
filling data 450
DecoderError { code: 8199, message: "The channel configuration (either number or arrangement) is not supported." }
ADTS Frame buffer_fullness=255 blocks=1 buf=448
filling data 448
DecoderError { code: 8199, message: "The channel configuration (either number or arrangement) is not supported." }
ADTS Frame buffer_fullness=255 blocks=1 buf=449
filling data 449
DecoderError { code: 8199, message: "The channel configuration (either number or arrangement) is not supported." }
ADTS Frame buffer_fullness=255 blocks=1 buf=504
filling data 504
DecoderError { code: 8199, message: "The channel configuration (either number or arrangement) is not supported." }
ADTS Frame buffer_fullness=255 blocks=1 buf=482
filling data 482
DecoderError { code: 8199, message: "The channel configuration (either number or arrangement) is not supported." }
ADTS Frame buffer_fullness=255 blocks=1 buf=511
filling data 511
DecoderError { code: 8199, message: "The channel configuration (either number or arrangement) is not supported." }
ADTS Frame buffer_fullness=255 blocks=1 buf=539
filling data 539
DecoderError { code: 8199, message: "The channel configuration (either number or arrangement) is not supported." }
ADTS Frame buffer_fullness=255 blocks=1 buf=459
filling data 459
DecoderError { code: 8199, message: "The channel configuration (either number or arrangement) is not supported." }
ADTS Frame buffer_fullness=255 blocks=1 buf=533
filling data 533
DecoderError { code: 8199, message: "The channel configuration (either number or arrangement) is not supported." }
ADTS Frame buffer_fullness=255 blocks=1 buf=525
filling data 525
DecoderError { code: 8199, message: "The channel configuration (either number or arrangement) is not supported." }
ADTS Frame buffer_fullness=255 blocks=1 buf=510
filling data 510
DecoderError { code: 8199, message: "The channel configuration (either number or arrangement) is not supported." }
ADTS Frame buffer_fullness=255 blocks=1 buf=478
filling data 478
DecoderError { code: 8199, message: "The channel configuration (either number or arrangement) is not supported." }
ADTS Frame buffer_fullness=255 blocks=1 buf=488
filling data 488
DecoderError { code: 8199, message: "The channel configuration (either number or arrangement) is not supported." }
ADTS Frame buffer_fullness=255 blocks=1 buf=504
filling data 504
DecoderError { code: 8199, message: "The channel configuration (either number or arrangement) is not supported." }
ADTS Frame buffer_fullness=255 blocks=1 buf=486
filling data 486
DecoderError { code: 8199, message: "The channel configuration (either number or arrangement) is not supported." }
ADTS Frame buffer_fullness=255 blocks=1 buf=467
filling data 467
DecoderError { code: 8199, message: "The channel configuration (either number or arrangement) is not supported." }
ADTS Frame buffer_fullness=255 blocks=1 buf=451
filling data 451
DecoderError { code: 8199, message: "The channel configuration (either number or arrangement) is not supported." }
ADTS Frame buffer_fullness=255 blocks=1 buf=461
filling data 461
DecoderError { code: 8199, message: "The channel configuration (either number or arrangement) is not supported." }
ADTS Frame buffer_fullness=255 blocks=1 buf=462
filling data 462
DecoderError { code: 8199, message: "The channel configuration (either number or arrangement) is not supported." }
ADTS Frame buffer_fullness=255 blocks=1 buf=446
filling data 446
DecoderError { code: 8199, message: "The channel configuration (either number or arrangement) is not supported." }
ADTS Frame buffer_fullness=255 blocks=1 buf=447
filling data 447
DecoderError { code: 8199, message: "The channel configuration (either number or arrangement) is not supported." }
ADTS Frame buffer_fullness=255 blocks=1 buf=480
filling data 480
DecoderError { code: 8199, message: "The channel configuration (either number or arrangement) is not supported." }
ADTS Frame buffer_fullness=255 blocks=1 buf=452
filling data 452
DecoderError { code: 8199, message: "The channel configuration (either number or arrangement) is not supported." }
ADTS Frame buffer_fullness=255 blocks=1 buf=566
filling data 566
DecoderError { code: 8199, message: "The channel configuration (either number or arrangement) is not supported." }
ADTS Frame buffer_fullness=255 blocks=1 buf=536
filling data 536
DecoderError { code: 8199, message: "The channel configuration (either number or arrangement) is not supported." }
ADTS Frame buffer_fullness=255 blocks=1 buf=512
filling data 512
DecoderError { code: 8199, message: "The channel configuration (either number or arrangement) is not supported." }
ADTS Frame buffer_fullness=255 blocks=1 buf=543
filling data 543
DecoderError { code: 8199, message: "The channel configuration (either number or arrangement) is not supported." }
ADTS Frame buffer_fullness=255 blocks=1 buf=514
filling data 514
DecoderError { code: 8199, message: "The channel configuration (either number or arrangement) is not supported." }
ADTS Frame buffer_fullness=255 blocks=1 buf=555
filling data 555
DecoderError { code: 8199, message: "The channel configuration (either number or arrangement) is not supported." }
ADTS Frame buffer_fullness=255 blocks=1 buf=502
filling data 502
DecoderError { code: 8199, message: "The channel configuration (either number or arrangement) is not supported." }
ADTS Frame buffer_fullness=255 blocks=1 buf=531
filling data 531
DecoderError { code: 8199, message: "The channel configuration (either number or arrangement) is not supported." }
ADTS Frame buffer_fullness=255 blocks=1 buf=500
filling data 500
DecoderError { code: 8199, message: "The channel configuration (either number or arrangement) is not supported." }
ADTS Frame buffer_fullness=255 blocks=1 buf=510
filling data 510
DecoderError { code: 8199, message: "The channel configuration (either number or arrangement) is not supported." }
ADTS Frame buffer_fullness=255 blocks=1 buf=515
filling data 515
DecoderError { code: 8199, message: "The channel configuration (either number or arrangement) is not supported." }
ADTS Frame buffer_fullness=255 blocks=1 buf=495
filling data 495
DecoderError { code: 8199, message: "The channel configuration (either number or arrangement) is not supported." }
ADTS Frame buffer_fullness=255 blocks=1 buf=488
filling data 488
DecoderError { code: 8199, message: "The channel configuration (either number or arrangement) is not supported." }
ADTS Frame buffer_fullness=255 blocks=1 buf=459
filling data 459
DecoderError { code: 8199, message: "The channel configuration (either number or arrangement) is not supported." }
ADTS Frame buffer_fullness=255 blocks=1 buf=533
filling data 533
DecoderError { code: 8199, message: "The channel configuration (either number or arrangement) is not supported." }
ADTS Frame buffer_fullness=255 blocks=1 buf=513
filling data 513
DecoderError { code: 8199, message: "The channel configuration (either number or arrangement) is not supported." }
ADTS Frame buffer_fullness=255 blocks=1 buf=523
filling data 523
DecoderError { code: 8199, message: "The channel configuration (either number or arrangement) is not supported." }
ADTS Frame buffer_fullness=255 blocks=1 buf=499
filling data 499
DecoderError { code: 8199, message: "The channel configuration (either number or arrangement) is not supported." }
ADTS Frame buffer_fullness=255 blocks=1 buf=485
filling data 485
DecoderError { code: 8199, message: "The channel configuration (either number or arrangement) is not supported." }
ADTS Frame buffer_fullness=255 blocks=1 buf=451
filling data 451
DecoderError { code: 8199, message: "The channel configuration (either number or arrangement) is not supported." }
ADTS Frame buffer_fullness=255 blocks=1 buf=436
filling data 436
DecoderError { code: 8199, message: "The channel configuration (either number or arrangement) is not supported." }
ADTS Frame buffer_fullness=255 blocks=1 buf=433
filling data 433
DecoderError { code: 8199, message: "The channel configuration (either number or arrangement) is not supported." }
ADTS Frame buffer_fullness=255 blocks=1 buf=477
filling data 477
DecoderError { code: 8199, message: "The channel configuration (either number or arrangement) is not supported." }
ADTS Frame buffer_fullness=255 blocks=1 buf=478
filling data 478
DecoderError { code: 8199, message: "The channel configuration (either number or arrangement) is not supported." }
ADTS Frame buffer_fullness=255 blocks=1 buf=484
filling data 484
DecoderError { code: 8199, message: "The channel configuration (either number or arrangement) is not supported." }
ADTS Frame buffer_fullness=255 blocks=1 buf=437
filling data 437
DecoderError { code: 8199, message: "The channel configuration (either number or arrangement) is not supported." }
ADTS Frame buffer_fullness=255 blocks=1 buf=491
filling data 491
DecoderError { code: 8199, message: "The channel configuration (either number or arrangement) is not supported." }
ADTS Frame buffer_fullness=255 blocks=1 buf=499
filling data 499
DecoderError { code: 8199, message: "The channel configuration (either number or arrangement) is not supported." }
ADTS Frame buffer_fullness=255 blocks=1 buf=454
filling data 454
DecoderError { code: 8199, message: "The channel configuration (either number or arrangement) is not supported." }
ADTS Frame buffer_fullness=255 blocks=1 buf=515
filling data 515
DecoderError { code: 8199, message: "The channel configuration (either number or arrangement) is not supported." }
ADTS Frame buffer_fullness=255 blocks=1 buf=479
filling data 479
DecoderError { code: 8199, message: "The channel configuration (either number or arrangement) is not supported." }
ADTS Frame buffer_fullness=255 blocks=1 buf=451
filling data 451
DecoderError { code: 8199, message: "The channel configuration (either number or arrangement) is not supported." }
ADTS Frame buffer_fullness=255 blocks=1 buf=451
filling data 451
DecoderError { code: 8199, message: "The channel configuration (either number or arrangement) is not supported." }
ADTS Frame buffer_fullness=255 blocks=1 buf=445
filling data 445
DecoderError { code: 8199, message: "The channel configuration (either number or arrangement) is not supported." }
ADTS Frame buffer_fullness=255 blocks=1 buf=464
filling data 464
DecoderError { code: 8199, message: "The channel configuration (either number or arrangement) is not supported." }
ADTS Frame buffer_fullness=255 blocks=1 buf=447
filling data 447
DecoderError { code: 8199, message: "The channel configuration (either number or arrangement) is not supported." }
ADTS Frame buffer_fullness=255 blocks=1 buf=501
filling data 501
DecoderError { code: 8199, message: "The channel configuration (either number or arrangement) is not supported." }
ADTS Frame buffer_fullness=255 blocks=1 buf=469
filling data 469
DecoderError { code: 8199, message: "The channel configuration (either number or arrangement) is not supported." }
ADTS Frame buffer_fullness=255 blocks=1 buf=468
filling data 468
DecoderError { code: 8199, message: "The channel configuration (either number or arrangement) is not supported." }
ADTS Frame buffer_fullness=255 blocks=1 buf=536
filling data 536
DecoderError { code: 8199, message: "The channel configuration (either number or arrangement) is not supported." }
ADTS Frame buffer_fullness=255 blocks=1 buf=550
filling data 550
DecoderError { code: 8199, message: "The channel configuration (either number or arrangement) is not supported." }
ADTS Frame buffer_fullness=255 blocks=1 buf=475
filling data 475
DecoderError { code: 8199, message: "The channel configuration (either number or arrangement) is not supported." }
ADTS Frame buffer_fullness=255 blocks=1 buf=498
filling data 498
DecoderError { code: 8199, message: "The channel configuration (either number or arrangement) is not supported." }
ADTS Frame buffer_fullness=255 blocks=1 buf=469
filling data 469
DecoderError { code: 8199, message: "The channel configuration (either number or arrangement) is not supported." }
ADTS Frame buffer_fullness=255 blocks=1 buf=514
filling data 514
DecoderError { code: 8199, message: "The channel configuration (either number or arrangement) is not supported." }
ADTS Frame buffer_fullness=255 blocks=1 buf=512
filling data 512
DecoderError { code: 8199, message: "The channel configuration (either number or arrangement) is not supported." }
ADTS Frame buffer_fullness=255 blocks=1 buf=507
filling data 507
DecoderError { code: 8199, message: "The channel configuration (either number or arrangement) is not supported." }
ADTS Frame buffer_fullness=255 blocks=1 buf=465
filling data 465
DecoderError { code: 8199, message: "The channel configuration (either number or arrangement) is not supported." }
ADTS Frame buffer_fullness=255 blocks=1 buf=490
filling data 490
DecoderError { code: 8199, message: "The channel configuration (either number or arrangement) is not supported." }
ADTS Frame buffer_fullness=255 blocks=1 buf=488
filling data 488
DecoderError { code: 8199, message: "The channel configuration (either number or arrangement) is not supported." }
ADTS Frame buffer_fullness=255 blocks=1 buf=482
filling data 482
DecoderError { code: 8199, message: "The channel configuration (either number or arrangement) is not supported." }
ADTS Frame buffer_fullness=255 blocks=1 buf=484
filling data 484
DecoderError { code: 8199, message: "The channel configuration (either number or arrangement) is not supported." }
ADTS Frame buffer_fullness=255 blocks=1 buf=482
filling data 482
DecoderError { code: 8199, message: "The channel configuration (either number or arrangement) is not supported." }
ADTS Frame buffer_fullness=255 blocks=1 buf=495
filling data 495
DecoderError { code: 8199, message: "The channel configuration (either number or arrangement) is not supported." }
ADTS Frame buffer_fullness=255 blocks=1 buf=521
filling data 521
DecoderError { code: 8199, message: "The channel configuration (either number or arrangement) is not supported." }
ADTS Frame buffer_fullness=255 blocks=1 buf=468
filling data 468
DecoderError { code: 8199, message: "The channel configuration (either number or arrangement) is not supported." }
ADTS Frame buffer_fullness=255 blocks=1 buf=466
filling data 466
DecoderError { code: 8199, message: "The channel configuration (either number or arrangement) is not supported." }
ADTS Frame buffer_fullness=255 blocks=1 buf=440
filling data 440
DecoderError { code: 8199, message: "The channel configuration (either number or arrangement) is not supported." }
ADTS Frame buffer_fullness=255 blocks=1 buf=446
filling data 446
DecoderError { code: 8199, message: "The channel configuration (either number or arrangement) is not supported." }
ADTS Frame buffer_fullness=255 blocks=1 buf=462
filling data 462
DecoderError { code: 8199, message: "The channel configuration (either number or arrangement) is not supported." }
ADTS Frame buffer_fullness=255 blocks=1 buf=438
filling data 438
DecoderError { code: 8199, message: "The channel configuration (either number or arrangement) is not supported." }
ADTS Frame buffer_fullness=255 blocks=1 buf=435
filling data 435
DecoderError { code: 8199, message: "The channel configuration (either number or arrangement) is not supported." }
ADTS Frame buffer_fullness=255 blocks=1 buf=436
filling data 436
DecoderError { code: 8199, message: "The channel configuration (either number or arrangement) is not supported." }
ADTS Frame buffer_fullness=255 blocks=1 buf=482
filling data 482
DecoderError { code: 8199, message: "The channel configuration (either number or arrangement) is not supported." }
ADTS Frame buffer_fullness=255 blocks=1 buf=455
filling data 455
DecoderError { code: 8199, message: "The channel configuration (either number or arrangement) is not supported." }
ADTS Frame buffer_fullness=255 blocks=1 buf=465
filling data 465
DecoderError { code: 8199, message: "The channel configuration (either number or arrangement) is not supported." }
ADTS Frame buffer_fullness=255 blocks=1 buf=476
filling data 476
DecoderError { code: 8199, message: "The channel configuration (either number or arrangement) is not supported." }
ADTS Frame buffer_fullness=255 blocks=1 buf=489
filling data 489
DecoderError { code: 8199, message: "The channel configuration (either number or arrangement) is not supported." }
ADTS Frame buffer_fullness=255 blocks=1 buf=480
filling data 480
DecoderError { code: 8199, message: "The channel configuration (either number or arrangement) is not supported." }
ADTS Frame buffer_fullness=255 blocks=1 buf=465
filling data 465
DecoderError { code: 8199, message: "The channel configuration (either number or arrangement) is not supported." }
ADTS Frame buffer_fullness=255 blocks=1 buf=469
filling data 469
DecoderError { code: 8199, message: "The channel configuration (either number or arrangement) is not supported." }
ADTS Frame buffer_fullness=255 blocks=1 buf=500
filling data 500
DecoderError { code: 8199, message: "The channel configuration (either number or arrangement) is not supported." }
ADTS Frame buffer_fullness=255 blocks=1 buf=440
filling data 440
DecoderError { code: 8199, message: "The channel configuration (either number or arrangement) is not supported." }
ADTS Frame buffer_fullness=255 blocks=1 buf=446
filling data 446
DecoderError { code: 8199, message: "The channel configuration (either number or arrangement) is not supported." }
ADTS Frame buffer_fullness=255 blocks=1 buf=431
filling data 431
DecoderError { code: 8199, message: "The channel configuration (either number or arrangement) is not supported." }
ADTS Frame buffer_fullness=255 blocks=1 buf=480
filling data 480
DecoderError { code: 8199, message: "The channel configuration (either number or arrangement) is not supported." }
ADTS Frame buffer_fullness=255 blocks=1 buf=453
filling data 453
DecoderError { code: 8199, message: "The channel configuration (either number or arrangement) is not supported." }
ADTS Frame buffer_fullness=255 blocks=1 buf=475
filling data 475
DecoderError { code: 8199, message: "The channel configuration (either number or arrangement) is not supported." }
ADTS Frame buffer_fullness=255 blocks=1 buf=490
filling data 490
DecoderError { code: 8199, message: "The channel configuration (either number or arrangement) is not supported." }
ADTS Frame buffer_fullness=255 blocks=1 buf=486
filling data 486
DecoderError { code: 8199, message: "The channel configuration (either number or arrangement) is not supported." }
ADTS Frame buffer_fullness=255 blocks=1 buf=507
filling data 507
DecoderError { code: 8199, message: "The channel configuration (either number or arrangement) is not supported." }
ADTS Frame buffer_fullness=255 blocks=1 buf=505
filling data 505
DecoderError { code: 8199, message: "The channel configuration (either number or arrangement) is not supported." }
ADTS Frame buffer_fullness=255 blocks=1 buf=518
filling data 518
DecoderError { code: 8199, message: "The channel configuration (either number or arrangement) is not supported." }
ADTS Frame buffer_fullness=255 blocks=1 buf=486
filling data 486
DecoderError { code: 8199, message: "The channel configuration (either number or arrangement) is not supported." }
ADTS Frame buffer_fullness=255 blocks=1 buf=499
filling data 499
DecoderError { code: 8199, message: "The channel configuration (either number or arrangement) is not supported." }
ADTS Frame buffer_fullness=255 blocks=1 buf=530
filling data 530
DecoderError { code: 8199, message: "The channel configuration (either number or arrangement) is not supported." }
ADTS Frame buffer_fullness=255 blocks=1 buf=441
filling data 441
DecoderError { code: 8199, message: "The channel configuration (either number or arrangement) is not supported." }
ADTS Frame buffer_fullness=255 blocks=1 buf=466
filling data 466
DecoderError { code: 8199, message: "The channel configuration (either number or arrangement) is not supported." }
ADTS Frame buffer_fullness=255 blocks=1 buf=463
filling data 463
DecoderError { code: 8199, message: "The channel configuration (either number or arrangement) is not supported." }
ADTS Frame buffer_fullness=255 blocks=1 buf=444
filling data 444
DecoderError { code: 8199, message: "The channel configuration (either number or arrangement) is not supported." }
ADTS Frame buffer_fullness=255 blocks=1 buf=493
filling data 493
DecoderError { code: 8199, message: "The channel configuration (either number or arrangement) is not supported." }
ADTS Frame buffer_fullness=255 blocks=1 buf=504
filling data 504
DecoderError { code: 8199, message: "The channel configuration (either number or arrangement) is not supported." }
ADTS Frame buffer_fullness=255 blocks=1 buf=461
filling data 461
DecoderError { code: 8199, message: "The channel configuration (either number or arrangement) is not supported." }
ADTS Frame buffer_fullness=255 blocks=1 buf=478
filling data 478
DecoderError { code: 8199, message: "The channel configuration (either number or arrangement) is not supported." }
ADTS Frame buffer_fullness=255 blocks=1 buf=575
filling data 575
DecoderError { code: 8199, message: "The channel configuration (either number or arrangement) is not supported." }
ADTS Frame buffer_fullness=255 blocks=1 buf=544
filling data 544
DecoderError { code: 8199, message: "The channel configuration (either number or arrangement) is not supported." }
ADTS Frame buffer_fullness=255 blocks=1 buf=533
filling data 533
DecoderError { code: 8199, message: "The channel configuration (either number or arrangement) is not supported." }
ADTS Frame buffer_fullness=255 blocks=1 buf=491
filling data 491
DecoderError { code: 8199, message: "The channel configuration (either number or arrangement) is not supported." }
ADTS Frame buffer_fullness=255 blocks=1 buf=480
filling data 480
DecoderError { code: 8199, message: "The channel configuration (either number or arrangement) is not supported." }
ADTS Frame buffer_fullness=255 blocks=1 buf=495
filling data 495
DecoderError { code: 8199, message: "The channel configuration (either number or arrangement) is not supported." }
ADTS Frame buffer_fullness=255 blocks=1 buf=470
filling data 470
DecoderError { code: 8199, message: "The channel configuration (either number or arrangement) is not supported." }
ADTS Frame buffer_fullness=255 blocks=1 buf=446
filling data 446
DecoderError { code: 8199, message: "The channel configuration (either number or arrangement) is not supported." }
ADTS Frame buffer_fullness=255 blocks=1 buf=499
filling data 499
DecoderError { code: 8199, message: "The channel configuration (either number or arrangement) is not supported." }
ADTS Frame buffer_fullness=255 blocks=1 buf=478
filling data 478
DecoderError { code: 8199, message: "The channel configuration (either number or arrangement) is not supported." }
ADTS Frame buffer_fullness=255 blocks=1 buf=494
filling data 494
DecoderError { code: 8199, message: "The channel configuration (either number or arrangement) is not supported." }
ADTS Frame buffer_fullness=255 blocks=1 buf=443
filling data 443
DecoderError { code: 8199, message: "The channel configuration (either number or arrangement) is not supported." }
ADTS Frame buffer_fullness=255 blocks=1 buf=488
filling data 488
DecoderError { code: 8199, message: "The channel configuration (either number or arrangement) is not supported." }
ADTS Frame buffer_fullness=255 blocks=1 buf=477
filling data 477
DecoderError { code: 8199, message: "The channel configuration (either number or arrangement) is not supported." }
ADTS Frame buffer_fullness=255 blocks=1 buf=440
filling data 440
DecoderError { code: 8199, message: "The channel configuration (either number or arrangement) is not supported." }
ADTS Frame buffer_fullness=255 blocks=1 buf=499
filling data 499
DecoderError { code: 8199, message: "The channel configuration (either number or arrangement) is not supported." }
ADTS Frame buffer_fullness=255 blocks=1 buf=492
filling data 492
DecoderError { code: 8199, message: "The channel configuration (either number or arrangement) is not supported." }
ADTS Frame buffer_fullness=255 blocks=1 buf=432
filling data 432
DecoderError { code: 8199, message: "The channel configuration (either number or arrangement) is not supported." }
ADTS Frame buffer_fullness=255 blocks=1 buf=497
filling data 497
DecoderError { code: 8199, message: "The channel configuration (either number or arrangement) is not supported." }
ADTS Frame buffer_fullness=255 blocks=1 buf=473
filling data 473
DecoderError { code: 8199, message: "The channel configuration (either number or arrangement) is not supported." }
ADTS Frame buffer_fullness=255 blocks=1 buf=489
filling data 489
DecoderError { code: 8199, message: "The channel configuration (either number or arrangement) is not supported." }
ADTS Frame buffer_fullness=255 blocks=1 buf=518
filling data 518
DecoderError { code: 8199, message: "The channel configuration (either number or arrangement) is not supported." }
ADTS Frame buffer_fullness=255 blocks=1 buf=538
filling data 538
DecoderError { code: 8199, message: "The channel configuration (either number or arrangement) is not supported." }
ADTS Frame buffer_fullness=255 blocks=1 buf=491
filling data 491
DecoderError { code: 8199, message: "The channel configuration (either number or arrangement) is not supported." }
ADTS Frame buffer_fullness=255 blocks=1 buf=501
filling data 501
DecoderError { code: 8199, message: "The channel configuration (either number or arrangement) is not supported." }
ADTS Frame buffer_fullness=255 blocks=1 buf=457
filling data 457
DecoderError { code: 8199, message: "The channel configuration (either number or arrangement) is not supported." }
ADTS Frame buffer_fullness=255 blocks=1 buf=491
filling data 491
DecoderError { code: 8199, message: "The channel configuration (either number or arrangement) is not supported." }
ADTS Frame buffer_fullness=255 blocks=1 buf=437
filling data 437
DecoderError { code: 8199, message: "The channel configuration (either number or arrangement) is not supported." }
ADTS Frame buffer_fullness=255 blocks=1 buf=473
filling data 473
DecoderError { code: 8199, message: "The channel configuration (either number or arrangement) is not supported." }
ADTS Frame buffer_fullness=255 blocks=1 buf=464
filling data 464
DecoderError { code: 8199, message: "The channel configuration (either number or arrangement) is not supported." }
ADTS Frame buffer_fullness=255 blocks=1 buf=481
filling data 481
DecoderError { code: 8199, message: "The channel configuration (either number or arrangement) is not supported." }
ADTS Frame buffer_fullness=255 blocks=1 buf=575
filling data 575
DecoderError { code: 8199, message: "The channel configuration (either number or arrangement) is not supported." }
ADTS Frame buffer_fullness=255 blocks=1 buf=566
filling data 566
DecoderError { code: 8199, message: "The channel configuration (either number or arrangement) is not supported." }
ADTS Frame buffer_fullness=255 blocks=1 buf=571
filling data 571
DecoderError { code: 8199, message: "The channel configuration (either number or arrangement) is not supported." }
ADTS Frame buffer_fullness=255 blocks=1 buf=530
filling data 530
DecoderError { code: 8199, message: "The channel configuration (either number or arrangement) is not supported." }
ADTS Frame buffer_fullness=255 blocks=1 buf=477
filling data 477
DecoderError { code: 8199, message: "The channel configuration (either number or arrangement) is not supported." }
ADTS Frame buffer_fullness=255 blocks=1 buf=503
filling data 503
DecoderError { code: 8199, message: "The channel configuration (either number or arrangement) is not supported." }
ADTS Frame buffer_fullness=255 blocks=1 buf=520
filling data 520
DecoderError { code: 8199, message: "The channel configuration (either number or arrangement) is not supported." }
ADTS Frame buffer_fullness=255 blocks=1 buf=530
filling data 530
DecoderError { code: 8199, message: "The channel configuration (either number or arrangement) is not supported." }
ADTS Frame buffer_fullness=255 blocks=1 buf=581
filling data 581
DecoderError { code: 8199, message: "The channel configuration (either number or arrangement) is not supported." }
ADTS Frame buffer_fullness=255 blocks=1 buf=525
filling data 525
DecoderError { code: 8199, message: "The channel configuration (either number or arrangement) is not supported." }
ADTS Frame buffer_fullness=255 blocks=1 buf=464
filling data 464
DecoderError { code: 8199, message: "The channel configuration (either number or arrangement) is not supported." }
ADTS Frame buffer_fullness=255 blocks=1 buf=480
filling data 480
DecoderError { code: 8199, message: "The channel configuration (either number or arrangement) is not supported." }
ADTS Frame buffer_fullness=255 blocks=1 buf=503
filling data 503
DecoderError { code: 8199, message: "The channel configuration (either number or arrangement) is not supported." }
ADTS Frame buffer_fullness=255 blocks=1 buf=483
filling data 483
DecoderError { code: 8199, message: "The channel configuration (either number or arrangement) is not supported." }
ADTS Frame buffer_fullness=255 blocks=1 buf=563
filling data 563
DecoderError { code: 8199, message: "The channel configuration (either number or arrangement) is not supported." }
ADTS Frame buffer_fullness=255 blocks=1 buf=558
filling data 558
DecoderError { code: 8199, message: "The channel configuration (either number or arrangement) is not supported." }
ADTS Frame buffer_fullness=255 blocks=1 buf=546
filling data 546
DecoderError { code: 8199, message: "The channel configuration (either number or arrangement) is not supported." }
ADTS Frame buffer_fullness=255 blocks=1 buf=481
filling data 481
DecoderError { code: 8199, message: "The channel configuration (either number or arrangement) is not supported." }
ADTS Frame buffer_fullness=255 blocks=1 buf=551
filling data 551
DecoderError { code: 8199, message: "The channel configuration (either number or arrangement) is not supported." }
ADTS Frame buffer_fullness=255 blocks=1 buf=479
filling data 479
DecoderError { code: 8199, message: "The channel configuration (either number or arrangement) is not supported." }
ADTS Frame buffer_fullness=255 blocks=1 buf=519
filling data 519
DecoderError { code: 8199, message: "The channel configuration (either number or arrangement) is not supported." }
ADTS Frame buffer_fullness=255 blocks=1 buf=496
filling data 496
DecoderError { code: 8199, message: "The channel configuration (either number or arrangement) is not supported." }
ADTS Frame buffer_fullness=255 blocks=1 buf=451
filling data 451
DecoderError { code: 8199, message: "The channel configuration (either number or arrangement) is not supported." }
ADTS Frame buffer_fullness=255 blocks=1 buf=458
filling data 458
DecoderError { code: 8199, message: "The channel configuration (either number or arrangement) is not supported." }
ADTS Frame buffer_fullness=255 blocks=1 buf=453
filling data 453
DecoderError { code: 8199, message: "The channel configuration (either number or arrangement) is not supported." }
ADTS Frame buffer_fullness=255 blocks=1 buf=444
filling data 444
DecoderError { code: 8199, message: "The channel configuration (either number or arrangement) is not supported." }
ADTS Frame buffer_fullness=255 blocks=1 buf=480
filling data 480
DecoderError { code: 8199, message: "The channel configuration (either number or arrangement) is not supported." }
ADTS Frame buffer_fullness=255 blocks=1 buf=465
filling data 465
DecoderError { code: 8199, message: "The channel configuration (either number or arrangement) is not supported." }
ADTS Frame buffer_fullness=255 blocks=1 buf=495
filling data 495
DecoderError { code: 8199, message: "The channel configuration (either number or arrangement) is not supported." }
ADTS Frame buffer_fullness=255 blocks=1 buf=477
filling data 477
DecoderError { code: 8199, message: "The channel configuration (either number or arrangement) is not supported." }
ADTS Frame buffer_fullness=255 blocks=1 buf=455
filling data 455
DecoderError { code: 8199, message: "The channel configuration (either number or arrangement) is not supported." }
ADTS Frame buffer_fullness=255 blocks=1 buf=522
filling data 522
DecoderError { code: 8199, message: "The channel configuration (either number or arrangement) is not supported." }
ADTS Frame buffer_fullness=255 blocks=1 buf=437
filling data 437
DecoderError { code: 8199, message: "The channel configuration (either number or arrangement) is not supported." }
ADTS Frame buffer_fullness=255 blocks=1 buf=475
filling data 475
DecoderError { code: 8199, message: "The channel configuration (either number or arrangement) is not supported." }
ADTS Frame buffer_fullness=255 blocks=1 buf=504
filling data 504
DecoderError { code: 8199, message: "The channel configuration (either number or arrangement) is not supported." }
ADTS Frame buffer_fullness=255 blocks=1 buf=476
filling data 476
DecoderError { code: 8199, message: "The channel configuration (either number or arrangement) is not supported." }
ADTS Frame buffer_fullness=255 blocks=1 buf=456
filling data 456
DecoderError { code: 8199, message: "The channel configuration (either number or arrangement) is not supported." }
ADTS Frame buffer_fullness=255 blocks=1 buf=455
filling data 455
DecoderError { code: 8199, message: "The channel configuration (either number or arrangement) is not supported." }
ADTS Frame buffer_fullness=255 blocks=1 buf=449
filling data 449
DecoderError { code: 8199, message: "The channel configuration (either number or arrangement) is not supported." }
ADTS Frame buffer_fullness=255 blocks=1 buf=492
filling data 492
DecoderError { code: 8199, message: "The channel configuration (either number or arrangement) is not supported." }
ADTS Frame buffer_fullness=255 blocks=1 buf=534
filling data 534
DecoderError { code: 8199, message: "The channel configuration (either number or arrangement) is not supported." }
ADTS Frame buffer_fullness=255 blocks=1 buf=493
filling data 493
DecoderError { code: 8199, message: "The channel configuration (either number or arrangement) is not supported." }
ADTS Frame buffer_fullness=255 blocks=1 buf=503
filling data 503
DecoderError { code: 8199, message: "The channel configuration (either number or arrangement) is not supported." }
ADTS Frame buffer_fullness=255 blocks=1 buf=517
filling data 517
DecoderError { code: 8199, message: "The channel configuration (either number or arrangement) is not supported." }
ADTS Frame buffer_fullness=255 blocks=1 buf=522
filling data 522
DecoderError { code: 8199, message: "The channel configuration (either number or arrangement) is not supported." }
ADTS Frame buffer_fullness=255 blocks=1 buf=584
filling data 584
DecoderError { code: 8199, message: "The channel configuration (either number or arrangement) is not supported." }
ADTS Frame buffer_fullness=255 blocks=1 buf=498
filling data 498
DecoderError { code: 8199, message: "The channel configuration (either number or arrangement) is not supported." }
ADTS Frame buffer_fullness=255 blocks=1 buf=452
filling data 452
DecoderError { code: 8199, message: "The channel configuration (either number or arrangement) is not supported." }
ADTS Frame buffer_fullness=255 blocks=1 buf=525
filling data 525
DecoderError { code: 8199, message: "The channel configuration (either number or arrangement) is not supported." }
ADTS Frame buffer_fullness=255 blocks=1 buf=464
filling data 464
DecoderError { code: 8199, message: "The channel configuration (either number or arrangement) is not supported." }
ADTS Frame buffer_fullness=255 blocks=1 buf=522
filling data 522
DecoderError { code: 8199, message: "The channel configuration (either number or arrangement) is not supported." }
ADTS Frame buffer_fullness=255 blocks=1 buf=522
filling data 522
DecoderError { code: 8199, message: "The channel configuration (either number or arrangement) is not supported." }
ADTS Frame buffer_fullness=255 blocks=1 buf=444
filling data 444
DecoderError { code: 8199, message: "The channel configuration (either number or arrangement) is not supported." }
ADTS Frame buffer_fullness=255 blocks=1 buf=485
filling data 485
DecoderError { code: 8199, message: "The channel configuration (either number or arrangement) is not supported." }
ADTS Frame buffer_fullness=255 blocks=1 buf=475
filling data 475
DecoderError { code: 8199, message: "The channel configuration (either number or arrangement) is not supported." }
ADTS Frame buffer_fullness=255 blocks=1 buf=457
filling data 457
DecoderError { code: 8199, message: "The channel configuration (either number or arrangement) is not supported." }
ADTS Frame buffer_fullness=255 blocks=1 buf=475
filling data 475
DecoderError { code: 8199, message: "The channel configuration (either number or arrangement) is not supported." }
ADTS Frame buffer_fullness=255 blocks=1 buf=458
filling data 458
DecoderError { code: 8199, message: "The channel configuration (either number or arrangement) is not supported." }
ADTS Frame buffer_fullness=255 blocks=1 buf=472
filling data 472
DecoderError { code: 8199, message: "The channel configuration (either number or arrangement) is not supported." }
ADTS Frame buffer_fullness=255 blocks=1 buf=450
filling data 450
DecoderError { code: 8199, message: "The channel configuration (either number or arrangement) is not supported." }
ADTS Frame buffer_fullness=255 blocks=1 buf=437
filling data 437
DecoderError { code: 8199, message: "The channel configuration (either number or arrangement) is not supported." }
ADTS Frame buffer_fullness=255 blocks=1 buf=459
filling data 459
DecoderError { code: 8199, message: "The channel configuration (either number or arrangement) is not supported." }
ADTS Frame buffer_fullness=255 blocks=1 buf=483
filling data 483
DecoderError { code: 8199, message: "The channel configuration (either number or arrangement) is not supported." }
ADTS Frame buffer_fullness=255 blocks=1 buf=487
filling data 487
DecoderError { code: 8199, message: "The channel configuration (either number or arrangement) is not supported." }
ADTS Frame buffer_fullness=255 blocks=1 buf=529
filling data 529
DecoderError { code: 8199, message: "The channel configuration (either number or arrangement) is not supported." }
ADTS Frame buffer_fullness=255 blocks=1 buf=473
filling data 473
DecoderError { code: 8199, message: "The channel configuration (either number or arrangement) is not supported." }
ADTS Frame buffer_fullness=255 blocks=1 buf=452
filling data 452
DecoderError { code: 8199, message: "The channel configuration (either number or arrangement) is not supported." }
ADTS Frame buffer_fullness=255 blocks=1 buf=496
filling data 496
DecoderError { code: 8199, message: "The channel configuration (either number or arrangement) is not supported." }
ADTS Frame buffer_fullness=255 blocks=1 buf=504
filling data 504
DecoderError { code: 8199, message: "The channel configuration (either number or arrangement) is not supported." }
ADTS Frame buffer_fullness=255 blocks=1 buf=463
filling data 463
DecoderError { code: 8199, message: "The channel configuration (either number or arrangement) is not supported." }
ADTS Frame buffer_fullness=255 blocks=1 buf=468
filling data 468
DecoderError { code: 8199, message: "The channel configuration (either number or arrangement) is not supported." }
ADTS Frame buffer_fullness=255 blocks=1 buf=452
filling data 452
DecoderError { code: 8199, message: "The channel configuration (either number or arrangement) is not supported." }
ADTS Frame buffer_fullness=255 blocks=1 buf=472
filling data 472
DecoderError { code: 8199, message: "The channel configuration (either number or arrangement) is not supported." }
ADTS Frame buffer_fullness=255 blocks=1 buf=513
filling data 513
DecoderError { code: 8199, message: "The channel configuration (either number or arrangement) is not supported." }
ADTS Frame buffer_fullness=255 blocks=1 buf=473
filling data 473
DecoderError { code: 8199, message: "The channel configuration (either number or arrangement) is not supported." }
ADTS Frame buffer_fullness=255 blocks=1 buf=529
filling data 529
DecoderError { code: 8199, message: "The channel configuration (either number or arrangement) is not supported." }
ADTS Frame buffer_fullness=255 blocks=1 buf=491
filling data 491
DecoderError { code: 8199, message: "The channel configuration (either number or arrangement) is not supported." }
ADTS Frame buffer_fullness=255 blocks=1 buf=490
filling data 490
DecoderError { code: 8199, message: "The channel configuration (either number or arrangement) is not supported." }
ADTS Frame buffer_fullness=255 blocks=1 buf=473
filling data 473
DecoderError { code: 8199, message: "The channel configuration (either number or arrangement) is not supported." }
ADTS Frame buffer_fullness=255 blocks=1 buf=603
filling data 603
DecoderError { code: 8199, message: "The channel configuration (either number or arrangement) is not supported." }
ADTS Frame buffer_fullness=255 blocks=1 buf=600
filling data 600
DecoderError { code: 8199, message: "The channel configuration (either number or arrangement) is not supported." }
ADTS Frame buffer_fullness=255 blocks=1 buf=634
filling data 634
DecoderError { code: 8199, message: "The channel configuration (either number or arrangement) is not supported." }
ADTS Frame buffer_fullness=255 blocks=1 buf=593
filling data 593
DecoderError { code: 8199, message: "The channel configuration (either number or arrangement) is not supported." }
ADTS Frame buffer_fullness=255 blocks=1 buf=675
filling data 675
DecoderError { code: 8199, message: "The channel configuration (either number or arrangement) is not supported." }
ADTS Frame buffer_fullness=255 blocks=1 buf=638
filling data 638
DecoderError { code: 8199, message: "The channel configuration (either number or arrangement) is not supported." }
ADTS Frame buffer_fullness=255 blocks=1 buf=557
filling data 557
DecoderError { code: 8199, message: "The channel configuration (either number or arrangement) is not supported." }
ADTS Frame buffer_fullness=255 blocks=1 buf=560
filling data 560
DecoderError { code: 8199, message: "The channel configuration (either number or arrangement) is not supported." }
ADTS Frame buffer_fullness=255 blocks=1 buf=527
filling data 527
DecoderError { code: 8199, message: "The channel configuration (either number or arrangement) is not supported." }
ADTS Frame buffer_fullness=255 blocks=1 buf=484
filling data 484
DecoderError { code: 8199, message: "The channel configuration (either number or arrangement) is not supported." }
ADTS Frame buffer_fullness=255 blocks=1 buf=489
filling data 489
DecoderError { code: 8199, message: "The channel configuration (either number or arrangement) is not supported." }
ADTS Frame buffer_fullness=255 blocks=1 buf=492
filling data 492
DecoderError { code: 8199, message: "The channel configuration (either number or arrangement) is not supported." }
ADTS Frame buffer_fullness=255 blocks=1 buf=438
filling data 438
DecoderError { code: 8199, message: "The channel configuration (either number or arrangement) is not supported." }
ADTS Frame buffer_fullness=255 blocks=1 buf=441
filling data 441
DecoderError { code: 8199, message: "The channel configuration (either number or arrangement) is not supported." }
ADTS Frame buffer_fullness=255 blocks=1 buf=436
filling data 436
DecoderError { code: 8199, message: "The channel configuration (either number or arrangement) is not supported." }
ADTS Frame buffer_fullness=255 blocks=1 buf=460
filling data 460
DecoderError { code: 8199, message: "The channel configuration (either number or arrangement) is not supported." }
ADTS Frame buffer_fullness=255 blocks=1 buf=443
filling data 443
DecoderError { code: 8199, message: "The channel configuration (either number or arrangement) is not supported." }
ADTS Frame buffer_fullness=255 blocks=1 buf=439
filling data 439
DecoderError { code: 8199, message: "The channel configuration (either number or arrangement) is not supported." }
ADTS Frame buffer_fullness=255 blocks=1 buf=462
filling data 462
DecoderError { code: 8199, message: "The channel configuration (either number or arrangement) is not supported." }
ADTS Frame buffer_fullness=255 blocks=1 buf=414
filling data 414
DecoderError { code: 8199, message: "The channel configuration (either number or arrangement) is not supported." }
ADTS Frame buffer_fullness=255 blocks=1 buf=404
filling data 404
DecoderError { code: 8199, message: "The channel configuration (either number or arrangement) is not supported." }
ADTS Frame buffer_fullness=255 blocks=1 buf=396
filling data 396
DecoderError { code: 8199, message: "The channel configuration (either number or arrangement) is not supported." }
ADTS Frame buffer_fullness=255 blocks=1 buf=471
filling data 471
DecoderError { code: 8199, message: "The channel configuration (either number or arrangement) is not supported." }
ADTS Frame buffer_fullness=255 blocks=1 buf=473
filling data 473
DecoderError { code: 8199, message: "The channel configuration (either number or arrangement) is not supported." }
ADTS Frame buffer_fullness=255 blocks=1 buf=548
filling data 548
DecoderError { code: 8199, message: "The channel configuration (either number or arrangement) is not supported." }
ADTS Frame buffer_fullness=255 blocks=1 buf=631
filling data 631
DecoderError { code: 8199, message: "The channel configuration (either number or arrangement) is not supported." }
ADTS Frame buffer_fullness=255 blocks=1 buf=601
filling data 601
DecoderError { code: 8199, message: "The channel configuration (either number or arrangement) is not supported." }
ADTS Frame buffer_fullness=255 blocks=1 buf=571
filling data 571
DecoderError { code: 8199, message: "The channel configuration (either number or arrangement) is not supported." }
ADTS Frame buffer_fullness=255 blocks=1 buf=598
filling data 598
DecoderError { code: 8199, message: "The channel configuration (either number or arrangement) is not supported." }
ADTS Frame buffer_fullness=255 blocks=1 buf=540
filling data 540
DecoderError { code: 8199, message: "The channel configuration (either number or arrangement) is not supported." }
ADTS Frame buffer_fullness=255 blocks=1 buf=530
filling data 530
DecoderError { code: 8199, message: "The channel configuration (either number or arrangement) is not supported." }
ADTS Frame buffer_fullness=255 blocks=1 buf=512
filling data 512
DecoderError { code: 8199, message: "The channel configuration (either number or arrangement) is not supported." }
ADTS Frame buffer_fullness=255 blocks=1 buf=545
filling data 545
DecoderError { code: 8199, message: "The channel configuration (either number or arrangement) is not supported." }
ADTS Frame buffer_fullness=255 blocks=1 buf=573
filling data 573
DecoderError { code: 8199, message: "The channel configuration (either number or arrangement) is not supported." }
ADTS Frame buffer_fullness=255 blocks=1 buf=629
filling data 629
DecoderError { code: 8199, message: "The channel configuration (either number or arrangement) is not supported." }
ADTS Frame buffer_fullness=255 blocks=1 buf=549
filling data 549
DecoderError { code: 8199, message: "The channel configuration (either number or arrangement) is not supported." }
ADTS Frame buffer_fullness=255 blocks=1 buf=538
filling data 538
DecoderError { code: 8199, message: "The channel configuration (either number or arrangement) is not supported." }
ADTS Frame buffer_fullness=255 blocks=1 buf=501
filling data 501
DecoderError { code: 8199, message: "The channel configuration (either number or arrangement) is not supported." }
ADTS Frame buffer_fullness=255 blocks=1 buf=530
filling data 530
DecoderError { code: 8199, message: "The channel configuration (either number or arrangement) is not supported." }
ADTS Frame buffer_fullness=255 blocks=1 buf=610
filling data 610
DecoderError { code: 8199, message: "The channel configuration (either number or arrangement) is not supported." }
ADTS Frame buffer_fullness=255 blocks=1 buf=577
filling data 577
DecoderError { code: 8199, message: "The channel configuration (either number or arrangement) is not supported." }
ADTS Frame buffer_fullness=255 blocks=1 buf=486
filling data 486
DecoderError { code: 8199, message: "The channel configuration (either number or arrangement) is not supported." }
ADTS Frame buffer_fullness=255 blocks=1 buf=506
filling data 506
DecoderError { code: 8199, message: "The channel configuration (either number or arrangement) is not supported." }
ADTS Frame buffer_fullness=255 blocks=1 buf=466
filling data 466
DecoderError { code: 8199, message: "The channel configuration (either number or arrangement) is not supported." }
ADTS Frame buffer_fullness=255 blocks=1 buf=453
filling data 453
DecoderError { code: 8199, message: "The channel configuration (either number or arrangement) is not supported." }
ADTS Frame buffer_fullness=255 blocks=1 buf=423
filling data 423
DecoderError { code: 8199, message: "The channel configuration (either number or arrangement) is not supported." }
ADTS Frame buffer_fullness=255 blocks=1 buf=443
filling data 443
DecoderError { code: 8199, message: "The channel configuration (either number or arrangement) is not supported." }
ADTS Frame buffer_fullness=255 blocks=1 buf=417
filling data 417
DecoderError { code: 8199, message: "The channel configuration (either number or arrangement) is not supported." }
ADTS Frame buffer_fullness=255 blocks=1 buf=506
filling data 506
DecoderError { code: 8199, message: "The channel configuration (either number or arrangement) is not supported." }
ADTS Frame buffer_fullness=255 blocks=1 buf=452
filling data 452
DecoderError { code: 8199, message: "The channel configuration (either number or arrangement) is not supported." }
ADTS Frame buffer_fullness=255 blocks=1 buf=506
filling data 506
DecoderError { code: 8199, message: "The channel configuration (either number or arrangement) is not supported." }
ADTS Frame buffer_fullness=255 blocks=1 buf=564
filling data 564
DecoderError { code: 8199, message: "The channel configuration (either number or arrangement) is not supported." }
ADTS Frame buffer_fullness=255 blocks=1 buf=494
filling data 494
DecoderError { code: 8199, message: "The channel configuration (either number or arrangement) is not supported." }
ADTS Frame buffer_fullness=255 blocks=1 buf=486
filling data 486
DecoderError { code: 8199, message: "The channel configuration (either number or arrangement) is not supported." }
ADTS Frame buffer_fullness=255 blocks=1 buf=475
filling data 475
DecoderError { code: 8199, message: "The channel configuration (either number or arrangement) is not supported." }
ADTS Frame buffer_fullness=255 blocks=1 buf=540
filling data 540
DecoderError { code: 8199, message: "The channel configuration (either number or arrangement) is not supported." }
ADTS Frame buffer_fullness=255 blocks=1 buf=483
filling data 483
DecoderError { code: 8199, message: "The channel configuration (either number or arrangement) is not supported." }
ADTS Frame buffer_fullness=255 blocks=1 buf=491
filling data 491
DecoderError { code: 8199, message: "The channel configuration (either number or arrangement) is not supported." }
ADTS Frame buffer_fullness=255 blocks=1 buf=484
filling data 484
DecoderError { code: 8199, message: "The channel configuration (either number or arrangement) is not supported." }
ADTS Frame buffer_fullness=255 blocks=1 buf=481
filling data 481
DecoderError { code: 8199, message: "The channel configuration (either number or arrangement) is not supported." }
ADTS Frame buffer_fullness=255 blocks=1 buf=473
filling data 473
DecoderError { code: 8199, message: "The channel configuration (either number or arrangement) is not supported." }
ADTS Frame buffer_fullness=255 blocks=1 buf=496
filling data 496
DecoderError { code: 8199, message: "The channel configuration (either number or arrangement) is not supported." }
ADTS Frame buffer_fullness=255 blocks=1 buf=540
filling data 540
DecoderError { code: 8199, message: "The channel configuration (either number or arrangement) is not supported." }
ADTS Frame buffer_fullness=255 blocks=1 buf=485
filling data 485
DecoderError { code: 8199, message: "The channel configuration (either number or arrangement) is not supported." }
ADTS Frame buffer_fullness=255 blocks=1 buf=475
filling data 475
DecoderError { code: 8199, message: "The channel configuration (either number or arrangement) is not supported." }
ADTS Frame buffer_fullness=255 blocks=1 buf=455
filling data 455
DecoderError { code: 8199, message: "The channel configuration (either number or arrangement) is not supported." }
ADTS Frame buffer_fullness=255 blocks=1 buf=482
filling data 482
DecoderError { code: 8199, message: "The channel configuration (either number or arrangement) is not supported." }
ADTS Frame buffer_fullness=255 blocks=1 buf=532
filling data 532
DecoderError { code: 8199, message: "The channel configuration (either number or arrangement) is not supported." }
ADTS Frame buffer_fullness=255 blocks=1 buf=545
filling data 545
DecoderError { code: 8199, message: "The channel configuration (either number or arrangement) is not supported." }
ADTS Frame buffer_fullness=255 blocks=1 buf=512
filling data 512
DecoderError { code: 8199, message: "The channel configuration (either number or arrangement) is not supported." }
ADTS Frame buffer_fullness=255 blocks=1 buf=522
filling data 522
DecoderError { code: 8199, message: "The channel configuration (either number or arrangement) is not supported." }
ADTS Frame buffer_fullness=255 blocks=1 buf=499
filling data 499
DecoderError { code: 8199, message: "The channel configuration (either number or arrangement) is not supported." }
ADTS Frame buffer_fullness=255 blocks=1 buf=496
filling data 496
DecoderError { code: 8199, message: "The channel configuration (either number or arrangement) is not supported." }
ADTS Frame buffer_fullness=255 blocks=1 buf=505
filling data 505
DecoderError { code: 8199, message: "The channel configuration (either number or arrangement) is not supported." }
ADTS Frame buffer_fullness=255 blocks=1 buf=467
filling data 467
DecoderError { code: 8199, message: "The channel configuration (either number or arrangement) is not supported." }
ADTS Frame buffer_fullness=255 blocks=1 buf=472
filling data 472
DecoderError { code: 8199, message: "The channel configuration (either number or arrangement) is not supported." }
ADTS Frame buffer_fullness=255 blocks=1 buf=461
filling data 461
DecoderError { code: 8199, message: "The channel configuration (either number or arrangement) is not supported." }
ADTS Frame buffer_fullness=255 blocks=1 buf=520
filling data 520
DecoderError { code: 8199, message: "The channel configuration (either number or arrangement) is not supported." }
ADTS Frame buffer_fullness=255 blocks=1 buf=462
filling data 462
DecoderError { code: 8199, message: "The channel configuration (either number or arrangement) is not supported." }
ADTS Frame buffer_fullness=255 blocks=1 buf=453
filling data 453
DecoderError { code: 8199, message: "The channel configuration (either number or arrangement) is not supported." }
ADTS Frame buffer_fullness=255 blocks=1 buf=507
filling data 507
DecoderError { code: 8199, message: "The channel configuration (either number or arrangement) is not supported." }
ADTS Frame buffer_fullness=255 blocks=1 buf=478
filling data 478
DecoderError { code: 8199, message: "The channel configuration (either number or arrangement) is not supported." }
ADTS Frame buffer_fullness=255 blocks=1 buf=503
filling data 503
DecoderError { code: 8199, message: "The channel configuration (either number or arrangement) is not supported." }
ADTS Frame buffer_fullness=255 blocks=1 buf=506
filling data 506
DecoderError { code: 8199, message: "The channel configuration (either number or arrangement) is not supported." }
ADTS Frame buffer_fullness=255 blocks=1 buf=546
filling data 546
DecoderError { code: 8199, message: "The channel configuration (either number or arrangement) is not supported." }
ADTS Frame buffer_fullness=255 blocks=1 buf=523
filling data 523
DecoderError { code: 8199, message: "The channel configuration (either number or arrangement) is not supported." }
ADTS Frame buffer_fullness=255 blocks=1 buf=545
filling data 545
DecoderError { code: 8199, message: "The channel configuration (either number or arrangement) is not supported." }
ADTS Frame buffer_fullness=255 blocks=1 buf=534
filling data 534
DecoderError { code: 8199, message: "The channel configuration (either number or arrangement) is not supported." }
ADTS Frame buffer_fullness=255 blocks=1 buf=496
filling data 496
DecoderError { code: 8199, message: "The channel configuration (either number or arrangement) is not supported." }
ADTS Frame buffer_fullness=255 blocks=1 buf=468
filling data 468
DecoderError { code: 8199, message: "The channel configuration (either number or arrangement) is not supported." }
ADTS Frame buffer_fullness=255 blocks=1 buf=499
filling data 499
DecoderError { code: 8199, message: "The channel configuration (either number or arrangement) is not supported." }
ADTS Frame buffer_fullness=255 blocks=1 buf=504
filling data 504
DecoderError { code: 8199, message: "The channel configuration (either number or arrangement) is not supported." }
ADTS Frame buffer_fullness=255 blocks=1 buf=489
filling data 489
DecoderError { code: 8199, message: "The channel configuration (either number or arrangement) is not supported." }
ADTS Frame buffer_fullness=255 blocks=1 buf=529
filling data 529
DecoderError { code: 8199, message: "The channel configuration (either number or arrangement) is not supported." }
ADTS Frame buffer_fullness=255 blocks=1 buf=521
filling data 521
DecoderError { code: 8199, message: "The channel configuration (either number or arrangement) is not supported." }
ADTS Frame buffer_fullness=255 blocks=1 buf=513
filling data 513
DecoderError { code: 8199, message: "The channel configuration (either number or arrangement) is not supported." }
ADTS Frame buffer_fullness=255 blocks=1 buf=496
filling data 496
DecoderError { code: 8199, message: "The channel configuration (either number or arrangement) is not supported." }
ADTS Frame buffer_fullness=255 blocks=1 buf=465
filling data 465
DecoderError { code: 8199, message: "The channel configuration (either number or arrangement) is not supported." }
ADTS Frame buffer_fullness=255 blocks=1 buf=458
filling data 458
DecoderError { code: 8199, message: "The channel configuration (either number or arrangement) is not supported." }
ADTS Frame buffer_fullness=255 blocks=1 buf=443
filling data 443
DecoderError { code: 8199, message: "The channel configuration (either number or arrangement) is not supported." }
ADTS Frame buffer_fullness=255 blocks=1 buf=489
filling data 489
DecoderError { code: 8199, message: "The channel configuration (either number or arrangement) is not supported." }
ADTS Frame buffer_fullness=255 blocks=1 buf=473
filling data 473
DecoderError { code: 8199, message: "The channel configuration (either number or arrangement) is not supported." }
ADTS Frame buffer_fullness=255 blocks=1 buf=461
filling data 461
DecoderError { code: 8199, message: "The channel configuration (either number or arrangement) is not supported." }
ADTS Frame buffer_fullness=255 blocks=1 buf=477
filling data 477
DecoderError { code: 8199, message: "The channel configuration (either number or arrangement) is not supported." }
ADTS Frame buffer_fullness=255 blocks=1 buf=487
filling data 487
DecoderError { code: 8199, message: "The channel configuration (either number or arrangement) is not supported." }
ADTS Frame buffer_fullness=255 blocks=1 buf=513
filling data 513
DecoderError { code: 8199, message: "The channel configuration (either number or arrangement) is not supported." }
ADTS Frame buffer_fullness=255 blocks=1 buf=495
filling data 495
DecoderError { code: 8199, message: "The channel configuration (either number or arrangement) is not supported." }
ADTS Frame buffer_fullness=255 blocks=1 buf=463
filling data 463
DecoderError { code: 8199, message: "The channel configuration (either number or arrangement) is not supported." }
ADTS Frame buffer_fullness=255 blocks=1 buf=489
filling data 489
DecoderError { code: 8199, message: "The channel configuration (either number or arrangement) is not supported." }
ADTS Frame buffer_fullness=255 blocks=1 buf=458
filling data 458
DecoderError { code: 8199, message: "The channel configuration (either number or arrangement) is not supported." }
ADTS Frame buffer_fullness=255 blocks=1 buf=492
filling data 492
DecoderError { code: 8199, message: "The channel configuration (either number or arrangement) is not supported." }
ADTS Frame buffer_fullness=255 blocks=1 buf=478
filling data 478
DecoderError { code: 8199, message: "The channel configuration (either number or arrangement) is not supported." }
ADTS Frame buffer_fullness=255 blocks=1 buf=495
filling data 495
DecoderError { code: 8199, message: "The channel configuration (either number or arrangement) is not supported." }
ADTS Frame buffer_fullness=255 blocks=1 buf=455
filling data 455
DecoderError { code: 8199, message: "The channel configuration (either number or arrangement) is not supported." }
ADTS Frame buffer_fullness=255 blocks=1 buf=414
filling data 414
DecoderError { code: 8199, message: "The channel configuration (either number or arrangement) is not supported." }
ADTS Frame buffer_fullness=255 blocks=1 buf=430
filling data 430
DecoderError { code: 8199, message: "The channel configuration (either number or arrangement) is not supported." }
ADTS Frame buffer_fullness=255 blocks=1 buf=479
filling data 479
DecoderError { code: 8199, message: "The channel configuration (either number or arrangement) is not supported." }
ADTS Frame buffer_fullness=255 blocks=1 buf=467
filling data 467
DecoderError { code: 8199, message: "The channel configuration (either number or arrangement) is not supported." }
ADTS Frame buffer_fullness=255 blocks=1 buf=464
filling data 464
DecoderError { code: 8199, message: "The channel configuration (either number or arrangement) is not supported." }
ADTS Frame buffer_fullness=255 blocks=1 buf=465
filling data 465
DecoderError { code: 8199, message: "The channel configuration (either number or arrangement) is not supported." }
ADTS Frame buffer_fullness=255 blocks=1 buf=475
filling data 475
DecoderError { code: 8199, message: "The channel configuration (either number or arrangement) is not supported." }
ADTS Frame buffer_fullness=255 blocks=1 buf=512
filling data 512
DecoderError { code: 8199, message: "The channel configuration (either number or arrangement) is not supported." }
ADTS Frame buffer_fullness=255 blocks=1 buf=447
filling data 447
DecoderError { code: 8199, message: "The channel configuration (either number or arrangement) is not supported." }
ADTS Frame buffer_fullness=255 blocks=1 buf=460
filling data 460
DecoderError { code: 8199, message: "The channel configuration (either number or arrangement) is not supported." }
ADTS Frame buffer_fullness=255 blocks=1 buf=544
filling data 544
DecoderError { code: 8199, message: "The channel configuration (either number or arrangement) is not supported." }
ADTS Frame buffer_fullness=255 blocks=1 buf=486
filling data 486
DecoderError { code: 8199, message: "The channel configuration (either number or arrangement) is not supported." }
ADTS Frame buffer_fullness=255 blocks=1 buf=519
filling data 519
DecoderError { code: 8199, message: "The channel configuration (either number or arrangement) is not supported." }
ADTS Frame buffer_fullness=255 blocks=1 buf=492
filling data 492
DecoderError { code: 8199, message: "The channel configuration (either number or arrangement) is not supported." }
ADTS Frame buffer_fullness=255 blocks=1 buf=456
filling data 456
DecoderError { code: 8199, message: "The channel configuration (either number or arrangement) is not supported." }
ADTS Frame buffer_fullness=255 blocks=1 buf=461
filling data 461
DecoderError { code: 8199, message: "The channel configuration (either number or arrangement) is not supported." }
ADTS Frame buffer_fullness=255 blocks=1 buf=438
filling data 438
DecoderError { code: 8199, message: "The channel configuration (either number or arrangement) is not supported." }
ADTS Frame buffer_fullness=255 blocks=1 buf=469
filling data 469
DecoderError { code: 8199, message: "The channel configuration (either number or arrangement) is not supported." }
ADTS Frame buffer_fullness=255 blocks=1 buf=475
filling data 475
DecoderError { code: 8199, message: "The channel configuration (either number or arrangement) is not supported." }
ADTS Frame buffer_fullness=255 blocks=1 buf=488
filling data 488
DecoderError { code: 8199, message: "The channel configuration (either number or arrangement) is not supported." }
ADTS Frame buffer_fullness=255 blocks=1 buf=518
filling data 518
DecoderError { code: 8199, message: "The channel configuration (either number or arrangement) is not supported." }
ADTS Frame buffer_fullness=255 blocks=1 buf=466
filling data 466
DecoderError { code: 8199, message: "The channel configuration (either number or arrangement) is not supported." }
ADTS Frame buffer_fullness=255 blocks=1 buf=499
filling data 499
DecoderError { code: 8199, message: "The channel configuration (either number or arrangement) is not supported." }
ADTS Frame buffer_fullness=255 blocks=1 buf=493
filling data 493
DecoderError { code: 8199, message: "The channel configuration (either number or arrangement) is not supported." }
ADTS Frame buffer_fullness=255 blocks=1 buf=533
filling data 533
DecoderError { code: 8199, message: "The channel configuration (either number or arrangement) is not supported." }
ADTS Frame buffer_fullness=255 blocks=1 buf=526
filling data 526
DecoderError { code: 8199, message: "The channel configuration (either number or arrangement) is not supported." }
ADTS Frame buffer_fullness=255 blocks=1 buf=460
filling data 460
DecoderError { code: 8199, message: "The channel configuration (either number or arrangement) is not supported." }
ADTS Frame buffer_fullness=255 blocks=1 buf=455
filling data 455
DecoderError { code: 8199, message: "The channel configuration (either number or arrangement) is not supported." }
ADTS Frame buffer_fullness=255 blocks=1 buf=547
filling data 547
DecoderError { code: 8199, message: "The channel configuration (either number or arrangement) is not supported." }
ADTS Frame buffer_fullness=255 blocks=1 buf=578
filling data 578
DecoderError { code: 8199, message: "The channel configuration (either number or arrangement) is not supported." }
ADTS Frame buffer_fullness=255 blocks=1 buf=516
filling data 516
DecoderError { code: 8199, message: "The channel configuration (either number or arrangement) is not supported." }
ADTS Frame buffer_fullness=255 blocks=1 buf=450
filling data 450
DecoderError { code: 8199, message: "The channel configuration (either number or arrangement) is not supported." }
ADTS Frame buffer_fullness=255 blocks=1 buf=492
filling data 492
DecoderError { code: 8199, message: "The channel configuration (either number or arrangement) is not supported." }
ADTS Frame buffer_fullness=255 blocks=1 buf=453
filling data 453
DecoderError { code: 8199, message: "The channel configuration (either number or arrangement) is not supported." }
ADTS Frame buffer_fullness=255 blocks=1 buf=470
filling data 470
DecoderError { code: 8199, message: "The channel configuration (either number or arrangement) is not supported." }
ADTS Frame buffer_fullness=255 blocks=1 buf=448
filling data 448
DecoderError { code: 8199, message: "The channel configuration (either number or arrangement) is not supported." }
ADTS Frame buffer_fullness=255 blocks=1 buf=426
filling data 426
DecoderError { code: 8199, message: "The channel configuration (either number or arrangement) is not supported." }
ADTS Frame buffer_fullness=255 blocks=1 buf=478
filling data 478
DecoderError { code: 8199, message: "The channel configuration (either number or arrangement) is not supported." }
ADTS Frame buffer_fullness=255 blocks=1 buf=458
filling data 458
DecoderError { code: 8199, message: "The channel configuration (either number or arrangement) is not supported." }
ADTS Frame buffer_fullness=255 blocks=1 buf=454
filling data 454
DecoderError { code: 8199, message: "The channel configuration (either number or arrangement) is not supported." }
ADTS Frame buffer_fullness=255 blocks=1 buf=488
filling data 488
DecoderError { code: 8199, message: "The channel configuration (either number or arrangement) is not supported." }
ADTS Frame buffer_fullness=255 blocks=1 buf=514
filling data 514
DecoderError { code: 8199, message: "The channel configuration (either number or arrangement) is not supported." }
ADTS Frame buffer_fullness=255 blocks=1 buf=517
filling data 517
DecoderError { code: 8199, message: "The channel configuration (either number or arrangement) is not supported." }
ADTS Frame buffer_fullness=255 blocks=1 buf=566
filling data 566
DecoderError { code: 8199, message: "The channel configuration (either number or arrangement) is not supported." }
ADTS Frame buffer_fullness=255 blocks=1 buf=511
filling data 511
DecoderError { code: 8199, message: "The channel configuration (either number or arrangement) is not supported." }
ADTS Frame buffer_fullness=255 blocks=1 buf=450
filling data 450
DecoderError { code: 8199, message: "The channel configuration (either number or arrangement) is not supported." }
ADTS Frame buffer_fullness=255 blocks=1 buf=467
filling data 467
DecoderError { code: 8199, message: "The channel configuration (either number or arrangement) is not supported." }
ADTS Frame buffer_fullness=255 blocks=1 buf=502
filling data 502
DecoderError { code: 8199, message: "The channel configuration (either number or arrangement) is not supported." }
ADTS Frame buffer_fullness=255 blocks=1 buf=463
filling data 463
DecoderError { code: 8199, message: "The channel configuration (either number or arrangement) is not supported." }
ADTS Frame buffer_fullness=255 blocks=1 buf=423
filling data 423
DecoderError { code: 8199, message: "The channel configuration (either number or arrangement) is not supported." }
ADTS Frame buffer_fullness=255 blocks=1 buf=432
filling data 432
DecoderError { code: 8199, message: "The channel configuration (either number or arrangement) is not supported." }
ADTS Frame buffer_fullness=255 blocks=1 buf=469
filling data 469
DecoderError { code: 8199, message: "The channel configuration (either number or arrangement) is not supported." }
ADTS Frame buffer_fullness=255 blocks=1 buf=456
filling data 456
DecoderError { code: 8199, message: "The channel configuration (either number or arrangement) is not supported." }
ADTS Frame buffer_fullness=255 blocks=1 buf=465
filling data 465
DecoderError { code: 8199, message: "The channel configuration (either number or arrangement) is not supported." }
ADTS Frame buffer_fullness=255 blocks=1 buf=475
filling data 475
DecoderError { code: 8199, message: "The channel configuration (either number or arrangement) is not supported." }
ADTS Frame buffer_fullness=255 blocks=1 buf=475
filling data 475
DecoderError { code: 8199, message: "The channel configuration (either number or arrangement) is not supported." }
ADTS Frame buffer_fullness=255 blocks=1 buf=472
filling data 472
DecoderError { code: 8199, message: "The channel configuration (either number or arrangement) is not supported." }
ADTS Frame buffer_fullness=255 blocks=1 buf=446
filling data 446
DecoderError { code: 8199, message: "The channel configuration (either number or arrangement) is not supported." }
ADTS Frame buffer_fullness=255 blocks=1 buf=442
filling data 442
DecoderError { code: 8199, message: "The channel configuration (either number or arrangement) is not supported." }
ADTS Frame buffer_fullness=255 blocks=1 buf=456
filling data 456
DecoderError { code: 8199, message: "The channel configuration (either number or arrangement) is not supported." }
ADTS Frame buffer_fullness=255 blocks=1 buf=472
filling data 472
DecoderError { code: 8199, message: "The channel configuration (either number or arrangement) is not supported." }
ADTS Frame buffer_fullness=255 blocks=1 buf=467
filling data 467
DecoderError { code: 8199, message: "The channel configuration (either number or arrangement) is not supported." }
ADTS Frame buffer_fullness=255 blocks=1 buf=474
filling data 474
DecoderError { code: 8199, message: "The channel configuration (either number or arrangement) is not supported." }
ADTS Frame buffer_fullness=255 blocks=1 buf=491
filling data 491
DecoderError { code: 8199, message: "The channel configuration (either number or arrangement) is not supported." }
ADTS Frame buffer_fullness=255 blocks=1 buf=521
filling data 521
DecoderError { code: 8199, message: "The channel configuration (either number or arrangement) is not supported." }
ADTS Frame buffer_fullness=255 blocks=1 buf=560
filling data 560
DecoderError { code: 8199, message: "The channel configuration (either number or arrangement) is not supported." }
ADTS Frame buffer_fullness=255 blocks=1 buf=465
filling data 465
DecoderError { code: 8199, message: "The channel configuration (either number or arrangement) is not supported." }
ADTS Frame buffer_fullness=255 blocks=1 buf=448
filling data 448
DecoderError { code: 8199, message: "The channel configuration (either number or arrangement) is not supported." }
ADTS Frame buffer_fullness=255 blocks=1 buf=445
filling data 445
DecoderError { code: 8199, message: "The channel configuration (either number or arrangement) is not supported." }
ADTS Frame buffer_fullness=255 blocks=1 buf=507
filling data 507
DecoderError { code: 8199, message: "The channel configuration (either number or arrangement) is not supported." }
ADTS Frame buffer_fullness=255 blocks=1 buf=453
filling data 453
DecoderError { code: 8199, message: "The channel configuration (either number or arrangement) is not supported." }
ADTS Frame buffer_fullness=255 blocks=1 buf=444
filling data 444
DecoderError { code: 8199, message: "The channel configuration (either number or arrangement) is not supported." }
ADTS Frame buffer_fullness=255 blocks=1 buf=470
filling data 470
DecoderError { code: 8199, message: "The channel configuration (either number or arrangement) is not supported." }
ADTS Frame buffer_fullness=255 blocks=1 buf=483
filling data 483
DecoderError { code: 8199, message: "The channel configuration (either number or arrangement) is not supported." }
ADTS Frame buffer_fullness=255 blocks=1 buf=483
filling data 483
DecoderError { code: 8199, message: "The channel configuration (either number or arrangement) is not supported." }
ADTS Frame buffer_fullness=255 blocks=1 buf=494
filling data 494
DecoderError { code: 8199, message: "The channel configuration (either number or arrangement) is not supported." }
ADTS Frame buffer_fullness=255 blocks=1 buf=491
filling data 491
DecoderError { code: 8199, message: "The channel configuration (either number or arrangement) is not supported." }
ADTS Frame buffer_fullness=255 blocks=1 buf=540
filling data 540
DecoderError { code: 8199, message: "The channel configuration (either number or arrangement) is not supported." }
ADTS Frame buffer_fullness=255 blocks=1 buf=519
filling data 519
DecoderError { code: 8199, message: "The channel configuration (either number or arrangement) is not supported." }
ADTS Frame buffer_fullness=255 blocks=1 buf=497
filling data 497
DecoderError { code: 8199, message: "The channel configuration (either number or arrangement) is not supported." }
ADTS Frame buffer_fullness=255 blocks=1 buf=516
filling data 516
DecoderError { code: 8199, message: "The channel configuration (either number or arrangement) is not supported." }
ADTS Frame buffer_fullness=255 blocks=1 buf=522
filling data 522
DecoderError { code: 8199, message: "The channel configuration (either number or arrangement) is not supported." }
ADTS Frame buffer_fullness=255 blocks=1 buf=548
filling data 548
DecoderError { code: 8199, message: "The channel configuration (either number or arrangement) is not supported." }
ADTS Frame buffer_fullness=255 blocks=1 buf=547
filling data 547
DecoderError { code: 8199, message: "The channel configuration (either number or arrangement) is not supported." }
ADTS Frame buffer_fullness=255 blocks=1 buf=577
filling data 577
DecoderError { code: 8199, message: "The channel configuration (either number or arrangement) is not supported." }
ADTS Frame buffer_fullness=255 blocks=1 buf=522
filling data 522
DecoderError { code: 8199, message: "The channel configuration (either number or arrangement) is not supported." }
ADTS Frame buffer_fullness=255 blocks=1 buf=591
filling data 591
DecoderError { code: 8199, message: "The channel configuration (either number or arrangement) is not supported." }
ADTS Frame buffer_fullness=255 blocks=1 buf=600
filling data 600
DecoderError { code: 8199, message: "The channel configuration (either number or arrangement) is not supported." }
ADTS Frame buffer_fullness=255 blocks=1 buf=519
filling data 519
DecoderError { code: 8199, message: "The channel configuration (either number or arrangement) is not supported." }
ADTS Frame buffer_fullness=255 blocks=1 buf=517
filling data 517
DecoderError { code: 8199, message: "The channel configuration (either number or arrangement) is not supported." }
ADTS Frame buffer_fullness=255 blocks=1 buf=530
filling data 530
DecoderError { code: 8199, message: "The channel configuration (either number or arrangement) is not supported." }
ADTS Frame buffer_fullness=255 blocks=1 buf=472
filling data 472
DecoderError { code: 8199, message: "The channel configuration (either number or arrangement) is not supported." }
ADTS Frame buffer_fullness=255 blocks=1 buf=456
filling data 456
DecoderError { code: 8199, message: "The channel configuration (either number or arrangement) is not supported." }
ADTS Frame buffer_fullness=255 blocks=1 buf=449
filling data 449
DecoderError { code: 8199, message: "The channel configuration (either number or arrangement) is not supported." }
ADTS Frame buffer_fullness=255 blocks=1 buf=472
filling data 472
DecoderError { code: 8199, message: "The channel configuration (either number or arrangement) is not supported." }
ADTS Frame buffer_fullness=255 blocks=1 buf=450
filling data 450
DecoderError { code: 8199, message: "The channel configuration (either number or arrangement) is not supported." }
ADTS Frame buffer_fullness=255 blocks=1 buf=509
filling data 509
DecoderError { code: 8199, message: "The channel configuration (either number or arrangement) is not supported." }
ADTS Frame buffer_fullness=255 blocks=1 buf=526
filling data 526
DecoderError { code: 8199, message: "The channel configuration (either number or arrangement) is not supported." }
ADTS Frame buffer_fullness=255 blocks=1 buf=465
filling data 465
DecoderError { code: 8199, message: "The channel configuration (either number or arrangement) is not supported." }
ADTS Frame buffer_fullness=255 blocks=1 buf=444
filling data 444
DecoderError { code: 8199, message: "The channel configuration (either number or arrangement) is not supported." }
ADTS Frame buffer_fullness=255 blocks=1 buf=433
filling data 433
DecoderError { code: 8199, message: "The channel configuration (either number or arrangement) is not supported." }
ADTS Frame buffer_fullness=255 blocks=1 buf=455
filling data 455
DecoderError { code: 8199, message: "The channel configuration (either number or arrangement) is not supported." }
ADTS Frame buffer_fullness=255 blocks=1 buf=454
filling data 454
DecoderError { code: 8199, message: "The channel configuration (either number or arrangement) is not supported." }
ADTS Frame buffer_fullness=255 blocks=1 buf=492
filling data 492
DecoderError { code: 8199, message: "The channel configuration (either number or arrangement) is not supported." }
ADTS Frame buffer_fullness=255 blocks=1 buf=478
filling data 478
DecoderError { code: 8199, message: "The channel configuration (either number or arrangement) is not supported." }
ADTS Frame buffer_fullness=255 blocks=1 buf=456
filling data 456
DecoderError { code: 8199, message: "The channel configuration (either number or arrangement) is not supported." }
ADTS Frame buffer_fullness=255 blocks=1 buf=486
filling data 486
DecoderError { code: 8199, message: "The channel configuration (either number or arrangement) is not supported." }
ADTS Frame buffer_fullness=255 blocks=1 buf=469
filling data 469
DecoderError { code: 8199, message: "The channel configuration (either number or arrangement) is not supported." }
ADTS Frame buffer_fullness=255 blocks=1 buf=501
filling data 501
DecoderError { code: 8199, message: "The channel configuration (either number or arrangement) is not supported." }
ADTS Frame buffer_fullness=255 blocks=1 buf=566
filling data 566
DecoderError { code: 8199, message: "The channel configuration (either number or arrangement) is not supported." }
ADTS Frame buffer_fullness=255 blocks=1 buf=529
filling data 529
DecoderError { code: 8199, message: "The channel configuration (either number or arrangement) is not supported." }
ADTS Frame buffer_fullness=255 blocks=1 buf=550
filling data 550
DecoderError { code: 8199, message: "The channel configuration (either number or arrangement) is not supported." }
ADTS Frame buffer_fullness=255 blocks=1 buf=528
filling data 528
DecoderError { code: 8199, message: "The channel configuration (either number or arrangement) is not supported." }
ADTS Frame buffer_fullness=255 blocks=1 buf=519
filling data 519
DecoderError { code: 8199, message: "The channel configuration (either number or arrangement) is not supported." }
ADTS Frame buffer_fullness=255 blocks=1 buf=528
filling data 528
DecoderError { code: 8199, message: "The channel configuration (either number or arrangement) is not supported." }
ADTS Frame buffer_fullness=255 blocks=1 buf=574
filling data 574
DecoderError { code: 8199, message: "The channel configuration (either number or arrangement) is not supported." }
ADTS Frame buffer_fullness=255 blocks=1 buf=536
filling data 536
DecoderError { code: 8199, message: "The channel configuration (either number or arrangement) is not supported." }
ADTS Frame buffer_fullness=255 blocks=1 buf=507
filling data 507
DecoderError { code: 8199, message: "The channel configuration (either number or arrangement) is not supported." }
ADTS Frame buffer_fullness=255 blocks=1 buf=543
filling data 543
DecoderError { code: 8199, message: "The channel configuration (either number or arrangement) is not supported." }
ADTS Frame buffer_fullness=255 blocks=1 buf=540
filling data 540
DecoderError { code: 8199, message: "The channel configuration (either number or arrangement) is not supported." }
ADTS Frame buffer_fullness=255 blocks=1 buf=541
filling data 541
DecoderError { code: 8199, message: "The channel configuration (either number or arrangement) is not supported." }
ADTS Frame buffer_fullness=255 blocks=1 buf=562
filling data 562
DecoderError { code: 8199, message: "The channel configuration (either number or arrangement) is not supported." }
ADTS Frame buffer_fullness=255 blocks=1 buf=517
filling data 517
DecoderError { code: 8199, message: "The channel configuration (either number or arrangement) is not supported." }
ADTS Frame buffer_fullness=255 blocks=1 buf=497
filling data 497
DecoderError { code: 8199, message: "The channel configuration (either number or arrangement) is not supported." }
ADTS Frame buffer_fullness=255 blocks=1 buf=536
filling data 536
DecoderError { code: 8199, message: "The channel configuration (either number or arrangement) is not supported." }
ADTS Frame buffer_fullness=255 blocks=1 buf=506
filling data 506
DecoderError { code: 8199, message: "The channel configuration (either number or arrangement) is not supported." }
ADTS Frame buffer_fullness=255 blocks=1 buf=535
filling data 535
DecoderError { code: 8199, message: "The channel configuration (either number or arrangement) is not supported." }
ADTS Frame buffer_fullness=255 blocks=1 buf=526
filling data 526
DecoderError { code: 8199, message: "The channel configuration (either number or arrangement) is not supported." }
ADTS Frame buffer_fullness=255 blocks=1 buf=523
filling data 523
DecoderError { code: 8199, message: "The channel configuration (either number or arrangement) is not supported." }
ADTS Frame buffer_fullness=255 blocks=1 buf=527
filling data 527
DecoderError { code: 8199, message: "The channel configuration (either number or arrangement) is not supported." }
ADTS Frame buffer_fullness=255 blocks=1 buf=491
filling data 491
DecoderError { code: 8199, message: "The channel configuration (either number or arrangement) is not supported." }
ADTS Frame buffer_fullness=255 blocks=1 buf=548
filling data 548
DecoderError { code: 8199, message: "The channel configuration (either number or arrangement) is not supported." }
ADTS Frame buffer_fullness=255 blocks=1 buf=510
filling data 510
DecoderError { code: 8199, message: "The channel configuration (either number or arrangement) is not supported." }
ADTS Frame buffer_fullness=255 blocks=1 buf=503
filling data 503
DecoderError { code: 8199, message: "The channel configuration (either number or arrangement) is not supported." }
ADTS Frame buffer_fullness=255 blocks=1 buf=551
filling data 551
DecoderError { code: 8199, message: "The channel configuration (either number or arrangement) is not supported." }
ADTS Frame buffer_fullness=255 blocks=1 buf=536
filling data 536
DecoderError { code: 8199, message: "The channel configuration (either number or arrangement) is not supported." }
ADTS Frame buffer_fullness=255 blocks=1 buf=473
filling data 473
DecoderError { code: 8199, message: "The channel configuration (either number or arrangement) is not supported." }
ADTS Frame buffer_fullness=255 blocks=1 buf=520
filling data 520
DecoderError { code: 8199, message: "The channel configuration (either number or arrangement) is not supported." }
ADTS Frame buffer_fullness=255 blocks=1 buf=521
filling data 521
DecoderError { code: 8199, message: "The channel configuration (either number or arrangement) is not supported." }
ADTS Frame buffer_fullness=255 blocks=1 buf=460
filling data 460
DecoderError { code: 8199, message: "The channel configuration (either number or arrangement) is not supported." }
ADTS Frame buffer_fullness=255 blocks=1 buf=475
filling data 475
DecoderError { code: 8199, message: "The channel configuration (either number or arrangement) is not supported." }
ADTS Frame buffer_fullness=255 blocks=1 buf=478
filling data 478
DecoderError { code: 8199, message: "The channel configuration (either number or arrangement) is not supported." }
ADTS Frame buffer_fullness=255 blocks=1 buf=470
filling data 470
DecoderError { code: 8199, message: "The channel configuration (either number or arrangement) is not supported." }
ADTS Frame buffer_fullness=255 blocks=1 buf=503
filling data 503
DecoderError { code: 8199, message: "The channel configuration (either number or arrangement) is not supported." }
ADTS Frame buffer_fullness=255 blocks=1 buf=443
filling data 443
DecoderError { code: 8199, message: "The channel configuration (either number or arrangement) is not supported." }
ADTS Frame buffer_fullness=255 blocks=1 buf=497
filling data 497
DecoderError { code: 8199, message: "The channel configuration (either number or arrangement) is not supported." }
ADTS Frame buffer_fullness=255 blocks=1 buf=435
filling data 435
DecoderError { code: 8199, message: "The channel configuration (either number or arrangement) is not supported." }
ADTS Frame buffer_fullness=255 blocks=1 buf=463
filling data 463
DecoderError { code: 8199, message: "The channel configuration (either number or arrangement) is not supported." }
ADTS Frame buffer_fullness=255 blocks=1 buf=434
filling data 434
DecoderError { code: 8199, message: "The channel configuration (either number or arrangement) is not supported." }
ADTS Frame buffer_fullness=255 blocks=1 buf=425
filling data 425
DecoderError { code: 8199, message: "The channel configuration (either number or arrangement) is not supported." }
ADTS Frame buffer_fullness=255 blocks=1 buf=467
filling data 467
DecoderError { code: 8199, message: "The channel configuration (either number or arrangement) is not supported." }
ADTS Frame buffer_fullness=255 blocks=1 buf=472
filling data 472
DecoderError { code: 8199, message: "The channel configuration (either number or arrangement) is not supported." }
ADTS Frame buffer_fullness=255 blocks=1 buf=465
filling data 465
DecoderError { code: 8199, message: "The channel configuration (either number or arrangement) is not supported." }
ADTS Frame buffer_fullness=255 blocks=1 buf=473
filling data 473
DecoderError { code: 8199, message: "The channel configuration (either number or arrangement) is not supported." }
ADTS Frame buffer_fullness=255 blocks=1 buf=580
filling data 580
DecoderError { code: 8199, message: "The channel configuration (either number or arrangement) is not supported." }
ADTS Frame buffer_fullness=255 blocks=1 buf=553
filling data 553
DecoderError { code: 8199, message: "The channel configuration (either number or arrangement) is not supported." }
ADTS Frame buffer_fullness=255 blocks=1 buf=499
filling data 499
DecoderError { code: 8199, message: "The channel configuration (either number or arrangement) is not supported." }
ADTS Frame buffer_fullness=255 blocks=1 buf=520
filling data 520
DecoderError { code: 8199, message: "The channel configuration (either number or arrangement) is not supported." }
ADTS Frame buffer_fullness=255 blocks=1 buf=500
filling data 500
DecoderError { code: 8199, message: "The channel configuration (either number or arrangement) is not supported." }
ADTS Frame buffer_fullness=255 blocks=1 buf=509
filling data 509
DecoderError { code: 8199, message: "The channel configuration (either number or arrangement) is not supported." }
ADTS Frame buffer_fullness=255 blocks=1 buf=504
filling data 504
DecoderError { code: 8199, message: "The channel configuration (either number or arrangement) is not supported." }
ADTS Frame buffer_fullness=255 blocks=1 buf=528
filling data 528
DecoderError { code: 8199, message: "The channel configuration (either number or arrangement) is not supported." }
ADTS Frame buffer_fullness=255 blocks=1 buf=483
filling data 483
DecoderError { code: 8199, message: "The channel configuration (either number or arrangement) is not supported." }
ADTS Frame buffer_fullness=255 blocks=1 buf=462
filling data 462
DecoderError { code: 8199, message: "The channel configuration (either number or arrangement) is not supported." }
ADTS Frame buffer_fullness=255 blocks=1 buf=510
filling data 510
DecoderError { code: 8199, message: "The channel configuration (either number or arrangement) is not supported." }
ADTS Frame buffer_fullness=255 blocks=1 buf=535
filling data 535
DecoderError { code: 8199, message: "The channel configuration (either number or arrangement) is not supported." }
ADTS Frame buffer_fullness=255 blocks=1 buf=499
filling data 499
DecoderError { code: 8199, message: "The channel configuration (either number or arrangement) is not supported." }
ADTS Frame buffer_fullness=255 blocks=1 buf=487
filling data 487
DecoderError { code: 8199, message: "The channel configuration (either number or arrangement) is not supported." }
ADTS Frame buffer_fullness=255 blocks=1 buf=439
filling data 439
DecoderError { code: 8199, message: "The channel configuration (either number or arrangement) is not supported." }
ADTS Frame buffer_fullness=255 blocks=1 buf=510
filling data 510
DecoderError { code: 8199, message: "The channel configuration (either number or arrangement) is not supported." }
ADTS Frame buffer_fullness=255 blocks=1 buf=448
filling data 448
DecoderError { code: 8199, message: "The channel configuration (either number or arrangement) is not supported." }
ADTS Frame buffer_fullness=255 blocks=1 buf=481
filling data 481
DecoderError { code: 8199, message: "The channel configuration (either number or arrangement) is not supported." }
ADTS Frame buffer_fullness=255 blocks=1 buf=458
filling data 458
DecoderError { code: 8199, message: "The channel configuration (either number or arrangement) is not supported." }
ADTS Frame buffer_fullness=255 blocks=1 buf=440
filling data 440
DecoderError { code: 8199, message: "The channel configuration (either number or arrangement) is not supported." }
ADTS Frame buffer_fullness=255 blocks=1 buf=439
filling data 439
DecoderError { code: 8199, message: "The channel configuration (either number or arrangement) is not supported." }
ADTS Frame buffer_fullness=255 blocks=1 buf=472
filling data 472
DecoderError { code: 8199, message: "The channel configuration (either number or arrangement) is not supported." }
ADTS Frame buffer_fullness=255 blocks=1 buf=504
filling data 504
DecoderError { code: 8199, message: "The channel configuration (either number or arrangement) is not supported." }
ADTS Frame buffer_fullness=255 blocks=1 buf=469
filling data 469
DecoderError { code: 8199, message: "The channel configuration (either number or arrangement) is not supported." }
ADTS Frame buffer_fullness=255 blocks=1 buf=467
filling data 467
DecoderError { code: 8199, message: "The channel configuration (either number or arrangement) is not supported." }
ADTS Frame buffer_fullness=255 blocks=1 buf=442
filling data 442
DecoderError { code: 8199, message: "The channel configuration (either number or arrangement) is not supported." }
ADTS Frame buffer_fullness=255 blocks=1 buf=492
filling data 492
DecoderError { code: 8199, message: "The channel configuration (either number or arrangement) is not supported." }
ADTS Frame buffer_fullness=255 blocks=1 buf=526
filling data 526
DecoderError { code: 8199, message: "The channel configuration (either number or arrangement) is not supported." }
ADTS Frame buffer_fullness=255 blocks=1 buf=525
filling data 525
DecoderError { code: 8199, message: "The channel configuration (either number or arrangement) is not supported." }
ADTS Frame buffer_fullness=255 blocks=1 buf=549
filling data 549
DecoderError { code: 8199, message: "The channel configuration (either number or arrangement) is not supported." }
ADTS Frame buffer_fullness=255 blocks=1 buf=501
filling data 501
DecoderError { code: 8199, message: "The channel configuration (either number or arrangement) is not supported." }
ADTS Frame buffer_fullness=255 blocks=1 buf=500
filling data 500
DecoderError { code: 8199, message: "The channel configuration (either number or arrangement) is not supported." }
ADTS Frame buffer_fullness=255 blocks=1 buf=438
filling data 438
DecoderError { code: 8199, message: "The channel configuration (either number or arrangement) is not supported." }
ADTS Frame buffer_fullness=255 blocks=1 buf=499
filling data 499
DecoderError { code: 8199, message: "The channel configuration (either number or arrangement) is not supported." }
ADTS Frame buffer_fullness=255 blocks=1 buf=509
filling data 509
DecoderError { code: 8199, message: "The channel configuration (either number or arrangement) is not supported." }
ADTS Frame buffer_fullness=255 blocks=1 buf=490
filling data 490
DecoderError { code: 8199, message: "The channel configuration (either number or arrangement) is not supported." }
ADTS Frame buffer_fullness=255 blocks=1 buf=462
filling data 462
DecoderError { code: 8199, message: "The channel configuration (either number or arrangement) is not supported." }
ADTS Frame buffer_fullness=255 blocks=1 buf=438
filling data 438
DecoderError { code: 8199, message: "The channel configuration (either number or arrangement) is not supported." }
ADTS Frame buffer_fullness=255 blocks=1 buf=468
filling data 468
DecoderError { code: 8199, message: "The channel configuration (either number or arrangement) is not supported." }
ADTS Frame buffer_fullness=255 blocks=1 buf=521
filling data 521
DecoderError { code: 8199, message: "The channel configuration (either number or arrangement) is not supported." }
ADTS Frame buffer_fullness=255 blocks=1 buf=485
filling data 485
DecoderError { code: 8199, message: "The channel configuration (either number or arrangement) is not supported." }
ADTS Frame buffer_fullness=255 blocks=1 buf=433
filling data 433
DecoderError { code: 8199, message: "The channel configuration (either number or arrangement) is not supported." }
ADTS Frame buffer_fullness=255 blocks=1 buf=445
filling data 445
DecoderError { code: 8199, message: "The channel configuration (either number or arrangement) is not supported." }
ADTS Frame buffer_fullness=255 blocks=1 buf=451
filling data 451
DecoderError { code: 8199, message: "The channel configuration (either number or arrangement) is not supported." }
ADTS Frame buffer_fullness=255 blocks=1 buf=475
filling data 475
DecoderError { code: 8199, message: "The channel configuration (either number or arrangement) is not supported." }
ADTS Frame buffer_fullness=255 blocks=1 buf=504
filling data 504
DecoderError { code: 8199, message: "The channel configuration (either number or arrangement) is not supported." }
ADTS Frame buffer_fullness=255 blocks=1 buf=515
filling data 515
DecoderError { code: 8199, message: "The channel configuration (either number or arrangement) is not supported." }
ADTS Frame buffer_fullness=255 blocks=1 buf=483
filling data 483
DecoderError { code: 8199, message: "The channel configuration (either number or arrangement) is not supported." }
ADTS Frame buffer_fullness=255 blocks=1 buf=472
filling data 472
DecoderError { code: 8199, message: "The channel configuration (either number or arrangement) is not supported." }
ADTS Frame buffer_fullness=255 blocks=1 buf=446
filling data 446
DecoderError { code: 8199, message: "The channel configuration (either number or arrangement) is not supported." }
ADTS Frame buffer_fullness=255 blocks=1 buf=556
filling data 556
DecoderError { code: 8199, message: "The channel configuration (either number or arrangement) is not supported." }
ADTS Frame buffer_fullness=255 blocks=1 buf=516
filling data 516
DecoderError { code: 8199, message: "The channel configuration (either number or arrangement) is not supported." }
ADTS Frame buffer_fullness=255 blocks=1 buf=640
filling data 640
DecoderError { code: 8199, message: "The channel configuration (either number or arrangement) is not supported." }
ADTS Frame buffer_fullness=255 blocks=1 buf=531
filling data 531
DecoderError { code: 8199, message: "The channel configuration (either number or arrangement) is not supported." }
ADTS Frame buffer_fullness=255 blocks=1 buf=532
filling data 532
DecoderError { code: 8199, message: "The channel configuration (either number or arrangement) is not supported." }
ADTS Frame buffer_fullness=255 blocks=1 buf=532
filling data 532
DecoderError { code: 8199, message: "The channel configuration (either number or arrangement) is not supported." }
ADTS Frame buffer_fullness=255 blocks=1 buf=518
filling data 518
DecoderError { code: 8199, message: "The channel configuration (either number or arrangement) is not supported." }
ADTS Frame buffer_fullness=255 blocks=1 buf=511
filling data 511
DecoderError { code: 8199, message: "The channel configuration (either number or arrangement) is not supported." }
ADTS Frame buffer_fullness=255 blocks=1 buf=600
filling data 600
DecoderError { code: 8199, message: "The channel configuration (either number or arrangement) is not supported." }
ADTS Frame buffer_fullness=255 blocks=1 buf=595
filling data 595
DecoderError { code: 8199, message: "The channel configuration (either number or arrangement) is not supported." }
ADTS Frame buffer_fullness=255 blocks=1 buf=538
filling data 538
DecoderError { code: 8199, message: "The channel configuration (either number or arrangement) is not supported." }
ADTS Frame buffer_fullness=255 blocks=1 buf=608
filling data 608
DecoderError { code: 8199, message: "The channel configuration (either number or arrangement) is not supported." }
ADTS Frame buffer_fullness=255 blocks=1 buf=568
filling data 568
DecoderError { code: 8199, message: "The channel configuration (either number or arrangement) is not supported." }
ADTS Frame buffer_fullness=255 blocks=1 buf=599
filling data 599
DecoderError { code: 8199, message: "The channel configuration (either number or arrangement) is not supported." }
ADTS Frame buffer_fullness=255 blocks=1 buf=529
filling data 529
DecoderError { code: 8199, message: "The channel configuration (either number or arrangement) is not supported." }
ADTS Frame buffer_fullness=255 blocks=1 buf=490
filling data 490
DecoderError { code: 8199, message: "The channel configuration (either number or arrangement) is not supported." }
ADTS Frame buffer_fullness=255 blocks=1 buf=477
filling data 477
DecoderError { code: 8199, message: "The channel configuration (either number or arrangement) is not supported." }
ADTS Frame buffer_fullness=255 blocks=1 buf=513
filling data 513
DecoderError { code: 8199, message: "The channel configuration (either number or arrangement) is not supported." }
ADTS Frame buffer_fullness=255 blocks=1 buf=557
filling data 557
DecoderError { code: 8199, message: "The channel configuration (either number or arrangement) is not supported." }
ADTS Frame buffer_fullness=255 blocks=1 buf=562
filling data 562
DecoderError { code: 8199, message: "The channel configuration (either number or arrangement) is not supported." }
ADTS Frame buffer_fullness=255 blocks=1 buf=521
filling data 521
DecoderError { code: 8199, message: "The channel configuration (either number or arrangement) is not supported." }
ADTS Frame buffer_fullness=255 blocks=1 buf=456
filling data 456
DecoderError { code: 8199, message: "The channel configuration (either number or arrangement) is not supported." }
ADTS Frame buffer_fullness=255 blocks=1 buf=499
filling data 499
DecoderError { code: 8199, message: "The channel configuration (either number or arrangement) is not supported." }
ADTS Frame buffer_fullness=255 blocks=1 buf=449
filling data 449
DecoderError { code: 8199, message: "The channel configuration (either number or arrangement) is not supported." }
ADTS Frame buffer_fullness=255 blocks=1 buf=462
filling data 462
DecoderError { code: 8199, message: "The channel configuration (either number or arrangement) is not supported." }
ADTS Frame buffer_fullness=255 blocks=1 buf=519
filling data 519
DecoderError { code: 8199, message: "The channel configuration (either number or arrangement) is not supported." }
ADTS Frame buffer_fullness=255 blocks=1 buf=533
filling data 533
DecoderError { code: 8199, message: "The channel configuration (either number or arrangement) is not supported." }
ADTS Frame buffer_fullness=255 blocks=1 buf=554
filling data 554
DecoderError { code: 8199, message: "The channel configuration (either number or arrangement) is not supported." }
ADTS Frame buffer_fullness=255 blocks=1 buf=496
filling data 496
DecoderError { code: 8199, message: "The channel configuration (either number or arrangement) is not supported." }
ADTS Frame buffer_fullness=255 blocks=1 buf=571
filling data 571
DecoderError { code: 8199, message: "The channel configuration (either number or arrangement) is not supported." }
ADTS Frame buffer_fullness=255 blocks=1 buf=524
filling data 524
DecoderError { code: 8199, message: "The channel configuration (either number or arrangement) is not supported." }
ADTS Frame buffer_fullness=255 blocks=1 buf=552
filling data 552
DecoderError { code: 8199, message: "The channel configuration (either number or arrangement) is not supported." }
ADTS Frame buffer_fullness=255 blocks=1 buf=493
filling data 493
DecoderError { code: 8199, message: "The channel configuration (either number or arrangement) is not supported." }
ADTS Frame buffer_fullness=255 blocks=1 buf=504
filling data 504
DecoderError { code: 8199, message: "The channel configuration (either number or arrangement) is not supported." }
ADTS Frame buffer_fullness=255 blocks=1 buf=497
filling data 497
DecoderError { code: 8199, message: "The channel configuration (either number or arrangement) is not supported." }
ADTS Frame buffer_fullness=255 blocks=1 buf=487
filling data 487
DecoderError { code: 8199, message: "The channel configuration (either number or arrangement) is not supported." }
ADTS Frame buffer_fullness=255 blocks=1 buf=542
filling data 542
DecoderError { code: 8199, message: "The channel configuration (either number or arrangement) is not supported." }
ADTS Frame buffer_fullness=255 blocks=1 buf=530
filling data 530
DecoderError { code: 8199, message: "The channel configuration (either number or arrangement) is not supported." }
ADTS Frame buffer_fullness=255 blocks=1 buf=528
filling data 528
DecoderError { code: 8199, message: "The channel configuration (either number or arrangement) is not supported." }
ADTS Frame buffer_fullness=255 blocks=1 buf=543
filling data 543
DecoderError { code: 8199, message: "The channel configuration (either number or arrangement) is not supported." }
ADTS Frame buffer_fullness=255 blocks=1 buf=596
filling data 596
DecoderError { code: 8199, message: "The channel configuration (either number or arrangement) is not supported." }
ADTS Frame buffer_fullness=255 blocks=1 buf=520
filling data 520
DecoderError { code: 8199, message: "The channel configuration (either number or arrangement) is not supported." }
ADTS Frame buffer_fullness=255 blocks=1 buf=539
filling data 539
DecoderError { code: 8199, message: "The channel configuration (either number or arrangement) is not supported." }
ADTS Frame buffer_fullness=255 blocks=1 buf=574
filling data 574
DecoderError { code: 8199, message: "The channel configuration (either number or arrangement) is not supported." }
ADTS Frame buffer_fullness=255 blocks=1 buf=524
filling data 524
DecoderError { code: 8199, message: "The channel configuration (either number or arrangement) is not supported." }
ADTS Frame buffer_fullness=255 blocks=1 buf=567
filling data 567
DecoderError { code: 8199, message: "The channel configuration (either number or arrangement) is not supported." }
ADTS Frame buffer_fullness=255 blocks=1 buf=576
filling data 576
DecoderError { code: 8199, message: "The channel configuration (either number or arrangement) is not supported." }
ADTS Frame buffer_fullness=255 blocks=1 buf=559
filling data 559
DecoderError { code: 8199, message: "The channel configuration (either number or arrangement) is not supported." }
ADTS Frame buffer_fullness=255 blocks=1 buf=515
filling data 515
DecoderError { code: 8199, message: "The channel configuration (either number or arrangement) is not supported." }
ADTS Frame buffer_fullness=255 blocks=1 buf=544
filling data 544
DecoderError { code: 8199, message: "The channel configuration (either number or arrangement) is not supported." }
ADTS Frame buffer_fullness=255 blocks=1 buf=487
filling data 487
DecoderError { code: 8199, message: "The channel configuration (either number or arrangement) is not supported." }
ADTS Frame buffer_fullness=255 blocks=1 buf=532
filling data 532
DecoderError { code: 8199, message: "The channel configuration (either number or arrangement) is not supported." }
ADTS Frame buffer_fullness=255 blocks=1 buf=485
filling data 485
DecoderError { code: 8199, message: "The channel configuration (either number or arrangement) is not supported." }
ADTS Frame buffer_fullness=255 blocks=1 buf=505
filling data 505
DecoderError { code: 8199, message: "The channel configuration (either number or arrangement) is not supported." }
ADTS Frame buffer_fullness=255 blocks=1 buf=499
filling data 499
DecoderError { code: 8199, message: "The channel configuration (either number or arrangement) is not supported." }
ADTS Frame buffer_fullness=255 blocks=1 buf=489
filling data 489
DecoderError { code: 8199, message: "The channel configuration (either number or arrangement) is not supported." }
ADTS Frame buffer_fullness=255 blocks=1 buf=495
filling data 495
DecoderError { code: 8199, message: "The channel configuration (either number or arrangement) is not supported." }
ADTS Frame buffer_fullness=255 blocks=1 buf=490
filling data 490
DecoderError { code: 8199, message: "The channel configuration (either number or arrangement) is not supported." }
ADTS Frame buffer_fullness=255 blocks=1 buf=471
filling data 471
DecoderError { code: 8199, message: "The channel configuration (either number or arrangement) is not supported." }
ADTS Frame buffer_fullness=255 blocks=1 buf=471
filling data 471
DecoderError { code: 8199, message: "The channel configuration (either number or arrangement) is not supported." }
ADTS Frame buffer_fullness=255 blocks=1 buf=478
filling data 478
DecoderError { code: 8199, message: "The channel configuration (either number or arrangement) is not supported." }
ADTS Frame buffer_fullness=255 blocks=1 buf=465
filling data 465
DecoderError { code: 8199, message: "The channel configuration (either number or arrangement) is not supported." }
ADTS Frame buffer_fullness=255 blocks=1 buf=457
filling data 457
DecoderError { code: 8199, message: "The channel configuration (either number or arrangement) is not supported." }
ADTS Frame buffer_fullness=255 blocks=1 buf=513
filling data 513
DecoderError { code: 8199, message: "The channel configuration (either number or arrangement) is not supported." }
ADTS Frame buffer_fullness=255 blocks=1 buf=492
filling data 492
DecoderError { code: 8199, message: "The channel configuration (either number or arrangement) is not supported." }
ADTS Frame buffer_fullness=255 blocks=1 buf=493
filling data 493
DecoderError { code: 8199, message: "The channel configuration (either number or arrangement) is not supported." }
ADTS Frame buffer_fullness=255 blocks=1 buf=494
filling data 494
DecoderError { code: 8199, message: "The channel configuration (either number or arrangement) is not supported." }
ADTS Frame buffer_fullness=255 blocks=1 buf=565
filling data 565
DecoderError { code: 8199, message: "The channel configuration (either number or arrangement) is not supported." }
ADTS Frame buffer_fullness=255 blocks=1 buf=566
filling data 566
DecoderError { code: 8199, message: "The channel configuration (either number or arrangement) is not supported." }
ADTS Frame buffer_fullness=255 blocks=1 buf=618
filling data 618
DecoderError { code: 8199, message: "The channel configuration (either number or arrangement) is not supported." }
ADTS Frame buffer_fullness=255 blocks=1 buf=561
filling data 561
DecoderError { code: 8199, message: "The channel configuration (either number or arrangement) is not supported." }
ADTS Frame buffer_fullness=255 blocks=1 buf=553
filling data 553
DecoderError { code: 8199, message: "The channel configuration (either number or arrangement) is not supported." }
ADTS Frame buffer_fullness=255 blocks=1 buf=511
filling data 511
DecoderError { code: 8199, message: "The channel configuration (either number or arrangement) is not supported." }
ADTS Frame buffer_fullness=255 blocks=1 buf=513
filling data 513
DecoderError { code: 8199, message: "The channel configuration (either number or arrangement) is not supported." }
ADTS Frame buffer_fullness=255 blocks=1 buf=511
filling data 511
DecoderError { code: 8199, message: "The channel configuration (either number or arrangement) is not supported." }
ADTS Frame buffer_fullness=255 blocks=1 buf=494
filling data 494
DecoderError { code: 8199, message: "The channel configuration (either number or arrangement) is not supported." }
ADTS Frame buffer_fullness=255 blocks=1 buf=504
filling data 504
DecoderError { code: 8199, message: "The channel configuration (either number or arrangement) is not supported." }
ADTS Frame buffer_fullness=255 blocks=1 buf=517
filling data 517
DecoderError { code: 8199, message: "The channel configuration (either number or arrangement) is not supported." }
ADTS Frame buffer_fullness=255 blocks=1 buf=528
filling data 528
DecoderError { code: 8199, message: "The channel configuration (either number or arrangement) is not supported." }
ADTS Frame buffer_fullness=255 blocks=1 buf=526
filling data 526
DecoderError { code: 8199, message: "The channel configuration (either number or arrangement) is not supported." }
ADTS Frame buffer_fullness=255 blocks=1 buf=501
filling data 501
DecoderError { code: 8199, message: "The channel configuration (either number or arrangement) is not supported." }
ADTS Frame buffer_fullness=255 blocks=1 buf=503
filling data 503
DecoderError { code: 8199, message: "The channel configuration (either number or arrangement) is not supported." }
ADTS Frame buffer_fullness=255 blocks=1 buf=500
filling data 500
DecoderError { code: 8199, message: "The channel configuration (either number or arrangement) is not supported." }
ADTS Frame buffer_fullness=255 blocks=1 buf=492
filling data 492
DecoderError { code: 8199, message: "The channel configuration (either number or arrangement) is not supported." }
ADTS Frame buffer_fullness=255 blocks=1 buf=500
filling data 500
DecoderError { code: 8199, message: "The channel configuration (either number or arrangement) is not supported." }
ADTS Frame buffer_fullness=255 blocks=1 buf=484
filling data 484
DecoderError { code: 8199, message: "The channel configuration (either number or arrangement) is not supported." }
ADTS Frame buffer_fullness=255 blocks=1 buf=481
filling data 481
DecoderError { code: 8199, message: "The channel configuration (either number or arrangement) is not supported." }
ADTS Frame buffer_fullness=255 blocks=1 buf=478
filling data 478
DecoderError { code: 8199, message: "The channel configuration (either number or arrangement) is not supported." }
ADTS Frame buffer_fullness=255 blocks=1 buf=474
filling data 474
DecoderError { code: 8199, message: "The channel configuration (either number or arrangement) is not supported." }
ADTS Frame buffer_fullness=255 blocks=1 buf=503
filling data 503
DecoderError { code: 8199, message: "The channel configuration (either number or arrangement) is not supported." }
ADTS Frame buffer_fullness=255 blocks=1 buf=474
filling data 474
DecoderError { code: 8199, message: "The channel configuration (either number or arrangement) is not supported." }
ADTS Frame buffer_fullness=255 blocks=1 buf=463
filling data 463
DecoderError { code: 8199, message: "The channel configuration (either number or arrangement) is not supported." }
ADTS Frame buffer_fullness=255 blocks=1 buf=513
filling data 513
DecoderError { code: 8199, message: "The channel configuration (either number or arrangement) is not supported." }
ADTS Frame buffer_fullness=255 blocks=1 buf=538
filling data 538
DecoderError { code: 8199, message: "The channel configuration (either number or arrangement) is not supported." }
ADTS Frame buffer_fullness=255 blocks=1 buf=509
filling data 509
DecoderError { code: 8199, message: "The channel configuration (either number or arrangement) is not supported." }
ADTS Frame buffer_fullness=255 blocks=1 buf=527
filling data 527
DecoderError { code: 8199, message: "The channel configuration (either number or arrangement) is not supported." }
ADTS Frame buffer_fullness=255 blocks=1 buf=490
filling data 490
DecoderError { code: 8199, message: "The channel configuration (either number or arrangement) is not supported." }
ADTS Frame buffer_fullness=255 blocks=1 buf=558
filling data 558
DecoderError { code: 8199, message: "The channel configuration (either number or arrangement) is not supported." }
ADTS Frame buffer_fullness=255 blocks=1 buf=572
filling data 572
DecoderError { code: 8199, message: "The channel configuration (either number or arrangement) is not supported." }
ADTS Frame buffer_fullness=255 blocks=1 buf=534
filling data 534
DecoderError { code: 8199, message: "The channel configuration (either number or arrangement) is not supported." }
ADTS Frame buffer_fullness=255 blocks=1 buf=540
filling data 540
DecoderError { code: 8199, message: "The channel configuration (either number or arrangement) is not supported." }
ADTS Frame buffer_fullness=255 blocks=1 buf=521
filling data 521
DecoderError { code: 8199, message: "The channel configuration (either number or arrangement) is not supported." }
ADTS Frame buffer_fullness=255 blocks=1 buf=498
filling data 498
DecoderError { code: 8199, message: "The channel configuration (either number or arrangement) is not supported." }
ADTS Frame buffer_fullness=255 blocks=1 buf=488
filling data 488
DecoderError { code: 8199, message: "The channel configuration (either number or arrangement) is not supported." }
ADTS Frame buffer_fullness=255 blocks=1 buf=511
filling data 511
DecoderError { code: 8199, message: "The channel configuration (either number or arrangement) is not supported." }
ADTS Frame buffer_fullness=255 blocks=1 buf=507
filling data 507
DecoderError { code: 8199, message: "The channel configuration (either number or arrangement) is not supported." }
ADTS Frame buffer_fullness=255 blocks=1 buf=532
filling data 532
DecoderError { code: 8199, message: "The channel configuration (either number or arrangement) is not supported." }
ADTS Frame buffer_fullness=255 blocks=1 buf=497
filling data 497
DecoderError { code: 8199, message: "The channel configuration (either number or arrangement) is not supported." }
ADTS Frame buffer_fullness=255 blocks=1 buf=453
filling data 453
DecoderError { code: 8199, message: "The channel configuration (either number or arrangement) is not supported." }
ADTS Frame buffer_fullness=255 blocks=1 buf=508
filling data 508
DecoderError { code: 8199, message: "The channel configuration (either number or arrangement) is not supported." }
ADTS Frame buffer_fullness=255 blocks=1 buf=484
filling data 484
DecoderError { code: 8199, message: "The channel configuration (either number or arrangement) is not supported." }
ADTS Frame buffer_fullness=255 blocks=1 buf=517
filling data 517
DecoderError { code: 8199, message: "The channel configuration (either number or arrangement) is not supported." }
ADTS Frame buffer_fullness=255 blocks=1 buf=482
filling data 482
DecoderError { code: 8199, message: "The channel configuration (either number or arrangement) is not supported." }
ADTS Frame buffer_fullness=255 blocks=1 buf=466
filling data 466
DecoderError { code: 8199, message: "The channel configuration (either number or arrangement) is not supported." }
ADTS Frame buffer_fullness=255 blocks=1 buf=474
filling data 474
DecoderError { code: 8199, message: "The channel configuration (either number or arrangement) is not supported." }
ADTS Frame buffer_fullness=255 blocks=1 buf=488
filling data 488
DecoderError { code: 8199, message: "The channel configuration (either number or arrangement) is not supported." }
ADTS Frame buffer_fullness=255 blocks=1 buf=487
filling data 487
DecoderError { code: 8199, message: "The channel configuration (either number or arrangement) is not supported." }
ADTS Frame buffer_fullness=255 blocks=1 buf=519
filling data 519
DecoderError { code: 8199, message: "The channel configuration (either number or arrangement) is not supported." }
ADTS Frame buffer_fullness=255 blocks=1 buf=466
filling data 466
DecoderError { code: 8199, message: "The channel configuration (either number or arrangement) is not supported." }
ADTS Frame buffer_fullness=255 blocks=1 buf=462
filling data 462
DecoderError { code: 8199, message: "The channel configuration (either number or arrangement) is not supported." }
ADTS Frame buffer_fullness=255 blocks=1 buf=547
filling data 547
DecoderError { code: 8199, message: "The channel configuration (either number or arrangement) is not supported." }
ADTS Frame buffer_fullness=255 blocks=1 buf=511
filling data 511
DecoderError { code: 8199, message: "The channel configuration (either number or arrangement) is not supported." }
ADTS Frame buffer_fullness=255 blocks=1 buf=555
filling data 555
DecoderError { code: 8199, message: "The channel configuration (either number or arrangement) is not supported." }
ADTS Frame buffer_fullness=255 blocks=1 buf=554
filling data 554
DecoderError { code: 8199, message: "The channel configuration (either number or arrangement) is not supported." }
ADTS Frame buffer_fullness=255 blocks=1 buf=517
filling data 517
DecoderError { code: 8199, message: "The channel configuration (either number or arrangement) is not supported." }
ADTS Frame buffer_fullness=255 blocks=1 buf=522
filling data 522
DecoderError { code: 8199, message: "The channel configuration (either number or arrangement) is not supported." }
ADTS Frame buffer_fullness=255 blocks=1 buf=540
filling data 540
DecoderError { code: 8199, message: "The channel configuration (either number or arrangement) is not supported." }
ADTS Frame buffer_fullness=255 blocks=1 buf=619
filling data 619
DecoderError { code: 8199, message: "The channel configuration (either number or arrangement) is not supported." }
ADTS Frame buffer_fullness=255 blocks=1 buf=606
filling data 606
DecoderError { code: 8199, message: "The channel configuration (either number or arrangement) is not supported." }
ADTS Frame buffer_fullness=255 blocks=1 buf=546
filling data 546
DecoderError { code: 8199, message: "The channel configuration (either number or arrangement) is not supported." }
ADTS Frame buffer_fullness=255 blocks=1 buf=559
filling data 559
DecoderError { code: 8199, message: "The channel configuration (either number or arrangement) is not supported." }
ADTS Frame buffer_fullness=255 blocks=1 buf=566
filling data 566
DecoderError { code: 8199, message: "The channel configuration (either number or arrangement) is not supported." }
ADTS Frame buffer_fullness=255 blocks=1 buf=542
filling data 542
DecoderError { code: 8199, message: "The channel configuration (either number or arrangement) is not supported." }
ADTS Frame buffer_fullness=255 blocks=1 buf=584
filling data 584
DecoderError { code: 8199, message: "The channel configuration (either number or arrangement) is not supported." }
ADTS Frame buffer_fullness=255 blocks=1 buf=571
filling data 571
DecoderError { code: 8199, message: "The channel configuration (either number or arrangement) is not supported." }
ADTS Frame buffer_fullness=255 blocks=1 buf=585
filling data 585
DecoderError { code: 8199, message: "The channel configuration (either number or arrangement) is not supported." }
ADTS Frame buffer_fullness=255 blocks=1 buf=548
filling data 548
DecoderError { code: 8199, message: "The channel configuration (either number or arrangement) is not supported." }
ADTS Frame buffer_fullness=255 blocks=1 buf=608
filling data 608
DecoderError { code: 8199, message: "The channel configuration (either number or arrangement) is not supported." }
ADTS Frame buffer_fullness=255 blocks=1 buf=549
filling data 549
DecoderError { code: 8199, message: "The channel configuration (either number or arrangement) is not supported." }
ADTS Frame buffer_fullness=255 blocks=1 buf=535
filling data 535
DecoderError { code: 8199, message: "The channel configuration (either number or arrangement) is not supported." }
ADTS Frame buffer_fullness=255 blocks=1 buf=547
filling data 547
DecoderError { code: 8199, message: "The channel configuration (either number or arrangement) is not supported." }
ADTS Frame buffer_fullness=255 blocks=1 buf=638
filling data 638
DecoderError { code: 8199, message: "The channel configuration (either number or arrangement) is not supported." }
ADTS Frame buffer_fullness=255 blocks=1 buf=548
filling data 548
DecoderError { code: 8199, message: "The channel configuration (either number or arrangement) is not supported." }
ADTS Frame buffer_fullness=255 blocks=1 buf=561
filling data 561
DecoderError { code: 8199, message: "The channel configuration (either number or arrangement) is not supported." }
ADTS Frame buffer_fullness=255 blocks=1 buf=523
filling data 523
DecoderError { code: 8199, message: "The channel configuration (either number or arrangement) is not supported." }
ADTS Frame buffer_fullness=255 blocks=1 buf=491
filling data 491
DecoderError { code: 8199, message: "The channel configuration (either number or arrangement) is not supported." }
ADTS Frame buffer_fullness=255 blocks=1 buf=505
filling data 505
DecoderError { code: 8199, message: "The channel configuration (either number or arrangement) is not supported." }
ADTS Frame buffer_fullness=255 blocks=1 buf=555
filling data 555
DecoderError { code: 8199, message: "The channel configuration (either number or arrangement) is not supported." }
ADTS Frame buffer_fullness=255 blocks=1 buf=627
filling data 627
DecoderError { code: 8199, message: "The channel configuration (either number or arrangement) is not supported." }
ADTS Frame buffer_fullness=255 blocks=1 buf=533
filling data 533
DecoderError { code: 8199, message: "The channel configuration (either number or arrangement) is not supported." }
ADTS Frame buffer_fullness=255 blocks=1 buf=531
filling data 531
DecoderError { code: 8199, message: "The channel configuration (either number or arrangement) is not supported." }
ADTS Frame buffer_fullness=255 blocks=1 buf=554
filling data 554
DecoderError { code: 8199, message: "The channel configuration (either number or arrangement) is not supported." }
ADTS Frame buffer_fullness=255 blocks=1 buf=545
filling data 545
DecoderError { code: 8199, message: "The channel configuration (either number or arrangement) is not supported." }
ADTS Frame buffer_fullness=255 blocks=1 buf=558
filling data 558
DecoderError { code: 8199, message: "The channel configuration (either number or arrangement) is not supported." }
ADTS Frame buffer_fullness=255 blocks=1 buf=506
filling data 506
DecoderError { code: 8199, message: "The channel configuration (either number or arrangement) is not supported." }
ADTS Frame buffer_fullness=255 blocks=1 buf=571
filling data 571
DecoderError { code: 8199, message: "The channel configuration (either number or arrangement) is not supported." }
ADTS Frame buffer_fullness=255 blocks=1 buf=554
filling data 554
DecoderError { code: 8199, message: "The channel configuration (either number or arrangement) is not supported." }
ADTS Frame buffer_fullness=255 blocks=1 buf=589
filling data 589
DecoderError { code: 8199, message: "The channel configuration (either number or arrangement) is not supported." }
ADTS Frame buffer_fullness=255 blocks=1 buf=571
filling data 571
DecoderError { code: 8199, message: "The channel configuration (either number or arrangement) is not supported." }
ADTS Frame buffer_fullness=255 blocks=1 buf=585
filling data 585
DecoderError { code: 8199, message: "The channel configuration (either number or arrangement) is not supported." }
ADTS Frame buffer_fullness=255 blocks=1 buf=579
filling data 579
DecoderError { code: 8199, message: "The channel configuration (either number or arrangement) is not supported." }
ADTS Frame buffer_fullness=255 blocks=1 buf=522
filling data 522
DecoderError { code: 8199, message: "The channel configuration (either number or arrangement) is not supported." }
ADTS Frame buffer_fullness=255 blocks=1 buf=514
filling data 514
DecoderError { code: 8199, message: "The channel configuration (either number or arrangement) is not supported." }
ADTS Frame buffer_fullness=255 blocks=1 buf=472
filling data 472
DecoderError { code: 8199, message: "The channel configuration (either number or arrangement) is not supported." }
ADTS Frame buffer_fullness=255 blocks=1 buf=490
filling data 490
DecoderError { code: 8199, message: "The channel configuration (either number or arrangement) is not supported." }
ADTS Frame buffer_fullness=255 blocks=1 buf=487
filling data 487
DecoderError { code: 8199, message: "The channel configuration (either number or arrangement) is not supported." }
ADTS Frame buffer_fullness=255 blocks=1 buf=461
filling data 461
DecoderError { code: 8199, message: "The channel configuration (either number or arrangement) is not supported." }
ADTS Frame buffer_fullness=255 blocks=1 buf=474
filling data 474
DecoderError { code: 8199, message: "The channel configuration (either number or arrangement) is not supported." }
ADTS Frame buffer_fullness=255 blocks=1 buf=500
filling data 500
DecoderError { code: 8199, message: "The channel configuration (either number or arrangement) is not supported." }
ADTS Frame buffer_fullness=255 blocks=1 buf=472
filling data 472
DecoderError { code: 8199, message: "The channel configuration (either number or arrangement) is not supported." }
ADTS Frame buffer_fullness=255 blocks=1 buf=487
filling data 487
DecoderError { code: 8199, message: "The channel configuration (either number or arrangement) is not supported." }
ADTS Frame buffer_fullness=255 blocks=1 buf=488
filling data 488
DecoderError { code: 8199, message: "The channel configuration (either number or arrangement) is not supported." }
ADTS Frame buffer_fullness=255 blocks=1 buf=483
filling data 483
DecoderError { code: 8199, message: "The channel configuration (either number or arrangement) is not supported." }
ADTS Frame buffer_fullness=255 blocks=1 buf=532
filling data 532
DecoderError { code: 8199, message: "The channel configuration (either number or arrangement) is not supported." }
ADTS Frame buffer_fullness=255 blocks=1 buf=527
filling data 527
DecoderError { code: 8199, message: "The channel configuration (either number or arrangement) is not supported." }
ADTS Frame buffer_fullness=255 blocks=1 buf=494
filling data 494
DecoderError { code: 8199, message: "The channel configuration (either number or arrangement) is not supported." }
ADTS Frame buffer_fullness=255 blocks=1 buf=574
filling data 574
DecoderError { code: 8199, message: "The channel configuration (either number or arrangement) is not supported." }
ADTS Frame buffer_fullness=255 blocks=1 buf=502
filling data 502
DecoderError { code: 8199, message: "The channel configuration (either number or arrangement) is not supported." }
ADTS Frame buffer_fullness=255 blocks=1 buf=517
filling data 517
DecoderError { code: 8199, message: "The channel configuration (either number or arrangement) is not supported." }
ADTS Frame buffer_fullness=255 blocks=1 buf=520
filling data 520
DecoderError { code: 8199, message: "The channel configuration (either number or arrangement) is not supported." }
ADTS Frame buffer_fullness=255 blocks=1 buf=520
filling data 520
DecoderError { code: 8199, message: "The channel configuration (either number or arrangement) is not supported." }
ADTS Frame buffer_fullness=255 blocks=1 buf=434
filling data 434
DecoderError { code: 8199, message: "The channel configuration (either number or arrangement) is not supported." }
ADTS Frame buffer_fullness=255 blocks=1 buf=512
filling data 512
DecoderError { code: 8199, message: "The channel configuration (either number or arrangement) is not supported." }
ADTS Frame buffer_fullness=255 blocks=1 buf=485
filling data 485
DecoderError { code: 8199, message: "The channel configuration (either number or arrangement) is not supported." }
ADTS Frame buffer_fullness=255 blocks=1 buf=509
filling data 509
DecoderError { code: 8199, message: "The channel configuration (either number or arrangement) is not supported." }
ADTS Frame buffer_fullness=255 blocks=1 buf=501
filling data 501
DecoderError { code: 8199, message: "The channel configuration (either number or arrangement) is not supported." }
ADTS Frame buffer_fullness=255 blocks=1 buf=508
filling data 508
DecoderError { code: 8199, message: "The channel configuration (either number or arrangement) is not supported." }
ADTS Frame buffer_fullness=255 blocks=1 buf=522
filling data 522
DecoderError { code: 8199, message: "The channel configuration (either number or arrangement) is not supported." }
ADTS Frame buffer_fullness=255 blocks=1 buf=486
filling data 486
DecoderError { code: 8199, message: "The channel configuration (either number or arrangement) is not supported." }
ADTS Frame buffer_fullness=255 blocks=1 buf=541
filling data 541
DecoderError { code: 8199, message: "The channel configuration (either number or arrangement) is not supported." }
ADTS Frame buffer_fullness=255 blocks=1 buf=550
filling data 550
DecoderError { code: 8199, message: "The channel configuration (either number or arrangement) is not supported." }
ADTS Frame buffer_fullness=255 blocks=1 buf=512
filling data 512
DecoderError { code: 8199, message: "The channel configuration (either number or arrangement) is not supported." }
ADTS Frame buffer_fullness=255 blocks=1 buf=509
filling data 509
DecoderError { code: 8199, message: "The channel configuration (either number or arrangement) is not supported." }
ADTS Frame buffer_fullness=255 blocks=1 buf=515
filling data 515
DecoderError { code: 8199, message: "The channel configuration (either number or arrangement) is not supported." }
ADTS Frame buffer_fullness=255 blocks=1 buf=516
filling data 516
DecoderError { code: 8199, message: "The channel configuration (either number or arrangement) is not supported." }
ADTS Frame buffer_fullness=255 blocks=1 buf=522
filling data 522
DecoderError { code: 8199, message: "The channel configuration (either number or arrangement) is not supported." }
ADTS Frame buffer_fullness=255 blocks=1 buf=568
filling data 568
DecoderError { code: 8199, message: "The channel configuration (either number or arrangement) is not supported." }
ADTS Frame buffer_fullness=255 blocks=1 buf=555
filling data 555
DecoderError { code: 8199, message: "The channel configuration (either number or arrangement) is not supported." }
ADTS Frame buffer_fullness=255 blocks=1 buf=519
filling data 519
DecoderError { code: 8199, message: "The channel configuration (either number or arrangement) is not supported." }
ADTS Frame buffer_fullness=255 blocks=1 buf=483
filling data 483
DecoderError { code: 8199, message: "The channel configuration (either number or arrangement) is not supported." }
ADTS Frame buffer_fullness=255 blocks=1 buf=509
filling data 509
DecoderError { code: 8199, message: "The channel configuration (either number or arrangement) is not supported." }
ADTS Frame buffer_fullness=255 blocks=1 buf=484
filling data 484
DecoderError { code: 8199, message: "The channel configuration (either number or arrangement) is not supported." }
ADTS Frame buffer_fullness=255 blocks=1 buf=469
filling data 469
DecoderError { code: 8199, message: "The channel configuration (either number or arrangement) is not supported." }
ADTS Frame buffer_fullness=255 blocks=1 buf=498
filling data 498
DecoderError { code: 8199, message: "The channel configuration (either number or arrangement) is not supported." }
ADTS Frame buffer_fullness=255 blocks=1 buf=469
filling data 469
DecoderError { code: 8199, message: "The channel configuration (either number or arrangement) is not supported." }
ADTS Frame buffer_fullness=255 blocks=1 buf=463
filling data 463
DecoderError { code: 8199, message: "The channel configuration (either number or arrangement) is not supported." }
ADTS Frame buffer_fullness=255 blocks=1 buf=466
filling data 466
DecoderError { code: 8199, message: "The channel configuration (either number or arrangement) is not supported." }
ADTS Frame buffer_fullness=255 blocks=1 buf=448
filling data 448
DecoderError { code: 8199, message: "The channel configuration (either number or arrangement) is not supported." }
ADTS Frame buffer_fullness=255 blocks=1 buf=458
filling data 458
DecoderError { code: 8199, message: "The channel configuration (either number or arrangement) is not supported." }
ADTS Frame buffer_fullness=255 blocks=1 buf=459
filling data 459
DecoderError { code: 8199, message: "The channel configuration (either number or arrangement) is not supported." }
ADTS Frame buffer_fullness=255 blocks=1 buf=505
filling data 505
DecoderError { code: 8199, message: "The channel configuration (either number or arrangement) is not supported." }
ADTS Frame buffer_fullness=255 blocks=1 buf=498
filling data 498
DecoderError { code: 8199, message: "The channel configuration (either number or arrangement) is not supported." }
ADTS Frame buffer_fullness=255 blocks=1 buf=475
filling data 475
DecoderError { code: 8199, message: "The channel configuration (either number or arrangement) is not supported." }
ADTS Frame buffer_fullness=255 blocks=1 buf=474
filling data 474
DecoderError { code: 8199, message: "The channel configuration (either number or arrangement) is not supported." }
ADTS Frame buffer_fullness=255 blocks=1 buf=470
filling data 470
DecoderError { code: 8199, message: "The channel configuration (either number or arrangement) is not supported." }
ADTS Frame buffer_fullness=255 blocks=1 buf=543
filling data 543
DecoderError { code: 8199, message: "The channel configuration (either number or arrangement) is not supported." }
ADTS Frame buffer_fullness=255 blocks=1 buf=568
filling data 568
DecoderError { code: 8199, message: "The channel configuration (either number or arrangement) is not supported." }
ADTS Frame buffer_fullness=255 blocks=1 buf=538
filling data 538
DecoderError { code: 8199, message: "The channel configuration (either number or arrangement) is not supported." }
ADTS Frame buffer_fullness=255 blocks=1 buf=516
filling data 516
DecoderError { code: 8199, message: "The channel configuration (either number or arrangement) is not supported." }
ADTS Frame buffer_fullness=255 blocks=1 buf=495
filling data 495
DecoderError { code: 8199, message: "The channel configuration (either number or arrangement) is not supported." }
ADTS Frame buffer_fullness=255 blocks=1 buf=486
filling data 486
DecoderError { code: 8199, message: "The channel configuration (either number or arrangement) is not supported." }
ADTS Frame buffer_fullness=255 blocks=1 buf=515
filling data 515
DecoderError { code: 8199, message: "The channel configuration (either number or arrangement) is not supported." }
ADTS Frame buffer_fullness=255 blocks=1 buf=543
filling data 543
DecoderError { code: 8199, message: "The channel configuration (either number or arrangement) is not supported." }
ADTS Frame buffer_fullness=255 blocks=1 buf=480
filling data 480
DecoderError { code: 8199, message: "The channel configuration (either number or arrangement) is not supported." }
ADTS Frame buffer_fullness=255 blocks=1 buf=495
filling data 495
DecoderError { code: 8199, message: "The channel configuration (either number or arrangement) is not supported." }
ADTS Frame buffer_fullness=255 blocks=1 buf=488
filling data 488
DecoderError { code: 8199, message: "The channel configuration (either number or arrangement) is not supported." }
ADTS Frame buffer_fullness=255 blocks=1 buf=470
filling data 470
DecoderError { code: 8199, message: "The channel configuration (either number or arrangement) is not supported." }
ADTS Frame buffer_fullness=255 blocks=1 buf=490
filling data 490
DecoderError { code: 8199, message: "The channel configuration (either number or arrangement) is not supported." }
ADTS Frame buffer_fullness=255 blocks=1 buf=492
filling data 492
DecoderError { code: 8199, message: "The channel configuration (either number or arrangement) is not supported." }
ADTS Frame buffer_fullness=255 blocks=1 buf=517
filling data 517
DecoderError { code: 8199, message: "The channel configuration (either number or arrangement) is not supported." }
ADTS Frame buffer_fullness=255 blocks=1 buf=538
filling data 538
DecoderError { code: 8199, message: "The channel configuration (either number or arrangement) is not supported." }
ADTS Frame buffer_fullness=255 blocks=1 buf=479
filling data 479
DecoderError { code: 8199, message: "The channel configuration (either number or arrangement) is not supported." }
ADTS Frame buffer_fullness=255 blocks=1 buf=469
filling data 469
DecoderError { code: 8199, message: "The channel configuration (either number or arrangement) is not supported." }
ADTS Frame buffer_fullness=255 blocks=1 buf=501
filling data 501
DecoderError { code: 8199, message: "The channel configuration (either number or arrangement) is not supported." }
ADTS Frame buffer_fullness=255 blocks=1 buf=484
filling data 484
DecoderError { code: 8199, message: "The channel configuration (either number or arrangement) is not supported." }
ADTS Frame buffer_fullness=255 blocks=1 buf=509
filling data 509
DecoderError { code: 8199, message: "The channel configuration (either number or arrangement) is not supported." }
ADTS Frame buffer_fullness=255 blocks=1 buf=476
filling data 476
DecoderError { code: 8199, message: "The channel configuration (either number or arrangement) is not supported." }
ADTS Frame buffer_fullness=255 blocks=1 buf=484
filling data 484
DecoderError { code: 8199, message: "The channel configuration (either number or arrangement) is not supported." }
ADTS Frame buffer_fullness=255 blocks=1 buf=527
filling data 527
DecoderError { code: 8199, message: "The channel configuration (either number or arrangement) is not supported." }
ADTS Frame buffer_fullness=255 blocks=1 buf=496
filling data 496
DecoderError { code: 8199, message: "The channel configuration (either number or arrangement) is not supported." }
ADTS Frame buffer_fullness=255 blocks=1 buf=489
filling data 489
DecoderError { code: 8199, message: "The channel configuration (either number or arrangement) is not supported." }
ADTS Frame buffer_fullness=255 blocks=1 buf=445
filling data 445
DecoderError { code: 8199, message: "The channel configuration (either number or arrangement) is not supported." }
ADTS Frame buffer_fullness=255 blocks=1 buf=511
filling data 511
DecoderError { code: 8199, message: "The channel configuration (either number or arrangement) is not supported." }
ADTS Frame buffer_fullness=255 blocks=1 buf=433
filling data 433
DecoderError { code: 8199, message: "The channel configuration (either number or arrangement) is not supported." }
ADTS Frame buffer_fullness=255 blocks=1 buf=488
filling data 488
DecoderError { code: 8199, message: "The channel configuration (either number or arrangement) is not supported." }
ADTS Frame buffer_fullness=255 blocks=1 buf=487
filling data 487
DecoderError { code: 8199, message: "The channel configuration (either number or arrangement) is not supported." }
ADTS Frame buffer_fullness=255 blocks=1 buf=448
filling data 448
DecoderError { code: 8199, message: "The channel configuration (either number or arrangement) is not supported." }
ADTS Frame buffer_fullness=255 blocks=1 buf=462
filling data 462
DecoderError { code: 8199, message: "The channel configuration (either number or arrangement) is not supported." }
ADTS Frame buffer_fullness=255 blocks=1 buf=480
filling data 480
DecoderError { code: 8199, message: "The channel configuration (either number or arrangement) is not supported." }
ADTS Frame buffer_fullness=255 blocks=1 buf=494
filling data 494
DecoderError { code: 8199, message: "The channel configuration (either number or arrangement) is not supported." }
ADTS Frame buffer_fullness=255 blocks=1 buf=570
filling data 570
DecoderError { code: 8199, message: "The channel configuration (either number or arrangement) is not supported." }
ADTS Frame buffer_fullness=255 blocks=1 buf=537
filling data 537
DecoderError { code: 8199, message: "The channel configuration (either number or arrangement) is not supported." }
ADTS Frame buffer_fullness=255 blocks=1 buf=539
filling data 539
DecoderError { code: 8199, message: "The channel configuration (either number or arrangement) is not supported." }
ADTS Frame buffer_fullness=255 blocks=1 buf=502
filling data 502
DecoderError { code: 8199, message: "The channel configuration (either number or arrangement) is not supported." }
ADTS Frame buffer_fullness=255 blocks=1 buf=528
filling data 528
DecoderError { code: 8199, message: "The channel configuration (either number or arrangement) is not supported." }
ADTS Frame buffer_fullness=255 blocks=1 buf=513
filling data 513
DecoderError { code: 8199, message: "The channel configuration (either number or arrangement) is not supported." }
ADTS Frame buffer_fullness=255 blocks=1 buf=484
filling data 484
DecoderError { code: 8199, message: "The channel configuration (either number or arrangement) is not supported." }
ADTS Frame buffer_fullness=255 blocks=1 buf=481
filling data 481
DecoderError { code: 8199, message: "The channel configuration (either number or arrangement) is not supported." }
ADTS Frame buffer_fullness=255 blocks=1 buf=508
filling data 508
DecoderError { code: 8199, message: "The channel configuration (either number or arrangement) is not supported." }
ADTS Frame buffer_fullness=255 blocks=1 buf=490
filling data 490
DecoderError { code: 8199, message: "The channel configuration (either number or arrangement) is not supported." }
ADTS Frame buffer_fullness=255 blocks=1 buf=509
filling data 509
DecoderError { code: 8199, message: "The channel configuration (either number or arrangement) is not supported." }
ADTS Frame buffer_fullness=255 blocks=1 buf=491
filling data 491
DecoderError { code: 8199, message: "The channel configuration (either number or arrangement) is not supported." }
ADTS Frame buffer_fullness=255 blocks=1 buf=503
filling data 503
DecoderError { code: 8199, message: "The channel configuration (either number or arrangement) is not supported." }
ADTS Frame buffer_fullness=255 blocks=1 buf=466
filling data 466
DecoderError { code: 8199, message: "The channel configuration (either number or arrangement) is not supported." }
ADTS Frame buffer_fullness=255 blocks=1 buf=520
filling data 520
DecoderError { code: 8199, message: "The channel configuration (either number or arrangement) is not supported." }
ADTS Frame buffer_fullness=255 blocks=1 buf=542
filling data 542
DecoderError { code: 8199, message: "The channel configuration (either number or arrangement) is not supported." }
ADTS Frame buffer_fullness=255 blocks=1 buf=529
filling data 529
DecoderError { code: 8199, message: "The channel configuration (either number or arrangement) is not supported." }
ADTS Frame buffer_fullness=255 blocks=1 buf=491
filling data 491
DecoderError { code: 8199, message: "The channel configuration (either number or arrangement) is not supported." }
ADTS Frame buffer_fullness=255 blocks=1 buf=500
filling data 500
DecoderError { code: 8199, message: "The channel configuration (either number or arrangement) is not supported." }
ADTS Frame buffer_fullness=255 blocks=1 buf=519
filling data 519
DecoderError { code: 8199, message: "The channel configuration (either number or arrangement) is not supported." }
ADTS Frame buffer_fullness=255 blocks=1 buf=537
filling data 537
DecoderError { code: 8199, message: "The channel configuration (either number or arrangement) is not supported." }
ADTS Frame buffer_fullness=255 blocks=1 buf=502
filling data 502
DecoderError { code: 8199, message: "The channel configuration (either number or arrangement) is not supported." }
ADTS Frame buffer_fullness=255 blocks=1 buf=490
filling data 490
DecoderError { code: 8199, message: "The channel configuration (either number or arrangement) is not supported." }
ADTS Frame buffer_fullness=255 blocks=1 buf=490
filling data 490
DecoderError { code: 8199, message: "The channel configuration (either number or arrangement) is not supported." }
ADTS Frame buffer_fullness=255 blocks=1 buf=521
filling data 521
DecoderError { code: 8199, message: "The channel configuration (either number or arrangement) is not supported." }
ADTS Frame buffer_fullness=255 blocks=1 buf=566
filling data 566
DecoderError { code: 8199, message: "The channel configuration (either number or arrangement) is not supported." }
ADTS Frame buffer_fullness=255 blocks=1 buf=562
filling data 562
DecoderError { code: 8199, message: "The channel configuration (either number or arrangement) is not supported." }
ADTS Frame buffer_fullness=255 blocks=1 buf=527
filling data 527
DecoderError { code: 8199, message: "The channel configuration (either number or arrangement) is not supported." }
ADTS Frame buffer_fullness=255 blocks=1 buf=561
filling data 561
DecoderError { code: 8199, message: "The channel configuration (either number or arrangement) is not supported." }
ADTS Frame buffer_fullness=255 blocks=1 buf=517
filling data 517
DecoderError { code: 8199, message: "The channel configuration (either number or arrangement) is not supported." }
ADTS Frame buffer_fullness=255 blocks=1 buf=444
filling data 444
DecoderError { code: 8199, message: "The channel configuration (either number or arrangement) is not supported." }
ADTS Frame buffer_fullness=255 blocks=1 buf=474
filling data 474
DecoderError { code: 8199, message: "The channel configuration (either number or arrangement) is not supported." }
ADTS Frame buffer_fullness=255 blocks=1 buf=477
filling data 477
DecoderError { code: 8199, message: "The channel configuration (either number or arrangement) is not supported." }
ADTS Frame buffer_fullness=255 blocks=1 buf=473
filling data 473
DecoderError { code: 8199, message: "The channel configuration (either number or arrangement) is not supported." }
ADTS Frame buffer_fullness=255 blocks=1 buf=484
filling data 484
DecoderError { code: 8199, message: "The channel configuration (either number or arrangement) is not supported." }
ADTS Frame buffer_fullness=255 blocks=1 buf=520
filling data 520
DecoderError { code: 8199, message: "The channel configuration (either number or arrangement) is not supported." }
ADTS Frame buffer_fullness=255 blocks=1 buf=460
filling data 460
DecoderError { code: 8199, message: "The channel configuration (either number or arrangement) is not supported." }
ADTS Frame buffer_fullness=255 blocks=1 buf=507
filling data 507
DecoderError { code: 8199, message: "The channel configuration (either number or arrangement) is not supported." }
ADTS Frame buffer_fullness=255 blocks=1 buf=447
filling data 447
DecoderError { code: 8199, message: "The channel configuration (either number or arrangement) is not supported." }
ADTS Frame buffer_fullness=255 blocks=1 buf=494
filling data 494
DecoderError { code: 8199, message: "The channel configuration (either number or arrangement) is not supported." }
ADTS Frame buffer_fullness=255 blocks=1 buf=475
filling data 475
DecoderError { code: 8199, message: "The channel configuration (either number or arrangement) is not supported." }
ADTS Frame buffer_fullness=255 blocks=1 buf=486
filling data 486
DecoderError { code: 8199, message: "The channel configuration (either number or arrangement) is not supported." }
ADTS Frame buffer_fullness=255 blocks=1 buf=471
filling data 471
DecoderError { code: 8199, message: "The channel configuration (either number or arrangement) is not supported." }
ADTS Frame buffer_fullness=255 blocks=1 buf=538
filling data 538
DecoderError { code: 8199, message: "The channel configuration (either number or arrangement) is not supported." }
ADTS Frame buffer_fullness=255 blocks=1 buf=526
filling data 526
DecoderError { code: 8199, message: "The channel configuration (either number or arrangement) is not supported." }
ADTS Frame buffer_fullness=255 blocks=1 buf=534
filling data 534
DecoderError { code: 8199, message: "The channel configuration (either number or arrangement) is not supported." }
ADTS Frame buffer_fullness=255 blocks=1 buf=595
filling data 595
DecoderError { code: 8199, message: "The channel configuration (either number or arrangement) is not supported." }
ADTS Frame buffer_fullness=255 blocks=1 buf=545
filling data 545
DecoderError { code: 8199, message: "The channel configuration (either number or arrangement) is not supported." }
ADTS Frame buffer_fullness=255 blocks=1 buf=502
filling data 502
DecoderError { code: 8199, message: "The channel configuration (either number or arrangement) is not supported." }
ADTS Frame buffer_fullness=255 blocks=1 buf=531
filling data 531
DecoderError { code: 8199, message: "The channel configuration (either number or arrangement) is not supported." }
ADTS Frame buffer_fullness=255 blocks=1 buf=516
filling data 516
DecoderError { code: 8199, message: "The channel configuration (either number or arrangement) is not supported." }
ADTS Frame buffer_fullness=255 blocks=1 buf=523
filling data 523
DecoderError { code: 8199, message: "The channel configuration (either number or arrangement) is not supported." }
ADTS Frame buffer_fullness=255 blocks=1 buf=484
filling data 484
DecoderError { code: 8199, message: "The channel configuration (either number or arrangement) is not supported." }
ADTS Frame buffer_fullness=255 blocks=1 buf=480
filling data 480
DecoderError { code: 8199, message: "The channel configuration (either number or arrangement) is not supported." }
ADTS Frame buffer_fullness=255 blocks=1 buf=484
filling data 484
DecoderError { code: 8199, message: "The channel configuration (either number or arrangement) is not supported." }
ADTS Frame buffer_fullness=255 blocks=1 buf=478
filling data 478
DecoderError { code: 8199, message: "The channel configuration (either number or arrangement) is not supported." }
ADTS Frame buffer_fullness=255 blocks=1 buf=487
filling data 487
DecoderError { code: 8199, message: "The channel configuration (either number or arrangement) is not supported." }
ADTS Frame buffer_fullness=255 blocks=1 buf=480
filling data 480
DecoderError { code: 8199, message: "The channel configuration (either number or arrangement) is not supported." }
ADTS Frame buffer_fullness=255 blocks=1 buf=479
filling data 479
DecoderError { code: 8199, message: "The channel configuration (either number or arrangement) is not supported." }
ADTS Frame buffer_fullness=255 blocks=1 buf=438
filling data 438
DecoderError { code: 8199, message: "The channel configuration (either number or arrangement) is not supported." }
ADTS Frame buffer_fullness=255 blocks=1 buf=437
filling data 437
DecoderError { code: 8199, message: "The channel configuration (either number or arrangement) is not supported." }
ADTS Frame buffer_fullness=255 blocks=1 buf=436
filling data 436
DecoderError { code: 8199, message: "The channel configuration (either number or arrangement) is not supported." }
ADTS Frame buffer_fullness=255 blocks=1 buf=433
filling data 433
DecoderError { code: 8199, message: "The channel configuration (either number or arrangement) is not supported." }
ADTS Frame buffer_fullness=255 blocks=1 buf=494
filling data 494
DecoderError { code: 8199, message: "The channel configuration (either number or arrangement) is not supported." }
ADTS Frame buffer_fullness=255 blocks=1 buf=497
filling data 497
DecoderError { code: 8199, message: "The channel configuration (either number or arrangement) is not supported." }
ADTS Frame buffer_fullness=255 blocks=1 buf=587
filling data 587
DecoderError { code: 8199, message: "The channel configuration (either number or arrangement) is not supported." }
ADTS Frame buffer_fullness=255 blocks=1 buf=567
filling data 567
DecoderError { code: 8199, message: "The channel configuration (either number or arrangement) is not supported." }
ADTS Frame buffer_fullness=255 blocks=1 buf=582
filling data 582
DecoderError { code: 8199, message: "The channel configuration (either number or arrangement) is not supported." }
ADTS Frame buffer_fullness=255 blocks=1 buf=563
filling data 563
DecoderError { code: 8199, message: "The channel configuration (either number or arrangement) is not supported." }
ADTS Frame buffer_fullness=255 blocks=1 buf=469
filling data 469
DecoderError { code: 8199, message: "The channel configuration (either number or arrangement) is not supported." }
ADTS Frame buffer_fullness=255 blocks=1 buf=523
filling data 523
DecoderError { code: 8199, message: "The channel configuration (either number or arrangement) is not supported." }
ADTS Frame buffer_fullness=255 blocks=1 buf=507
filling data 507
DecoderError { code: 8199, message: "The channel configuration (either number or arrangement) is not supported." }
ADTS Frame buffer_fullness=255 blocks=1 buf=546
filling data 546
DecoderError { code: 8199, message: "The channel configuration (either number or arrangement) is not supported." }
ADTS Frame buffer_fullness=255 blocks=1 buf=623
filling data 623
DecoderError { code: 8199, message: "The channel configuration (either number or arrangement) is not supported." }
ADTS Frame buffer_fullness=255 blocks=1 buf=581
filling data 581
DecoderError { code: 8199, message: "The channel configuration (either number or arrangement) is not supported." }
ADTS Frame buffer_fullness=255 blocks=1 buf=633
filling data 633
DecoderError { code: 8199, message: "The channel configuration (either number or arrangement) is not supported." }
ADTS Frame buffer_fullness=255 blocks=1 buf=552
filling data 552
DecoderError { code: 8199, message: "The channel configuration (either number or arrangement) is not supported." }
ADTS Frame buffer_fullness=255 blocks=1 buf=515
filling data 515
DecoderError { code: 8199, message: "The channel configuration (either number or arrangement) is not supported." }
ADTS Frame buffer_fullness=255 blocks=1 buf=493
filling data 493
DecoderError { code: 8199, message: "The channel configuration (either number or arrangement) is not supported." }
ADTS Frame buffer_fullness=255 blocks=1 buf=524
filling data 524
DecoderError { code: 8199, message: "The channel configuration (either number or arrangement) is not supported." }
ADTS Frame buffer_fullness=255 blocks=1 buf=481
filling data 481
DecoderError { code: 8199, message: "The channel configuration (either number or arrangement) is not supported." }
ADTS Frame buffer_fullness=255 blocks=1 buf=535
filling data 535
DecoderError { code: 8199, message: "The channel configuration (either number or arrangement) is not supported." }
ADTS Frame buffer_fullness=255 blocks=1 buf=566
filling data 566
DecoderError { code: 8199, message: "The channel configuration (either number or arrangement) is not supported." }
ADTS Frame buffer_fullness=255 blocks=1 buf=500
filling data 500
DecoderError { code: 8199, message: "The channel configuration (either number or arrangement) is not supported." }
ADTS Frame buffer_fullness=255 blocks=1 buf=461
filling data 461
DecoderError { code: 8199, message: "The channel configuration (either number or arrangement) is not supported." }
ADTS Frame buffer_fullness=255 blocks=1 buf=508
filling data 508
DecoderError { code: 8199, message: "The channel configuration (either number or arrangement) is not supported." }
ADTS Frame buffer_fullness=255 blocks=1 buf=486
filling data 486
DecoderError { code: 8199, message: "The channel configuration (either number or arrangement) is not supported." }
ADTS Frame buffer_fullness=255 blocks=1 buf=476
filling data 476
DecoderError { code: 8199, message: "The channel configuration (either number or arrangement) is not supported." }
ADTS Frame buffer_fullness=255 blocks=1 buf=499
filling data 499
DecoderError { code: 8199, message: "The channel configuration (either number or arrangement) is not supported." }
ADTS Frame buffer_fullness=255 blocks=1 buf=475
filling data 475
DecoderError { code: 8199, message: "The channel configuration (either number or arrangement) is not supported." }
ADTS Frame buffer_fullness=255 blocks=1 buf=471
filling data 471
DecoderError { code: 8199, message: "The channel configuration (either number or arrangement) is not supported." }
ADTS Frame buffer_fullness=255 blocks=1 buf=467
filling data 467
DecoderError { code: 8199, message: "The channel configuration (either number or arrangement) is not supported." }
ADTS Frame buffer_fullness=255 blocks=1 buf=501
filling data 501
DecoderError { code: 8199, message: "The channel configuration (either number or arrangement) is not supported." }
ADTS Frame buffer_fullness=255 blocks=1 buf=545
filling data 545
DecoderError { code: 8199, message: "The channel configuration (either number or arrangement) is not supported." }
ADTS Frame buffer_fullness=255 blocks=1 buf=553
filling data 553
DecoderError { code: 8199, message: "The channel configuration (either number or arrangement) is not supported." }
ADTS Frame buffer_fullness=255 blocks=1 buf=492
filling data 492
DecoderError { code: 8199, message: "The channel configuration (either number or arrangement) is not supported." }
ADTS Frame buffer_fullness=255 blocks=1 buf=515
filling data 515
DecoderError { code: 8199, message: "The channel configuration (either number or arrangement) is not supported." }
ADTS Frame buffer_fullness=255 blocks=1 buf=495
filling data 495
DecoderError { code: 8199, message: "The channel configuration (either number or arrangement) is not supported." }
ADTS Frame buffer_fullness=255 blocks=1 buf=462
filling data 462
DecoderError { code: 8199, message: "The channel configuration (either number or arrangement) is not supported." }
ADTS Frame buffer_fullness=255 blocks=1 buf=468
filling data 468
DecoderError { code: 8199, message: "The channel configuration (either number or arrangement) is not supported." }
ADTS Frame buffer_fullness=255 blocks=1 buf=484
filling data 484
DecoderError { code: 8199, message: "The channel configuration (either number or arrangement) is not supported." }
ADTS Frame buffer_fullness=255 blocks=1 buf=472
filling data 472
DecoderError { code: 8199, message: "The channel configuration (either number or arrangement) is not supported." }
ADTS Frame buffer_fullness=255 blocks=1 buf=445
filling data 445
DecoderError { code: 8199, message: "The channel configuration (either number or arrangement) is not supported." }
ADTS Frame buffer_fullness=255 blocks=1 buf=497
filling data 497
DecoderError { code: 8199, message: "The channel configuration (either number or arrangement) is not supported." }
ADTS Frame buffer_fullness=255 blocks=1 buf=500
filling data 500
DecoderError { code: 8199, message: "The channel configuration (either number or arrangement) is not supported." }
ADTS Frame buffer_fullness=255 blocks=1 buf=437
filling data 437
DecoderError { code: 8199, message: "The channel configuration (either number or arrangement) is not supported." }
ADTS Frame buffer_fullness=255 blocks=1 buf=511
filling data 511
DecoderError { code: 8199, message: "The channel configuration (either number or arrangement) is not supported." }
ADTS Frame buffer_fullness=255 blocks=1 buf=484
filling data 484
DecoderError { code: 8199, message: "The channel configuration (either number or arrangement) is not supported." }
ADTS Frame buffer_fullness=255 blocks=1 buf=471
filling data 471
DecoderError { code: 8199, message: "The channel configuration (either number or arrangement) is not supported." }
ADTS Frame buffer_fullness=255 blocks=1 buf=502
filling data 502
DecoderError { code: 8199, message: "The channel configuration (either number or arrangement) is not supported." }
ADTS Frame buffer_fullness=255 blocks=1 buf=517
filling data 517
DecoderError { code: 8199, message: "The channel configuration (either number or arrangement) is not supported." }
ADTS Frame buffer_fullness=255 blocks=1 buf=431
filling data 431
DecoderError { code: 8199, message: "The channel configuration (either number or arrangement) is not supported." }
ADTS Frame buffer_fullness=255 blocks=1 buf=475
filling data 475
DecoderError { code: 8199, message: "The channel configuration (either number or arrangement) is not supported." }
ADTS Frame buffer_fullness=255 blocks=1 buf=468
filling data 468
DecoderError { code: 8199, message: "The channel configuration (either number or arrangement) is not supported." }
ADTS Frame buffer_fullness=255 blocks=1 buf=453
filling data 453
DecoderError { code: 8199, message: "The channel configuration (either number or arrangement) is not supported." }
ADTS Frame buffer_fullness=255 blocks=1 buf=464
filling data 464
DecoderError { code: 8199, message: "The channel configuration (either number or arrangement) is not supported." }
ADTS Frame buffer_fullness=255 blocks=1 buf=490
filling data 490
DecoderError { code: 8199, message: "The channel configuration (either number or arrangement) is not supported." }
ADTS Frame buffer_fullness=255 blocks=1 buf=546
filling data 546
DecoderError { code: 8199, message: "The channel configuration (either number or arrangement) is not supported." }
ADTS Frame buffer_fullness=255 blocks=1 buf=507
filling data 507
DecoderError { code: 8199, message: "The channel configuration (either number or arrangement) is not supported." }
ADTS Frame buffer_fullness=255 blocks=1 buf=572
filling data 572
DecoderError { code: 8199, message: "The channel configuration (either number or arrangement) is not supported." }
ADTS Frame buffer_fullness=255 blocks=1 buf=586
filling data 586
DecoderError { code: 8199, message: "The channel configuration (either number or arrangement) is not supported." }
ADTS Frame buffer_fullness=255 blocks=1 buf=588
filling data 588
DecoderError { code: 8199, message: "The channel configuration (either number or arrangement) is not supported." }
ADTS Frame buffer_fullness=255 blocks=1 buf=593
filling data 593
DecoderError { code: 8199, message: "The channel configuration (either number or arrangement) is not supported." }
ADTS Frame buffer_fullness=255 blocks=1 buf=534
filling data 534
DecoderError { code: 8199, message: "The channel configuration (either number or arrangement) is not supported." }
ADTS Frame buffer_fullness=255 blocks=1 buf=535
filling data 535
DecoderError { code: 8199, message: "The channel configuration (either number or arrangement) is not supported." }
ADTS Frame buffer_fullness=255 blocks=1 buf=611
filling data 611
DecoderError { code: 8199, message: "The channel configuration (either number or arrangement) is not supported." }
ADTS Frame buffer_fullness=255 blocks=1 buf=543
filling data 543
DecoderError { code: 8199, message: "The channel configuration (either number or arrangement) is not supported." }
ADTS Frame buffer_fullness=255 blocks=1 buf=549
filling data 549
DecoderError { code: 8199, message: "The channel configuration (either number or arrangement) is not supported." }
ADTS Frame buffer_fullness=255 blocks=1 buf=547
filling data 547
DecoderError { code: 8199, message: "The channel configuration (either number or arrangement) is not supported." }
ADTS Frame buffer_fullness=255 blocks=1 buf=599
filling data 599
DecoderError { code: 8199, message: "The channel configuration (either number or arrangement) is not supported." }
ADTS Frame buffer_fullness=255 blocks=1 buf=559
filling data 559
DecoderError { code: 8199, message: "The channel configuration (either number or arrangement) is not supported." }
ADTS Frame buffer_fullness=255 blocks=1 buf=611
filling data 611
DecoderError { code: 8199, message: "The channel configuration (either number or arrangement) is not supported." }
ADTS Frame buffer_fullness=255 blocks=1 buf=515
filling data 515
DecoderError { code: 8199, message: "The channel configuration (either number or arrangement) is not supported." }
ADTS Frame buffer_fullness=255 blocks=1 buf=553
filling data 553
DecoderError { code: 8199, message: "The channel configuration (either number or arrangement) is not supported." }
ADTS Frame buffer_fullness=255 blocks=1 buf=564
filling data 564
DecoderError { code: 8199, message: "The channel configuration (either number or arrangement) is not supported." }
ADTS Frame buffer_fullness=255 blocks=1 buf=515
filling data 515
DecoderError { code: 8199, message: "The channel configuration (either number or arrangement) is not supported." }
ADTS Frame buffer_fullness=255 blocks=1 buf=512
filling data 512
DecoderError { code: 8199, message: "The channel configuration (either number or arrangement) is not supported." }
ADTS Frame buffer_fullness=255 blocks=1 buf=494
filling data 494
DecoderError { code: 8199, message: "The channel configuration (either number or arrangement) is not supported." }
ADTS Frame buffer_fullness=255 blocks=1 buf=491
filling data 491
DecoderError { code: 8199, message: "The channel configuration (either number or arrangement) is not supported." }
ADTS Frame buffer_fullness=255 blocks=1 buf=510
filling data 510
DecoderError { code: 8199, message: "The channel configuration (either number or arrangement) is not supported." }
ADTS Frame buffer_fullness=255 blocks=1 buf=557
filling data 557
DecoderError { code: 8199, message: "The channel configuration (either number or arrangement) is not supported." }
ADTS Frame buffer_fullness=255 blocks=1 buf=546
filling data 546
DecoderError { code: 8199, message: "The channel configuration (either number or arrangement) is not supported." }
ADTS Frame buffer_fullness=255 blocks=1 buf=566
filling data 566
DecoderError { code: 8199, message: "The channel configuration (either number or arrangement) is not supported." }
ADTS Frame buffer_fullness=255 blocks=1 buf=609
filling data 609
DecoderError { code: 8199, message: "The channel configuration (either number or arrangement) is not supported." }
ADTS Frame buffer_fullness=255 blocks=1 buf=527
filling data 527
DecoderError { code: 8199, message: "The channel configuration (either number or arrangement) is not supported." }
ADTS Frame buffer_fullness=255 blocks=1 buf=576
filling data 576
DecoderError { code: 8199, message: "The channel configuration (either number or arrangement) is not supported." }
ADTS Frame buffer_fullness=255 blocks=1 buf=520
filling data 520
DecoderError { code: 8199, message: "The channel configuration (either number or arrangement) is not supported." }
ADTS Frame buffer_fullness=255 blocks=1 buf=507
filling data 507
DecoderError { code: 8199, message: "The channel configuration (either number or arrangement) is not supported." }
ADTS Frame buffer_fullness=255 blocks=1 buf=486
filling data 486
DecoderError { code: 8199, message: "The channel configuration (either number or arrangement) is not supported." }
ADTS Frame buffer_fullness=255 blocks=1 buf=500
filling data 500
DecoderError { code: 8199, message: "The channel configuration (either number or arrangement) is not supported." }
ADTS Frame buffer_fullness=255 blocks=1 buf=555
filling data 555
DecoderError { code: 8199, message: "The channel configuration (either number or arrangement) is not supported." }
ADTS Frame buffer_fullness=255 blocks=1 buf=529
filling data 529
DecoderError { code: 8199, message: "The channel configuration (either number or arrangement) is not supported." }
ADTS Frame buffer_fullness=255 blocks=1 buf=515
filling data 515
DecoderError { code: 8199, message: "The channel configuration (either number or arrangement) is not supported." }
ADTS Frame buffer_fullness=255 blocks=1 buf=533
filling data 533
DecoderError { code: 8199, message: "The channel configuration (either number or arrangement) is not supported." }
ADTS Frame buffer_fullness=255 blocks=1 buf=505
filling data 505
DecoderError { code: 8199, message: "The channel configuration (either number or arrangement) is not supported." }
ADTS Frame buffer_fullness=255 blocks=1 buf=494
filling data 494
DecoderError { code: 8199, message: "The channel configuration (either number or arrangement) is not supported." }
ADTS Frame buffer_fullness=255 blocks=1 buf=492
filling data 492
DecoderError { code: 8199, message: "The channel configuration (either number or arrangement) is not supported." }
ADTS Frame buffer_fullness=255 blocks=1 buf=498
filling data 498
DecoderError { code: 8199, message: "The channel configuration (either number or arrangement) is not supported." }
ADTS Frame buffer_fullness=255 blocks=1 buf=506
filling data 506
DecoderError { code: 8199, message: "The channel configuration (either number or arrangement) is not supported." }
ADTS Frame buffer_fullness=255 blocks=1 buf=501
filling data 501
DecoderError { code: 8199, message: "The channel configuration (either number or arrangement) is not supported." }
ADTS Frame buffer_fullness=255 blocks=1 buf=489
filling data 489
DecoderError { code: 8199, message: "The channel configuration (either number or arrangement) is not supported." }
ADTS Frame buffer_fullness=255 blocks=1 buf=473
filling data 473
DecoderError { code: 8199, message: "The channel configuration (either number or arrangement) is not supported." }
ADTS Frame buffer_fullness=255 blocks=1 buf=484
filling data 484
DecoderError { code: 8199, message: "The channel configuration (either number or arrangement) is not supported." }
ADTS Frame buffer_fullness=255 blocks=1 buf=513
filling data 513
DecoderError { code: 8199, message: "The channel configuration (either number or arrangement) is not supported." }
ADTS Frame buffer_fullness=255 blocks=1 buf=481
filling data 481
DecoderError { code: 8199, message: "The channel configuration (either number or arrangement) is not supported." }
ADTS Frame buffer_fullness=255 blocks=1 buf=492
filling data 492
DecoderError { code: 8199, message: "The channel configuration (either number or arrangement) is not supported." }
ADTS Frame buffer_fullness=255 blocks=1 buf=502
filling data 502
DecoderError { code: 8199, message: "The channel configuration (either number or arrangement) is not supported." }
ADTS Frame buffer_fullness=255 blocks=1 buf=491
filling data 491
DecoderError { code: 8199, message: "The channel configuration (either number or arrangement) is not supported." }
ADTS Frame buffer_fullness=255 blocks=1 buf=474
filling data 474
DecoderError { code: 8199, message: "The channel configuration (either number or arrangement) is not supported." }
ADTS Frame buffer_fullness=255 blocks=1 buf=459
filling data 459
DecoderError { code: 8199, message: "The channel configuration (either number or arrangement) is not supported." }
ADTS Frame buffer_fullness=255 blocks=1 buf=459
filling data 459
DecoderError { code: 8199, message: "The channel configuration (either number or arrangement) is not supported." }
ADTS Frame buffer_fullness=255 blocks=1 buf=449
filling data 449
DecoderError { code: 8199, message: "The channel configuration (either number or arrangement) is not supported." }
ADTS Frame buffer_fullness=255 blocks=1 buf=556
filling data 556
DecoderError { code: 8199, message: "The channel configuration (either number or arrangement) is not supported." }
ADTS Frame buffer_fullness=255 blocks=1 buf=465
filling data 465
DecoderError { code: 8199, message: "The channel configuration (either number or arrangement) is not supported." }
ADTS Frame buffer_fullness=255 blocks=1 buf=448
filling data 448
DecoderError { code: 8199, message: "The channel configuration (either number or arrangement) is not supported." }
ADTS Frame buffer_fullness=255 blocks=1 buf=459
filling data 459
DecoderError { code: 8199, message: "The channel configuration (either number or arrangement) is not supported." }
ADTS Frame buffer_fullness=255 blocks=1 buf=467
filling data 467
DecoderError { code: 8199, message: "The channel configuration (either number or arrangement) is not supported." }
ADTS Frame buffer_fullness=255 blocks=1 buf=461
filling data 461
DecoderError { code: 8199, message: "The channel configuration (either number or arrangement) is not supported." }
ADTS Frame buffer_fullness=255 blocks=1 buf=460
filling data 460
DecoderError { code: 8199, message: "The channel configuration (either number or arrangement) is not supported." }
ADTS Frame buffer_fullness=255 blocks=1 buf=492
filling data 492
DecoderError { code: 8199, message: "The channel configuration (either number or arrangement) is not supported." }
ADTS Frame buffer_fullness=255 blocks=1 buf=488
filling data 488
DecoderError { code: 8199, message: "The channel configuration (either number or arrangement) is not supported." }
ADTS Frame buffer_fullness=255 blocks=1 buf=504
filling data 504
DecoderError { code: 8199, message: "The channel configuration (either number or arrangement) is not supported." }
ADTS Frame buffer_fullness=255 blocks=1 buf=511
filling data 511
DecoderError { code: 8199, message: "The channel configuration (either number or arrangement) is not supported." }
ADTS Frame buffer_fullness=255 blocks=1 buf=480
filling data 480
DecoderError { code: 8199, message: "The channel configuration (either number or arrangement) is not supported." }
ADTS Frame buffer_fullness=255 blocks=1 buf=444
filling data 444
DecoderError { code: 8199, message: "The channel configuration (either number or arrangement) is not supported." }
ADTS Frame buffer_fullness=255 blocks=1 buf=431
filling data 431
DecoderError { code: 8199, message: "The channel configuration (either number or arrangement) is not supported." }
ADTS Frame buffer_fullness=255 blocks=1 buf=456
filling data 456
DecoderError { code: 8199, message: "The channel configuration (either number or arrangement) is not supported." }
ADTS Frame buffer_fullness=255 blocks=1 buf=520
filling data 520
DecoderError { code: 8199, message: "The channel configuration (either number or arrangement) is not supported." }
ADTS Frame buffer_fullness=255 blocks=1 buf=505
filling data 505
DecoderError { code: 8199, message: "The channel configuration (either number or arrangement) is not supported." }
ADTS Frame buffer_fullness=255 blocks=1 buf=595
filling data 595
DecoderError { code: 8199, message: "The channel configuration (either number or arrangement) is not supported." }
ADTS Frame buffer_fullness=255 blocks=1 buf=581
filling data 581
DecoderError { code: 8199, message: "The channel configuration (either number or arrangement) is not supported." }
ADTS Frame buffer_fullness=255 blocks=1 buf=541
filling data 541
DecoderError { code: 8199, message: "The channel configuration (either number or arrangement) is not supported." }
ADTS Frame buffer_fullness=255 blocks=1 buf=497
filling data 497
DecoderError { code: 8199, message: "The channel configuration (either number or arrangement) is not supported." }
ADTS Frame buffer_fullness=255 blocks=1 buf=451
filling data 451
DecoderError { code: 8199, message: "The channel configuration (either number or arrangement) is not supported." }
ADTS Frame buffer_fullness=255 blocks=1 buf=823
filling data 823
DecoderError { code: 8199, message: "The channel configuration (either number or arrangement) is not supported." }
ADTS Frame buffer_fullness=255 blocks=1 buf=666
filling data 666
DecoderError { code: 8199, message: "The channel configuration (either number or arrangement) is not supported." }
ADTS Frame buffer_fullness=255 blocks=1 buf=577
filling data 577
DecoderError { code: 8199, message: "The channel configuration (either number or arrangement) is not supported." }
ADTS Frame buffer_fullness=255 blocks=1 buf=577
filling data 577
DecoderError { code: 8199, message: "The channel configuration (either number or arrangement) is not supported." }
ADTS Frame buffer_fullness=255 blocks=1 buf=476
filling data 476
DecoderError { code: 8199, message: "The channel configuration (either number or arrangement) is not supported." }
ADTS Frame buffer_fullness=255 blocks=1 buf=484
filling data 484
DecoderError { code: 8199, message: "The channel configuration (either number or arrangement) is not supported." }
ADTS Frame buffer_fullness=255 blocks=1 buf=519
filling data 519
DecoderError { code: 8199, message: "The channel configuration (either number or arrangement) is not supported." }
ADTS Frame buffer_fullness=255 blocks=1 buf=535
filling data 535
DecoderError { code: 8199, message: "The channel configuration (either number or arrangement) is not supported." }
ADTS Frame buffer_fullness=255 blocks=1 buf=489
filling data 489
DecoderError { code: 8199, message: "The channel configuration (either number or arrangement) is not supported." }
ADTS Frame buffer_fullness=255 blocks=1 buf=471
filling data 471
DecoderError { code: 8199, message: "The channel configuration (either number or arrangement) is not supported." }
ADTS Frame buffer_fullness=255 blocks=1 buf=511
filling data 511
DecoderError { code: 8199, message: "The channel configuration (either number or arrangement) is not supported." }
ADTS Frame buffer_fullness=255 blocks=1 buf=527
filling data 527
DecoderError { code: 8199, message: "The channel configuration (either number or arrangement) is not supported." }
ADTS Frame buffer_fullness=255 blocks=1 buf=506
filling data 506
DecoderError { code: 8199, message: "The channel configuration (either number or arrangement) is not supported." }
ADTS Frame buffer_fullness=255 blocks=1 buf=492
filling data 492
DecoderError { code: 8199, message: "The channel configuration (either number or arrangement) is not supported." }
ADTS Frame buffer_fullness=255 blocks=1 buf=518
filling data 518
DecoderError { code: 8199, message: "The channel configuration (either number or arrangement) is not supported." }
ADTS Frame buffer_fullness=255 blocks=1 buf=577
filling data 577
DecoderError { code: 8199, message: "The channel configuration (either number or arrangement) is not supported." }
ADTS Frame buffer_fullness=255 blocks=1 buf=512
filling data 512
DecoderError { code: 8199, message: "The channel configuration (either number or arrangement) is not supported." }
ADTS Frame buffer_fullness=255 blocks=1 buf=485
filling data 485
DecoderError { code: 8199, message: "The channel configuration (either number or arrangement) is not supported." }
ADTS Frame buffer_fullness=255 blocks=1 buf=520
filling data 520
DecoderError { code: 8199, message: "The channel configuration (either number or arrangement) is not supported." }
ADTS Frame buffer_fullness=255 blocks=1 buf=528
filling data 528
DecoderError { code: 8199, message: "The channel configuration (either number or arrangement) is not supported." }
ADTS Frame buffer_fullness=255 blocks=1 buf=482
filling data 482
DecoderError { code: 8199, message: "The channel configuration (either number or arrangement) is not supported." }
ADTS Frame buffer_fullness=255 blocks=1 buf=519
filling data 519
DecoderError { code: 8199, message: "The channel configuration (either number or arrangement) is not supported." }
ADTS Frame buffer_fullness=255 blocks=1 buf=486
filling data 486
DecoderError { code: 8199, message: "The channel configuration (either number or arrangement) is not supported." }
ADTS Frame buffer_fullness=255 blocks=1 buf=537
filling data 537
DecoderError { code: 8199, message: "The channel configuration (either number or arrangement) is not supported." }
ADTS Frame buffer_fullness=255 blocks=1 buf=448
filling data 448
DecoderError { code: 8199, message: "The channel configuration (either number or arrangement) is not supported." }
ADTS Frame buffer_fullness=255 blocks=1 buf=461
filling data 461
DecoderError { code: 8199, message: "The channel configuration (either number or arrangement) is not supported." }
ADTS Frame buffer_fullness=255 blocks=1 buf=440
filling data 440
DecoderError { code: 8199, message: "The channel configuration (either number or arrangement) is not supported." }
ADTS Frame buffer_fullness=255 blocks=1 buf=488
filling data 488
DecoderError { code: 8199, message: "The channel configuration (either number or arrangement) is not supported." }
ADTS Frame buffer_fullness=255 blocks=1 buf=565
filling data 565
DecoderError { code: 8199, message: "The channel configuration (either number or arrangement) is not supported." }
ADTS Frame buffer_fullness=255 blocks=1 buf=510
filling data 510
DecoderError { code: 8199, message: "The channel configuration (either number or arrangement) is not supported." }
ADTS Frame buffer_fullness=255 blocks=1 buf=521
filling data 521
DecoderError { code: 8199, message: "The channel configuration (either number or arrangement) is not supported." }
ADTS Frame buffer_fullness=255 blocks=1 buf=537
filling data 537
DecoderError { code: 8199, message: "The channel configuration (either number or arrangement) is not supported." }
ADTS Frame buffer_fullness=255 blocks=1 buf=514
filling data 514
DecoderError { code: 8199, message: "The channel configuration (either number or arrangement) is not supported." }
ADTS Frame buffer_fullness=255 blocks=1 buf=452
filling data 452
DecoderError { code: 8199, message: "The channel configuration (either number or arrangement) is not supported." }
ADTS Frame buffer_fullness=255 blocks=1 buf=450
filling data 450
DecoderError { code: 8199, message: "The channel configuration (either number or arrangement) is not supported." }
ADTS Frame buffer_fullness=255 blocks=1 buf=552
filling data 552
DecoderError { code: 8199, message: "The channel configuration (either number or arrangement) is not supported." }
ADTS Frame buffer_fullness=255 blocks=1 buf=565
filling data 565
DecoderError { code: 8199, message: "The channel configuration (either number or arrangement) is not supported." }
ADTS Frame buffer_fullness=255 blocks=1 buf=529
filling data 529
DecoderError { code: 8199, message: "The channel configuration (either number or arrangement) is not supported." }
ADTS Frame buffer_fullness=255 blocks=1 buf=470
filling data 470
DecoderError { code: 8199, message: "The channel configuration (either number or arrangement) is not supported." }
ADTS Frame buffer_fullness=255 blocks=1 buf=501
filling data 501
DecoderError { code: 8199, message: "The channel configuration (either number or arrangement) is not supported." }
ADTS Frame buffer_fullness=255 blocks=1 buf=466
filling data 466
DecoderError { code: 8199, message: "The channel configuration (either number or arrangement) is not supported." }
ADTS Frame buffer_fullness=255 blocks=1 buf=461
filling data 461
DecoderError { code: 8199, message: "The channel configuration (either number or arrangement) is not supported." }
ADTS Frame buffer_fullness=255 blocks=1 buf=517
filling data 517
DecoderError { code: 8199, message: "The channel configuration (either number or arrangement) is not supported." }
ADTS Frame buffer_fullness=255 blocks=1 buf=522
filling data 522
DecoderError { code: 8199, message: "The channel configuration (either number or arrangement) is not supported." }
ADTS Frame buffer_fullness=255 blocks=1 buf=502
filling data 502
DecoderError { code: 8199, message: "The channel configuration (either number or arrangement) is not supported." }
ADTS Frame buffer_fullness=255 blocks=1 buf=468
filling data 468
DecoderError { code: 8199, message: "The channel configuration (either number or arrangement) is not supported." }
ADTS Frame buffer_fullness=255 blocks=1 buf=469
filling data 469
DecoderError { code: 8199, message: "The channel configuration (either number or arrangement) is not supported." }
ADTS Frame buffer_fullness=255 blocks=1 buf=433
filling data 433
DecoderError { code: 8199, message: "The channel configuration (either number or arrangement) is not supported." }
ADTS Frame buffer_fullness=255 blocks=1 buf=487
filling data 487
DecoderError { code: 8199, message: "The channel configuration (either number or arrangement) is not supported." }
ADTS Frame buffer_fullness=255 blocks=1 buf=772
filling data 772
DecoderError { code: 8199, message: "The channel configuration (either number or arrangement) is not supported." }
ADTS Frame buffer_fullness=255 blocks=1 buf=528
filling data 528
DecoderError { code: 8199, message: "The channel configuration (either number or arrangement) is not supported." }
ADTS Frame buffer_fullness=255 blocks=1 buf=514
filling data 514
DecoderError { code: 8199, message: "The channel configuration (either number or arrangement) is not supported." }
ADTS Frame buffer_fullness=255 blocks=1 buf=483
filling data 483
DecoderError { code: 8199, message: "The channel configuration (either number or arrangement) is not supported." }
ADTS Frame buffer_fullness=255 blocks=1 buf=508
filling data 508
DecoderError { code: 8199, message: "The channel configuration (either number or arrangement) is not supported." }
ADTS Frame buffer_fullness=255 blocks=1 buf=466
filling data 466
DecoderError { code: 8199, message: "The channel configuration (either number or arrangement) is not supported." }
ADTS Frame buffer_fullness=255 blocks=1 buf=463
filling data 463
DecoderError { code: 8199, message: "The channel configuration (either number or arrangement) is not supported." }
ADTS Frame buffer_fullness=255 blocks=1 buf=460
filling data 460
DecoderError { code: 8199, message: "The channel configuration (either number or arrangement) is not supported." }
ADTS Frame buffer_fullness=255 blocks=1 buf=532
filling data 532
DecoderError { code: 8199, message: "The channel configuration (either number or arrangement) is not supported." }
ADTS Frame buffer_fullness=255 blocks=1 buf=448
filling data 448
DecoderError { code: 8199, message: "The channel configuration (either number or arrangement) is not supported." }
ADTS Frame buffer_fullness=255 blocks=1 buf=497
filling data 497
DecoderError { code: 8199, message: "The channel configuration (either number or arrangement) is not supported." }
ADTS Frame buffer_fullness=255 blocks=1 buf=479
filling data 479
DecoderError { code: 8199, message: "The channel configuration (either number or arrangement) is not supported." }
ADTS Frame buffer_fullness=255 blocks=1 buf=485
filling data 485
DecoderError { code: 8199, message: "The channel configuration (either number or arrangement) is not supported." }
ADTS Frame buffer_fullness=255 blocks=1 buf=550
filling data 550
DecoderError { code: 8199, message: "The channel configuration (either number or arrangement) is not supported." }
ADTS Frame buffer_fullness=255 blocks=1 buf=517
filling data 517
DecoderError { code: 8199, message: "The channel configuration (either number or arrangement) is not supported." }
ADTS Frame buffer_fullness=255 blocks=1 buf=564
filling data 564
DecoderError { code: 8199, message: "The channel configuration (either number or arrangement) is not supported." }
ADTS Frame buffer_fullness=255 blocks=1 buf=516
filling data 516
DecoderError { code: 8199, message: "The channel configuration (either number or arrangement) is not supported." }
ADTS Frame buffer_fullness=255 blocks=1 buf=514
filling data 514
DecoderError { code: 8199, message: "The channel configuration (either number or arrangement) is not supported." }
ADTS Frame buffer_fullness=255 blocks=1 buf=519
filling data 519
DecoderError { code: 8199, message: "The channel configuration (either number or arrangement) is not supported." }
ADTS Frame buffer_fullness=255 blocks=1 buf=533
filling data 533
DecoderError { code: 8199, message: "The channel configuration (either number or arrangement) is not supported." }
ADTS Frame buffer_fullness=255 blocks=1 buf=477
filling data 477
DecoderError { code: 8199, message: "The channel configuration (either number or arrangement) is not supported." }
ADTS Frame buffer_fullness=255 blocks=1 buf=527
filling data 527
DecoderError { code: 8199, message: "The channel configuration (either number or arrangement) is not supported." }
ADTS Frame buffer_fullness=255 blocks=1 buf=531
filling data 531
DecoderError { code: 8199, message: "The channel configuration (either number or arrangement) is not supported." }
ADTS Frame buffer_fullness=255 blocks=1 buf=463
filling data 463
DecoderError { code: 8199, message: "The channel configuration (either number or arrangement) is not supported." }
ADTS Frame buffer_fullness=255 blocks=1 buf=465
filling data 465
DecoderError { code: 8199, message: "The channel configuration (either number or arrangement) is not supported." }
ADTS Frame buffer_fullness=255 blocks=1 buf=495
filling data 495
DecoderError { code: 8199, message: "The channel configuration (either number or arrangement) is not supported." }
ADTS Frame buffer_fullness=255 blocks=1 buf=545
filling data 545
DecoderError { code: 8199, message: "The channel configuration (either number or arrangement) is not supported." }
ADTS Frame buffer_fullness=255 blocks=1 buf=494
filling data 494
DecoderError { code: 8199, message: "The channel configuration (either number or arrangement) is not supported." }
ADTS Frame buffer_fullness=255 blocks=1 buf=471
filling data 471
DecoderError { code: 8199, message: "The channel configuration (either number or arrangement) is not supported." }
ADTS Frame buffer_fullness=255 blocks=1 buf=471
filling data 471
DecoderError { code: 8199, message: "The channel configuration (either number or arrangement) is not supported." }
ADTS Frame buffer_fullness=255 blocks=1 buf=500
filling data 500
DecoderError { code: 8199, message: "The channel configuration (either number or arrangement) is not supported." }
ADTS Frame buffer_fullness=255 blocks=1 buf=479
filling data 479
DecoderError { code: 8199, message: "The channel configuration (either number or arrangement) is not supported." }
ADTS Frame buffer_fullness=255 blocks=1 buf=463
filling data 463
DecoderError { code: 8199, message: "The channel configuration (either number or arrangement) is not supported." }
ADTS Frame buffer_fullness=255 blocks=1 buf=483
filling data 483
DecoderError { code: 8199, message: "The channel configuration (either number or arrangement) is not supported." }
ADTS Frame buffer_fullness=255 blocks=1 buf=468
filling data 468
DecoderError { code: 8199, message: "The channel configuration (either number or arrangement) is not supported." }
ADTS Frame buffer_fullness=255 blocks=1 buf=463
filling data 463
DecoderError { code: 8199, message: "The channel configuration (either number or arrangement) is not supported." }
ADTS Frame buffer_fullness=255 blocks=1 buf=427
filling data 427
DecoderError { code: 8199, message: "The channel configuration (either number or arrangement) is not supported." }
ADTS Frame buffer_fullness=255 blocks=1 buf=436
filling data 436
DecoderError { code: 8199, message: "The channel configuration (either number or arrangement) is not supported." }
ADTS Frame buffer_fullness=255 blocks=1 buf=461
filling data 461
DecoderError { code: 8199, message: "The channel configuration (either number or arrangement) is not supported." }
ADTS Frame buffer_fullness=255 blocks=1 buf=481
filling data 481
DecoderError { code: 8199, message: "The channel configuration (either number or arrangement) is not supported." }
ADTS Frame buffer_fullness=255 blocks=1 buf=454
filling data 454
DecoderError { code: 8199, message: "The channel configuration (either number or arrangement) is not supported." }
ADTS Frame buffer_fullness=255 blocks=1 buf=504
filling data 504
DecoderError { code: 8199, message: "The channel configuration (either number or arrangement) is not supported." }
ADTS Frame buffer_fullness=255 blocks=1 buf=484
filling data 484
DecoderError { code: 8199, message: "The channel configuration (either number or arrangement) is not supported." }
ADTS Frame buffer_fullness=255 blocks=1 buf=424
filling data 424
DecoderError { code: 8199, message: "The channel configuration (either number or arrangement) is not supported." }
ADTS Frame buffer_fullness=255 blocks=1 buf=432
filling data 432
DecoderError { code: 8199, message: "The channel configuration (either number or arrangement) is not supported." }
ADTS Frame buffer_fullness=255 blocks=1 buf=525
filling data 525
DecoderError { code: 8199, message: "The channel configuration (either number or arrangement) is not supported." }
ADTS Frame buffer_fullness=255 blocks=1 buf=477
filling data 477
DecoderError { code: 8199, message: "The channel configuration (either number or arrangement) is not supported." }
ADTS Frame buffer_fullness=255 blocks=1 buf=464
filling data 464
DecoderError { code: 8199, message: "The channel configuration (either number or arrangement) is not supported." }
ADTS Frame buffer_fullness=255 blocks=1 buf=481
filling data 481
DecoderError { code: 8199, message: "The channel configuration (either number or arrangement) is not supported." }
ADTS Frame buffer_fullness=255 blocks=1 buf=476
filling data 476
DecoderError { code: 8199, message: "The channel configuration (either number or arrangement) is not supported." }
ADTS Frame buffer_fullness=255 blocks=1 buf=516
filling data 516
DecoderError { code: 8199, message: "The channel configuration (either number or arrangement) is not supported." }
ADTS Frame buffer_fullness=255 blocks=1 buf=510
filling data 510
DecoderError { code: 8199, message: "The channel configuration (either number or arrangement) is not supported." }
ADTS Frame buffer_fullness=255 blocks=1 buf=490
filling data 490
DecoderError { code: 8199, message: "The channel configuration (either number or arrangement) is not supported." }
ADTS Frame buffer_fullness=255 blocks=1 buf=489
filling data 489
DecoderError { code: 8199, message: "The channel configuration (either number or arrangement) is not supported." }
ADTS Frame buffer_fullness=255 blocks=1 buf=471
filling data 471
DecoderError { code: 8199, message: "The channel configuration (either number or arrangement) is not supported." }
ADTS Frame buffer_fullness=255 blocks=1 buf=493
filling data 493
DecoderError { code: 8199, message: "The channel configuration (either number or arrangement) is not supported." }
ADTS Frame buffer_fullness=255 blocks=1 buf=475
filling data 475
DecoderError { code: 8199, message: "The channel configuration (either number or arrangement) is not supported." }
ADTS Frame buffer_fullness=255 blocks=1 buf=475
filling data 475
DecoderError { code: 8199, message: "The channel configuration (either number or arrangement) is not supported." }
ADTS Frame buffer_fullness=255 blocks=1 buf=457
filling data 457
DecoderError { code: 8199, message: "The channel configuration (either number or arrangement) is not supported." }
ADTS Frame buffer_fullness=255 blocks=1 buf=441
filling data 441
DecoderError { code: 8199, message: "The channel configuration (either number or arrangement) is not supported." }
ADTS Frame buffer_fullness=255 blocks=1 buf=512
filling data 512
DecoderError { code: 8199, message: "The channel configuration (either number or arrangement) is not supported." }
ADTS Frame buffer_fullness=255 blocks=1 buf=478
filling data 478
DecoderError { code: 8199, message: "The channel configuration (either number or arrangement) is not supported." }
ADTS Frame buffer_fullness=255 blocks=1 buf=498
filling data 498
DecoderError { code: 8199, message: "The channel configuration (either number or arrangement) is not supported." }
ADTS Frame buffer_fullness=255 blocks=1 buf=599
filling data 599
DecoderError { code: 8199, message: "The channel configuration (either number or arrangement) is not supported." }
ADTS Frame buffer_fullness=255 blocks=1 buf=589
filling data 589
DecoderError { code: 8199, message: "The channel configuration (either number or arrangement) is not supported." }
ADTS Frame buffer_fullness=255 blocks=1 buf=523
filling data 523
DecoderError { code: 8199, message: "The channel configuration (either number or arrangement) is not supported." }
ADTS Frame buffer_fullness=255 blocks=1 buf=559
filling data 559
DecoderError { code: 8199, message: "The channel configuration (either number or arrangement) is not supported." }
ADTS Frame buffer_fullness=255 blocks=1 buf=537
filling data 537
DecoderError { code: 8199, message: "The channel configuration (either number or arrangement) is not supported." }
ADTS Frame buffer_fullness=255 blocks=1 buf=494
filling data 494
DecoderError { code: 8199, message: "The channel configuration (either number or arrangement) is not supported." }
ADTS Frame buffer_fullness=255 blocks=1 buf=515
filling data 515
DecoderError { code: 8199, message: "The channel configuration (either number or arrangement) is not supported." }
ADTS Frame buffer_fullness=255 blocks=1 buf=493
filling data 493
DecoderError { code: 8199, message: "The channel configuration (either number or arrangement) is not supported." }
ADTS Frame buffer_fullness=255 blocks=1 buf=527
filling data 527
DecoderError { code: 8199, message: "The channel configuration (either number or arrangement) is not supported." }
ADTS Frame buffer_fullness=255 blocks=1 buf=468
filling data 468
DecoderError { code: 8199, message: "The channel configuration (either number or arrangement) is not supported." }
ADTS Frame buffer_fullness=255 blocks=1 buf=522
filling data 522
DecoderError { code: 8199, message: "The channel configuration (either number or arrangement) is not supported." }
ADTS Frame buffer_fullness=255 blocks=1 buf=495
filling data 495
DecoderError { code: 8199, message: "The channel configuration (either number or arrangement) is not supported." }
ADTS Frame buffer_fullness=255 blocks=1 buf=569
filling data 569
DecoderError { code: 8199, message: "The channel configuration (either number or arrangement) is not supported." }
ADTS Frame buffer_fullness=255 blocks=1 buf=481
filling data 481
DecoderError { code: 8199, message: "The channel configuration (either number or arrangement) is not supported." }
ADTS Frame buffer_fullness=255 blocks=1 buf=464
filling data 464
DecoderError { code: 8199, message: "The channel configuration (either number or arrangement) is not supported." }
ADTS Frame buffer_fullness=255 blocks=1 buf=462
filling data 462
DecoderError { code: 8199, message: "The channel configuration (either number or arrangement) is not supported." }
ADTS Frame buffer_fullness=255 blocks=1 buf=529
filling data 529
DecoderError { code: 8199, message: "The channel configuration (either number or arrangement) is not supported." }
ADTS Frame buffer_fullness=255 blocks=1 buf=529
filling data 529
DecoderError { code: 8199, message: "The channel configuration (either number or arrangement) is not supported." }
ADTS Frame buffer_fullness=255 blocks=1 buf=501
filling data 501
DecoderError { code: 8199, message: "The channel configuration (either number or arrangement) is not supported." }
ADTS Frame buffer_fullness=255 blocks=1 buf=567
filling data 567
DecoderError { code: 8199, message: "The channel configuration (either number or arrangement) is not supported." }
ADTS Frame buffer_fullness=255 blocks=1 buf=530
filling data 530
DecoderError { code: 8199, message: "The channel configuration (either number or arrangement) is not supported." }
ADTS Frame buffer_fullness=255 blocks=1 buf=522
filling data 522
DecoderError { code: 8199, message: "The channel configuration (either number or arrangement) is not supported." }
ADTS Frame buffer_fullness=255 blocks=1 buf=485
filling data 485
DecoderError { code: 8199, message: "The channel configuration (either number or arrangement) is not supported." }
ADTS Frame buffer_fullness=255 blocks=1 buf=503
filling data 503
DecoderError { code: 8199, message: "The channel configuration (either number or arrangement) is not supported." }
ADTS Frame buffer_fullness=255 blocks=1 buf=501
filling data 501
DecoderError { code: 8199, message: "The channel configuration (either number or arrangement) is not supported." }
ADTS Frame buffer_fullness=255 blocks=1 buf=516
filling data 516
DecoderError { code: 8199, message: "The channel configuration (either number or arrangement) is not supported." }
ADTS Frame buffer_fullness=255 blocks=1 buf=479
filling data 479
DecoderError { code: 8199, message: "The channel configuration (either number or arrangement) is not supported." }
ADTS Frame buffer_fullness=255 blocks=1 buf=485
filling data 485
DecoderError { code: 8199, message: "The channel configuration (either number or arrangement) is not supported." }
ADTS Frame buffer_fullness=255 blocks=1 buf=511
filling data 511
DecoderError { code: 8199, message: "The channel configuration (either number or arrangement) is not supported." }
ADTS Frame buffer_fullness=255 blocks=1 buf=500
filling data 500
DecoderError { code: 8199, message: "The channel configuration (either number or arrangement) is not supported." }
ADTS Frame buffer_fullness=255 blocks=1 buf=493
filling data 493
DecoderError { code: 8199, message: "The channel configuration (either number or arrangement) is not supported." }
ADTS Frame buffer_fullness=255 blocks=1 buf=540
filling data 540
DecoderError { code: 8199, message: "The channel configuration (either number or arrangement) is not supported." }
ADTS Frame buffer_fullness=255 blocks=1 buf=483
filling data 483
DecoderError { code: 8199, message: "The channel configuration (either number or arrangement) is not supported." }
ADTS Frame buffer_fullness=255 blocks=1 buf=459
filling data 459
DecoderError { code: 8199, message: "The channel configuration (either number or arrangement) is not supported." }
ADTS Frame buffer_fullness=255 blocks=1 buf=447
filling data 447
DecoderError { code: 8199, message: "The channel configuration (either number or arrangement) is not supported." }
ADTS Frame buffer_fullness=255 blocks=1 buf=443
filling data 443
DecoderError { code: 8199, message: "The channel configuration (either number or arrangement) is not supported." }
ADTS Frame buffer_fullness=255 blocks=1 buf=444
filling data 444
DecoderError { code: 8199, message: "The channel configuration (either number or arrangement) is not supported." }
ADTS Frame buffer_fullness=255 blocks=1 buf=487
filling data 487
DecoderError { code: 8199, message: "The channel configuration (either number or arrangement) is not supported." }
ADTS Frame buffer_fullness=255 blocks=1 buf=473
filling data 473
DecoderError { code: 8199, message: "The channel configuration (either number or arrangement) is not supported." }
ADTS Frame buffer_fullness=255 blocks=1 buf=487
filling data 487
DecoderError { code: 8199, message: "The channel configuration (either number or arrangement) is not supported." }
ADTS Frame buffer_fullness=255 blocks=1 buf=483
filling data 483
DecoderError { code: 8199, message: "The channel configuration (either number or arrangement) is not supported." }
ADTS Frame buffer_fullness=255 blocks=1 buf=440
filling data 440
DecoderError { code: 8199, message: "The channel configuration (either number or arrangement) is not supported." }
ADTS Frame buffer_fullness=255 blocks=1 buf=513
filling data 513
DecoderError { code: 8199, message: "The channel configuration (either number or arrangement) is not supported." }
ADTS Frame buffer_fullness=255 blocks=1 buf=441
filling data 441
DecoderError { code: 8199, message: "The channel configuration (either number or arrangement) is not supported." }
ADTS Frame buffer_fullness=255 blocks=1 buf=433
filling data 433
DecoderError { code: 8199, message: "The channel configuration (either number or arrangement) is not supported." }
ADTS Frame buffer_fullness=255 blocks=1 buf=434
filling data 434
DecoderError { code: 8199, message: "The channel configuration (either number or arrangement) is not supported." }
ADTS Frame buffer_fullness=255 blocks=1 buf=429
filling data 429
DecoderError { code: 8199, message: "The channel configuration (either number or arrangement) is not supported." }
ADTS Frame buffer_fullness=255 blocks=1 buf=490
filling data 490
DecoderError { code: 8199, message: "The channel configuration (either number or arrangement) is not supported." }
ADTS Frame buffer_fullness=255 blocks=1 buf=559
filling data 559
DecoderError { code: 8199, message: "The channel configuration (either number or arrangement) is not supported." }
ADTS Frame buffer_fullness=255 blocks=1 buf=530
filling data 530
DecoderError { code: 8199, message: "The channel configuration (either number or arrangement) is not supported." }
ADTS Frame buffer_fullness=255 blocks=1 buf=525
filling data 525
DecoderError { code: 8199, message: "The channel configuration (either number or arrangement) is not supported." }
ADTS Frame buffer_fullness=255 blocks=1 buf=511
filling data 511
DecoderError { code: 8199, message: "The channel configuration (either number or arrangement) is not supported." }
ADTS Frame buffer_fullness=255 blocks=1 buf=506
filling data 506
DecoderError { code: 8199, message: "The channel configuration (either number or arrangement) is not supported." }
ADTS Frame buffer_fullness=255 blocks=1 buf=506
filling data 506
DecoderError { code: 8199, message: "The channel configuration (either number or arrangement) is not supported." }
ADTS Frame buffer_fullness=255 blocks=1 buf=548
filling data 548
DecoderError { code: 8199, message: "The channel configuration (either number or arrangement) is not supported." }
ADTS Frame buffer_fullness=255 blocks=1 buf=539
filling data 539
DecoderError { code: 8199, message: "The channel configuration (either number or arrangement) is not supported." }
ADTS Frame buffer_fullness=255 blocks=1 buf=523
filling data 523
DecoderError { code: 8199, message: "The channel configuration (either number or arrangement) is not supported." }
ADTS Frame buffer_fullness=255 blocks=1 buf=452
filling data 452
DecoderError { code: 8199, message: "The channel configuration (either number or arrangement) is not supported." }
ADTS Frame buffer_fullness=255 blocks=1 buf=504
filling data 504
DecoderError { code: 8199, message: "The channel configuration (either number or arrangement) is not supported." }
ADTS Frame buffer_fullness=255 blocks=1 buf=461
filling data 461
DecoderError { code: 8199, message: "The channel configuration (either number or arrangement) is not supported." }
ADTS Frame buffer_fullness=255 blocks=1 buf=466
filling data 466
DecoderError { code: 8199, message: "The channel configuration (either number or arrangement) is not supported." }
ADTS Frame buffer_fullness=255 blocks=1 buf=475
filling data 475
DecoderError { code: 8199, message: "The channel configuration (either number or arrangement) is not supported." }
ADTS Frame buffer_fullness=255 blocks=1 buf=473
filling data 473
DecoderError { code: 8199, message: "The channel configuration (either number or arrangement) is not supported." }
ADTS Frame buffer_fullness=255 blocks=1 buf=460
filling data 460
DecoderError { code: 8199, message: "The channel configuration (either number or arrangement) is not supported." }
ADTS Frame buffer_fullness=255 blocks=1 buf=465
filling data 465
DecoderError { code: 8199, message: "The channel configuration (either number or arrangement) is not supported." }
ADTS Frame buffer_fullness=255 blocks=1 buf=535
filling data 535
DecoderError { code: 8199, message: "The channel configuration (either number or arrangement) is not supported." }
ADTS Frame buffer_fullness=255 blocks=1 buf=489
filling data 489
DecoderError { code: 8199, message: "The channel configuration (either number or arrangement) is not supported." }
ADTS Frame buffer_fullness=255 blocks=1 buf=440
filling data 440
DecoderError { code: 8199, message: "The channel configuration (either number or arrangement) is not supported." }
ADTS Frame buffer_fullness=255 blocks=1 buf=458
filling data 458
DecoderError { code: 8199, message: "The channel configuration (either number or arrangement) is not supported." }
ADTS Frame buffer_fullness=255 blocks=1 buf=479
filling data 479
DecoderError { code: 8199, message: "The channel configuration (either number or arrangement) is not supported." }
ADTS Frame buffer_fullness=255 blocks=1 buf=568
filling data 568
DecoderError { code: 8199, message: "The channel configuration (either number or arrangement) is not supported." }
ADTS Frame buffer_fullness=255 blocks=1 buf=513
filling data 513
DecoderError { code: 8199, message: "The channel configuration (either number or arrangement) is not supported." }
ADTS Frame buffer_fullness=255 blocks=1 buf=496
filling data 496
DecoderError { code: 8199, message: "The channel configuration (either number or arrangement) is not supported." }
ADTS Frame buffer_fullness=255 blocks=1 buf=535
filling data 535
DecoderError { code: 8199, message: "The channel configuration (either number or arrangement) is not supported." }
ADTS Frame buffer_fullness=255 blocks=1 buf=495
filling data 495
DecoderError { code: 8199, message: "The channel configuration (either number or arrangement) is not supported." }
ADTS Frame buffer_fullness=255 blocks=1 buf=446
filling data 446
DecoderError { code: 8199, message: "The channel configuration (either number or arrangement) is not supported." }
ADTS Frame buffer_fullness=255 blocks=1 buf=448
filling data 448
DecoderError { code: 8199, message: "The channel configuration (either number or arrangement) is not supported." }
ADTS Frame buffer_fullness=255 blocks=1 buf=484
filling data 484
DecoderError { code: 8199, message: "The channel configuration (either number or arrangement) is not supported." }
ADTS Frame buffer_fullness=255 blocks=1 buf=480
filling data 480
DecoderError { code: 8199, message: "The channel configuration (either number or arrangement) is not supported." }
ADTS Frame buffer_fullness=255 blocks=1 buf=434
filling data 434
DecoderError { code: 8199, message: "The channel configuration (either number or arrangement) is not supported." }
ADTS Frame buffer_fullness=255 blocks=1 buf=471
filling data 471
DecoderError { code: 8199, message: "The channel configuration (either number or arrangement) is not supported." }
ADTS Frame buffer_fullness=255 blocks=1 buf=463
filling data 463
DecoderError { code: 8199, message: "The channel configuration (either number or arrangement) is not supported." }
ADTS Frame buffer_fullness=255 blocks=1 buf=503
filling data 503
DecoderError { code: 8199, message: "The channel configuration (either number or arrangement) is not supported." }
ADTS Frame buffer_fullness=255 blocks=1 buf=494
filling data 494
DecoderError { code: 8199, message: "The channel configuration (either number or arrangement) is not supported." }
ADTS Frame buffer_fullness=255 blocks=1 buf=449
filling data 449
DecoderError { code: 8199, message: "The channel configuration (either number or arrangement) is not supported." }
ADTS Frame buffer_fullness=255 blocks=1 buf=451
filling data 451
DecoderError { code: 8199, message: "The channel configuration (either number or arrangement) is not supported." }
ADTS Frame buffer_fullness=255 blocks=1 buf=466
filling data 466
DecoderError { code: 8199, message: "The channel configuration (either number or arrangement) is not supported." }
ADTS Frame buffer_fullness=255 blocks=1 buf=470
filling data 470
DecoderError { code: 8199, message: "The channel configuration (either number or arrangement) is not supported." }
ADTS Frame buffer_fullness=255 blocks=1 buf=465
filling data 465
DecoderError { code: 8199, message: "The channel configuration (either number or arrangement) is not supported." }
ADTS Frame buffer_fullness=255 blocks=1 buf=541
filling data 541
DecoderError { code: 8199, message: "The channel configuration (either number or arrangement) is not supported." }
ADTS Frame buffer_fullness=255 blocks=1 buf=444
filling data 444
DecoderError { code: 8199, message: "The channel configuration (either number or arrangement) is not supported." }
ADTS Frame buffer_fullness=255 blocks=1 buf=444
filling data 444
DecoderError { code: 8199, message: "The channel configuration (either number or arrangement) is not supported." }
ADTS Frame buffer_fullness=255 blocks=1 buf=442
filling data 442
DecoderError { code: 8199, message: "The channel configuration (either number or arrangement) is not supported." }
ADTS Frame buffer_fullness=255 blocks=1 buf=486
filling data 486
DecoderError { code: 8199, message: "The channel configuration (either number or arrangement) is not supported." }
ADTS Frame buffer_fullness=255 blocks=1 buf=465
filling data 465
DecoderError { code: 8199, message: "The channel configuration (either number or arrangement) is not supported." }
ADTS Frame buffer_fullness=255 blocks=1 buf=440
filling data 440
DecoderError { code: 8199, message: "The channel configuration (either number or arrangement) is not supported." }
ADTS Frame buffer_fullness=255 blocks=1 buf=441
filling data 441
DecoderError { code: 8199, message: "The channel configuration (either number or arrangement) is not supported." }
ADTS Frame buffer_fullness=255 blocks=1 buf=474
filling data 474
DecoderError { code: 8199, message: "The channel configuration (either number or arrangement) is not supported." }
ADTS Frame buffer_fullness=255 blocks=1 buf=522
filling data 522
DecoderError { code: 8199, message: "The channel configuration (either number or arrangement) is not supported." }
ADTS Frame buffer_fullness=255 blocks=1 buf=491
filling data 491
DecoderError { code: 8199, message: "The channel configuration (either number or arrangement) is not supported." }
ADTS Frame buffer_fullness=255 blocks=1 buf=470
filling data 470
DecoderError { code: 8199, message: "The channel configuration (either number or arrangement) is not supported." }
ADTS Frame buffer_fullness=255 blocks=1 buf=449
filling data 449
DecoderError { code: 8199, message: "The channel configuration (either number or arrangement) is not supported." }
ADTS Frame buffer_fullness=255 blocks=1 buf=483
filling data 483
DecoderError { code: 8199, message: "The channel configuration (either number or arrangement) is not supported." }
ADTS Frame buffer_fullness=255 blocks=1 buf=556
filling data 556
DecoderError { code: 8199, message: "The channel configuration (either number or arrangement) is not supported." }
ADTS Frame buffer_fullness=255 blocks=1 buf=516
filling data 516
DecoderError { code: 8199, message: "The channel configuration (either number or arrangement) is not supported." }
ADTS Frame buffer_fullness=255 blocks=1 buf=457
filling data 457
DecoderError { code: 8199, message: "The channel configuration (either number or arrangement) is not supported." }
ADTS Frame buffer_fullness=255 blocks=1 buf=468
filling data 468
DecoderError { code: 8199, message: "The channel configuration (either number or arrangement) is not supported." }
ADTS Frame buffer_fullness=255 blocks=1 buf=458
filling data 458
DecoderError { code: 8199, message: "The channel configuration (either number or arrangement) is not supported." }
ADTS Frame buffer_fullness=255 blocks=1 buf=506
filling data 506
DecoderError { code: 8199, message: "The channel configuration (either number or arrangement) is not supported." }
ADTS Frame buffer_fullness=255 blocks=1 buf=454
filling data 454
DecoderError { code: 8199, message: "The channel configuration (either number or arrangement) is not supported." }
ADTS Frame buffer_fullness=255 blocks=1 buf=457
filling data 457
DecoderError { code: 8199, message: "The channel configuration (either number or arrangement) is not supported." }
ADTS Frame buffer_fullness=255 blocks=1 buf=477
filling data 477
DecoderError { code: 8199, message: "The channel configuration (either number or arrangement) is not supported." }
ADTS Frame buffer_fullness=255 blocks=1 buf=492
filling data 492
DecoderError { code: 8199, message: "The channel configuration (either number or arrangement) is not supported." }
ADTS Frame buffer_fullness=255 blocks=1 buf=480
filling data 480
DecoderError { code: 8199, message: "The channel configuration (either number or arrangement) is not supported." }
ADTS Frame buffer_fullness=255 blocks=1 buf=489
filling data 489
DecoderError { code: 8199, message: "The channel configuration (either number or arrangement) is not supported." }
ADTS Frame buffer_fullness=255 blocks=1 buf=453
filling data 453
DecoderError { code: 8199, message: "The channel configuration (either number or arrangement) is not supported." }
ADTS Frame buffer_fullness=255 blocks=1 buf=444
filling data 444
DecoderError { code: 8199, message: "The channel configuration (either number or arrangement) is not supported." }
ADTS Frame buffer_fullness=255 blocks=1 buf=478
filling data 478
DecoderError { code: 8199, message: "The channel configuration (either number or arrangement) is not supported." }
ADTS Frame buffer_fullness=255 blocks=1 buf=478
filling data 478
DecoderError { code: 8199, message: "The channel configuration (either number or arrangement) is not supported." }
ADTS Frame buffer_fullness=255 blocks=1 buf=459
filling data 459
DecoderError { code: 8199, message: "The channel configuration (either number or arrangement) is not supported." }
ADTS Frame buffer_fullness=255 blocks=1 buf=469
filling data 469
DecoderError { code: 8199, message: "The channel configuration (either number or arrangement) is not supported." }
ADTS Frame buffer_fullness=255 blocks=1 buf=478
filling data 478
DecoderError { code: 8199, message: "The channel configuration (either number or arrangement) is not supported." }
ADTS Frame buffer_fullness=255 blocks=1 buf=470
filling data 470
DecoderError { code: 8199, message: "The channel configuration (either number or arrangement) is not supported." }
ADTS Frame buffer_fullness=255 blocks=1 buf=512
filling data 512
DecoderError { code: 8199, message: "The channel configuration (either number or arrangement) is not supported." }
ADTS Frame buffer_fullness=255 blocks=1 buf=468
filling data 468
DecoderError { code: 8199, message: "The channel configuration (either number or arrangement) is not supported." }
ADTS Frame buffer_fullness=255 blocks=1 buf=468
filling data 468
DecoderError { code: 8199, message: "The channel configuration (either number or arrangement) is not supported." }
ADTS Frame buffer_fullness=255 blocks=1 buf=460
filling data 460
DecoderError { code: 8199, message: "The channel configuration (either number or arrangement) is not supported." }
ADTS Frame buffer_fullness=255 blocks=1 buf=493
filling data 493
DecoderError { code: 8199, message: "The channel configuration (either number or arrangement) is not supported." }
ADTS Frame buffer_fullness=255 blocks=1 buf=500
filling data 500
DecoderError { code: 8199, message: "The channel configuration (either number or arrangement) is not supported." }
ADTS Frame buffer_fullness=255 blocks=1 buf=491
filling data 491
DecoderError { code: 8199, message: "The channel configuration (either number or arrangement) is not supported." }
ADTS Frame buffer_fullness=255 blocks=1 buf=458
filling data 458
DecoderError { code: 8199, message: "The channel configuration (either number or arrangement) is not supported." }
ADTS Frame buffer_fullness=255 blocks=1 buf=504
filling data 504
DecoderError { code: 8199, message: "The channel configuration (either number or arrangement) is not supported." }
ADTS Frame buffer_fullness=255 blocks=1 buf=492
filling data 492
DecoderError { code: 8199, message: "The channel configuration (either number or arrangement) is not supported." }
ADTS Frame buffer_fullness=255 blocks=1 buf=504
filling data 504
DecoderError { code: 8199, message: "The channel configuration (either number or arrangement) is not supported." }
ADTS Frame buffer_fullness=255 blocks=1 buf=522
filling data 522
DecoderError { code: 8199, message: "The channel configuration (either number or arrangement) is not supported." }
ADTS Frame buffer_fullness=255 blocks=1 buf=526
filling data 526
DecoderError { code: 8199, message: "The channel configuration (either number or arrangement) is not supported." }
ADTS Frame buffer_fullness=255 blocks=1 buf=456
filling data 456
DecoderError { code: 8199, message: "The channel configuration (either number or arrangement) is not supported." }
ADTS Frame buffer_fullness=255 blocks=1 buf=450
filling data 450
DecoderError { code: 8199, message: "The channel configuration (either number or arrangement) is not supported." }
ADTS Frame buffer_fullness=255 blocks=1 buf=495
filling data 495
DecoderError { code: 8199, message: "The channel configuration (either number or arrangement) is not supported." }
ADTS Frame buffer_fullness=255 blocks=1 buf=444
filling data 444
DecoderError { code: 8199, message: "The channel configuration (either number or arrangement) is not supported." }
ADTS Frame buffer_fullness=255 blocks=1 buf=428
filling data 428
DecoderError { code: 8199, message: "The channel configuration (either number or arrangement) is not supported." }
ADTS Frame buffer_fullness=255 blocks=1 buf=430
filling data 430
DecoderError { code: 8199, message: "The channel configuration (either number or arrangement) is not supported." }
ADTS Frame buffer_fullness=255 blocks=1 buf=491
filling data 491
DecoderError { code: 8199, message: "The channel configuration (either number or arrangement) is not supported." }
ADTS Frame buffer_fullness=255 blocks=1 buf=449
filling data 449
DecoderError { code: 8199, message: "The channel configuration (either number or arrangement) is not supported." }
ADTS Frame buffer_fullness=255 blocks=1 buf=435
filling data 435
DecoderError { code: 8199, message: "The channel configuration (either number or arrangement) is not supported." }
ADTS Frame buffer_fullness=255 blocks=1 buf=475
filling data 475
DecoderError { code: 8199, message: "The channel configuration (either number or arrangement) is not supported." }
ADTS Frame buffer_fullness=255 blocks=1 buf=464
filling data 464
DecoderError { code: 8199, message: "The channel configuration (either number or arrangement) is not supported." }
ADTS Frame buffer_fullness=255 blocks=1 buf=475
filling data 475
DecoderError { code: 8199, message: "The channel configuration (either number or arrangement) is not supported." }
ADTS Frame buffer_fullness=255 blocks=1 buf=454
filling data 454
DecoderError { code: 8199, message: "The channel configuration (either number or arrangement) is not supported." }
ADTS Frame buffer_fullness=255 blocks=1 buf=441
filling data 441
DecoderError { code: 8199, message: "The channel configuration (either number or arrangement) is not supported." }
ADTS Frame buffer_fullness=255 blocks=1 buf=493
filling data 493
DecoderError { code: 8199, message: "The channel configuration (either number or arrangement) is not supported." }
ADTS Frame buffer_fullness=255 blocks=1 buf=476
filling data 476
DecoderError { code: 8199, message: "The channel configuration (either number or arrangement) is not supported." }
ADTS Frame buffer_fullness=255 blocks=1 buf=437
filling data 437
DecoderError { code: 8199, message: "The channel configuration (either number or arrangement) is not supported." }
ADTS Frame buffer_fullness=255 blocks=1 buf=481
filling data 481
DecoderError { code: 8199, message: "The channel configuration (either number or arrangement) is not supported." }
ADTS Frame buffer_fullness=255 blocks=1 buf=495
filling data 495
DecoderError { code: 8199, message: "The channel configuration (either number or arrangement) is not supported." }
ADTS Frame buffer_fullness=255 blocks=1 buf=441
filling data 441
DecoderError { code: 8199, message: "The channel configuration (either number or arrangement) is not supported." }
ADTS Frame buffer_fullness=255 blocks=1 buf=486
filling data 486
DecoderError { code: 8199, message: "The channel configuration (either number or arrangement) is not supported." }
ADTS Frame buffer_fullness=255 blocks=1 buf=468
filling data 468
DecoderError { code: 8199, message: "The channel configuration (either number or arrangement) is not supported." }
ADTS Frame buffer_fullness=255 blocks=1 buf=457
filling data 457
DecoderError { code: 8199, message: "The channel configuration (either number or arrangement) is not supported." }
ADTS Frame buffer_fullness=255 blocks=1 buf=447
filling data 447
DecoderError { code: 8199, message: "The channel configuration (either number or arrangement) is not supported." }
ADTS Frame buffer_fullness=255 blocks=1 buf=499
filling data 499
DecoderError { code: 8199, message: "The channel configuration (either number or arrangement) is not supported." }
ADTS Frame buffer_fullness=255 blocks=1 buf=500
filling data 500
DecoderError { code: 8199, message: "The channel configuration (either number or arrangement) is not supported." }
ADTS Frame buffer_fullness=255 blocks=1 buf=451
filling data 451
DecoderError { code: 8199, message: "The channel configuration (either number or arrangement) is not supported." }
ADTS Frame buffer_fullness=255 blocks=1 buf=515
filling data 515
DecoderError { code: 8199, message: "The channel configuration (either number or arrangement) is not supported." }
ADTS Frame buffer_fullness=255 blocks=1 buf=508
filling data 508
DecoderError { code: 8199, message: "The channel configuration (either number or arrangement) is not supported." }
ADTS Frame buffer_fullness=255 blocks=1 buf=487
filling data 487
DecoderError { code: 8199, message: "The channel configuration (either number or arrangement) is not supported." }
ADTS Frame buffer_fullness=255 blocks=1 buf=470
filling data 470
DecoderError { code: 8199, message: "The channel configuration (either number or arrangement) is not supported." }
ADTS Frame buffer_fullness=255 blocks=1 buf=476
filling data 476
DecoderError { code: 8199, message: "The channel configuration (either number or arrangement) is not supported." }
ADTS Frame buffer_fullness=255 blocks=1 buf=448
filling data 448
DecoderError { code: 8199, message: "The channel configuration (either number or arrangement) is not supported." }
ADTS Frame buffer_fullness=255 blocks=1 buf=456
filling data 456
DecoderError { code: 8199, message: "The channel configuration (either number or arrangement) is not supported." }
ADTS Frame buffer_fullness=255 blocks=1 buf=476
filling data 476
DecoderError { code: 8199, message: "The channel configuration (either number or arrangement) is not supported." }
ADTS Frame buffer_fullness=255 blocks=1 buf=557
filling data 557
DecoderError { code: 8199, message: "The channel configuration (either number or arrangement) is not supported." }
ADTS Frame buffer_fullness=255 blocks=1 buf=591
filling data 591
DecoderError { code: 8199, message: "The channel configuration (either number or arrangement) is not supported." }
ADTS Frame buffer_fullness=255 blocks=1 buf=624
filling data 624
DecoderError { code: 8199, message: "The channel configuration (either number or arrangement) is not supported." }
ADTS Frame buffer_fullness=255 blocks=1 buf=623
filling data 623
DecoderError { code: 8199, message: "The channel configuration (either number or arrangement) is not supported." }
ADTS Frame buffer_fullness=255 blocks=1 buf=532
filling data 532
DecoderError { code: 8199, message: "The channel configuration (either number or arrangement) is not supported." }
ADTS Frame buffer_fullness=255 blocks=1 buf=499
filling data 499
DecoderError { code: 8199, message: "The channel configuration (either number or arrangement) is not supported." }
ADTS Frame buffer_fullness=255 blocks=1 buf=487
filling data 487
DecoderError { code: 8199, message: "The channel configuration (either number or arrangement) is not supported." }
ADTS Frame buffer_fullness=255 blocks=1 buf=461
filling data 461
DecoderError { code: 8199, message: "The channel configuration (either number or arrangement) is not supported." }
ADTS Frame buffer_fullness=255 blocks=1 buf=477
filling data 477
DecoderError { code: 8199, message: "The channel configuration (either number or arrangement) is not supported." }
ADTS Frame buffer_fullness=255 blocks=1 buf=483
filling data 483
DecoderError { code: 8199, message: "The channel configuration (either number or arrangement) is not supported." }
ADTS Frame buffer_fullness=255 blocks=1 buf=460
filling data 460
DecoderError { code: 8199, message: "The channel configuration (either number or arrangement) is not supported." }
ADTS Frame buffer_fullness=255 blocks=1 buf=614
filling data 614
DecoderError { code: 8199, message: "The channel configuration (either number or arrangement) is not supported." }
ADTS Frame buffer_fullness=255 blocks=1 buf=507
filling data 507
DecoderError { code: 8199, message: "The channel configuration (either number or arrangement) is not supported." }
ADTS Frame buffer_fullness=255 blocks=1 buf=515
filling data 515
DecoderError { code: 8199, message: "The channel configuration (either number or arrangement) is not supported." }
ADTS Frame buffer_fullness=255 blocks=1 buf=487
filling data 487
DecoderError { code: 8199, message: "The channel configuration (either number or arrangement) is not supported." }
ADTS Frame buffer_fullness=255 blocks=1 buf=463
filling data 463
DecoderError { code: 8199, message: "The channel configuration (either number or arrangement) is not supported." }
ADTS Frame buffer_fullness=255 blocks=1 buf=472
filling data 472
DecoderError { code: 8199, message: "The channel configuration (either number or arrangement) is not supported." }
ADTS Frame buffer_fullness=255 blocks=1 buf=485
filling data 485
DecoderError { code: 8199, message: "The channel configuration (either number or arrangement) is not supported." }
ADTS Frame buffer_fullness=255 blocks=1 buf=484
filling data 484
DecoderError { code: 8199, message: "The channel configuration (either number or arrangement) is not supported." }
ADTS Frame buffer_fullness=255 blocks=1 buf=467
filling data 467
DecoderError { code: 8199, message: "The channel configuration (either number or arrangement) is not supported." }
ADTS Frame buffer_fullness=255 blocks=1 buf=504
filling data 504
DecoderError { code: 8199, message: "The channel configuration (either number or arrangement) is not supported." }
ADTS Frame buffer_fullness=255 blocks=1 buf=503
filling data 503
DecoderError { code: 8199, message: "The channel configuration (either number or arrangement) is not supported." }
ADTS Frame buffer_fullness=255 blocks=1 buf=512
filling data 512
DecoderError { code: 8199, message: "The channel configuration (either number or arrangement) is not supported." }
ADTS Frame buffer_fullness=255 blocks=1 buf=466
filling data 466
DecoderError { code: 8199, message: "The channel configuration (either number or arrangement) is not supported." }
ADTS Frame buffer_fullness=255 blocks=1 buf=448
filling data 448
DecoderError { code: 8199, message: "The channel configuration (either number or arrangement) is not supported." }
ADTS Frame buffer_fullness=255 blocks=1 buf=446
filling data 446
DecoderError { code: 8199, message: "The channel configuration (either number or arrangement) is not supported." }
ADTS Frame buffer_fullness=255 blocks=1 buf=433
filling data 433
DecoderError { code: 8199, message: "The channel configuration (either number or arrangement) is not supported." }
ADTS Frame buffer_fullness=255 blocks=1 buf=457
filling data 457
DecoderError { code: 8199, message: "The channel configuration (either number or arrangement) is not supported." }
ADTS Frame buffer_fullness=255 blocks=1 buf=497
filling data 497
DecoderError { code: 8199, message: "The channel configuration (either number or arrangement) is not supported." }
ADTS Frame buffer_fullness=255 blocks=1 buf=491
filling data 491
DecoderError { code: 8199, message: "The channel configuration (either number or arrangement) is not supported." }
ADTS Frame buffer_fullness=255 blocks=1 buf=481
filling data 481
DecoderError { code: 8199, message: "The channel configuration (either number or arrangement) is not supported." }
ADTS Frame buffer_fullness=255 blocks=1 buf=494
filling data 494
DecoderError { code: 8199, message: "The channel configuration (either number or arrangement) is not supported." }
ADTS Frame buffer_fullness=255 blocks=1 buf=507
filling data 507
DecoderError { code: 8199, message: "The channel configuration (either number or arrangement) is not supported." }
ADTS Frame buffer_fullness=255 blocks=1 buf=585
filling data 585
DecoderError { code: 8199, message: "The channel configuration (either number or arrangement) is not supported." }
ADTS Frame buffer_fullness=255 blocks=1 buf=564
filling data 564
DecoderError { code: 8199, message: "The channel configuration (either number or arrangement) is not supported." }
ADTS Frame buffer_fullness=255 blocks=1 buf=494
filling data 494
DecoderError { code: 8199, message: "The channel configuration (either number or arrangement) is not supported." }
ADTS Frame buffer_fullness=255 blocks=1 buf=476
filling data 476
DecoderError { code: 8199, message: "The channel configuration (either number or arrangement) is not supported." }
ADTS Frame buffer_fullness=255 blocks=1 buf=463
filling data 463
DecoderError { code: 8199, message: "The channel configuration (either number or arrangement) is not supported." }
ADTS Frame buffer_fullness=255 blocks=1 buf=437
filling data 437
DecoderError { code: 8199, message: "The channel configuration (either number or arrangement) is not supported." }
ADTS Frame buffer_fullness=255 blocks=1 buf=455
filling data 455
DecoderError { code: 8199, message: "The channel configuration (either number or arrangement) is not supported." }
ADTS Frame buffer_fullness=255 blocks=1 buf=451
filling data 451
DecoderError { code: 8199, message: "The channel configuration (either number or arrangement) is not supported." }
ADTS Frame buffer_fullness=255 blocks=1 buf=509
filling data 509
DecoderError { code: 8199, message: "The channel configuration (either number or arrangement) is not supported." }
ADTS Frame buffer_fullness=255 blocks=1 buf=505
filling data 505
DecoderError { code: 8199, message: "The channel configuration (either number or arrangement) is not supported." }
ADTS Frame buffer_fullness=255 blocks=1 buf=489
filling data 489
DecoderError { code: 8199, message: "The channel configuration (either number or arrangement) is not supported." }
ADTS Frame buffer_fullness=255 blocks=1 buf=478
filling data 478
DecoderError { code: 8199, message: "The channel configuration (either number or arrangement) is not supported." }
ADTS Frame buffer_fullness=255 blocks=1 buf=457
filling data 457
DecoderError { code: 8199, message: "The channel configuration (either number or arrangement) is not supported." }
ADTS Frame buffer_fullness=255 blocks=1 buf=497
filling data 497
DecoderError { code: 8199, message: "The channel configuration (either number or arrangement) is not supported." }
ADTS Frame buffer_fullness=255 blocks=1 buf=519
filling data 519
DecoderError { code: 8199, message: "The channel configuration (either number or arrangement) is not supported." }
ADTS Frame buffer_fullness=255 blocks=1 buf=488
filling data 488
DecoderError { code: 8199, message: "The channel configuration (either number or arrangement) is not supported." }
ADTS Frame buffer_fullness=255 blocks=1 buf=481
filling data 481
DecoderError { code: 8199, message: "The channel configuration (either number or arrangement) is not supported." }
ADTS Frame buffer_fullness=255 blocks=1 buf=460
filling data 460
DecoderError { code: 8199, message: "The channel configuration (either number or arrangement) is not supported." }
ADTS Frame buffer_fullness=255 blocks=1 buf=506
filling data 506
DecoderError { code: 8199, message: "The channel configuration (either number or arrangement) is not supported." }
ADTS Frame buffer_fullness=255 blocks=1 buf=463
filling data 463
DecoderError { code: 8199, message: "The channel configuration (either number or arrangement) is not supported." }
ADTS Frame buffer_fullness=255 blocks=1 buf=445
filling data 445
DecoderError { code: 8199, message: "The channel configuration (either number or arrangement) is not supported." }
ADTS Frame buffer_fullness=255 blocks=1 buf=482
filling data 482
DecoderError { code: 8199, message: "The channel configuration (either number or arrangement) is not supported." }
ADTS Frame buffer_fullness=255 blocks=1 buf=424
filling data 424
DecoderError { code: 8199, message: "The channel configuration (either number or arrangement) is not supported." }
ADTS Frame buffer_fullness=255 blocks=1 buf=463
filling data 463
DecoderError { code: 8199, message: "The channel configuration (either number or arrangement) is not supported." }
ADTS Frame buffer_fullness=255 blocks=1 buf=502
filling data 502
DecoderError { code: 8199, message: "The channel configuration (either number or arrangement) is not supported." }
ADTS Frame buffer_fullness=255 blocks=1 buf=507
filling data 507
DecoderError { code: 8199, message: "The channel configuration (either number or arrangement) is not supported." }
ADTS Frame buffer_fullness=255 blocks=1 buf=581
filling data 581
DecoderError { code: 8199, message: "The channel configuration (either number or arrangement) is not supported." }
ADTS Frame buffer_fullness=255 blocks=1 buf=556
filling data 556
DecoderError { code: 8199, message: "The channel configuration (either number or arrangement) is not supported." }
ADTS Frame buffer_fullness=255 blocks=1 buf=561
filling data 561
DecoderError { code: 8199, message: "The channel configuration (either number or arrangement) is not supported." }
ADTS Frame buffer_fullness=255 blocks=1 buf=544
filling data 544
DecoderError { code: 8199, message: "The channel configuration (either number or arrangement) is not supported." }
ADTS Frame buffer_fullness=255 blocks=1 buf=546
filling data 546
DecoderError { code: 8199, message: "The channel configuration (either number or arrangement) is not supported." }
ADTS Frame buffer_fullness=255 blocks=1 buf=514
filling data 514
DecoderError { code: 8199, message: "The channel configuration (either number or arrangement) is not supported." }
ADTS Frame buffer_fullness=255 blocks=1 buf=497
filling data 497
DecoderError { code: 8199, message: "The channel configuration (either number or arrangement) is not supported." }
ADTS Frame buffer_fullness=255 blocks=1 buf=514
filling data 514
DecoderError { code: 8199, message: "The channel configuration (either number or arrangement) is not supported." }
ADTS Frame buffer_fullness=255 blocks=1 buf=492
filling data 492
DecoderError { code: 8199, message: "The channel configuration (either number or arrangement) is not supported." }
ADTS Frame buffer_fullness=255 blocks=1 buf=472
filling data 472
DecoderError { code: 8199, message: "The channel configuration (either number or arrangement) is not supported." }
ADTS Frame buffer_fullness=255 blocks=1 buf=479
filling data 479
DecoderError { code: 8199, message: "The channel configuration (either number or arrangement) is not supported." }
ADTS Frame buffer_fullness=255 blocks=1 buf=502
filling data 502
DecoderError { code: 8199, message: "The channel configuration (either number or arrangement) is not supported." }
ADTS Frame buffer_fullness=255 blocks=1 buf=472
filling data 472
DecoderError { code: 8199, message: "The channel configuration (either number or arrangement) is not supported." }
ADTS Frame buffer_fullness=255 blocks=1 buf=425
filling data 425
DecoderError { code: 8199, message: "The channel configuration (either number or arrangement) is not supported." }
ADTS Frame buffer_fullness=255 blocks=1 buf=429
filling data 429
DecoderError { code: 8199, message: "The channel configuration (either number or arrangement) is not supported." }
ADTS Frame buffer_fullness=255 blocks=1 buf=474
filling data 474
DecoderError { code: 8199, message: "The channel configuration (either number or arrangement) is not supported." }
ADTS Frame buffer_fullness=255 blocks=1 buf=511
filling data 511
DecoderError { code: 8199, message: "The channel configuration (either number or arrangement) is not supported." }
ADTS Frame buffer_fullness=255 blocks=1 buf=533
filling data 533
DecoderError { code: 8199, message: "The channel configuration (either number or arrangement) is not supported." }
ADTS Frame buffer_fullness=255 blocks=1 buf=501
filling data 501
DecoderError { code: 8199, message: "The channel configuration (either number or arrangement) is not supported." }
ADTS Frame buffer_fullness=255 blocks=1 buf=502
filling data 502
DecoderError { code: 8199, message: "The channel configuration (either number or arrangement) is not supported." }
ADTS Frame buffer_fullness=255 blocks=1 buf=571
filling data 571
DecoderError { code: 8199, message: "The channel configuration (either number or arrangement) is not supported." }
ADTS Frame buffer_fullness=255 blocks=1 buf=585
filling data 585
DecoderError { code: 8199, message: "The channel configuration (either number or arrangement) is not supported." }
ADTS Frame buffer_fullness=255 blocks=1 buf=523
filling data 523
DecoderError { code: 8199, message: "The channel configuration (either number or arrangement) is not supported." }
ADTS Frame buffer_fullness=255 blocks=1 buf=519
filling data 519
DecoderError { code: 8199, message: "The channel configuration (either number or arrangement) is not supported." }
ADTS Frame buffer_fullness=255 blocks=1 buf=507
filling data 507
DecoderError { code: 8199, message: "The channel configuration (either number or arrangement) is not supported." }
ADTS Frame buffer_fullness=255 blocks=1 buf=458
filling data 458
DecoderError { code: 8199, message: "The channel configuration (either number or arrangement) is not supported." }
ADTS Frame buffer_fullness=255 blocks=1 buf=497
filling data 497
DecoderError { code: 8199, message: "The channel configuration (either number or arrangement) is not supported." }
ADTS Frame buffer_fullness=255 blocks=1 buf=478
filling data 478
DecoderError { code: 8199, message: "The channel configuration (either number or arrangement) is not supported." }
ADTS Frame buffer_fullness=255 blocks=1 buf=466
filling data 466
DecoderError { code: 8199, message: "The channel configuration (either number or arrangement) is not supported." }
ADTS Frame buffer_fullness=255 blocks=1 buf=535
filling data 535
DecoderError { code: 8199, message: "The channel configuration (either number or arrangement) is not supported." }
ADTS Frame buffer_fullness=255 blocks=1 buf=514
filling data 514
DecoderError { code: 8199, message: "The channel configuration (either number or arrangement) is not supported." }
ADTS Frame buffer_fullness=255 blocks=1 buf=476
filling data 476
DecoderError { code: 8199, message: "The channel configuration (either number or arrangement) is not supported." }
ADTS Frame buffer_fullness=255 blocks=1 buf=477
filling data 477
DecoderError { code: 8199, message: "The channel configuration (either number or arrangement) is not supported." }
ADTS Frame buffer_fullness=255 blocks=1 buf=472
filling data 472
DecoderError { code: 8199, message: "The channel configuration (either number or arrangement) is not supported." }
ADTS Frame buffer_fullness=255 blocks=1 buf=462
filling data 462
DecoderError { code: 8199, message: "The channel configuration (either number or arrangement) is not supported." }
ADTS Frame buffer_fullness=255 blocks=1 buf=471
filling data 471
DecoderError { code: 8199, message: "The channel configuration (either number or arrangement) is not supported." }
ADTS Frame buffer_fullness=255 blocks=1 buf=499
filling data 499
DecoderError { code: 8199, message: "The channel configuration (either number or arrangement) is not supported." }
ADTS Frame buffer_fullness=255 blocks=1 buf=497
filling data 497
DecoderError { code: 8199, message: "The channel configuration (either number or arrangement) is not supported." }
ADTS Frame buffer_fullness=255 blocks=1 buf=487
filling data 487
DecoderError { code: 8199, message: "The channel configuration (either number or arrangement) is not supported." }
ADTS Frame buffer_fullness=255 blocks=1 buf=460
filling data 460
DecoderError { code: 8199, message: "The channel configuration (either number or arrangement) is not supported." }
ADTS Frame buffer_fullness=255 blocks=1 buf=479
filling data 479
DecoderError { code: 8199, message: "The channel configuration (either number or arrangement) is not supported." }
ADTS Frame buffer_fullness=255 blocks=1 buf=464
filling data 464
DecoderError { code: 8199, message: "The channel configuration (either number or arrangement) is not supported." }
ADTS Frame buffer_fullness=255 blocks=1 buf=534
filling data 534
DecoderError { code: 8199, message: "The channel configuration (either number or arrangement) is not supported." }
ADTS Frame buffer_fullness=255 blocks=1 buf=493
filling data 493
DecoderError { code: 8199, message: "The channel configuration (either number or arrangement) is not supported." }
ADTS Frame buffer_fullness=255 blocks=1 buf=508
filling data 508
DecoderError { code: 8199, message: "The channel configuration (either number or arrangement) is not supported." }
ADTS Frame buffer_fullness=255 blocks=1 buf=544
filling data 544
DecoderError { code: 8199, message: "The channel configuration (either number or arrangement) is not supported." }
ADTS Frame buffer_fullness=255 blocks=1 buf=459
filling data 459
DecoderError { code: 8199, message: "The channel configuration (either number or arrangement) is not supported." }
ADTS Frame buffer_fullness=255 blocks=1 buf=511
filling data 511
DecoderError { code: 8199, message: "The channel configuration (either number or arrangement) is not supported." }
ADTS Frame buffer_fullness=255 blocks=1 buf=539
filling data 539
DecoderError { code: 8199, message: "The channel configuration (either number or arrangement) is not supported." }
ADTS Frame buffer_fullness=255 blocks=1 buf=511
filling data 511
DecoderError { code: 8199, message: "The channel configuration (either number or arrangement) is not supported." }
ADTS Frame buffer_fullness=255 blocks=1 buf=470
filling data 470
DecoderError { code: 8199, message: "The channel configuration (either number or arrangement) is not supported." }
ADTS Frame buffer_fullness=255 blocks=1 buf=507
filling data 507
DecoderError { code: 8199, message: "The channel configuration (either number or arrangement) is not supported." }
ADTS Frame buffer_fullness=255 blocks=1 buf=445
filling data 445
DecoderError { code: 8199, message: "The channel configuration (either number or arrangement) is not supported." }
ADTS Frame buffer_fullness=255 blocks=1 buf=446
filling data 446
DecoderError { code: 8199, message: "The channel configuration (either number or arrangement) is not supported." }
ADTS Frame buffer_fullness=255 blocks=1 buf=502
filling data 502
DecoderError { code: 8199, message: "The channel configuration (either number or arrangement) is not supported." }
ADTS Frame buffer_fullness=255 blocks=1 buf=515
filling data 515
DecoderError { code: 8199, message: "The channel configuration (either number or arrangement) is not supported." }
ADTS Frame buffer_fullness=255 blocks=1 buf=495
filling data 495
DecoderError { code: 8199, message: "The channel configuration (either number or arrangement) is not supported." }
ADTS Frame buffer_fullness=255 blocks=1 buf=460
filling data 460
DecoderError { code: 8199, message: "The channel configuration (either number or arrangement) is not supported." }
ADTS Frame buffer_fullness=255 blocks=1 buf=475
filling data 475
DecoderError { code: 8199, message: "The channel configuration (either number or arrangement) is not supported." }
ADTS Frame buffer_fullness=255 blocks=1 buf=475
filling data 475
DecoderError { code: 8199, message: "The channel configuration (either number or arrangement) is not supported." }
ADTS Frame buffer_fullness=255 blocks=1 buf=495
filling data 495
DecoderError { code: 8199, message: "The channel configuration (either number or arrangement) is not supported." }
ADTS Frame buffer_fullness=255 blocks=1 buf=474
filling data 474
DecoderError { code: 8199, message: "The channel configuration (either number or arrangement) is not supported." }
ADTS Frame buffer_fullness=255 blocks=1 buf=457
filling data 457
DecoderError { code: 8199, message: "The channel configuration (either number or arrangement) is not supported." }
ADTS Frame buffer_fullness=255 blocks=1 buf=470
filling data 470
DecoderError { code: 8199, message: "The channel configuration (either number or arrangement) is not supported." }
ADTS Frame buffer_fullness=255 blocks=1 buf=461
filling data 461
DecoderError { code: 8199, message: "The channel configuration (either number or arrangement) is not supported." }
ADTS Frame buffer_fullness=255 blocks=1 buf=474
filling data 474
DecoderError { code: 8199, message: "The channel configuration (either number or arrangement) is not supported." }
ADTS Frame buffer_fullness=255 blocks=1 buf=482
filling data 482
DecoderError { code: 8199, message: "The channel configuration (either number or arrangement) is not supported." }
ADTS Frame buffer_fullness=255 blocks=1 buf=491
filling data 491
DecoderError { code: 8199, message: "The channel configuration (either number or arrangement) is not supported." }
ADTS Frame buffer_fullness=255 blocks=1 buf=443
filling data 443
DecoderError { code: 8199, message: "The channel configuration (either number or arrangement) is not supported." }
ADTS Frame buffer_fullness=255 blocks=1 buf=453
filling data 453
DecoderError { code: 8199, message: "The channel configuration (either number or arrangement) is not supported." }
ADTS Frame buffer_fullness=255 blocks=1 buf=472
filling data 472
DecoderError { code: 8199, message: "The channel configuration (either number or arrangement) is not supported." }
ADTS Frame buffer_fullness=255 blocks=1 buf=449
filling data 449
DecoderError { code: 8199, message: "The channel configuration (either number or arrangement) is not supported." }
ADTS Frame buffer_fullness=255 blocks=1 buf=499
filling data 499
DecoderError { code: 8199, message: "The channel configuration (either number or arrangement) is not supported." }
ADTS Frame buffer_fullness=255 blocks=1 buf=522
filling data 522
DecoderError { code: 8199, message: "The channel configuration (either number or arrangement) is not supported." }
ADTS Frame buffer_fullness=255 blocks=1 buf=453
filling data 453
DecoderError { code: 8199, message: "The channel configuration (either number or arrangement) is not supported." }
ADTS Frame buffer_fullness=255 blocks=1 buf=475
filling data 475
DecoderError { code: 8199, message: "The channel configuration (either number or arrangement) is not supported." }
ADTS Frame buffer_fullness=255 blocks=1 buf=461
filling data 461
DecoderError { code: 8199, message: "The channel configuration (either number or arrangement) is not supported." }
ADTS Frame buffer_fullness=255 blocks=1 buf=459
filling data 459
DecoderError { code: 8199, message: "The channel configuration (either number or arrangement) is not supported." }
ADTS Frame buffer_fullness=255 blocks=1 buf=452
filling data 452
DecoderError { code: 8199, message: "The channel configuration (either number or arrangement) is not supported." }
ADTS Frame buffer_fullness=255 blocks=1 buf=462
filling data 462
DecoderError { code: 8199, message: "The channel configuration (either number or arrangement) is not supported." }
ADTS Frame buffer_fullness=255 blocks=1 buf=451
filling data 451
DecoderError { code: 8199, message: "The channel configuration (either number or arrangement) is not supported." }
ADTS Frame buffer_fullness=255 blocks=1 buf=471
filling data 471
DecoderError { code: 8199, message: "The channel configuration (either number or arrangement) is not supported." }
ADTS Frame buffer_fullness=255 blocks=1 buf=488
filling data 488
DecoderError { code: 8199, message: "The channel configuration (either number or arrangement) is not supported." }
ADTS Frame buffer_fullness=255 blocks=1 buf=420
filling data 420
DecoderError { code: 8199, message: "The channel configuration (either number or arrangement) is not supported." }
ADTS Frame buffer_fullness=255 blocks=1 buf=451
filling data 451
DecoderError { code: 8199, message: "The channel configuration (either number or arrangement) is not supported." }
ADTS Frame buffer_fullness=255 blocks=1 buf=482
filling data 482
DecoderError { code: 8199, message: "The channel configuration (either number or arrangement) is not supported." }
ADTS Frame buffer_fullness=255 blocks=1 buf=487
filling data 487
DecoderError { code: 8199, message: "The channel configuration (either number or arrangement) is not supported." }
ADTS Frame buffer_fullness=255 blocks=1 buf=487
filling data 487
DecoderError { code: 8199, message: "The channel configuration (either number or arrangement) is not supported." }
ADTS Frame buffer_fullness=255 blocks=1 buf=437
filling data 437
DecoderError { code: 8199, message: "The channel configuration (either number or arrangement) is not supported." }
ADTS Frame buffer_fullness=255 blocks=1 buf=478
filling data 478
DecoderError { code: 8199, message: "The channel configuration (either number or arrangement) is not supported." }
ADTS Frame buffer_fullness=255 blocks=1 buf=427
filling data 427
DecoderError { code: 8199, message: "The channel configuration (either number or arrangement) is not supported." }
ADTS Frame buffer_fullness=255 blocks=1 buf=420
filling data 420
DecoderError { code: 8199, message: "The channel configuration (either number or arrangement) is not supported." }
ADTS Frame buffer_fullness=255 blocks=1 buf=425
filling data 425
DecoderError { code: 8199, message: "The channel configuration (either number or arrangement) is not supported." }
ADTS Frame buffer_fullness=255 blocks=1 buf=428
filling data 428
DecoderError { code: 8199, message: "The channel configuration (either number or arrangement) is not supported." }
ADTS Frame buffer_fullness=255 blocks=1 buf=435
filling data 435
DecoderError { code: 8199, message: "The channel configuration (either number or arrangement) is not supported." }
ADTS Frame buffer_fullness=255 blocks=1 buf=430
filling data 430
DecoderError { code: 8199, message: "The channel configuration (either number or arrangement) is not supported." }
ADTS Frame buffer_fullness=255 blocks=1 buf=435
filling data 435
DecoderError { code: 8199, message: "The channel configuration (either number or arrangement) is not supported." }
ADTS Frame buffer_fullness=255 blocks=1 buf=441
filling data 441
DecoderError { code: 8199, message: "The channel configuration (either number or arrangement) is not supported." }
ADTS Frame buffer_fullness=255 blocks=1 buf=421
filling data 421
DecoderError { code: 8199, message: "The channel configuration (either number or arrangement) is not supported." }
ADTS Frame buffer_fullness=255 blocks=1 buf=488
filling data 488
DecoderError { code: 8199, message: "The channel configuration (either number or arrangement) is not supported." }
ADTS Frame buffer_fullness=255 blocks=1 buf=442
filling data 442
DecoderError { code: 8199, message: "The channel configuration (either number or arrangement) is not supported." }
ADTS Frame buffer_fullness=255 blocks=1 buf=443
filling data 443
DecoderError { code: 8199, message: "The channel configuration (either number or arrangement) is not supported." }
ADTS Frame buffer_fullness=255 blocks=1 buf=454
filling data 454
DecoderError { code: 8199, message: "The channel configuration (either number or arrangement) is not supported." }
ADTS Frame buffer_fullness=255 blocks=1 buf=443
filling data 443
DecoderError { code: 8199, message: "The channel configuration (either number or arrangement) is not supported." }
ADTS Frame buffer_fullness=255 blocks=1 buf=446
filling data 446
DecoderError { code: 8199, message: "The channel configuration (either number or arrangement) is not supported." }
ADTS Frame buffer_fullness=255 blocks=1 buf=467
filling data 467
DecoderError { code: 8199, message: "The channel configuration (either number or arrangement) is not supported." }
ADTS Frame buffer_fullness=255 blocks=1 buf=474
filling data 474
DecoderError { code: 8199, message: "The channel configuration (either number or arrangement) is not supported." }
ADTS Frame buffer_fullness=255 blocks=1 buf=435
filling data 435
DecoderError { code: 8199, message: "The channel configuration (either number or arrangement) is not supported." }
ADTS Frame buffer_fullness=255 blocks=1 buf=442
filling data 442
DecoderError { code: 8199, message: "The channel configuration (either number or arrangement) is not supported." }
ADTS Frame buffer_fullness=255 blocks=1 buf=504
filling data 504
DecoderError { code: 8199, message: "The channel configuration (either number or arrangement) is not supported." }
ADTS Frame buffer_fullness=255 blocks=1 buf=488
filling data 488
DecoderError { code: 8199, message: "The channel configuration (either number or arrangement) is not supported." }
ADTS Frame buffer_fullness=255 blocks=1 buf=445
filling data 445
DecoderError { code: 8199, message: "The channel configuration (either number or arrangement) is not supported." }
ADTS Frame buffer_fullness=255 blocks=1 buf=447
filling data 447
DecoderError { code: 8199, message: "The channel configuration (either number or arrangement) is not supported." }
ADTS Frame buffer_fullness=255 blocks=1 buf=462
filling data 462
DecoderError { code: 8199, message: "The channel configuration (either number or arrangement) is not supported." }
ADTS Frame buffer_fullness=255 blocks=1 buf=439
filling data 439
DecoderError { code: 8199, message: "The channel configuration (either number or arrangement) is not supported." }
ADTS Frame buffer_fullness=255 blocks=1 buf=459
filling data 459
DecoderError { code: 8199, message: "The channel configuration (either number or arrangement) is not supported." }
ADTS Frame buffer_fullness=255 blocks=1 buf=491
filling data 491
DecoderError { code: 8199, message: "The channel configuration (either number or arrangement) is not supported." }
ADTS Frame buffer_fullness=255 blocks=1 buf=485
filling data 485
DecoderError { code: 8199, message: "The channel configuration (either number or arrangement) is not supported." }
ADTS Frame buffer_fullness=255 blocks=1 buf=483
filling data 483
DecoderError { code: 8199, message: "The channel configuration (either number or arrangement) is not supported." }
ADTS Frame buffer_fullness=255 blocks=1 buf=488
filling data 488
DecoderError { code: 8199, message: "The channel configuration (either number or arrangement) is not supported." }
ADTS Frame buffer_fullness=255 blocks=1 buf=466
filling data 466
DecoderError { code: 8199, message: "The channel configuration (either number or arrangement) is not supported." }
ADTS Frame buffer_fullness=255 blocks=1 buf=464
filling data 464
DecoderError { code: 8199, message: "The channel configuration (either number or arrangement) is not supported." }
ADTS Frame buffer_fullness=255 blocks=1 buf=450
filling data 450
DecoderError { code: 8199, message: "The channel configuration (either number or arrangement) is not supported." }
ADTS Frame buffer_fullness=255 blocks=1 buf=419
filling data 419
DecoderError { code: 8199, message: "The channel configuration (either number or arrangement) is not supported." }
ADTS Frame buffer_fullness=255 blocks=1 buf=423
filling data 423
DecoderError { code: 8199, message: "The channel configuration (either number or arrangement) is not supported." }
ADTS Frame buffer_fullness=255 blocks=1 buf=420
filling data 420
DecoderError { code: 8199, message: "The channel configuration (either number or arrangement) is not supported." }
ADTS Frame buffer_fullness=255 blocks=1 buf=459
filling data 459
DecoderError { code: 8199, message: "The channel configuration (either number or arrangement) is not supported." }
ADTS Frame buffer_fullness=255 blocks=1 buf=434
filling data 434
DecoderError { code: 8199, message: "The channel configuration (either number or arrangement) is not supported." }
ADTS Frame buffer_fullness=255 blocks=1 buf=477
filling data 477
DecoderError { code: 8199, message: "The channel configuration (either number or arrangement) is not supported." }
ADTS Frame buffer_fullness=255 blocks=1 buf=434
filling data 434
DecoderError { code: 8199, message: "The channel configuration (either number or arrangement) is not supported." }
ADTS Frame buffer_fullness=255 blocks=1 buf=440
filling data 440
DecoderError { code: 8199, message: "The channel configuration (either number or arrangement) is not supported." }
ADTS Frame buffer_fullness=255 blocks=1 buf=500
filling data 500
DecoderError { code: 8199, message: "The channel configuration (either number or arrangement) is not supported." }
ADTS Frame buffer_fullness=255 blocks=1 buf=463
filling data 463
DecoderError { code: 8199, message: "The channel configuration (either number or arrangement) is not supported." }
ADTS Frame buffer_fullness=255 blocks=1 buf=478
filling data 478
DecoderError { code: 8199, message: "The channel configuration (either number or arrangement) is not supported." }
ADTS Frame buffer_fullness=255 blocks=1 buf=504
filling data 504
DecoderError { code: 8199, message: "The channel configuration (either number or arrangement) is not supported." }
ADTS Frame buffer_fullness=255 blocks=1 buf=473
filling data 473
DecoderError { code: 8199, message: "The channel configuration (either number or arrangement) is not supported." }
ADTS Frame buffer_fullness=255 blocks=1 buf=481
filling data 481
DecoderError { code: 8199, message: "The channel configuration (either number or arrangement) is not supported." }
ADTS Frame buffer_fullness=255 blocks=1 buf=494
filling data 494
DecoderError { code: 8199, message: "The channel configuration (either number or arrangement) is not supported." }
ADTS Frame buffer_fullness=255 blocks=1 buf=490
filling data 490
DecoderError { code: 8199, message: "The channel configuration (either number or arrangement) is not supported." }
ADTS Frame buffer_fullness=255 blocks=1 buf=438
filling data 438
DecoderError { code: 8199, message: "The channel configuration (either number or arrangement) is not supported." }
ADTS Frame buffer_fullness=255 blocks=1 buf=445
filling data 445
DecoderError { code: 8199, message: "The channel configuration (either number or arrangement) is not supported." }
ADTS Frame buffer_fullness=255 blocks=1 buf=468
filling data 468
DecoderError { code: 8199, message: "The channel configuration (either number or arrangement) is not supported." }
ADTS Frame buffer_fullness=255 blocks=1 buf=473
filling data 473
DecoderError { code: 8199, message: "The channel configuration (either number or arrangement) is not supported." }
ADTS Frame buffer_fullness=255 blocks=1 buf=516
filling data 516
DecoderError { code: 8199, message: "The channel configuration (either number or arrangement) is not supported." }
ADTS Frame buffer_fullness=255 blocks=1 buf=506
filling data 506
DecoderError { code: 8199, message: "The channel configuration (either number or arrangement) is not supported." }
ADTS Frame buffer_fullness=255 blocks=1 buf=456
filling data 456
DecoderError { code: 8199, message: "The channel configuration (either number or arrangement) is not supported." }
ADTS Frame buffer_fullness=255 blocks=1 buf=460
filling data 460
DecoderError { code: 8199, message: "The channel configuration (either number or arrangement) is not supported." }
ADTS Frame buffer_fullness=255 blocks=1 buf=443
filling data 443
DecoderError { code: 8199, message: "The channel configuration (either number or arrangement) is not supported." }
ADTS Frame buffer_fullness=255 blocks=1 buf=495
filling data 495
DecoderError { code: 8199, message: "The channel configuration (either number or arrangement) is not supported." }
ADTS Frame buffer_fullness=255 blocks=1 buf=463
filling data 463
DecoderError { code: 8199, message: "The channel configuration (either number or arrangement) is not supported." }
ADTS Frame buffer_fullness=255 blocks=1 buf=454
filling data 454
DecoderError { code: 8199, message: "The channel configuration (either number or arrangement) is not supported." }
ADTS Frame buffer_fullness=255 blocks=1 buf=483
filling data 483
DecoderError { code: 8199, message: "The channel configuration (either number or arrangement) is not supported." }
ADTS Frame buffer_fullness=255 blocks=1 buf=468
filling data 468
DecoderError { code: 8199, message: "The channel configuration (either number or arrangement) is not supported." }
ADTS Frame buffer_fullness=255 blocks=1 buf=500
filling data 500
DecoderError { code: 8199, message: "The channel configuration (either number or arrangement) is not supported." }
ADTS Frame buffer_fullness=255 blocks=1 buf=447
filling data 447
DecoderError { code: 8199, message: "The channel configuration (either number or arrangement) is not supported." }
ADTS Frame buffer_fullness=255 blocks=1 buf=438
filling data 438
DecoderError { code: 8199, message: "The channel configuration (either number or arrangement) is not supported." }
ADTS Frame buffer_fullness=255 blocks=1 buf=426
filling data 426
DecoderError { code: 8199, message: "The channel configuration (either number or arrangement) is not supported." }
ADTS Frame buffer_fullness=255 blocks=1 buf=429
filling data 429
DecoderError { code: 8199, message: "The channel configuration (either number or arrangement) is not supported." }
ADTS Frame buffer_fullness=255 blocks=1 buf=433
filling data 433
DecoderError { code: 8199, message: "The channel configuration (either number or arrangement) is not supported." }
ADTS Frame buffer_fullness=255 blocks=1 buf=488
filling data 488
DecoderError { code: 8199, message: "The channel configuration (either number or arrangement) is not supported." }
ADTS Frame buffer_fullness=255 blocks=1 buf=472
filling data 472
DecoderError { code: 8199, message: "The channel configuration (either number or arrangement) is not supported." }
ADTS Frame buffer_fullness=255 blocks=1 buf=448
filling data 448
DecoderError { code: 8199, message: "The channel configuration (either number or arrangement) is not supported." }
ADTS Frame buffer_fullness=255 blocks=1 buf=439
filling data 439
DecoderError { code: 8199, message: "The channel configuration (either number or arrangement) is not supported." }
ADTS Frame buffer_fullness=255 blocks=1 buf=490
filling data 490
DecoderError { code: 8199, message: "The channel configuration (either number or arrangement) is not supported." }
ADTS Frame buffer_fullness=255 blocks=1 buf=454
filling data 454
DecoderError { code: 8199, message: "The channel configuration (either number or arrangement) is not supported." }
ADTS Frame buffer_fullness=255 blocks=1 buf=458
filling data 458
DecoderError { code: 8199, message: "The channel configuration (either number or arrangement) is not supported." }
ADTS Frame buffer_fullness=255 blocks=1 buf=459
filling data 459
DecoderError { code: 8199, message: "The channel configuration (either number or arrangement) is not supported." }
ADTS Frame buffer_fullness=255 blocks=1 buf=443
filling data 443
DecoderError { code: 8199, message: "The channel configuration (either number or arrangement) is not supported." }
ADTS Frame buffer_fullness=255 blocks=1 buf=468
filling data 468
DecoderError { code: 8199, message: "The channel configuration (either number or arrangement) is not supported." }
ADTS Frame buffer_fullness=255 blocks=1 buf=434
filling data 434
DecoderError { code: 8199, message: "The channel configuration (either number or arrangement) is not supported." }
ADTS Frame buffer_fullness=255 blocks=1 buf=431
filling data 431
DecoderError { code: 8199, message: "The channel configuration (either number or arrangement) is not supported." }
ADTS Frame buffer_fullness=255 blocks=1 buf=475
filling data 475
DecoderError { code: 8199, message: "The channel configuration (either number or arrangement) is not supported." }
ADTS Frame buffer_fullness=255 blocks=1 buf=476
filling data 476
DecoderError { code: 8199, message: "The channel configuration (either number or arrangement) is not supported." }
ADTS Frame buffer_fullness=255 blocks=1 buf=438
filling data 438
DecoderError { code: 8199, message: "The channel configuration (either number or arrangement) is not supported." }
ADTS Frame buffer_fullness=255 blocks=1 buf=423
filling data 423
DecoderError { code: 8199, message: "The channel configuration (either number or arrangement) is not supported." }
ADTS Frame buffer_fullness=255 blocks=1 buf=458
filling data 458
DecoderError { code: 8199, message: "The channel configuration (either number or arrangement) is not supported." }
ADTS Frame buffer_fullness=255 blocks=1 buf=466
filling data 466
DecoderError { code: 8199, message: "The channel configuration (either number or arrangement) is not supported." }
ADTS Frame buffer_fullness=255 blocks=1 buf=466
filling data 466
DecoderError { code: 8199, message: "The channel configuration (either number or arrangement) is not supported." }
ADTS Frame buffer_fullness=255 blocks=1 buf=454
filling data 454
DecoderError { code: 8199, message: "The channel configuration (either number or arrangement) is not supported." }
ADTS Frame buffer_fullness=255 blocks=1 buf=481
filling data 481
DecoderError { code: 8199, message: "The channel configuration (either number or arrangement) is not supported." }
ADTS Frame buffer_fullness=255 blocks=1 buf=445
filling data 445
DecoderError { code: 8199, message: "The channel configuration (either number or arrangement) is not supported." }
ADTS Frame buffer_fullness=255 blocks=1 buf=437
filling data 437
DecoderError { code: 8199, message: "The channel configuration (either number or arrangement) is not supported." }
ADTS Frame buffer_fullness=255 blocks=1 buf=447
filling data 447
DecoderError { code: 8199, message: "The channel configuration (either number or arrangement) is not supported." }
ADTS Frame buffer_fullness=255 blocks=1 buf=453
filling data 453
DecoderError { code: 8199, message: "The channel configuration (either number or arrangement) is not supported." }
ADTS Frame buffer_fullness=255 blocks=1 buf=438
filling data 438
DecoderError { code: 8199, message: "The channel configuration (either number or arrangement) is not supported." }
ADTS Frame buffer_fullness=255 blocks=1 buf=417
filling data 417
DecoderError { code: 8199, message: "The channel configuration (either number or arrangement) is not supported." }
ADTS Frame buffer_fullness=255 blocks=1 buf=413
filling data 413
DecoderError { code: 8199, message: "The channel configuration (either number or arrangement) is not supported." }
ADTS Frame buffer_fullness=255 blocks=1 buf=435
filling data 435
DecoderError { code: 8199, message: "The channel configuration (either number or arrangement) is not supported." }
ADTS Frame buffer_fullness=255 blocks=1 buf=443
filling data 443
DecoderError { code: 8199, message: "The channel configuration (either number or arrangement) is not supported." }
ADTS Frame buffer_fullness=255 blocks=1 buf=488
filling data 488
DecoderError { code: 8199, message: "The channel configuration (either number or arrangement) is not supported." }
ADTS Frame buffer_fullness=255 blocks=1 buf=497
filling data 497
DecoderError { code: 8199, message: "The channel configuration (either number or arrangement) is not supported." }
ADTS Frame buffer_fullness=255 blocks=1 buf=499
filling data 499
DecoderError { code: 8199, message: "The channel configuration (either number or arrangement) is not supported." }
ADTS Frame buffer_fullness=255 blocks=1 buf=465
filling data 465
DecoderError { code: 8199, message: "The channel configuration (either number or arrangement) is not supported." }
ADTS Frame buffer_fullness=255 blocks=1 buf=455
filling data 455
DecoderError { code: 8199, message: "The channel configuration (either number or arrangement) is not supported." }
ADTS Frame buffer_fullness=255 blocks=1 buf=509
filling data 509
DecoderError { code: 8199, message: "The channel configuration (either number or arrangement) is not supported." }
ADTS Frame buffer_fullness=255 blocks=1 buf=526
filling data 526
DecoderError { code: 8199, message: "The channel configuration (either number or arrangement) is not supported." }
ADTS Frame buffer_fullness=255 blocks=1 buf=508
filling data 508
DecoderError { code: 8199, message: "The channel configuration (either number or arrangement) is not supported." }
ADTS Frame buffer_fullness=255 blocks=1 buf=608
filling data 608
DecoderError { code: 8199, message: "The channel configuration (either number or arrangement) is not supported." }
ADTS Frame buffer_fullness=255 blocks=1 buf=515
filling data 515
DecoderError { code: 8199, message: "The channel configuration (either number or arrangement) is not supported." }
ADTS Frame buffer_fullness=255 blocks=1 buf=542
filling data 542
DecoderError { code: 8199, message: "The channel configuration (either number or arrangement) is not supported." }
ADTS Frame buffer_fullness=255 blocks=1 buf=572
filling data 572
DecoderError { code: 8199, message: "The channel configuration (either number or arrangement) is not supported." }
ADTS Frame buffer_fullness=255 blocks=1 buf=587
filling data 587
DecoderError { code: 8199, message: "The channel configuration (either number or arrangement) is not supported." }
ADTS Frame buffer_fullness=255 blocks=1 buf=524
filling data 524
DecoderError { code: 8199, message: "The channel configuration (either number or arrangement) is not supported." }
ADTS Frame buffer_fullness=255 blocks=1 buf=544
filling data 544
DecoderError { code: 8199, message: "The channel configuration (either number or arrangement) is not supported." }
ADTS Frame buffer_fullness=255 blocks=1 buf=480
filling data 480
DecoderError { code: 8199, message: "The channel configuration (either number or arrangement) is not supported." }
ADTS Frame buffer_fullness=255 blocks=1 buf=463
filling data 463
DecoderError { code: 8199, message: "The channel configuration (either number or arrangement) is not supported." }
ADTS Frame buffer_fullness=255 blocks=1 buf=466
filling data 466
DecoderError { code: 8199, message: "The channel configuration (either number or arrangement) is not supported." }
ADTS Frame buffer_fullness=255 blocks=1 buf=454
filling data 454
DecoderError { code: 8199, message: "The channel configuration (either number or arrangement) is not supported." }
ADTS Frame buffer_fullness=255 blocks=1 buf=477
filling data 477
DecoderError { code: 8199, message: "The channel configuration (either number or arrangement) is not supported." }
ADTS Frame buffer_fullness=255 blocks=1 buf=460
filling data 460
DecoderError { code: 8199, message: "The channel configuration (either number or arrangement) is not supported." }
ADTS Frame buffer_fullness=255 blocks=1 buf=496
filling data 496
DecoderError { code: 8199, message: "The channel configuration (either number or arrangement) is not supported." }
ADTS Frame buffer_fullness=255 blocks=1 buf=482
filling data 482
DecoderError { code: 8199, message: "The channel configuration (either number or arrangement) is not supported." }
ADTS Frame buffer_fullness=255 blocks=1 buf=465
filling data 465
DecoderError { code: 8199, message: "The channel configuration (either number or arrangement) is not supported." }
ADTS Frame buffer_fullness=255 blocks=1 buf=475
filling data 475
DecoderError { code: 8199, message: "The channel configuration (either number or arrangement) is not supported." }
ADTS Frame buffer_fullness=255 blocks=1 buf=494
filling data 494
DecoderError { code: 8199, message: "The channel configuration (either number or arrangement) is not supported." }
ADTS Frame buffer_fullness=255 blocks=1 buf=481
filling data 481
DecoderError { code: 8199, message: "The channel configuration (either number or arrangement) is not supported." }
ADTS Frame buffer_fullness=255 blocks=1 buf=466
filling data 466
DecoderError { code: 8199, message: "The channel configuration (either number or arrangement) is not supported." }
ADTS Frame buffer_fullness=255 blocks=1 buf=596
filling data 596
DecoderError { code: 8199, message: "The channel configuration (either number or arrangement) is not supported." }
ADTS Frame buffer_fullness=255 blocks=1 buf=613
filling data 613
DecoderError { code: 8199, message: "The channel configuration (either number or arrangement) is not supported." }
ADTS Frame buffer_fullness=255 blocks=1 buf=528
filling data 528
DecoderError { code: 8199, message: "The channel configuration (either number or arrangement) is not supported." }
ADTS Frame buffer_fullness=255 blocks=1 buf=572
filling data 572
DecoderError { code: 8199, message: "The channel configuration (either number or arrangement) is not supported." }
ADTS Frame buffer_fullness=255 blocks=1 buf=617
filling data 617
DecoderError { code: 8199, message: "The channel configuration (either number or arrangement) is not supported." }
ADTS Frame buffer_fullness=255 blocks=1 buf=502
filling data 502
DecoderError { code: 8199, message: "The channel configuration (either number or arrangement) is not supported." }
ADTS Frame buffer_fullness=255 blocks=1 buf=520
filling data 520
DecoderError { code: 8199, message: "The channel configuration (either number or arrangement) is not supported." }
ADTS Frame buffer_fullness=255 blocks=1 buf=565
filling data 565
DecoderError { code: 8199, message: "The channel configuration (either number or arrangement) is not supported." }
ADTS Frame buffer_fullness=255 blocks=1 buf=579
filling data 579
DecoderError { code: 8199, message: "The channel configuration (either number or arrangement) is not supported." }
ADTS Frame buffer_fullness=255 blocks=1 buf=628
filling data 628
DecoderError { code: 8199, message: "The channel configuration (either number or arrangement) is not supported." }
ADTS Frame buffer_fullness=255 blocks=1 buf=483
filling data 483
DecoderError { code: 8199, message: "The channel configuration (either number or arrangement) is not supported." }
ADTS Frame buffer_fullness=255 blocks=1 buf=494
filling data 494
DecoderError { code: 8199, message: "The channel configuration (either number or arrangement) is not supported." }
ADTS Frame buffer_fullness=255 blocks=1 buf=463
filling data 463
DecoderError { code: 8199, message: "The channel configuration (either number or arrangement) is not supported." }
ADTS Frame buffer_fullness=255 blocks=1 buf=490
filling data 490
DecoderError { code: 8199, message: "The channel configuration (either number or arrangement) is not supported." }
ADTS Frame buffer_fullness=255 blocks=1 buf=523
filling data 523
DecoderError { code: 8199, message: "The channel configuration (either number or arrangement) is not supported." }
ADTS Frame buffer_fullness=255 blocks=1 buf=542
filling data 542
DecoderError { code: 8199, message: "The channel configuration (either number or arrangement) is not supported." }
ADTS Frame buffer_fullness=255 blocks=1 buf=494
filling data 494
DecoderError { code: 8199, message: "The channel configuration (either number or arrangement) is not supported." }
ADTS Frame buffer_fullness=255 blocks=1 buf=538
filling data 538
DecoderError { code: 8199, message: "The channel configuration (either number or arrangement) is not supported." }
ADTS Frame buffer_fullness=255 blocks=1 buf=570
filling data 570
DecoderError { code: 8199, message: "The channel configuration (either number or arrangement) is not supported." }
ADTS Frame buffer_fullness=255 blocks=1 buf=538
filling data 538
DecoderError { code: 8199, message: "The channel configuration (either number or arrangement) is not supported." }
ADTS Frame buffer_fullness=255 blocks=1 buf=462
filling data 462
DecoderError { code: 8199, message: "The channel configuration (either number or arrangement) is not supported." }
ADTS Frame buffer_fullness=255 blocks=1 buf=433
filling data 433
DecoderError { code: 8199, message: "The channel configuration (either number or arrangement) is not supported." }
ADTS Frame buffer_fullness=255 blocks=1 buf=488
filling data 488
DecoderError { code: 8199, message: "The channel configuration (either number or arrangement) is not supported." }
ADTS Frame buffer_fullness=255 blocks=1 buf=479
filling data 479
DecoderError { code: 8199, message: "The channel configuration (either number or arrangement) is not supported." }
ADTS Frame buffer_fullness=255 blocks=1 buf=494
filling data 494
DecoderError { code: 8199, message: "The channel configuration (either number or arrangement) is not supported." }
ADTS Frame buffer_fullness=255 blocks=1 buf=495
filling data 495
DecoderError { code: 8199, message: "The channel configuration (either number or arrangement) is not supported." }
ADTS Frame buffer_fullness=255 blocks=1 buf=506
filling data 506
DecoderError { code: 8199, message: "The channel configuration (either number or arrangement) is not supported." }
ADTS Frame buffer_fullness=255 blocks=1 buf=441
filling data 441
DecoderError { code: 8199, message: "The channel configuration (either number or arrangement) is not supported." }
ADTS Frame buffer_fullness=255 blocks=1 buf=438
filling data 438
DecoderError { code: 8199, message: "The channel configuration (either number or arrangement) is not supported." }
ADTS Frame buffer_fullness=255 blocks=1 buf=471
filling data 471
DecoderError { code: 8199, message: "The channel configuration (either number or arrangement) is not supported." }
ADTS Frame buffer_fullness=255 blocks=1 buf=533
filling data 533
DecoderError { code: 8199, message: "The channel configuration (either number or arrangement) is not supported." }
ADTS Frame buffer_fullness=255 blocks=1 buf=487
filling data 487
DecoderError { code: 8199, message: "The channel configuration (either number or arrangement) is not supported." }
ADTS Frame buffer_fullness=255 blocks=1 buf=517
filling data 517
DecoderError { code: 8199, message: "The channel configuration (either number or arrangement) is not supported." }
ADTS Frame buffer_fullness=255 blocks=1 buf=481
filling data 481
DecoderError { code: 8199, message: "The channel configuration (either number or arrangement) is not supported." }
ADTS Frame buffer_fullness=255 blocks=1 buf=462
filling data 462
DecoderError { code: 8199, message: "The channel configuration (either number or arrangement) is not supported." }
ADTS Frame buffer_fullness=255 blocks=1 buf=472
filling data 472
DecoderError { code: 8199, message: "The channel configuration (either number or arrangement) is not supported." }
ADTS Frame buffer_fullness=255 blocks=1 buf=462
filling data 462
DecoderError { code: 8199, message: "The channel configuration (either number or arrangement) is not supported." }
ADTS Frame buffer_fullness=255 blocks=1 buf=505
filling data 505
DecoderError { code: 8199, message: "The channel configuration (either number or arrangement) is not supported." }
ADTS Frame buffer_fullness=255 blocks=1 buf=459
filling data 459
DecoderError { code: 8199, message: "The channel configuration (either number or arrangement) is not supported." }
ADTS Frame buffer_fullness=255 blocks=1 buf=439
filling data 439
DecoderError { code: 8199, message: "The channel configuration (either number or arrangement) is not supported." }
ADTS Frame buffer_fullness=255 blocks=1 buf=495
filling data 495
DecoderError { code: 8199, message: "The channel configuration (either number or arrangement) is not supported." }
ADTS Frame buffer_fullness=255 blocks=1 buf=503
filling data 503
DecoderError { code: 8199, message: "The channel configuration (either number or arrangement) is not supported." }
ADTS Frame buffer_fullness=255 blocks=1 buf=514
filling data 514
DecoderError { code: 8199, message: "The channel configuration (either number or arrangement) is not supported." }
ADTS Frame buffer_fullness=255 blocks=1 buf=478
filling data 478
DecoderError { code: 8199, message: "The channel configuration (either number or arrangement) is not supported." }
ADTS Frame buffer_fullness=255 blocks=1 buf=493
filling data 493
DecoderError { code: 8199, message: "The channel configuration (either number or arrangement) is not supported." }
ADTS Frame buffer_fullness=255 blocks=1 buf=526
filling data 526
DecoderError { code: 8199, message: "The channel configuration (either number or arrangement) is not supported." }
ADTS Frame buffer_fullness=255 blocks=1 buf=496
filling data 496
DecoderError { code: 8199, message: "The channel configuration (either number or arrangement) is not supported." }
ADTS Frame buffer_fullness=255 blocks=1 buf=492
filling data 492
DecoderError { code: 8199, message: "The channel configuration (either number or arrangement) is not supported." }
ADTS Frame buffer_fullness=255 blocks=1 buf=502
filling data 502
DecoderError { code: 8199, message: "The channel configuration (either number or arrangement) is not supported." }
ADTS Frame buffer_fullness=255 blocks=1 buf=477
filling data 477
DecoderError { code: 8199, message: "The channel configuration (either number or arrangement) is not supported." }
ADTS Frame buffer_fullness=255 blocks=1 buf=504
filling data 504
DecoderError { code: 8199, message: "The channel configuration (either number or arrangement) is not supported." }
ADTS Frame buffer_fullness=255 blocks=1 buf=494
filling data 494
DecoderError { code: 8199, message: "The channel configuration (either number or arrangement) is not supported." }
ADTS Frame buffer_fullness=255 blocks=1 buf=482
filling data 482
DecoderError { code: 8199, message: "The channel configuration (either number or arrangement) is not supported." }
ADTS Frame buffer_fullness=255 blocks=1 buf=549
filling data 549
DecoderError { code: 8199, message: "The channel configuration (either number or arrangement) is not supported." }
ADTS Frame buffer_fullness=255 blocks=1 buf=593
filling data 593
DecoderError { code: 8199, message: "The channel configuration (either number or arrangement) is not supported." }
ADTS Frame buffer_fullness=255 blocks=1 buf=571
filling data 571
DecoderError { code: 8199, message: "The channel configuration (either number or arrangement) is not supported." }
ADTS Frame buffer_fullness=255 blocks=1 buf=579
filling data 579
DecoderError { code: 8199, message: "The channel configuration (either number or arrangement) is not supported." }
ADTS Frame buffer_fullness=255 blocks=1 buf=474
filling data 474
DecoderError { code: 8199, message: "The channel configuration (either number or arrangement) is not supported." }
ADTS Frame buffer_fullness=255 blocks=1 buf=460
filling data 460
DecoderError { code: 8199, message: "The channel configuration (either number or arrangement) is not supported." }
ADTS Frame buffer_fullness=255 blocks=1 buf=469
filling data 469
DecoderError { code: 8199, message: "The channel configuration (either number or arrangement) is not supported." }
ADTS Frame buffer_fullness=255 blocks=1 buf=503
filling data 503
DecoderError { code: 8199, message: "The channel configuration (either number or arrangement) is not supported." }
ADTS Frame buffer_fullness=255 blocks=1 buf=526
filling data 526
DecoderError { code: 8199, message: "The channel configuration (either number or arrangement) is not supported." }
ADTS Frame buffer_fullness=255 blocks=1 buf=503
filling data 503
DecoderError { code: 8199, message: "The channel configuration (either number or arrangement) is not supported." }
ADTS Frame buffer_fullness=255 blocks=1 buf=499
filling data 499
DecoderError { code: 8199, message: "The channel configuration (either number or arrangement) is not supported." }
ADTS Frame buffer_fullness=255 blocks=1 buf=526
filling data 526
DecoderError { code: 8199, message: "The channel configuration (either number or arrangement) is not supported." }
ADTS Frame buffer_fullness=255 blocks=1 buf=553
filling data 553
DecoderError { code: 8199, message: "The channel configuration (either number or arrangement) is not supported." }
ADTS Frame buffer_fullness=255 blocks=1 buf=528
filling data 528
DecoderError { code: 8199, message: "The channel configuration (either number or arrangement) is not supported." }
ADTS Frame buffer_fullness=255 blocks=1 buf=488
filling data 488
DecoderError { code: 8199, message: "The channel configuration (either number or arrangement) is not supported." }
ADTS Frame buffer_fullness=255 blocks=1 buf=492
filling data 492
DecoderError { code: 8199, message: "The channel configuration (either number or arrangement) is not supported." }
ADTS Frame buffer_fullness=255 blocks=1 buf=468
filling data 468
DecoderError { code: 8199, message: "The channel configuration (either number or arrangement) is not supported." }
ADTS Frame buffer_fullness=255 blocks=1 buf=475
filling data 475
DecoderError { code: 8199, message: "The channel configuration (either number or arrangement) is not supported." }
ADTS Frame buffer_fullness=255 blocks=1 buf=482
filling data 482
DecoderError { code: 8199, message: "The channel configuration (either number or arrangement) is not supported." }
ADTS Frame buffer_fullness=255 blocks=1 buf=481
filling data 481
DecoderError { code: 8199, message: "The channel configuration (either number or arrangement) is not supported." }
ADTS Frame buffer_fullness=255 blocks=1 buf=477
filling data 477
DecoderError { code: 8199, message: "The channel configuration (either number or arrangement) is not supported." }
ADTS Frame buffer_fullness=255 blocks=1 buf=509
filling data 509
DecoderError { code: 8199, message: "The channel configuration (either number or arrangement) is not supported." }
ADTS Frame buffer_fullness=255 blocks=1 buf=477
filling data 477
DecoderError { code: 8199, message: "The channel configuration (either number or arrangement) is not supported." }
ADTS Frame buffer_fullness=255 blocks=1 buf=450
filling data 450
DecoderError { code: 8199, message: "The channel configuration (either number or arrangement) is not supported." }
ADTS Frame buffer_fullness=255 blocks=1 buf=458
filling data 458
DecoderError { code: 8199, message: "The channel configuration (either number or arrangement) is not supported." }
ADTS Frame buffer_fullness=255 blocks=1 buf=453
filling data 453
DecoderError { code: 8199, message: "The channel configuration (either number or arrangement) is not supported." }
ADTS Frame buffer_fullness=255 blocks=1 buf=460
filling data 460
DecoderError { code: 8199, message: "The channel configuration (either number or arrangement) is not supported." }
ADTS Frame buffer_fullness=255 blocks=1 buf=484
filling data 484
DecoderError { code: 8199, message: "The channel configuration (either number or arrangement) is not supported." }
ADTS Frame buffer_fullness=255 blocks=1 buf=534
filling data 534
DecoderError { code: 8199, message: "The channel configuration (either number or arrangement) is not supported." }
ADTS Frame buffer_fullness=255 blocks=1 buf=491
filling data 491
DecoderError { code: 8199, message: "The channel configuration (either number or arrangement) is not supported." }
ADTS Frame buffer_fullness=255 blocks=1 buf=469
filling data 469
DecoderError { code: 8199, message: "The channel configuration (either number or arrangement) is not supported." }
ADTS Frame buffer_fullness=255 blocks=1 buf=489
filling data 489
DecoderError { code: 8199, message: "The channel configuration (either number or arrangement) is not supported." }
ADTS Frame buffer_fullness=255 blocks=1 buf=486
filling data 486
DecoderError { code: 8199, message: "The channel configuration (either number or arrangement) is not supported." }
ADTS Frame buffer_fullness=255 blocks=1 buf=495
filling data 495
DecoderError { code: 8199, message: "The channel configuration (either number or arrangement) is not supported." }
ADTS Frame buffer_fullness=255 blocks=1 buf=562
filling data 562
DecoderError { code: 8199, message: "The channel configuration (either number or arrangement) is not supported." }
ADTS Frame buffer_fullness=255 blocks=1 buf=528
filling data 528
DecoderError { code: 8199, message: "The channel configuration (either number or arrangement) is not supported." }
ADTS Frame buffer_fullness=255 blocks=1 buf=539
filling data 539
DecoderError { code: 8199, message: "The channel configuration (either number or arrangement) is not supported." }
ADTS Frame buffer_fullness=255 blocks=1 buf=553
filling data 553
DecoderError { code: 8199, message: "The channel configuration (either number or arrangement) is not supported." }
ADTS Frame buffer_fullness=255 blocks=1 buf=548
filling data 548
DecoderError { code: 8199, message: "The channel configuration (either number or arrangement) is not supported." }
ADTS Frame buffer_fullness=255 blocks=1 buf=554
filling data 554
DecoderError { code: 8199, message: "The channel configuration (either number or arrangement) is not supported." }
ADTS Frame buffer_fullness=255 blocks=1 buf=512
filling data 512
DecoderError { code: 8199, message: "The channel configuration (either number or arrangement) is not supported." }
ADTS Frame buffer_fullness=255 blocks=1 buf=452
filling data 452
DecoderError { code: 8199, message: "The channel configuration (either number or arrangement) is not supported." }
ADTS Frame buffer_fullness=255 blocks=1 buf=452
filling data 452
DecoderError { code: 8199, message: "The channel configuration (either number or arrangement) is not supported." }
ADTS Frame buffer_fullness=255 blocks=1 buf=444
filling data 444
DecoderError { code: 8199, message: "The channel configuration (either number or arrangement) is not supported." }
ADTS Frame buffer_fullness=255 blocks=1 buf=442
filling data 442
DecoderError { code: 8199, message: "The channel configuration (either number or arrangement) is not supported." }
ADTS Frame buffer_fullness=255 blocks=1 buf=464
filling data 464
DecoderError { code: 8199, message: "The channel configuration (either number or arrangement) is not supported." }
ADTS Frame buffer_fullness=255 blocks=1 buf=541
filling data 541
DecoderError { code: 8199, message: "The channel configuration (either number or arrangement) is not supported." }
ADTS Frame buffer_fullness=255 blocks=1 buf=537
filling data 537
DecoderError { code: 8199, message: "The channel configuration (either number or arrangement) is not supported." }
ADTS Frame buffer_fullness=255 blocks=1 buf=539
filling data 539
DecoderError { code: 8199, message: "The channel configuration (either number or arrangement) is not supported." }
ADTS Frame buffer_fullness=255 blocks=1 buf=545
filling data 545
DecoderError { code: 8199, message: "The channel configuration (either number or arrangement) is not supported." }
ADTS Frame buffer_fullness=255 blocks=1 buf=541
filling data 541
DecoderError { code: 8199, message: "The channel configuration (either number or arrangement) is not supported." }
ADTS Frame buffer_fullness=255 blocks=1 buf=535
filling data 535
DecoderError { code: 8199, message: "The channel configuration (either number or arrangement) is not supported." }
ADTS Frame buffer_fullness=255 blocks=1 buf=532
filling data 532
DecoderError { code: 8199, message: "The channel configuration (either number or arrangement) is not supported." }
ADTS Frame buffer_fullness=255 blocks=1 buf=532
filling data 532
DecoderError { code: 8199, message: "The channel configuration (either number or arrangement) is not supported." }
ADTS Frame buffer_fullness=255 blocks=1 buf=564
filling data 564
DecoderError { code: 8199, message: "The channel configuration (either number or arrangement) is not supported." }
ADTS Frame buffer_fullness=255 blocks=1 buf=585
filling data 585
DecoderError { code: 8199, message: "The channel configuration (either number or arrangement) is not supported." }
ADTS Frame buffer_fullness=255 blocks=1 buf=518
filling data 518
DecoderError { code: 8199, message: "The channel configuration (either number or arrangement) is not supported." }
ADTS Frame buffer_fullness=255 blocks=1 buf=481
filling data 481
DecoderError { code: 8199, message: "The channel configuration (either number or arrangement) is not supported." }
ADTS Frame buffer_fullness=255 blocks=1 buf=538
filling data 538
DecoderError { code: 8199, message: "The channel configuration (either number or arrangement) is not supported." }
ADTS Frame buffer_fullness=255 blocks=1 buf=523
filling data 523
DecoderError { code: 8199, message: "The channel configuration (either number or arrangement) is not supported." }
ADTS Frame buffer_fullness=255 blocks=1 buf=497
filling data 497
DecoderError { code: 8199, message: "The channel configuration (either number or arrangement) is not supported." }
ADTS Frame buffer_fullness=255 blocks=1 buf=462
filling data 462
DecoderError { code: 8199, message: "The channel configuration (either number or arrangement) is not supported." }
ADTS Frame buffer_fullness=255 blocks=1 buf=469
filling data 469
DecoderError { code: 8199, message: "The channel configuration (either number or arrangement) is not supported." }
ADTS Frame buffer_fullness=255 blocks=1 buf=479
filling data 479
DecoderError { code: 8199, message: "The channel configuration (either number or arrangement) is not supported." }
ADTS Frame buffer_fullness=255 blocks=1 buf=460
filling data 460
DecoderError { code: 8199, message: "The channel configuration (either number or arrangement) is not supported." }
ADTS Frame buffer_fullness=255 blocks=1 buf=550
filling data 550
DecoderError { code: 8199, message: "The channel configuration (either number or arrangement) is not supported." }
ADTS Frame buffer_fullness=255 blocks=1 buf=522
filling data 522
DecoderError { code: 8199, message: "The channel configuration (either number or arrangement) is not supported." }
ADTS Frame buffer_fullness=255 blocks=1 buf=548
filling data 548
DecoderError { code: 8199, message: "The channel configuration (either number or arrangement) is not supported." }
ADTS Frame buffer_fullness=255 blocks=1 buf=523
filling data 523
DecoderError { code: 8199, message: "The channel configuration (either number or arrangement) is not supported." }
ADTS Frame buffer_fullness=255 blocks=1 buf=505
filling data 505
DecoderError { code: 8199, message: "The channel configuration (either number or arrangement) is not supported." }
ADTS Frame buffer_fullness=255 blocks=1 buf=473
filling data 473
DecoderError { code: 8199, message: "The channel configuration (either number or arrangement) is not supported." }
ADTS Frame buffer_fullness=255 blocks=1 buf=470
filling data 470
DecoderError { code: 8199, message: "The channel configuration (either number or arrangement) is not supported." }
ADTS Frame buffer_fullness=255 blocks=1 buf=497
filling data 497
DecoderError { code: 8199, message: "The channel configuration (either number or arrangement) is not supported." }
ADTS Frame buffer_fullness=255 blocks=1 buf=510
filling data 510
DecoderError { code: 8199, message: "The channel configuration (either number or arrangement) is not supported." }
ADTS Frame buffer_fullness=255 blocks=1 buf=572
filling data 572
DecoderError { code: 8199, message: "The channel configuration (either number or arrangement) is not supported." }
ADTS Frame buffer_fullness=255 blocks=1 buf=521
filling data 521
DecoderError { code: 8199, message: "The channel configuration (either number or arrangement) is not supported." }
ADTS Frame buffer_fullness=255 blocks=1 buf=507
filling data 507
DecoderError { code: 8199, message: "The channel configuration (either number or arrangement) is not supported." }
ADTS Frame buffer_fullness=255 blocks=1 buf=477
filling data 477
DecoderError { code: 8199, message: "The channel configuration (either number or arrangement) is not supported." }
ADTS Frame buffer_fullness=255 blocks=1 buf=466
filling data 466
DecoderError { code: 8199, message: "The channel configuration (either number or arrangement) is not supported." }
ADTS Frame buffer_fullness=255 blocks=1 buf=482
filling data 482
DecoderError { code: 8199, message: "The channel configuration (either number or arrangement) is not supported." }
ADTS Frame buffer_fullness=255 blocks=1 buf=525
filling data 525
DecoderError { code: 8199, message: "The channel configuration (either number or arrangement) is not supported." }
ADTS Frame buffer_fullness=255 blocks=1 buf=503
filling data 503
DecoderError { code: 8199, message: "The channel configuration (either number or arrangement) is not supported." }
ADTS Frame buffer_fullness=255 blocks=1 buf=494
filling data 494
DecoderError { code: 8199, message: "The channel configuration (either number or arrangement) is not supported." }
ADTS Frame buffer_fullness=255 blocks=1 buf=515
filling data 515
DecoderError { code: 8199, message: "The channel configuration (either number or arrangement) is not supported." }
ADTS Frame buffer_fullness=255 blocks=1 buf=558
filling data 558
DecoderError { code: 8199, message: "The channel configuration (either number or arrangement) is not supported." }
ADTS Frame buffer_fullness=255 blocks=1 buf=503
filling data 503
DecoderError { code: 8199, message: "The channel configuration (either number or arrangement) is not supported." }
ADTS Frame buffer_fullness=255 blocks=1 buf=472
filling data 472
DecoderError { code: 8199, message: "The channel configuration (either number or arrangement) is not supported." }
ADTS Frame buffer_fullness=255 blocks=1 buf=507
filling data 507
DecoderError { code: 8199, message: "The channel configuration (either number or arrangement) is not supported." }
ADTS Frame buffer_fullness=255 blocks=1 buf=489
filling data 489
DecoderError { code: 8199, message: "The channel configuration (either number or arrangement) is not supported." }
ADTS Frame buffer_fullness=255 blocks=1 buf=476
filling data 476
DecoderError { code: 8199, message: "The channel configuration (either number or arrangement) is not supported." }
ADTS Frame buffer_fullness=255 blocks=1 buf=491
filling data 491
DecoderError { code: 8199, message: "The channel configuration (either number or arrangement) is not supported." }
ADTS Frame buffer_fullness=255 blocks=1 buf=524
filling data 524
DecoderError { code: 8199, message: "The channel configuration (either number or arrangement) is not supported." }
ADTS Frame buffer_fullness=255 blocks=1 buf=603
filling data 603
DecoderError { code: 8199, message: "The channel configuration (either number or arrangement) is not supported." }
ADTS Frame buffer_fullness=255 blocks=1 buf=589
filling data 589
DecoderError { code: 8199, message: "The channel configuration (either number or arrangement) is not supported." }
ADTS Frame buffer_fullness=255 blocks=1 buf=669
filling data 669
DecoderError { code: 8199, message: "The channel configuration (either number or arrangement) is not supported." }
ADTS Frame buffer_fullness=255 blocks=1 buf=533
filling data 533
DecoderError { code: 8199, message: "The channel configuration (either number or arrangement) is not supported." }
ADTS Frame buffer_fullness=255 blocks=1 buf=513
filling data 513
DecoderError { code: 8199, message: "The channel configuration (either number or arrangement) is not supported." }
ADTS Frame buffer_fullness=255 blocks=1 buf=504
filling data 504
DecoderError { code: 8199, message: "The channel configuration (either number or arrangement) is not supported." }
ADTS Frame buffer_fullness=255 blocks=1 buf=499
filling data 499
DecoderError { code: 8199, message: "The channel configuration (either number or arrangement) is not supported." }
ADTS Frame buffer_fullness=255 blocks=1 buf=479
filling data 479
DecoderError { code: 8199, message: "The channel configuration (either number or arrangement) is not supported." }
ADTS Frame buffer_fullness=255 blocks=1 buf=506
filling data 506
DecoderError { code: 8199, message: "The channel configuration (either number or arrangement) is not supported." }
ADTS Frame buffer_fullness=255 blocks=1 buf=523
filling data 523
DecoderError { code: 8199, message: "The channel configuration (either number or arrangement) is not supported." }
ADTS Frame buffer_fullness=255 blocks=1 buf=668
filling data 668
DecoderError { code: 8199, message: "The channel configuration (either number or arrangement) is not supported." }
ADTS Frame buffer_fullness=255 blocks=1 buf=494
filling data 494
DecoderError { code: 8199, message: "The channel configuration (either number or arrangement) is not supported." }
ADTS Frame buffer_fullness=255 blocks=1 buf=462
filling data 462
DecoderError { code: 8199, message: "The channel configuration (either number or arrangement) is not supported." }
ADTS Frame buffer_fullness=255 blocks=1 buf=466
filling data 466
DecoderError { code: 8199, message: "The channel configuration (either number or arrangement) is not supported." }
ADTS Frame buffer_fullness=255 blocks=1 buf=495
filling data 495
DecoderError { code: 8199, message: "The channel configuration (either number or arrangement) is not supported." }
ADTS Frame buffer_fullness=255 blocks=1 buf=487
filling data 487
DecoderError { code: 8199, message: "The channel configuration (either number or arrangement) is not supported." }
ADTS Frame buffer_fullness=255 blocks=1 buf=461
filling data 461
DecoderError { code: 8199, message: "The channel configuration (either number or arrangement) is not supported." }
ADTS Frame buffer_fullness=255 blocks=1 buf=472
filling data 472
DecoderError { code: 8199, message: "The channel configuration (either number or arrangement) is not supported." }
ADTS Frame buffer_fullness=255 blocks=1 buf=505
filling data 505
DecoderError { code: 8199, message: "The channel configuration (either number or arrangement) is not supported." }
ADTS Frame buffer_fullness=255 blocks=1 buf=524
filling data 524
DecoderError { code: 8199, message: "The channel configuration (either number or arrangement) is not supported." }
ADTS Frame buffer_fullness=255 blocks=1 buf=510
filling data 510
DecoderError { code: 8199, message: "The channel configuration (either number or arrangement) is not supported." }
ADTS Frame buffer_fullness=255 blocks=1 buf=507
filling data 507
DecoderError { code: 8199, message: "The channel configuration (either number or arrangement) is not supported." }
ADTS Frame buffer_fullness=255 blocks=1 buf=487
filling data 487
DecoderError { code: 8199, message: "The channel configuration (either number or arrangement) is not supported." }
ADTS Frame buffer_fullness=255 blocks=1 buf=462
filling data 462
DecoderError { code: 8199, message: "The channel configuration (either number or arrangement) is not supported." }
ADTS Frame buffer_fullness=255 blocks=1 buf=484
filling data 484
DecoderError { code: 8199, message: "The channel configuration (either number or arrangement) is not supported." }
ADTS Frame buffer_fullness=255 blocks=1 buf=471
filling data 471
DecoderError { code: 8199, message: "The channel configuration (either number or arrangement) is not supported." }
ADTS Frame buffer_fullness=255 blocks=1 buf=510
filling data 510
DecoderError { code: 8199, message: "The channel configuration (either number or arrangement) is not supported." }
ADTS Frame buffer_fullness=255 blocks=1 buf=499
filling data 499
DecoderError { code: 8199, message: "The channel configuration (either number or arrangement) is not supported." }
ADTS Frame buffer_fullness=255 blocks=1 buf=531
filling data 531
DecoderError { code: 8199, message: "The channel configuration (either number or arrangement) is not supported." }
ADTS Frame buffer_fullness=255 blocks=1 buf=524
filling data 524
DecoderError { code: 8199, message: "The channel configuration (either number or arrangement) is not supported." }
ADTS Frame buffer_fullness=255 blocks=1 buf=459
filling data 459
DecoderError { code: 8199, message: "The channel configuration (either number or arrangement) is not supported." }
ADTS Frame buffer_fullness=255 blocks=1 buf=471
filling data 471
DecoderError { code: 8199, message: "The channel configuration (either number or arrangement) is not supported." }
ADTS Frame buffer_fullness=255 blocks=1 buf=459
filling data 459
DecoderError { code: 8199, message: "The channel configuration (either number or arrangement) is not supported." }
ADTS Frame buffer_fullness=255 blocks=1 buf=452
filling data 452
DecoderError { code: 8199, message: "The channel configuration (either number or arrangement) is not supported." }
ADTS Frame buffer_fullness=255 blocks=1 buf=493
filling data 493
DecoderError { code: 8199, message: "The channel configuration (either number or arrangement) is not supported." }
ADTS Frame buffer_fullness=255 blocks=1 buf=487
filling data 487
DecoderError { code: 8199, message: "The channel configuration (either number or arrangement) is not supported." }
ADTS Frame buffer_fullness=255 blocks=1 buf=475
filling data 475
DecoderError { code: 8199, message: "The channel configuration (either number or arrangement) is not supported." }
ADTS Frame buffer_fullness=255 blocks=1 buf=496
filling data 496
DecoderError { code: 8199, message: "The channel configuration (either number or arrangement) is not supported." }
ADTS Frame buffer_fullness=255 blocks=1 buf=431
filling data 431
DecoderError { code: 8199, message: "The channel configuration (either number or arrangement) is not supported." }
ADTS Frame buffer_fullness=255 blocks=1 buf=500
filling data 500
DecoderError { code: 8199, message: "The channel configuration (either number or arrangement) is not supported." }
ADTS Frame buffer_fullness=255 blocks=1 buf=445
filling data 445
DecoderError { code: 8199, message: "The channel configuration (either number or arrangement) is not supported." }
ADTS Frame buffer_fullness=255 blocks=1 buf=441
filling data 441
DecoderError { code: 8199, message: "The channel configuration (either number or arrangement) is not supported." }
ADTS Frame buffer_fullness=255 blocks=1 buf=778
filling data 778
DecoderError { code: 8199, message: "The channel configuration (either number or arrangement) is not supported." }
ADTS Frame buffer_fullness=255 blocks=1 buf=517
filling data 517
DecoderError { code: 8199, message: "The channel configuration (either number or arrangement) is not supported." }
ADTS Frame buffer_fullness=255 blocks=1 buf=490
filling data 490
DecoderError { code: 8199, message: "The channel configuration (either number or arrangement) is not supported." }
ADTS Frame buffer_fullness=255 blocks=1 buf=464
filling data 464
DecoderError { code: 8199, message: "The channel configuration (either number or arrangement) is not supported." }
ADTS Frame buffer_fullness=255 blocks=1 buf=494
filling data 494
DecoderError { code: 8199, message: "The channel configuration (either number or arrangement) is not supported." }
ADTS Frame buffer_fullness=255 blocks=1 buf=473
filling data 473
DecoderError { code: 8199, message: "The channel configuration (either number or arrangement) is not supported." }
ADTS Frame buffer_fullness=255 blocks=1 buf=473
filling data 473
DecoderError { code: 8199, message: "The channel configuration (either number or arrangement) is not supported." }
ADTS Frame buffer_fullness=255 blocks=1 buf=507
filling data 507
DecoderError { code: 8199, message: "The channel configuration (either number or arrangement) is not supported." }
ADTS Frame buffer_fullness=255 blocks=1 buf=463
filling data 463
DecoderError { code: 8199, message: "The channel configuration (either number or arrangement) is not supported." }
ADTS Frame buffer_fullness=255 blocks=1 buf=478
filling data 478
DecoderError { code: 8199, message: "The channel configuration (either number or arrangement) is not supported." }
ADTS Frame buffer_fullness=255 blocks=1 buf=506
filling data 506
DecoderError { code: 8199, message: "The channel configuration (either number or arrangement) is not supported." }
ADTS Frame buffer_fullness=255 blocks=1 buf=478
filling data 478
DecoderError { code: 8199, message: "The channel configuration (either number or arrangement) is not supported." }
ADTS Frame buffer_fullness=255 blocks=1 buf=540
filling data 540
DecoderError { code: 8199, message: "The channel configuration (either number or arrangement) is not supported." }
ADTS Frame buffer_fullness=255 blocks=1 buf=507
filling data 507
DecoderError { code: 8199, message: "The channel configuration (either number or arrangement) is not supported." }
ADTS Frame buffer_fullness=255 blocks=1 buf=499
filling data 499
DecoderError { code: 8199, message: "The channel configuration (either number or arrangement) is not supported." }
ADTS Frame buffer_fullness=255 blocks=1 buf=448
filling data 448
DecoderError { code: 8199, message: "The channel configuration (either number or arrangement) is not supported." }
ADTS Frame buffer_fullness=255 blocks=1 buf=433
filling data 433
DecoderError { code: 8199, message: "The channel configuration (either number or arrangement) is not supported." }
ADTS Frame buffer_fullness=255 blocks=1 buf=459
filling data 459
DecoderError { code: 8199, message: "The channel configuration (either number or arrangement) is not supported." }
ADTS Frame buffer_fullness=255 blocks=1 buf=496
filling data 496
DecoderError { code: 8199, message: "The channel configuration (either number or arrangement) is not supported." }
ADTS Frame buffer_fullness=255 blocks=1 buf=480
filling data 480
DecoderError { code: 8199, message: "The channel configuration (either number or arrangement) is not supported." }
ADTS Frame buffer_fullness=255 blocks=1 buf=552
filling data 552
DecoderError { code: 8199, message: "The channel configuration (either number or arrangement) is not supported." }
ADTS Frame buffer_fullness=255 blocks=1 buf=654
filling data 654
DecoderError { code: 8199, message: "The channel configuration (either number or arrangement) is not supported." }
ADTS Frame buffer_fullness=255 blocks=1 buf=517
filling data 517
DecoderError { code: 8199, message: "The channel configuration (either number or arrangement) is not supported." }
ADTS Frame buffer_fullness=255 blocks=1 buf=514
filling data 514
DecoderError { code: 8199, message: "The channel configuration (either number or arrangement) is not supported." }
ADTS Frame buffer_fullness=255 blocks=1 buf=529
filling data 529
DecoderError { code: 8199, message: "The channel configuration (either number or arrangement) is not supported." }
ADTS Frame buffer_fullness=255 blocks=1 buf=472
filling data 472
DecoderError { code: 8199, message: "The channel configuration (either number or arrangement) is not supported." }
ADTS Frame buffer_fullness=255 blocks=1 buf=492
filling data 492
DecoderError { code: 8199, message: "The channel configuration (either number or arrangement) is not supported." }
ADTS Frame buffer_fullness=255 blocks=1 buf=512
filling data 512
DecoderError { code: 8199, message: "The channel configuration (either number or arrangement) is not supported." }
ADTS Frame buffer_fullness=255 blocks=1 buf=504
filling data 504
DecoderError { code: 8199, message: "The channel configuration (either number or arrangement) is not supported." }
ADTS Frame buffer_fullness=255 blocks=1 buf=463
filling data 463
DecoderError { code: 8199, message: "The channel configuration (either number or arrangement) is not supported." }
ADTS Frame buffer_fullness=255 blocks=1 buf=472
filling data 472
DecoderError { code: 8199, message: "The channel configuration (either number or arrangement) is not supported." }
ADTS Frame buffer_fullness=255 blocks=1 buf=526
filling data 526
DecoderError { code: 8199, message: "The channel configuration (either number or arrangement) is not supported." }
ADTS Frame buffer_fullness=255 blocks=1 buf=485
filling data 485
DecoderError { code: 8199, message: "The channel configuration (either number or arrangement) is not supported." }
ADTS Frame buffer_fullness=255 blocks=1 buf=476
filling data 476
DecoderError { code: 8199, message: "The channel configuration (either number or arrangement) is not supported." }
ADTS Frame buffer_fullness=255 blocks=1 buf=511
filling data 511
DecoderError { code: 8199, message: "The channel configuration (either number or arrangement) is not supported." }
ADTS Frame buffer_fullness=255 blocks=1 buf=636
filling data 636
DecoderError { code: 8199, message: "The channel configuration (either number or arrangement) is not supported." }
ADTS Frame buffer_fullness=255 blocks=1 buf=524
filling data 524
DecoderError { code: 8199, message: "The channel configuration (either number or arrangement) is not supported." }
ADTS Frame buffer_fullness=255 blocks=1 buf=491
filling data 491
DecoderError { code: 8199, message: "The channel configuration (either number or arrangement) is not supported." }
ADTS Frame buffer_fullness=255 blocks=1 buf=556
filling data 556
DecoderError { code: 8199, message: "The channel configuration (either number or arrangement) is not supported." }
ADTS Frame buffer_fullness=255 blocks=1 buf=496
filling data 496
DecoderError { code: 8199, message: "The channel configuration (either number or arrangement) is not supported." }
ADTS Frame buffer_fullness=255 blocks=1 buf=524
filling data 524
DecoderError { code: 8199, message: "The channel configuration (either number or arrangement) is not supported." }
ADTS Frame buffer_fullness=255 blocks=1 buf=513
filling data 513
DecoderError { code: 8199, message: "The channel configuration (either number or arrangement) is not supported." }
ADTS Frame buffer_fullness=255 blocks=1 buf=511
filling data 511
DecoderError { code: 8199, message: "The channel configuration (either number or arrangement) is not supported." }
ADTS Frame buffer_fullness=255 blocks=1 buf=490
filling data 490
DecoderError { code: 8199, message: "The channel configuration (either number or arrangement) is not supported." }
ADTS Frame buffer_fullness=255 blocks=1 buf=475
filling data 475
DecoderError { code: 8199, message: "The channel configuration (either number or arrangement) is not supported." }
ADTS Frame buffer_fullness=255 blocks=1 buf=498
filling data 498
DecoderError { code: 8199, message: "The channel configuration (either number or arrangement) is not supported." }
ADTS Frame buffer_fullness=255 blocks=1 buf=493
filling data 493
DecoderError { code: 8199, message: "The channel configuration (either number or arrangement) is not supported." }
ADTS Frame buffer_fullness=255 blocks=1 buf=479
filling data 479
DecoderError { code: 8199, message: "The channel configuration (either number or arrangement) is not supported." }
ADTS Frame buffer_fullness=255 blocks=1 buf=491
filling data 491
DecoderError { code: 8199, message: "The channel configuration (either number or arrangement) is not supported." }
ADTS Frame buffer_fullness=255 blocks=1 buf=527
filling data 527
DecoderError { code: 8199, message: "The channel configuration (either number or arrangement) is not supported." }
ADTS Frame buffer_fullness=255 blocks=1 buf=491
filling data 491
DecoderError { code: 8199, message: "The channel configuration (either number or arrangement) is not supported." }
ADTS Frame buffer_fullness=255 blocks=1 buf=506
filling data 506
DecoderError { code: 8199, message: "The channel configuration (either number or arrangement) is not supported." }
ADTS Frame buffer_fullness=255 blocks=1 buf=576
filling data 576
DecoderError { code: 8199, message: "The channel configuration (either number or arrangement) is not supported." }
ADTS Frame buffer_fullness=255 blocks=1 buf=556
filling data 556
DecoderError { code: 8199, message: "The channel configuration (either number or arrangement) is not supported." }
ADTS Frame buffer_fullness=255 blocks=1 buf=540
filling data 540
DecoderError { code: 8199, message: "The channel configuration (either number or arrangement) is not supported." }
ADTS Frame buffer_fullness=255 blocks=1 buf=566
filling data 566
DecoderError { code: 8199, message: "The channel configuration (either number or arrangement) is not supported." }
ADTS Frame buffer_fullness=255 blocks=1 buf=534
filling data 534
DecoderError { code: 8199, message: "The channel configuration (either number or arrangement) is not supported." }
ADTS Frame buffer_fullness=255 blocks=1 buf=522
filling data 522
DecoderError { code: 8199, message: "The channel configuration (either number or arrangement) is not supported." }
ADTS Frame buffer_fullness=255 blocks=1 buf=515
filling data 515
DecoderError { code: 8199, message: "The channel configuration (either number or arrangement) is not supported." }
ADTS Frame buffer_fullness=255 blocks=1 buf=486
filling data 486
DecoderError { code: 8199, message: "The channel configuration (either number or arrangement) is not supported." }
ADTS Frame buffer_fullness=255 blocks=1 buf=478
filling data 478
DecoderError { code: 8199, message: "The channel configuration (either number or arrangement) is not supported." }
ADTS Frame buffer_fullness=255 blocks=1 buf=513
filling data 513
DecoderError { code: 8199, message: "The channel configuration (either number or arrangement) is not supported." }
ADTS Frame buffer_fullness=255 blocks=1 buf=496
filling data 496
DecoderError { code: 8199, message: "The channel configuration (either number or arrangement) is not supported." }
ADTS Frame buffer_fullness=255 blocks=1 buf=502
filling data 502
DecoderError { code: 8199, message: "The channel configuration (either number or arrangement) is not supported." }
ADTS Frame buffer_fullness=255 blocks=1 buf=487
filling data 487
DecoderError { code: 8199, message: "The channel configuration (either number or arrangement) is not supported." }
ADTS Frame buffer_fullness=255 blocks=1 buf=476
filling data 476
DecoderError { code: 8199, message: "The channel configuration (either number or arrangement) is not supported." }
ADTS Frame buffer_fullness=255 blocks=1 buf=500
filling data 500
DecoderError { code: 8199, message: "The channel configuration (either number or arrangement) is not supported." }
ADTS Frame buffer_fullness=255 blocks=1 buf=485
filling data 485
DecoderError { code: 8199, message: "The channel configuration (either number or arrangement) is not supported." }
ADTS Frame buffer_fullness=255 blocks=1 buf=478
filling data 478
DecoderError { code: 8199, message: "The channel configuration (either number or arrangement) is not supported." }
ADTS Frame buffer_fullness=255 blocks=1 buf=467
filling data 467
DecoderError { code: 8199, message: "The channel configuration (either number or arrangement) is not supported." }
ADTS Frame buffer_fullness=255 blocks=1 buf=465
filling data 465
DecoderError { code: 8199, message: "The channel configuration (either number or arrangement) is not supported." }
ADTS Frame buffer_fullness=255 blocks=1 buf=477
filling data 477
DecoderError { code: 8199, message: "The channel configuration (either number or arrangement) is not supported." }
ADTS Frame buffer_fullness=255 blocks=1 buf=476
filling data 476
DecoderError { code: 8199, message: "The channel configuration (either number or arrangement) is not supported." }
ADTS Frame buffer_fullness=255 blocks=1 buf=487
filling data 487
DecoderError { code: 8199, message: "The channel configuration (either number or arrangement) is not supported." }
ADTS Frame buffer_fullness=255 blocks=1 buf=525
filling data 525
DecoderError { code: 8199, message: "The channel configuration (either number or arrangement) is not supported." }
ADTS Frame buffer_fullness=255 blocks=1 buf=486
filling data 486
DecoderError { code: 8199, message: "The channel configuration (either number or arrangement) is not supported." }
ADTS Frame buffer_fullness=255 blocks=1 buf=464
filling data 464
DecoderError { code: 8199, message: "The channel configuration (either number or arrangement) is not supported." }
ADTS Frame buffer_fullness=255 blocks=1 buf=487
filling data 487
DecoderError { code: 8199, message: "The channel configuration (either number or arrangement) is not supported." }
ADTS Frame buffer_fullness=255 blocks=1 buf=474
filling data 474
DecoderError { code: 8199, message: "The channel configuration (either number or arrangement) is not supported." }
ADTS Frame buffer_fullness=255 blocks=1 buf=445
filling data 445
DecoderError { code: 8199, message: "The channel configuration (either number or arrangement) is not supported." }
ADTS Frame buffer_fullness=255 blocks=1 buf=497
filling data 497
DecoderError { code: 8199, message: "The channel configuration (either number or arrangement) is not supported." }
ADTS Frame buffer_fullness=255 blocks=1 buf=523
filling data 523
DecoderError { code: 8199, message: "The channel configuration (either number or arrangement) is not supported." }
ADTS Frame buffer_fullness=255 blocks=1 buf=498
filling data 498
DecoderError { code: 8199, message: "The channel configuration (either number or arrangement) is not supported." }
ADTS Frame buffer_fullness=255 blocks=1 buf=529
filling data 529
DecoderError { code: 8199, message: "The channel configuration (either number or arrangement) is not supported." }
ADTS Frame buffer_fullness=255 blocks=1 buf=527
filling data 527
DecoderError { code: 8199, message: "The channel configuration (either number or arrangement) is not supported." }
ADTS Frame buffer_fullness=255 blocks=1 buf=501
filling data 501
DecoderError { code: 8199, message: "The channel configuration (either number or arrangement) is not supported." }
ADTS Frame buffer_fullness=255 blocks=1 buf=468
filling data 468
DecoderError { code: 8199, message: "The channel configuration (either number or arrangement) is not supported." }
ADTS Frame buffer_fullness=255 blocks=1 buf=511
filling data 511
DecoderError { code: 8199, message: "The channel configuration (either number or arrangement) is not supported." }
ADTS Frame buffer_fullness=255 blocks=1 buf=483
filling data 483
DecoderError { code: 8199, message: "The channel configuration (either number or arrangement) is not supported." }
ADTS Frame buffer_fullness=255 blocks=1 buf=511
filling data 511
DecoderError { code: 8199, message: "The channel configuration (either number or arrangement) is not supported." }
ADTS Frame buffer_fullness=255 blocks=1 buf=464
filling data 464
DecoderError { code: 8199, message: "The channel configuration (either number or arrangement) is not supported." }
ADTS Frame buffer_fullness=255 blocks=1 buf=481
filling data 481
DecoderError { code: 8199, message: "The channel configuration (either number or arrangement) is not supported." }
ADTS Frame buffer_fullness=255 blocks=1 buf=559
filling data 559
DecoderError { code: 8199, message: "The channel configuration (either number or arrangement) is not supported." }
ADTS Frame buffer_fullness=255 blocks=1 buf=524
filling data 524
DecoderError { code: 8199, message: "The channel configuration (either number or arrangement) is not supported." }
ADTS Frame buffer_fullness=255 blocks=1 buf=516
filling data 516
DecoderError { code: 8199, message: "The channel configuration (either number or arrangement) is not supported." }
ADTS Frame buffer_fullness=255 blocks=1 buf=537
filling data 537
DecoderError { code: 8199, message: "The channel configuration (either number or arrangement) is not supported." }
ADTS Frame buffer_fullness=255 blocks=1 buf=520
filling data 520
DecoderError { code: 8199, message: "The channel configuration (either number or arrangement) is not supported." }
ADTS Frame buffer_fullness=255 blocks=1 buf=533
filling data 533
DecoderError { code: 8199, message: "The channel configuration (either number or arrangement) is not supported." }
ADTS Frame buffer_fullness=255 blocks=1 buf=486
filling data 486
DecoderError { code: 8199, message: "The channel configuration (either number or arrangement) is not supported." }
ADTS Frame buffer_fullness=255 blocks=1 buf=476
filling data 476
DecoderError { code: 8199, message: "The channel configuration (either number or arrangement) is not supported." }
ADTS Frame buffer_fullness=255 blocks=1 buf=475
filling data 475
DecoderError { code: 8199, message: "The channel configuration (either number or arrangement) is not supported." }
ADTS Frame buffer_fullness=255 blocks=1 buf=483
filling data 483
DecoderError { code: 8199, message: "The channel configuration (either number or arrangement) is not supported." }
ADTS Frame buffer_fullness=255 blocks=1 buf=523
filling data 523
DecoderError { code: 8199, message: "The channel configuration (either number or arrangement) is not supported." }
ADTS Frame buffer_fullness=255 blocks=1 buf=481
filling data 481
DecoderError { code: 8199, message: "The channel configuration (either number or arrangement) is not supported." }
ADTS Frame buffer_fullness=255 blocks=1 buf=507
filling data 507
DecoderError { code: 8199, message: "The channel configuration (either number or arrangement) is not supported." }
ADTS Frame buffer_fullness=255 blocks=1 buf=470
filling data 470
DecoderError { code: 8199, message: "The channel configuration (either number or arrangement) is not supported." }
ADTS Frame buffer_fullness=255 blocks=1 buf=459
filling data 459
DecoderError { code: 8199, message: "The channel configuration (either number or arrangement) is not supported." }
ADTS Frame buffer_fullness=255 blocks=1 buf=519
filling data 519
DecoderError { code: 8199, message: "The channel configuration (either number or arrangement) is not supported." }
ADTS Frame buffer_fullness=255 blocks=1 buf=517
filling data 517
DecoderError { code: 8199, message: "The channel configuration (either number or arrangement) is not supported." }
ADTS Frame buffer_fullness=255 blocks=1 buf=478
filling data 478
DecoderError { code: 8199, message: "The channel configuration (either number or arrangement) is not supported." }
ADTS Frame buffer_fullness=255 blocks=1 buf=484
filling data 484
DecoderError { code: 8199, message: "The channel configuration (either number or arrangement) is not supported." }
ADTS Frame buffer_fullness=255 blocks=1 buf=476
filling data 476
DecoderError { code: 8199, message: "The channel configuration (either number or arrangement) is not supported." }
ADTS Frame buffer_fullness=255 blocks=1 buf=502
filling data 502
DecoderError { code: 8199, message: "The channel configuration (either number or arrangement) is not supported." }
ADTS Frame buffer_fullness=255 blocks=1 buf=487
filling data 487
DecoderError { code: 8199, message: "The channel configuration (either number or arrangement) is not supported." }
ADTS Frame buffer_fullness=255 blocks=1 buf=482
filling data 482
DecoderError { code: 8199, message: "The channel configuration (either number or arrangement) is not supported." }
ADTS Frame buffer_fullness=255 blocks=1 buf=491
filling data 491
DecoderError { code: 8199, message: "The channel configuration (either number or arrangement) is not supported." }
ADTS Frame buffer_fullness=255 blocks=1 buf=526
filling data 526
DecoderError { code: 8199, message: "The channel configuration (either number or arrangement) is not supported." }
ADTS Frame buffer_fullness=255 blocks=1 buf=493
filling data 493
DecoderError { code: 8199, message: "The channel configuration (either number or arrangement) is not supported." }
ADTS Frame buffer_fullness=255 blocks=1 buf=467
filling data 467
DecoderError { code: 8199, message: "The channel configuration (either number or arrangement) is not supported." }
ADTS Frame buffer_fullness=255 blocks=1 buf=520
filling data 520
DecoderError { code: 8199, message: "The channel configuration (either number or arrangement) is not supported." }
ADTS Frame buffer_fullness=255 blocks=1 buf=543
filling data 543
DecoderError { code: 8199, message: "The channel configuration (either number or arrangement) is not supported." }
ADTS Frame buffer_fullness=255 blocks=1 buf=503
filling data 503
DecoderError { code: 8199, message: "The channel configuration (either number or arrangement) is not supported." }
ADTS Frame buffer_fullness=255 blocks=1 buf=523
filling data 523
DecoderError { code: 8199, message: "The channel configuration (either number or arrangement) is not supported." }
ADTS Frame buffer_fullness=255 blocks=1 buf=535
filling data 535
DecoderError { code: 8199, message: "The channel configuration (either number or arrangement) is not supported." }
ADTS Frame buffer_fullness=255 blocks=1 buf=502
filling data 502
DecoderError { code: 8199, message: "The channel configuration (either number or arrangement) is not supported." }
ADTS Frame buffer_fullness=255 blocks=1 buf=481
filling data 481
DecoderError { code: 8199, message: "The channel configuration (either number or arrangement) is not supported." }
ADTS Frame buffer_fullness=255 blocks=1 buf=477
filling data 477
DecoderError { code: 8199, message: "The channel configuration (either number or arrangement) is not supported." }
ADTS Frame buffer_fullness=255 blocks=1 buf=435
filling data 435
DecoderError { code: 8199, message: "The channel configuration (either number or arrangement) is not supported." }
ADTS Frame buffer_fullness=255 blocks=1 buf=494
filling data 494
DecoderError { code: 8199, message: "The channel configuration (either number or arrangement) is not supported." }
ADTS Frame buffer_fullness=255 blocks=1 buf=469
filling data 469
DecoderError { code: 8199, message: "The channel configuration (either number or arrangement) is not supported." }
ADTS Frame buffer_fullness=255 blocks=1 buf=458
filling data 458
DecoderError { code: 8199, message: "The channel configuration (either number or arrangement) is not supported." }
ADTS Frame buffer_fullness=255 blocks=1 buf=449
filling data 449
DecoderError { code: 8199, message: "The channel configuration (either number or arrangement) is not supported." }
ADTS Frame buffer_fullness=255 blocks=1 buf=439
filling data 439
DecoderError { code: 8199, message: "The channel configuration (either number or arrangement) is not supported." }
ADTS Frame buffer_fullness=255 blocks=1 buf=415
filling data 415
DecoderError { code: 8199, message: "The channel configuration (either number or arrangement) is not supported." }
ADTS Frame buffer_fullness=255 blocks=1 buf=445
filling data 445
DecoderError { code: 8199, message: "The channel configuration (either number or arrangement) is not supported." }
ADTS Frame buffer_fullness=255 blocks=1 buf=450
filling data 450
DecoderError { code: 8199, message: "The channel configuration (either number or arrangement) is not supported." }
ADTS Frame buffer_fullness=255 blocks=1 buf=495
filling data 495
DecoderError { code: 8199, message: "The channel configuration (either number or arrangement) is not supported." }
ADTS Frame buffer_fullness=255 blocks=1 buf=458
filling data 458
DecoderError { code: 8199, message: "The channel configuration (either number or arrangement) is not supported." }
ADTS Frame buffer_fullness=255 blocks=1 buf=497
filling data 497
DecoderError { code: 8199, message: "The channel configuration (either number or arrangement) is not supported." }
ADTS Frame buffer_fullness=255 blocks=1 buf=485
filling data 485
DecoderError { code: 8199, message: "The channel configuration (either number or arrangement) is not supported." }
ADTS Frame buffer_fullness=255 blocks=1 buf=480
filling data 480
DecoderError { code: 8199, message: "The channel configuration (either number or arrangement) is not supported." }
ADTS Frame buffer_fullness=255 blocks=1 buf=471
filling data 471
DecoderError { code: 8199, message: "The channel configuration (either number or arrangement) is not supported." }
ADTS Frame buffer_fullness=255 blocks=1 buf=459
filling data 459
DecoderError { code: 8199, message: "The channel configuration (either number or arrangement) is not supported." }
ADTS Frame buffer_fullness=255 blocks=1 buf=450
filling data 450
DecoderError { code: 8199, message: "The channel configuration (either number or arrangement) is not supported." }
ADTS Frame buffer_fullness=255 blocks=1 buf=477
filling data 477
DecoderError { code: 8199, message: "The channel configuration (either number or arrangement) is not supported." }
ADTS Frame buffer_fullness=255 blocks=1 buf=488
filling data 488
DecoderError { code: 8199, message: "The channel configuration (either number or arrangement) is not supported." }
ADTS Frame buffer_fullness=255 blocks=1 buf=434
filling data 434
DecoderError { code: 8199, message: "The channel configuration (either number or arrangement) is not supported." }
ADTS Frame buffer_fullness=255 blocks=1 buf=434
filling data 434
DecoderError { code: 8199, message: "The channel configuration (either number or arrangement) is not supported." }
ADTS Frame buffer_fullness=255 blocks=1 buf=444
filling data 444
DecoderError { code: 8199, message: "The channel configuration (either number or arrangement) is not supported." }
ADTS Frame buffer_fullness=255 blocks=1 buf=448
filling data 448
DecoderError { code: 8199, message: "The channel configuration (either number or arrangement) is not supported." }
ADTS Frame buffer_fullness=255 blocks=1 buf=454
filling data 454
DecoderError { code: 8199, message: "The channel configuration (either number or arrangement) is not supported." }
ADTS Frame buffer_fullness=255 blocks=1 buf=472
filling data 472
DecoderError { code: 8199, message: "The channel configuration (either number or arrangement) is not supported." }
ADTS Frame buffer_fullness=255 blocks=1 buf=504
filling data 504
DecoderError { code: 8199, message: "The channel configuration (either number or arrangement) is not supported." }
ADTS Frame buffer_fullness=255 blocks=1 buf=541
filling data 541
DecoderError { code: 8199, message: "The channel configuration (either number or arrangement) is not supported." }
ADTS Frame buffer_fullness=255 blocks=1 buf=536
filling data 536
DecoderError { code: 8199, message: "The channel configuration (either number or arrangement) is not supported." }
ADTS Frame buffer_fullness=255 blocks=1 buf=520
filling data 520
DecoderError { code: 8199, message: "The channel configuration (either number or arrangement) is not supported." }
ADTS Frame buffer_fullness=255 blocks=1 buf=463
filling data 463
DecoderError { code: 8199, message: "The channel configuration (either number or arrangement) is not supported." }
ADTS Frame buffer_fullness=255 blocks=1 buf=480
filling data 480
DecoderError { code: 8199, message: "The channel configuration (either number or arrangement) is not supported." }
ADTS Frame buffer_fullness=255 blocks=1 buf=517
filling data 517
DecoderError { code: 8199, message: "The channel configuration (either number or arrangement) is not supported." }
ADTS Frame buffer_fullness=255 blocks=1 buf=517
filling data 517
DecoderError { code: 8199, message: "The channel configuration (either number or arrangement) is not supported." }
ADTS Frame buffer_fullness=255 blocks=1 buf=582
filling data 582
DecoderError { code: 8199, message: "The channel configuration (either number or arrangement) is not supported." }
ADTS Frame buffer_fullness=255 blocks=1 buf=562
filling data 562
DecoderError { code: 8199, message: "The channel configuration (either number or arrangement) is not supported." }
ADTS Frame buffer_fullness=255 blocks=1 buf=508
filling data 508
DecoderError { code: 8199, message: "The channel configuration (either number or arrangement) is not supported." }
ADTS Frame buffer_fullness=255 blocks=1 buf=475
filling data 475
DecoderError { code: 8199, message: "The channel configuration (either number or arrangement) is not supported." }
ADTS Frame buffer_fullness=255 blocks=1 buf=491
filling data 491
DecoderError { code: 8199, message: "The channel configuration (either number or arrangement) is not supported." }
ADTS Frame buffer_fullness=255 blocks=1 buf=527
filling data 527
DecoderError { code: 8199, message: "The channel configuration (either number or arrangement) is not supported." }
ADTS Frame buffer_fullness=255 blocks=1 buf=561
filling data 561
DecoderError { code: 8199, message: "The channel configuration (either number or arrangement) is not supported." }
ADTS Frame buffer_fullness=255 blocks=1 buf=544
filling data 544
DecoderError { code: 8199, message: "The channel configuration (either number or arrangement) is not supported." }
ADTS Frame buffer_fullness=255 blocks=1 buf=495
filling data 495
DecoderError { code: 8199, message: "The channel configuration (either number or arrangement) is not supported." }
ADTS Frame buffer_fullness=255 blocks=1 buf=464
filling data 464
DecoderError { code: 8199, message: "The channel configuration (either number or arrangement) is not supported." }
ADTS Frame buffer_fullness=255 blocks=1 buf=465
filling data 465
DecoderError { code: 8199, message: "The channel configuration (either number or arrangement) is not supported." }
ADTS Frame buffer_fullness=255 blocks=1 buf=495
filling data 495
DecoderError { code: 8199, message: "The channel configuration (either number or arrangement) is not supported." }
ADTS Frame buffer_fullness=255 blocks=1 buf=483
filling data 483
DecoderError { code: 8199, message: "The channel configuration (either number or arrangement) is not supported." }
ADTS Frame buffer_fullness=255 blocks=1 buf=482
filling data 482
DecoderError { code: 8199, message: "The channel configuration (either number or arrangement) is not supported." }
ADTS Frame buffer_fullness=255 blocks=1 buf=484
filling data 484
DecoderError { code: 8199, message: "The channel configuration (either number or arrangement) is not supported." }
ADTS Frame buffer_fullness=255 blocks=1 buf=476
filling data 476
DecoderError { code: 8199, message: "The channel configuration (either number or arrangement) is not supported." }
ADTS Frame buffer_fullness=255 blocks=1 buf=528
filling data 528
DecoderError { code: 8199, message: "The channel configuration (either number or arrangement) is not supported." }
ADTS Frame buffer_fullness=255 blocks=1 buf=530
filling data 530
DecoderError { code: 8199, message: "The channel configuration (either number or arrangement) is not supported." }
ADTS Frame buffer_fullness=255 blocks=1 buf=574
filling data 574
DecoderError { code: 8199, message: "The channel configuration (either number or arrangement) is not supported." }
ADTS Frame buffer_fullness=255 blocks=1 buf=570
filling data 570
DecoderError { code: 8199, message: "The channel configuration (either number or arrangement) is not supported." }
ADTS Frame buffer_fullness=255 blocks=1 buf=506
filling data 506
DecoderError { code: 8199, message: "The channel configuration (either number or arrangement) is not supported." }
ADTS Frame buffer_fullness=255 blocks=1 buf=502
filling data 502
DecoderError { code: 8199, message: "The channel configuration (either number or arrangement) is not supported." }
ADTS Frame buffer_fullness=255 blocks=1 buf=525
filling data 525
DecoderError { code: 8199, message: "The channel configuration (either number or arrangement) is not supported." }
ADTS Frame buffer_fullness=255 blocks=1 buf=564
filling data 564
DecoderError { code: 8199, message: "The channel configuration (either number or arrangement) is not supported." }
ADTS Frame buffer_fullness=255 blocks=1 buf=511
filling data 511
DecoderError { code: 8199, message: "The channel configuration (either number or arrangement) is not supported." }
ADTS Frame buffer_fullness=255 blocks=1 buf=545
filling data 545
DecoderError { code: 8199, message: "The channel configuration (either number or arrangement) is not supported." }
ADTS Frame buffer_fullness=255 blocks=1 buf=555
filling data 555
DecoderError { code: 8199, message: "The channel configuration (either number or arrangement) is not supported." }
ADTS Frame buffer_fullness=255 blocks=1 buf=537
filling data 537
DecoderError { code: 8199, message: "The channel configuration (either number or arrangement) is not supported." }
ADTS Frame buffer_fullness=255 blocks=1 buf=529
filling data 529
DecoderError { code: 8199, message: "The channel configuration (either number or arrangement) is not supported." }
ADTS Frame buffer_fullness=255 blocks=1 buf=506
filling data 506
DecoderError { code: 8199, message: "The channel configuration (either number or arrangement) is not supported." }
ADTS Frame buffer_fullness=255 blocks=1 buf=469
filling data 469
DecoderError { code: 8199, message: "The channel configuration (either number or arrangement) is not supported." }
ADTS Frame buffer_fullness=255 blocks=1 buf=505
filling data 505
DecoderError { code: 8199, message: "The channel configuration (either number or arrangement) is not supported." }
ADTS Frame buffer_fullness=255 blocks=1 buf=473
filling data 473
DecoderError { code: 8199, message: "The channel configuration (either number or arrangement) is not supported." }
ADTS Frame buffer_fullness=255 blocks=1 buf=504
filling data 504
DecoderError { code: 8199, message: "The channel configuration (either number or arrangement) is not supported." }
ADTS Frame buffer_fullness=255 blocks=1 buf=534
filling data 534
DecoderError { code: 8199, message: "The channel configuration (either number or arrangement) is not supported." }
ADTS Frame buffer_fullness=255 blocks=1 buf=516
filling data 516
DecoderError { code: 8199, message: "The channel configuration (either number or arrangement) is not supported." }
ADTS Frame buffer_fullness=255 blocks=1 buf=524
filling data 524
DecoderError { code: 8199, message: "The channel configuration (either number or arrangement) is not supported." }
ADTS Frame buffer_fullness=255 blocks=1 buf=531
filling data 531
DecoderError { code: 8199, message: "The channel configuration (either number or arrangement) is not supported." }
ADTS Frame buffer_fullness=255 blocks=1 buf=530
filling data 530
DecoderError { code: 8199, message: "The channel configuration (either number or arrangement) is not supported." }
ADTS Frame buffer_fullness=255 blocks=1 buf=549
filling data 549
DecoderError { code: 8199, message: "The channel configuration (either number or arrangement) is not supported." }
ADTS Frame buffer_fullness=255 blocks=1 buf=527
filling data 527
DecoderError { code: 8199, message: "The channel configuration (either number or arrangement) is not supported." }
ADTS Frame buffer_fullness=255 blocks=1 buf=501
filling data 501
DecoderError { code: 8199, message: "The channel configuration (either number or arrangement) is not supported." }
ADTS Frame buffer_fullness=255 blocks=1 buf=499
filling data 499
DecoderError { code: 8199, message: "The channel configuration (either number or arrangement) is not supported." }
ADTS Frame buffer_fullness=255 blocks=1 buf=516
filling data 516
DecoderError { code: 8199, message: "The channel configuration (either number or arrangement) is not supported." }
ADTS Frame buffer_fullness=255 blocks=1 buf=510
filling data 510
DecoderError { code: 8199, message: "The channel configuration (either number or arrangement) is not supported." }
ADTS Frame buffer_fullness=255 blocks=1 buf=527
filling data 527
DecoderError { code: 8199, message: "The channel configuration (either number or arrangement) is not supported." }
ADTS Frame buffer_fullness=255 blocks=1 buf=559
filling data 559
DecoderError { code: 8199, message: "The channel configuration (either number or arrangement) is not supported." }
ADTS Frame buffer_fullness=255 blocks=1 buf=589
filling data 589
DecoderError { code: 8199, message: "The channel configuration (either number or arrangement) is not supported." }
ADTS Frame buffer_fullness=255 blocks=1 buf=563
filling data 563
DecoderError { code: 8199, message: "The channel configuration (either number or arrangement) is not supported." }
ADTS Frame buffer_fullness=255 blocks=1 buf=596
filling data 596
DecoderError { code: 8199, message: "The channel configuration (either number or arrangement) is not supported." }
ADTS Frame buffer_fullness=255 blocks=1 buf=596
filling data 596
DecoderError { code: 8199, message: "The channel configuration (either number or arrangement) is not supported." }
ADTS Frame buffer_fullness=255 blocks=1 buf=552
filling data 552
DecoderError { code: 8199, message: "The channel configuration (either number or arrangement) is not supported." }
ADTS Frame buffer_fullness=255 blocks=1 buf=532
filling data 532
DecoderError { code: 8199, message: "The channel configuration (either number or arrangement) is not supported." }
ADTS Frame buffer_fullness=255 blocks=1 buf=529
filling data 529
DecoderError { code: 8199, message: "The channel configuration (either number or arrangement) is not supported." }
ADTS Frame buffer_fullness=255 blocks=1 buf=527
filling data 527
DecoderError { code: 8199, message: "The channel configuration (either number or arrangement) is not supported." }
ADTS Frame buffer_fullness=255 blocks=1 buf=514
filling data 514
DecoderError { code: 8199, message: "The channel configuration (either number or arrangement) is not supported." }
ADTS Frame buffer_fullness=255 blocks=1 buf=560
filling data 560
DecoderError { code: 8199, message: "The channel configuration (either number or arrangement) is not supported." }
ADTS Frame buffer_fullness=255 blocks=1 buf=508
filling data 508
DecoderError { code: 8199, message: "The channel configuration (either number or arrangement) is not supported." }
ADTS Frame buffer_fullness=255 blocks=1 buf=562
filling data 562
DecoderError { code: 8199, message: "The channel configuration (either number or arrangement) is not supported." }
ADTS Frame buffer_fullness=255 blocks=1 buf=530
filling data 530
DecoderError { code: 8199, message: "The channel configuration (either number or arrangement) is not supported." }
ADTS Frame buffer_fullness=255 blocks=1 buf=467
filling data 467
DecoderError { code: 8199, message: "The channel configuration (either number or arrangement) is not supported." }
ADTS Frame buffer_fullness=255 blocks=1 buf=453
filling data 453
DecoderError { code: 8199, message: "The channel configuration (either number or arrangement) is not supported." }
ADTS Frame buffer_fullness=255 blocks=1 buf=430
filling data 430
DecoderError { code: 8199, message: "The channel configuration (either number or arrangement) is not supported." }
ADTS Frame buffer_fullness=255 blocks=1 buf=462
filling data 462
DecoderError { code: 8199, message: "The channel configuration (either number or arrangement) is not supported." }
ADTS Frame buffer_fullness=255 blocks=1 buf=456
filling data 456
DecoderError { code: 8199, message: "The channel configuration (either number or arrangement) is not supported." }
ADTS Frame buffer_fullness=255 blocks=1 buf=466
filling data 466
DecoderError { code: 8199, message: "The channel configuration (either number or arrangement) is not supported." }
ADTS Frame buffer_fullness=255 blocks=1 buf=472
filling data 472
DecoderError { code: 8199, message: "The channel configuration (either number or arrangement) is not supported." }
ADTS Frame buffer_fullness=255 blocks=1 buf=481
filling data 481
DecoderError { code: 8199, message: "The channel configuration (either number or arrangement) is not supported." }
ADTS Frame buffer_fullness=255 blocks=1 buf=496
filling data 496
DecoderError { code: 8199, message: "The channel configuration (either number or arrangement) is not supported." }
ADTS Frame buffer_fullness=255 blocks=1 buf=496
filling data 496
DecoderError { code: 8199, message: "The channel configuration (either number or arrangement) is not supported." }
ADTS Frame buffer_fullness=255 blocks=1 buf=516
filling data 516
DecoderError { code: 8199, message: "The channel configuration (either number or arrangement) is not supported." }
ADTS Frame buffer_fullness=255 blocks=1 buf=485
filling data 485
DecoderError { code: 8199, message: "The channel configuration (either number or arrangement) is not supported." }
ADTS Frame buffer_fullness=255 blocks=1 buf=488
filling data 488
DecoderError { code: 8199, message: "The channel configuration (either number or arrangement) is not supported." }
ADTS Frame buffer_fullness=255 blocks=1 buf=474
filling data 474
DecoderError { code: 8199, message: "The channel configuration (either number or arrangement) is not supported." }
ADTS Frame buffer_fullness=255 blocks=1 buf=520
filling data 520
DecoderError { code: 8199, message: "The channel configuration (either number or arrangement) is not supported." }
ADTS Frame buffer_fullness=255 blocks=1 buf=486
filling data 486
DecoderError { code: 8199, message: "The channel configuration (either number or arrangement) is not supported." }
ADTS Frame buffer_fullness=255 blocks=1 buf=494
filling data 494
DecoderError { code: 8199, message: "The channel configuration (either number or arrangement) is not supported." }
ADTS Frame buffer_fullness=255 blocks=1 buf=432
filling data 432
DecoderError { code: 8199, message: "The channel configuration (either number or arrangement) is not supported." }
ADTS Frame buffer_fullness=255 blocks=1 buf=456
filling data 456
DecoderError { code: 8199, message: "The channel configuration (either number or arrangement) is not supported." }
ADTS Frame buffer_fullness=255 blocks=1 buf=415
filling data 415
DecoderError { code: 8199, message: "The channel configuration (either number or arrangement) is not supported." }
ADTS Frame buffer_fullness=255 blocks=1 buf=510
filling data 510
DecoderError { code: 8199, message: "The channel configuration (either number or arrangement) is not supported." }
ADTS Frame buffer_fullness=255 blocks=1 buf=508
filling data 508
DecoderError { code: 8199, message: "The channel configuration (either number or arrangement) is not supported." }
ADTS Frame buffer_fullness=255 blocks=1 buf=508
filling data 508
DecoderError { code: 8199, message: "The channel configuration (either number or arrangement) is not supported." }
ADTS Frame buffer_fullness=255 blocks=1 buf=497
filling data 497
DecoderError { code: 8199, message: "The channel configuration (either number or arrangement) is not supported." }
ADTS Frame buffer_fullness=255 blocks=1 buf=490
filling data 490
DecoderError { code: 8199, message: "The channel configuration (either number or arrangement) is not supported." }
ADTS Frame buffer_fullness=255 blocks=1 buf=501
filling data 501
DecoderError { code: 8199, message: "The channel configuration (either number or arrangement) is not supported." }
ADTS Frame buffer_fullness=255 blocks=1 buf=490
filling data 490
DecoderError { code: 8199, message: "The channel configuration (either number or arrangement) is not supported." }
ADTS Frame buffer_fullness=255 blocks=1 buf=545
filling data 545
DecoderError { code: 8199, message: "The channel configuration (either number or arrangement) is not supported." }
ADTS Frame buffer_fullness=255 blocks=1 buf=533
filling data 533
DecoderError { code: 8199, message: "The channel configuration (either number or arrangement) is not supported." }
ADTS Frame buffer_fullness=255 blocks=1 buf=536
filling data 536
DecoderError { code: 8199, message: "The channel configuration (either number or arrangement) is not supported." }
ADTS Frame buffer_fullness=255 blocks=1 buf=470
filling data 470
DecoderError { code: 8199, message: "The channel configuration (either number or arrangement) is not supported." }
ADTS Frame buffer_fullness=255 blocks=1 buf=486
filling data 486
DecoderError { code: 8199, message: "The channel configuration (either number or arrangement) is not supported." }
ADTS Frame buffer_fullness=255 blocks=1 buf=481
filling data 481
DecoderError { code: 8199, message: "The channel configuration (either number or arrangement) is not supported." }
ADTS Frame buffer_fullness=255 blocks=1 buf=477
filling data 477
DecoderError { code: 8199, message: "The channel configuration (either number or arrangement) is not supported." }
ADTS Frame buffer_fullness=255 blocks=1 buf=469
filling data 469
DecoderError { code: 8199, message: "The channel configuration (either number or arrangement) is not supported." }
ADTS Frame buffer_fullness=255 blocks=1 buf=486
filling data 486
DecoderError { code: 8199, message: "The channel configuration (either number or arrangement) is not supported." }
ADTS Frame buffer_fullness=255 blocks=1 buf=486
filling data 486
DecoderError { code: 8199, message: "The channel configuration (either number or arrangement) is not supported." }
ADTS Frame buffer_fullness=255 blocks=1 buf=467
filling data 467
DecoderError { code: 8199, message: "The channel configuration (either number or arrangement) is not supported." }
ADTS Frame buffer_fullness=255 blocks=1 buf=446
filling data 446
DecoderError { code: 8199, message: "The channel configuration (either number or arrangement) is not supported." }
ADTS Frame buffer_fullness=255 blocks=1 buf=447
filling data 447
DecoderError { code: 8199, message: "The channel configuration (either number or arrangement) is not supported." }
ADTS Frame buffer_fullness=255 blocks=1 buf=496
filling data 496
DecoderError { code: 8199, message: "The channel configuration (either number or arrangement) is not supported." }
ADTS Frame buffer_fullness=255 blocks=1 buf=500
filling data 500
DecoderError { code: 8199, message: "The channel configuration (either number or arrangement) is not supported." }
ADTS Frame buffer_fullness=255 blocks=1 buf=470
filling data 470
DecoderError { code: 8199, message: "The channel configuration (either number or arrangement) is not supported." }
ADTS Frame buffer_fullness=255 blocks=1 buf=511
filling data 511
DecoderError { code: 8199, message: "The channel configuration (either number or arrangement) is not supported." }
ADTS Frame buffer_fullness=255 blocks=1 buf=511
filling data 511
DecoderError { code: 8199, message: "The channel configuration (either number or arrangement) is not supported." }
ADTS Frame buffer_fullness=255 blocks=1 buf=502
filling data 502
DecoderError { code: 8199, message: "The channel configuration (either number or arrangement) is not supported." }
ADTS Frame buffer_fullness=255 blocks=1 buf=476
filling data 476
DecoderError { code: 8199, message: "The channel configuration (either number or arrangement) is not supported." }
ADTS Frame buffer_fullness=255 blocks=1 buf=482
filling data 482
DecoderError { code: 8199, message: "The channel configuration (either number or arrangement) is not supported." }
ADTS Frame buffer_fullness=255 blocks=1 buf=458
filling data 458
DecoderError { code: 8199, message: "The channel configuration (either number or arrangement) is not supported." }
ADTS Frame buffer_fullness=255 blocks=1 buf=515
filling data 515
DecoderError { code: 8199, message: "The channel configuration (either number or arrangement) is not supported." }
ADTS Frame buffer_fullness=255 blocks=1 buf=478
filling data 478
DecoderError { code: 8199, message: "The channel configuration (either number or arrangement) is not supported." }
ADTS Frame buffer_fullness=255 blocks=1 buf=473
filling data 473
DecoderError { code: 8199, message: "The channel configuration (either number or arrangement) is not supported." }
ADTS Frame buffer_fullness=255 blocks=1 buf=474
filling data 474
DecoderError { code: 8199, message: "The channel configuration (either number or arrangement) is not supported." }
ADTS Frame buffer_fullness=255 blocks=1 buf=494
filling data 494
DecoderError { code: 8199, message: "The channel configuration (either number or arrangement) is not supported." }
ADTS Frame buffer_fullness=255 blocks=1 buf=481
filling data 481
DecoderError { code: 8199, message: "The channel configuration (either number or arrangement) is not supported." }
ADTS Frame buffer_fullness=255 blocks=1 buf=440
filling data 440
DecoderError { code: 8199, message: "The channel configuration (either number or arrangement) is not supported." }
ADTS Frame buffer_fullness=255 blocks=1 buf=440
filling data 440
DecoderError { code: 8199, message: "The channel configuration (either number or arrangement) is not supported." }
ADTS Frame buffer_fullness=255 blocks=1 buf=436
filling data 436
DecoderError { code: 8199, message: "The channel configuration (either number or arrangement) is not supported." }
ADTS Frame buffer_fullness=255 blocks=1 buf=438
filling data 438
DecoderError { code: 8199, message: "The channel configuration (either number or arrangement) is not supported." }
ADTS Frame buffer_fullness=255 blocks=1 buf=463
filling data 463
DecoderError { code: 8199, message: "The channel configuration (either number or arrangement) is not supported." }
ADTS Frame buffer_fullness=255 blocks=1 buf=455
filling data 455
DecoderError { code: 8199, message: "The channel configuration (either number or arrangement) is not supported." }
ADTS Frame buffer_fullness=255 blocks=1 buf=497
filling data 497
DecoderError { code: 8199, message: "The channel configuration (either number or arrangement) is not supported." }
ADTS Frame buffer_fullness=255 blocks=1 buf=491
filling data 491
DecoderError { code: 8199, message: "The channel configuration (either number or arrangement) is not supported." }
ADTS Frame buffer_fullness=255 blocks=1 buf=525
filling data 525
DecoderError { code: 8199, message: "The channel configuration (either number or arrangement) is not supported." }
ADTS Frame buffer_fullness=255 blocks=1 buf=513
filling data 513
DecoderError { code: 8199, message: "The channel configuration (either number or arrangement) is not supported." }
ADTS Frame buffer_fullness=255 blocks=1 buf=485
filling data 485
DecoderError { code: 8199, message: "The channel configuration (either number or arrangement) is not supported." }
ADTS Frame buffer_fullness=255 blocks=1 buf=475
filling data 475
DecoderError { code: 8199, message: "The channel configuration (either number or arrangement) is not supported." }
ADTS Frame buffer_fullness=255 blocks=1 buf=446
filling data 446
DecoderError { code: 8199, message: "The channel configuration (either number or arrangement) is not supported." }
ADTS Frame buffer_fullness=255 blocks=1 buf=452
filling data 452
DecoderError { code: 8199, message: "The channel configuration (either number or arrangement) is not supported." }
ADTS Frame buffer_fullness=255 blocks=1 buf=466
filling data 466
DecoderError { code: 8199, message: "The channel configuration (either number or arrangement) is not supported." }
ADTS Frame buffer_fullness=255 blocks=1 buf=484
filling data 484
DecoderError { code: 8199, message: "The channel configuration (either number or arrangement) is not supported." }
ADTS Frame buffer_fullness=255 blocks=1 buf=473
filling data 473
DecoderError { code: 8199, message: "The channel configuration (either number or arrangement) is not supported." }
ADTS Frame buffer_fullness=255 blocks=1 buf=480
filling data 480
DecoderError { code: 8199, message: "The channel configuration (either number or arrangement) is not supported." }
ADTS Frame buffer_fullness=255 blocks=1 buf=493
filling data 493
DecoderError { code: 8199, message: "The channel configuration (either number or arrangement) is not supported." }
ADTS Frame buffer_fullness=255 blocks=1 buf=528
filling data 528
DecoderError { code: 8199, message: "The channel configuration (either number or arrangement) is not supported." }
ADTS Frame buffer_fullness=255 blocks=1 buf=497
filling data 497
DecoderError { code: 8199, message: "The channel configuration (either number or arrangement) is not supported." }
ADTS Frame buffer_fullness=255 blocks=1 buf=464
filling data 464
DecoderError { code: 8199, message: "The channel configuration (either number or arrangement) is not supported." }
ADTS Frame buffer_fullness=255 blocks=1 buf=472
filling data 472
DecoderError { code: 8199, message: "The channel configuration (either number or arrangement) is not supported." }
ADTS Frame buffer_fullness=255 blocks=1 buf=460
filling data 460
DecoderError { code: 8199, message: "The channel configuration (either number or arrangement) is not supported." }
ADTS Frame buffer_fullness=255 blocks=1 buf=409
filling data 409
DecoderError { code: 8199, message: "The channel configuration (either number or arrangement) is not supported." }
ADTS Frame buffer_fullness=255 blocks=1 buf=406
filling data 406
DecoderError { code: 8199, message: "The channel configuration (either number or arrangement) is not supported." }
ADTS Frame buffer_fullness=255 blocks=1 buf=406
filling data 406
DecoderError { code: 8199, message: "The channel configuration (either number or arrangement) is not supported." }
ADTS Frame buffer_fullness=255 blocks=1 buf=440
filling data 440
DecoderError { code: 8199, message: "The channel configuration (either number or arrangement) is not supported." }
ADTS Frame buffer_fullness=255 blocks=1 buf=513
filling data 513
DecoderError { code: 8199, message: "The channel configuration (either number or arrangement) is not supported." }
ADTS Frame buffer_fullness=255 blocks=1 buf=461
filling data 461
DecoderError { code: 8199, message: "The channel configuration (either number or arrangement) is not supported." }
ADTS Frame buffer_fullness=255 blocks=1 buf=477
filling data 477
DecoderError { code: 8199, message: "The channel configuration (either number or arrangement) is not supported." }
ADTS Frame buffer_fullness=255 blocks=1 buf=470
filling data 470
DecoderError { code: 8199, message: "The channel configuration (either number or arrangement) is not supported." }
ADTS Frame buffer_fullness=255 blocks=1 buf=437
filling data 437
DecoderError { code: 8199, message: "The channel configuration (either number or arrangement) is not supported." }
ADTS Frame buffer_fullness=255 blocks=1 buf=514
filling data 514
DecoderError { code: 8199, message: "The channel configuration (either number or arrangement) is not supported." }
ADTS Frame buffer_fullness=255 blocks=1 buf=460
filling data 460
DecoderError { code: 8199, message: "The channel configuration (either number or arrangement) is not supported." }
ADTS Frame buffer_fullness=255 blocks=1 buf=511
filling data 511
DecoderError { code: 8199, message: "The channel configuration (either number or arrangement) is not supported." }
ADTS Frame buffer_fullness=255 blocks=1 buf=490
filling data 490
DecoderError { code: 8199, message: "The channel configuration (either number or arrangement) is not supported." }
ADTS Frame buffer_fullness=255 blocks=1 buf=473
filling data 473
DecoderError { code: 8199, message: "The channel configuration (either number or arrangement) is not supported." }
ADTS Frame buffer_fullness=255 blocks=1 buf=534
filling data 534
DecoderError { code: 8199, message: "The channel configuration (either number or arrangement) is not supported." }
ADTS Frame buffer_fullness=255 blocks=1 buf=480
filling data 480
DecoderError { code: 8199, message: "The channel configuration (either number or arrangement) is not supported." }
ADTS Frame buffer_fullness=255 blocks=1 buf=508
filling data 508
DecoderError { code: 8199, message: "The channel configuration (either number or arrangement) is not supported." }
ADTS Frame buffer_fullness=255 blocks=1 buf=495
filling data 495
DecoderError { code: 8199, message: "The channel configuration (either number or arrangement) is not supported." }
ADTS Frame buffer_fullness=255 blocks=1 buf=462
filling data 462
DecoderError { code: 8199, message: "The channel configuration (either number or arrangement) is not supported." }
ADTS Frame buffer_fullness=255 blocks=1 buf=495
filling data 495
DecoderError { code: 8199, message: "The channel configuration (either number or arrangement) is not supported." }
ADTS Frame buffer_fullness=255 blocks=1 buf=474
filling data 474
DecoderError { code: 8199, message: "The channel configuration (either number or arrangement) is not supported." }
ADTS Frame buffer_fullness=255 blocks=1 buf=500
filling data 500
DecoderError { code: 8199, message: "The channel configuration (either number or arrangement) is not supported." }
ADTS Frame buffer_fullness=255 blocks=1 buf=501
filling data 501
DecoderError { code: 8199, message: "The channel configuration (either number or arrangement) is not supported." }
ADTS Frame buffer_fullness=255 blocks=1 buf=471
filling data 471
DecoderError { code: 8199, message: "The channel configuration (either number or arrangement) is not supported." }
ADTS Frame buffer_fullness=255 blocks=1 buf=470
filling data 470
DecoderError { code: 8199, message: "The channel configuration (either number or arrangement) is not supported." }
ADTS Frame buffer_fullness=255 blocks=1 buf=474
filling data 474
DecoderError { code: 8199, message: "The channel configuration (either number or arrangement) is not supported." }
ADTS Frame buffer_fullness=255 blocks=1 buf=504
filling data 504
DecoderError { code: 8199, message: "The channel configuration (either number or arrangement) is not supported." }
ADTS Frame buffer_fullness=255 blocks=1 buf=499
filling data 499
DecoderError { code: 8199, message: "The channel configuration (either number or arrangement) is not supported." }
ADTS Frame buffer_fullness=255 blocks=1 buf=439
filling data 439
DecoderError { code: 8199, message: "The channel configuration (either number or arrangement) is not supported." }
ADTS Frame buffer_fullness=255 blocks=1 buf=424
filling data 424
DecoderError { code: 8199, message: "The channel configuration (either number or arrangement) is not supported." }
ADTS Frame buffer_fullness=255 blocks=1 buf=438
filling data 438
DecoderError { code: 8199, message: "The channel configuration (either number or arrangement) is not supported." }
ADTS Frame buffer_fullness=255 blocks=1 buf=470
filling data 470
DecoderError { code: 8199, message: "The channel configuration (either number or arrangement) is not supported." }
ADTS Frame buffer_fullness=255 blocks=1 buf=463
filling data 463
DecoderError { code: 8199, message: "The channel configuration (either number or arrangement) is not supported." }
ADTS Frame buffer_fullness=255 blocks=1 buf=470
filling data 470
DecoderError { code: 8199, message: "The channel configuration (either number or arrangement) is not supported." }
ADTS Frame buffer_fullness=255 blocks=1 buf=504
filling data 504
DecoderError { code: 8199, message: "The channel configuration (either number or arrangement) is not supported." }
ADTS Frame buffer_fullness=255 blocks=1 buf=464
filling data 464
DecoderError { code: 8199, message: "The channel configuration (either number or arrangement) is not supported." }
ADTS Frame buffer_fullness=255 blocks=1 buf=434
filling data 434
DecoderError { code: 8199, message: "The channel configuration (either number or arrangement) is not supported." }
ADTS Frame buffer_fullness=255 blocks=1 buf=439
filling data 439
DecoderError { code: 8199, message: "The channel configuration (either number or arrangement) is not supported." }
ADTS Frame buffer_fullness=255 blocks=1 buf=449
filling data 449
DecoderError { code: 8199, message: "The channel configuration (either number or arrangement) is not supported." }
ADTS Frame buffer_fullness=255 blocks=1 buf=504
filling data 504
DecoderError { code: 8199, message: "The channel configuration (either number or arrangement) is not supported." }
ADTS Frame buffer_fullness=255 blocks=1 buf=535
filling data 535
DecoderError { code: 8199, message: "The channel configuration (either number or arrangement) is not supported." }
ADTS Frame buffer_fullness=255 blocks=1 buf=471
filling data 471
DecoderError { code: 8199, message: "The channel configuration (either number or arrangement) is not supported." }
ADTS Frame buffer_fullness=255 blocks=1 buf=461
filling data 461
DecoderError { code: 8199, message: "The channel configuration (either number or arrangement) is not supported." }
ADTS Frame buffer_fullness=255 blocks=1 buf=498
filling data 498
DecoderError { code: 8199, message: "The channel configuration (either number or arrangement) is not supported." }
ADTS Frame buffer_fullness=255 blocks=1 buf=496
filling data 496
DecoderError { code: 8199, message: "The channel configuration (either number or arrangement) is not supported." }
ADTS Frame buffer_fullness=255 blocks=1 buf=508
filling data 508
DecoderError { code: 8199, message: "The channel configuration (either number or arrangement) is not supported." }
ADTS Frame buffer_fullness=255 blocks=1 buf=492
filling data 492
DecoderError { code: 8199, message: "The channel configuration (either number or arrangement) is not supported." }
ADTS Frame buffer_fullness=255 blocks=1 buf=458
filling data 458
DecoderError { code: 8199, message: "The channel configuration (either number or arrangement) is not supported." }
ADTS Frame buffer_fullness=255 blocks=1 buf=461
filling data 461
DecoderError { code: 8199, message: "The channel configuration (either number or arrangement) is not supported." }
ADTS Frame buffer_fullness=255 blocks=1 buf=438
filling data 438
DecoderError { code: 8199, message: "The channel configuration (either number or arrangement) is not supported." }
ADTS Frame buffer_fullness=255 blocks=1 buf=422
filling data 422
DecoderError { code: 8199, message: "The channel configuration (either number or arrangement) is not supported." }
ADTS Frame buffer_fullness=255 blocks=1 buf=443
filling data 443
DecoderError { code: 8199, message: "The channel configuration (either number or arrangement) is not supported." }
ADTS Frame buffer_fullness=255 blocks=1 buf=437
filling data 437
DecoderError { code: 8199, message: "The channel configuration (either number or arrangement) is not supported." }
ADTS Frame buffer_fullness=255 blocks=1 buf=437
filling data 437
DecoderError { code: 8199, message: "The channel configuration (either number or arrangement) is not supported." }
ADTS Frame buffer_fullness=255 blocks=1 buf=430
filling data 430
DecoderError { code: 8199, message: "The channel configuration (either number or arrangement) is not supported." }
ADTS Frame buffer_fullness=255 blocks=1 buf=450
filling data 450
DecoderError { code: 8199, message: "The channel configuration (either number or arrangement) is not supported." }
ADTS Frame buffer_fullness=255 blocks=1 buf=422
filling data 422
DecoderError { code: 8199, message: "The channel configuration (either number or arrangement) is not supported." }
ADTS Frame buffer_fullness=255 blocks=1 buf=449
filling data 449
DecoderError { code: 8199, message: "The channel configuration (either number or arrangement) is not supported." }
ADTS Frame buffer_fullness=255 blocks=1 buf=470
filling data 470
DecoderError { code: 8199, message: "The channel configuration (either number or arrangement) is not supported." }
ADTS Frame buffer_fullness=255 blocks=1 buf=430
filling data 430
DecoderError { code: 8199, message: "The channel configuration (either number or arrangement) is not supported." }
ADTS Frame buffer_fullness=255 blocks=1 buf=516
filling data 516
DecoderError { code: 8199, message: "The channel configuration (either number or arrangement) is not supported." }
ADTS Frame buffer_fullness=255 blocks=1 buf=506
filling data 506
DecoderError { code: 8199, message: "The channel configuration (either number or arrangement) is not supported." }
ADTS Frame buffer_fullness=255 blocks=1 buf=483
filling data 483
DecoderError { code: 8199, message: "The channel configuration (either number or arrangement) is not supported." }
ADTS Frame buffer_fullness=255 blocks=1 buf=517
filling data 517
DecoderError { code: 8199, message: "The channel configuration (either number or arrangement) is not supported." }
ADTS Frame buffer_fullness=255 blocks=1 buf=533
filling data 533
DecoderError { code: 8199, message: "The channel configuration (either number or arrangement) is not supported." }
ADTS Frame buffer_fullness=255 blocks=1 buf=522
filling data 522
DecoderError { code: 8199, message: "The channel configuration (either number or arrangement) is not supported." }
ADTS Frame buffer_fullness=255 blocks=1 buf=464
filling data 464
DecoderError { code: 8199, message: "The channel configuration (either number or arrangement) is not supported." }
ADTS Frame buffer_fullness=255 blocks=1 buf=434
filling data 434
DecoderError { code: 8199, message: "The channel configuration (either number or arrangement) is not supported." }
ADTS Frame buffer_fullness=255 blocks=1 buf=473
filling data 473
DecoderError { code: 8199, message: "The channel configuration (either number or arrangement) is not supported." }
ADTS Frame buffer_fullness=255 blocks=1 buf=484
filling data 484
DecoderError { code: 8199, message: "The channel configuration (either number or arrangement) is not supported." }
ADTS Frame buffer_fullness=255 blocks=1 buf=517
filling data 517
DecoderError { code: 8199, message: "The channel configuration (either number or arrangement) is not supported." }
ADTS Frame buffer_fullness=255 blocks=1 buf=496
filling data 496
DecoderError { code: 8199, message: "The channel configuration (either number or arrangement) is not supported." }
ADTS Frame buffer_fullness=255 blocks=1 buf=478
filling data 478
DecoderError { code: 8199, message: "The channel configuration (either number or arrangement) is not supported." }
ADTS Frame buffer_fullness=255 blocks=1 buf=477
filling data 477
DecoderError { code: 8199, message: "The channel configuration (either number or arrangement) is not supported." }
ADTS Frame buffer_fullness=255 blocks=1 buf=469
filling data 469
DecoderError { code: 8199, message: "The channel configuration (either number or arrangement) is not supported." }
ADTS Frame buffer_fullness=255 blocks=1 buf=479
filling data 479
DecoderError { code: 8199, message: "The channel configuration (either number or arrangement) is not supported." }
ADTS Frame buffer_fullness=255 blocks=1 buf=511
filling data 511
DecoderError { code: 8199, message: "The channel configuration (either number or arrangement) is not supported." }
ADTS Frame buffer_fullness=255 blocks=1 buf=519
filling data 519
DecoderError { code: 8199, message: "The channel configuration (either number or arrangement) is not supported." }
ADTS Frame buffer_fullness=255 blocks=1 buf=493
filling data 493
DecoderError { code: 8199, message: "The channel configuration (either number or arrangement) is not supported." }
ADTS Frame buffer_fullness=255 blocks=1 buf=505
filling data 505
DecoderError { code: 8199, message: "The channel configuration (either number or arrangement) is not supported." }
ADTS Frame buffer_fullness=255 blocks=1 buf=457
filling data 457
DecoderError { code: 8199, message: "The channel configuration (either number or arrangement) is not supported." }
ADTS Frame buffer_fullness=255 blocks=1 buf=483
filling data 483
DecoderError { code: 8199, message: "The channel configuration (either number or arrangement) is not supported." }
ADTS Frame buffer_fullness=255 blocks=1 buf=491
filling data 491
DecoderError { code: 8199, message: "The channel configuration (either number or arrangement) is not supported." }
ADTS Frame buffer_fullness=255 blocks=1 buf=466
filling data 466
DecoderError { code: 8199, message: "The channel configuration (either number or arrangement) is not supported." }
ADTS Frame buffer_fullness=255 blocks=1 buf=507
filling data 507
DecoderError { code: 8199, message: "The channel configuration (either number or arrangement) is not supported." }
ADTS Frame buffer_fullness=255 blocks=1 buf=487
filling data 487
DecoderError { code: 8199, message: "The channel configuration (either number or arrangement) is not supported." }
ADTS Frame buffer_fullness=255 blocks=1 buf=452
filling data 452
DecoderError { code: 8199, message: "The channel configuration (either number or arrangement) is not supported." }
ADTS Frame buffer_fullness=255 blocks=1 buf=458
filling data 458
DecoderError { code: 8199, message: "The channel configuration (either number or arrangement) is not supported." }
ADTS Frame buffer_fullness=255 blocks=1 buf=475
filling data 475
DecoderError { code: 8199, message: "The channel configuration (either number or arrangement) is not supported." }
ADTS Frame buffer_fullness=255 blocks=1 buf=473
filling data 473
DecoderError { code: 8199, message: "The channel configuration (either number or arrangement) is not supported." }
ADTS Frame buffer_fullness=255 blocks=1 buf=461
filling data 461
DecoderError { code: 8199, message: "The channel configuration (either number or arrangement) is not supported." }
ADTS Frame buffer_fullness=255 blocks=1 buf=441
filling data 441
DecoderError { code: 8199, message: "The channel configuration (either number or arrangement) is not supported." }
ADTS Frame buffer_fullness=255 blocks=1 buf=482
filling data 482
DecoderError { code: 8199, message: "The channel configuration (either number or arrangement) is not supported." }
ADTS Frame buffer_fullness=255 blocks=1 buf=513
filling data 513
DecoderError { code: 8199, message: "The channel configuration (either number or arrangement) is not supported." }
ADTS Frame buffer_fullness=255 blocks=1 buf=480
filling data 480
DecoderError { code: 8199, message: "The channel configuration (either number or arrangement) is not supported." }
ADTS Frame buffer_fullness=255 blocks=1 buf=512
filling data 512
DecoderError { code: 8199, message: "The channel configuration (either number or arrangement) is not supported." }
ADTS Frame buffer_fullness=255 blocks=1 buf=542
filling data 542
DecoderError { code: 8199, message: "The channel configuration (either number or arrangement) is not supported." }
ADTS Frame buffer_fullness=255 blocks=1 buf=525
filling data 525
DecoderError { code: 8199, message: "The channel configuration (either number or arrangement) is not supported." }
ADTS Frame buffer_fullness=255 blocks=1 buf=438
filling data 438
DecoderError { code: 8199, message: "The channel configuration (either number or arrangement) is not supported." }
ADTS Frame buffer_fullness=255 blocks=1 buf=445
filling data 445
DecoderError { code: 8199, message: "The channel configuration (either number or arrangement) is not supported." }
ADTS Frame buffer_fullness=255 blocks=1 buf=467
filling data 467
DecoderError { code: 8199, message: "The channel configuration (either number or arrangement) is not supported." }
ADTS Frame buffer_fullness=255 blocks=1 buf=483
filling data 483
DecoderError { code: 8199, message: "The channel configuration (either number or arrangement) is not supported." }
ADTS Frame buffer_fullness=255 blocks=1 buf=458
filling data 458
DecoderError { code: 8199, message: "The channel configuration (either number or arrangement) is not supported." }
ADTS Frame buffer_fullness=255 blocks=1 buf=458
filling data 458
DecoderError { code: 8199, message: "The channel configuration (either number or arrangement) is not supported." }
ADTS Frame buffer_fullness=255 blocks=1 buf=492
filling data 492
DecoderError { code: 8199, message: "The channel configuration (either number or arrangement) is not supported." }
ADTS Frame buffer_fullness=255 blocks=1 buf=486
filling data 486
DecoderError { code: 8199, message: "The channel configuration (either number or arrangement) is not supported." }
ADTS Frame buffer_fullness=255 blocks=1 buf=504
filling data 504
DecoderError { code: 8199, message: "The channel configuration (either number or arrangement) is not supported." }
ADTS Frame buffer_fullness=255 blocks=1 buf=467
filling data 467
DecoderError { code: 8199, message: "The channel configuration (either number or arrangement) is not supported." }
ADTS Frame buffer_fullness=255 blocks=1 buf=457
filling data 457
DecoderError { code: 8199, message: "The channel configuration (either number or arrangement) is not supported." }
ADTS Frame buffer_fullness=255 blocks=1 buf=458
filling data 458
DecoderError { code: 8199, message: "The channel configuration (either number or arrangement) is not supported." }
ADTS Frame buffer_fullness=255 blocks=1 buf=482
filling data 482
DecoderError { code: 8199, message: "The channel configuration (either number or arrangement) is not supported." }
ADTS Frame buffer_fullness=255 blocks=1 buf=464
filling data 464
DecoderError { code: 8199, message: "The channel configuration (either number or arrangement) is not supported." }
ADTS Frame buffer_fullness=255 blocks=1 buf=472
filling data 472
DecoderError { code: 8199, message: "The channel configuration (either number or arrangement) is not supported." }
ADTS Frame buffer_fullness=255 blocks=1 buf=455
filling data 455
DecoderError { code: 8199, message: "The channel configuration (either number or arrangement) is not supported." }
ADTS Frame buffer_fullness=255 blocks=1 buf=441
filling data 441
DecoderError { code: 8199, message: "The channel configuration (either number or arrangement) is not supported." }
ADTS Frame buffer_fullness=255 blocks=1 buf=476
filling data 476
DecoderError { code: 8199, message: "The channel configuration (either number or arrangement) is not supported." }
ADTS Frame buffer_fullness=255 blocks=1 buf=501
filling data 501
DecoderError { code: 8199, message: "The channel configuration (either number or arrangement) is not supported." }
ADTS Frame buffer_fullness=255 blocks=1 buf=458
filling data 458
DecoderError { code: 8199, message: "The channel configuration (either number or arrangement) is not supported." }
ADTS Frame buffer_fullness=255 blocks=1 buf=425
filling data 425
DecoderError { code: 8199, message: "The channel configuration (either number or arrangement) is not supported." }
ADTS Frame buffer_fullness=255 blocks=1 buf=429
filling data 429
DecoderError { code: 8199, message: "The channel configuration (either number or arrangement) is not supported." }
ADTS Frame buffer_fullness=255 blocks=1 buf=419
filling data 419
DecoderError { code: 8199, message: "The channel configuration (either number or arrangement) is not supported." }
ADTS Frame buffer_fullness=255 blocks=1 buf=432
filling data 432
DecoderError { code: 8199, message: "The channel configuration (either number or arrangement) is not supported." }
ADTS Frame buffer_fullness=255 blocks=1 buf=440
filling data 440
DecoderError { code: 8199, message: "The channel configuration (either number or arrangement) is not supported." }
ADTS Frame buffer_fullness=255 blocks=1 buf=425
filling data 425
DecoderError { code: 8199, message: "The channel configuration (either number or arrangement) is not supported." }
ADTS Frame buffer_fullness=255 blocks=1 buf=487
filling data 487
DecoderError { code: 8199, message: "The channel configuration (either number or arrangement) is not supported." }
ADTS Frame buffer_fullness=255 blocks=1 buf=472
filling data 472
DecoderError { code: 8199, message: "The channel configuration (either number or arrangement) is not supported." }
ADTS Frame buffer_fullness=255 blocks=1 buf=485
filling data 485
DecoderError { code: 8199, message: "The channel configuration (either number or arrangement) is not supported." }
ADTS Frame buffer_fullness=255 blocks=1 buf=497
filling data 497
DecoderError { code: 8199, message: "The channel configuration (either number or arrangement) is not supported." }
ADTS Frame buffer_fullness=255 blocks=1 buf=490
filling data 490
DecoderError { code: 8199, message: "The channel configuration (either number or arrangement) is not supported." }
ADTS Frame buffer_fullness=255 blocks=1 buf=534
filling data 534
DecoderError { code: 8199, message: "The channel configuration (either number or arrangement) is not supported." }
ADTS Frame buffer_fullness=255 blocks=1 buf=498
filling data 498
DecoderError { code: 8199, message: "The channel configuration (either number or arrangement) is not supported." }
ADTS Frame buffer_fullness=255 blocks=1 buf=451
filling data 451
DecoderError { code: 8199, message: "The channel configuration (either number or arrangement) is not supported." }
ADTS Frame buffer_fullness=255 blocks=1 buf=491
filling data 491
DecoderError { code: 8199, message: "The channel configuration (either number or arrangement) is not supported." }
ADTS Frame buffer_fullness=255 blocks=1 buf=493
filling data 493
DecoderError { code: 8199, message: "The channel configuration (either number or arrangement) is not supported." }
ADTS Frame buffer_fullness=255 blocks=1 buf=531
filling data 531
DecoderError { code: 8199, message: "The channel configuration (either number or arrangement) is not supported." }
ADTS Frame buffer_fullness=255 blocks=1 buf=499
filling data 499
DecoderError { code: 8199, message: "The channel configuration (either number or arrangement) is not supported." }
ADTS Frame buffer_fullness=255 blocks=1 buf=476
filling data 476
DecoderError { code: 8199, message: "The channel configuration (either number or arrangement) is not supported." }
ADTS Frame buffer_fullness=255 blocks=1 buf=484
filling data 484
DecoderError { code: 8199, message: "The channel configuration (either number or arrangement) is not supported." }
ADTS Frame buffer_fullness=255 blocks=1 buf=467
filling data 467
DecoderError { code: 8199, message: "The channel configuration (either number or arrangement) is not supported." }
ADTS Frame buffer_fullness=255 blocks=1 buf=459
filling data 459
DecoderError { code: 8199, message: "The channel configuration (either number or arrangement) is not supported." }
ADTS Frame buffer_fullness=255 blocks=1 buf=497
filling data 497
DecoderError { code: 8199, message: "The channel configuration (either number or arrangement) is not supported." }
ADTS Frame buffer_fullness=255 blocks=1 buf=493
filling data 493
DecoderError { code: 8199, message: "The channel configuration (either number or arrangement) is not supported." }
ADTS Frame buffer_fullness=255 blocks=1 buf=468
filling data 468
DecoderError { code: 8199, message: "The channel configuration (either number or arrangement) is not supported." }
ADTS Frame buffer_fullness=255 blocks=1 buf=455
filling data 455
DecoderError { code: 8199, message: "The channel configuration (either number or arrangement) is not supported." }
ADTS Frame buffer_fullness=255 blocks=1 buf=412
filling data 412
DecoderError { code: 8199, message: "The channel configuration (either number or arrangement) is not supported." }
ADTS Frame buffer_fullness=255 blocks=1 buf=407
filling data 407
DecoderError { code: 8199, message: "The channel configuration (either number or arrangement) is not supported." }
ADTS Frame buffer_fullness=255 blocks=1 buf=400
filling data 400
DecoderError { code: 8199, message: "The channel configuration (either number or arrangement) is not supported." }
ADTS Frame buffer_fullness=255 blocks=1 buf=458
filling data 458
DecoderError { code: 8199, message: "The channel configuration (either number or arrangement) is not supported." }
ADTS Frame buffer_fullness=255 blocks=1 buf=487
filling data 487
DecoderError { code: 8199, message: "The channel configuration (either number or arrangement) is not supported." }
ADTS Frame buffer_fullness=255 blocks=1 buf=472
filling data 472
DecoderError { code: 8199, message: "The channel configuration (either number or arrangement) is not supported." }
ADTS Frame buffer_fullness=255 blocks=1 buf=458
filling data 458
DecoderError { code: 8199, message: "The channel configuration (either number or arrangement) is not supported." }
ADTS Frame buffer_fullness=255 blocks=1 buf=486
filling data 486
DecoderError { code: 8199, message: "The channel configuration (either number or arrangement) is not supported." }
ADTS Frame buffer_fullness=255 blocks=1 buf=522
filling data 522
DecoderError { code: 8199, message: "The channel configuration (either number or arrangement) is not supported." }
ADTS Frame buffer_fullness=255 blocks=1 buf=472
filling data 472
DecoderError { code: 8199, message: "The channel configuration (either number or arrangement) is not supported." }
ADTS Frame buffer_fullness=255 blocks=1 buf=506
filling data 506
DecoderError { code: 8199, message: "The channel configuration (either number or arrangement) is not supported." }
ADTS Frame buffer_fullness=255 blocks=1 buf=538
filling data 538
DecoderError { code: 8199, message: "The channel configuration (either number or arrangement) is not supported." }
ADTS Frame buffer_fullness=255 blocks=1 buf=584
filling data 584
DecoderError { code: 8199, message: "The channel configuration (either number or arrangement) is not supported." }
ADTS Frame buffer_fullness=255 blocks=1 buf=533
filling data 533
DecoderError { code: 8199, message: "The channel configuration (either number or arrangement) is not supported." }
ADTS Frame buffer_fullness=255 blocks=1 buf=484
filling data 484
DecoderError { code: 8199, message: "The channel configuration (either number or arrangement) is not supported." }
ADTS Frame buffer_fullness=255 blocks=1 buf=458
filling data 458
DecoderError { code: 8199, message: "The channel configuration (either number or arrangement) is not supported." }
ADTS Frame buffer_fullness=255 blocks=1 buf=501
filling data 501
DecoderError { code: 8199, message: "The channel configuration (either number or arrangement) is not supported." }
ADTS Frame buffer_fullness=255 blocks=1 buf=473
filling data 473
DecoderError { code: 8199, message: "The channel configuration (either number or arrangement) is not supported." }
ADTS Frame buffer_fullness=255 blocks=1 buf=466
filling data 466
DecoderError { code: 8199, message: "The channel configuration (either number or arrangement) is not supported." }
ADTS Frame buffer_fullness=255 blocks=1 buf=548
filling data 548
DecoderError { code: 8199, message: "The channel configuration (either number or arrangement) is not supported." }
ADTS Frame buffer_fullness=255 blocks=1 buf=452
filling data 452
DecoderError { code: 8199, message: "The channel configuration (either number or arrangement) is not supported." }
test aac_filter::tests::test_transcode ... ok

test result: ok. 1 passed; 0 failed; 0 ignored; 0 measured; 12 filtered out; finished in 0.02s


running 0 tests

test result: ok. 0 passed; 0 failed; 0 ignored; 0 measured; 0 filtered out; finished in 0.00s

